[0.583s] Invoking command in '/home/paolaramos/Proyecto/tello_ws/src/drone': PYTHONPATH=/home/paolaramos/Proyecto/tello_ws/build/drone/prefix_override:/usr/lib/python3/dist-packages/colcon_core/task/python/colcon_distutils_commands:/home/paolaramos/Proyecto/tello_ws/install/drone/lib/python3.10/site-packages:${PYTHONPATH} /usr/bin/python3 -W ignore:setup.py install is deprecated -W ignore:easy_install command is deprecated setup.py egg_info --egg-base ../../build/drone build --build-base /home/paolaramos/Proyecto/tello_ws/build/drone/build install --record /home/paolaramos/Proyecto/tello_ws/build/drone/install.log --single-version-externally-managed install_data
[0.826s] running egg_info
[0.838s] writing ../../build/drone/drone.egg-info/PKG-INFO
[0.838s] writing dependency_links to ../../build/drone/drone.egg-info/dependency_links.txt
[0.839s] writing entry points to ../../build/drone/drone.egg-info/entry_points.txt
[0.839s] writing requirements to ../../build/drone/drone.egg-info/requires.txt
[0.841s] writing top-level names to ../../build/drone/drone.egg-info/top_level.txt
[0.861s] reading manifest file '../../build/drone/drone.egg-info/SOURCES.txt'
[0.862s] writing manifest file '../../build/drone/drone.egg-info/SOURCES.txt'
[0.863s] running build
[0.863s] running build_py
[0.864s] copying drone/__init__.py -> /home/paolaramos/Proyecto/tello_ws/build/drone/build/lib/drone
[0.864s] copying drone/controller.py -> /home/paolaramos/Proyecto/tello_ws/build/drone/build/lib/drone
[0.865s] copying drone/odometry.py -> /home/paolaramos/Proyecto/tello_ws/build/drone/build/lib/drone
[0.865s] running install
[0.868s] running install_lib
[0.880s] copying /home/paolaramos/Proyecto/tello_ws/build/drone/build/lib/drone/controller.py -> /home/paolaramos/Proyecto/tello_ws/install/drone/lib/python3.10/site-packages/drone
[0.881s] byte-compiling /home/paolaramos/Proyecto/tello_ws/install/drone/lib/python3.10/site-packages/drone/controller.py to controller.cpython-310.pyc
[0.883s] running install_data
[0.883s] copying resource/drone -> /home/paolaramos/Proyecto/tello_ws/install/drone/share/ament_index/resource_index/packages
[0.884s] copying package.xml -> /home/paolaramos/Proyecto/tello_ws/install/drone/share/drone
[0.884s] copying launch/drone_launch.py -> /home/paolaramos/Proyecto/tello_ws/install/drone/share/drone/launch
[0.884s] running install_egg_info
[0.895s] removing '/home/paolaramos/Proyecto/tello_ws/install/drone/lib/python3.10/site-packages/drone-0.0.0-py3.10.egg-info' (and everything under it)
[0.899s] Copying ../../build/drone/drone.egg-info to /home/paolaramos/Proyecto/tello_ws/install/drone/lib/python3.10/site-packages/drone-0.0.0-py3.10.egg-info
[0.899s] running install_scripts
[0.977s] Installing controller script to /home/paolaramos/Proyecto/tello_ws/install/drone/lib/drone
[0.978s] Installing odometry script to /home/paolaramos/Proyecto/tello_ws/install/drone/lib/drone
[0.983s] writing list of installed files to '/home/paolaramos/Proyecto/tello_ws/build/drone/install.log'
[1.009s] Invoked command in '/home/paolaramos/Proyecto/tello_ws/src/drone' returned '0': PYTHONPATH=/home/paolaramos/Proyecto/tello_ws/build/drone/prefix_override:/usr/lib/python3/dist-packages/colcon_core/task/python/colcon_distutils_commands:/home/paolaramos/Proyecto/tello_ws/install/drone/lib/python3.10/site-packages:${PYTHONPATH} /usr/bin/python3 -W ignore:setup.py install is deprecated -W ignore:easy_install command is deprecated setup.py egg_info --egg-base ../../build/drone build --build-base /home/paolaramos/Proyecto/tello_ws/build/drone/build install --record /home/paolaramos/Proyecto/tello_ws/build/drone/install.log --single-version-externally-managed install_data
