[0.577s] Invoking command in '/home/paolaramos/tello_ws/src/tello_control': PYTHONPATH=/home/paolaramos/tello_ws/build/tello_control/prefix_override:/usr/lib/python3/dist-packages/colcon_core/task/python/colcon_distutils_commands:/home/paolaramos/tello_ws/install/tello_control/lib/python3.10/site-packages:${PYTHONPATH} /usr/bin/python3 -W ignore:setup.py install is deprecated -W ignore:easy_install command is deprecated setup.py egg_info --egg-base ../../build/tello_control build --build-base /home/paolaramos/tello_ws/build/tello_control/build install --record /home/paolaramos/tello_ws/build/tello_control/install.log --single-version-externally-managed install_data
[0.769s] running egg_info
[0.769s] writing ../../build/tello_control/tello_control.egg-info/PKG-INFO
[0.769s] writing dependency_links to ../../build/tello_control/tello_control.egg-info/dependency_links.txt
[0.769s] writing entry points to ../../build/tello_control/tello_control.egg-info/entry_points.txt
[0.773s] writing requirements to ../../build/tello_control/tello_control.egg-info/requires.txt
[0.774s] writing top-level names to ../../build/tello_control/tello_control.egg-info/top_level.txt
[0.774s] reading manifest file '../../build/tello_control/tello_control.egg-info/SOURCES.txt'
[0.774s] writing manifest file '../../build/tello_control/tello_control.egg-info/SOURCES.txt'
[0.774s] running build
[0.774s] running build_py
[0.774s] copying tello_control/trajectory_node.py -> /home/paolaramos/tello_ws/build/tello_control/build/lib/tello_control
[0.774s] running install
[0.774s] running install_lib
[0.779s] copying /home/paolaramos/tello_ws/build/tello_control/build/lib/tello_control/trajectory_node.py -> /home/paolaramos/tello_ws/install/tello_control/lib/python3.10/site-packages/tello_control
[0.779s] byte-compiling /home/paolaramos/tello_ws/install/tello_control/lib/python3.10/site-packages/tello_control/trajectory_node.py to trajectory_node.cpython-310.pyc
[0.779s] running install_data
[0.779s] running install_egg_info
[0.792s] removing '/home/paolaramos/tello_ws/install/tello_control/lib/python3.10/site-packages/tello_control-0.0.0-py3.10.egg-info' (and everything under it)
[0.796s] Copying ../../build/tello_control/tello_control.egg-info to /home/paolaramos/tello_ws/install/tello_control/lib/python3.10/site-packages/tello_control-0.0.0-py3.10.egg-info
[0.796s] running install_scripts
[0.822s] Installing odometry_node script to /home/paolaramos/tello_ws/install/tello_control/lib/tello_control
[0.822s] Installing trajectory_node script to /home/paolaramos/tello_ws/install/tello_control/lib/tello_control
[0.822s] writing list of installed files to '/home/paolaramos/tello_ws/build/tello_control/install.log'
[0.850s] Invoked command in '/home/paolaramos/tello_ws/src/tello_control' returned '0': PYTHONPATH=/home/paolaramos/tello_ws/build/tello_control/prefix_override:/usr/lib/python3/dist-packages/colcon_core/task/python/colcon_distutils_commands:/home/paolaramos/tello_ws/install/tello_control/lib/python3.10/site-packages:${PYTHONPATH} /usr/bin/python3 -W ignore:setup.py install is deprecated -W ignore:easy_install command is deprecated setup.py egg_info --egg-base ../../build/tello_control build --build-base /home/paolaramos/tello_ws/build/tello_control/build install --record /home/paolaramos/tello_ws/build/tello_control/install.log --single-version-externally-managed install_data
