[0.270s] DEBUG:colcon:Command line arguments: ['/usr/bin/colcon', 'build']
[0.271s] DEBUG:colcon:Parsed command line arguments: Namespace(log_base=None, log_level=None, verb_name='build', build_base='build', install_base='install', merge_install=False, symlink_install=False, test_result_base=None, continue_on_error=False, executor='parallel', parallel_workers=4, event_handlers=None, ignore_user_meta=False, metas=['./colcon.meta'], base_paths=['.'], packages_ignore=None, packages_ignore_regex=None, paths=None, packages_up_to=None, packages_up_to_regex=None, packages_above=None, packages_above_and_dependencies=None, packages_above_depth=None, packages_select_by_dep=None, packages_skip_by_dep=None, packages_skip_up_to=None, packages_select_build_failed=False, packages_skip_build_finished=False, packages_select_test_failures=False, packages_skip_test_passed=False, packages_select=None, packages_skip=None, packages_select_regex=None, packages_skip_regex=None, packages_start=None, packages_end=None, allow_overriding=[], cmake_args=None, cmake_target=None, cmake_target_skip_unavailable=False, cmake_clean_cache=False, cmake_clean_first=False, cmake_force_configure=False, ament_cmake_args=None, catkin_cmake_args=None, catkin_skip_building_tests=False, verb_parser=<colcon_defaults.argument_parser.defaults.DefaultArgumentsDecorator object at 0x7d5f86671480>, verb_extension=<colcon_core.verb.build.BuildVerb object at 0x7d5f867eaaa0>, main=<bound method BuildVerb.main of <colcon_core.verb.build.BuildVerb object at 0x7d5f867eaaa0>>)
[0.378s] Level 1:colcon.colcon_core.package_discovery:discover_packages(colcon_meta) check parameters
[0.378s] Level 1:colcon.colcon_core.package_discovery:discover_packages(recursive) check parameters
[0.378s] Level 1:colcon.colcon_core.package_discovery:discover_packages(ignore) check parameters
[0.379s] Level 1:colcon.colcon_core.package_discovery:discover_packages(path) check parameters
[0.381s] Level 1:colcon.colcon_core.package_discovery:discover_packages(colcon_meta) discover
[0.383s] Level 1:colcon.colcon_core.package_discovery:discover_packages(recursive) discover
[0.383s] INFO:colcon.colcon_core.package_discovery:Crawling recursively for packages in '/home/paolaramos/Proyecto/tello_ws'
[0.383s] Level 1:colcon.colcon_core.package_identification:_identify(.) by extensions ['ignore', 'ignore_ament_install']
[0.384s] Level 1:colcon.colcon_core.package_identification:_identify(.) by extension 'ignore'
[0.385s] Level 1:colcon.colcon_core.package_identification:_identify(.) by extension 'ignore_ament_install'
[0.387s] Level 1:colcon.colcon_core.package_identification:_identify(.) by extensions ['colcon_pkg']
[0.387s] Level 1:colcon.colcon_core.package_identification:_identify(.) by extension 'colcon_pkg'
[0.388s] Level 1:colcon.colcon_core.package_identification:_identify(.) by extensions ['colcon_meta']
[0.389s] Level 1:colcon.colcon_core.package_identification:_identify(.) by extension 'colcon_meta'
[0.390s] Level 1:colcon.colcon_core.package_identification:_identify(.) by extensions ['ros']
[0.391s] Level 1:colcon.colcon_core.package_identification:_identify(.) by extension 'ros'
[0.449s] Level 1:colcon.colcon_core.package_identification:_identify(.) by extensions ['cmake', 'python']
[0.450s] Level 1:colcon.colcon_core.package_identification:_identify(.) by extension 'cmake'
[0.450s] Level 1:colcon.colcon_core.package_identification:_identify(.) by extension 'python'
[0.450s] Level 1:colcon.colcon_core.package_identification:_identify(.) by extensions ['python_setup_py']
[0.450s] Level 1:colcon.colcon_core.package_identification:_identify(.) by extension 'python_setup_py'
[0.450s] Level 1:colcon.colcon_core.package_identification:_identify(build) by extensions ['ignore', 'ignore_ament_install']
[0.450s] Level 1:colcon.colcon_core.package_identification:_identify(build) by extension 'ignore'
[0.451s] Level 1:colcon.colcon_core.package_identification:_identify(build) ignored
[0.454s] Level 1:colcon.colcon_core.package_identification:_identify(install) by extensions ['ignore', 'ignore_ament_install']
[0.455s] Level 1:colcon.colcon_core.package_identification:_identify(install) by extension 'ignore'
[0.455s] Level 1:colcon.colcon_core.package_identification:_identify(install) ignored
[0.455s] Level 1:colcon.colcon_core.package_identification:_identify(log) by extensions ['ignore', 'ignore_ament_install']
[0.455s] Level 1:colcon.colcon_core.package_identification:_identify(log) by extension 'ignore'
[0.455s] Level 1:colcon.colcon_core.package_identification:_identify(log) ignored
[0.455s] Level 1:colcon.colcon_core.package_identification:_identify(src) by extensions ['ignore', 'ignore_ament_install']
[0.455s] Level 1:colcon.colcon_core.package_identification:_identify(src) by extension 'ignore'
[0.455s] Level 1:colcon.colcon_core.package_identification:_identify(src) by extension 'ignore_ament_install'
[0.455s] Level 1:colcon.colcon_core.package_identification:_identify(src) by extensions ['colcon_pkg']
[0.455s] Level 1:colcon.colcon_core.package_identification:_identify(src) by extension 'colcon_pkg'
[0.455s] Level 1:colcon.colcon_core.package_identification:_identify(src) by extensions ['colcon_meta']
[0.456s] Level 1:colcon.colcon_core.package_identification:_identify(src) by extension 'colcon_meta'
[0.456s] Level 1:colcon.colcon_core.package_identification:_identify(src) by extensions ['ros']
[0.456s] Level 1:colcon.colcon_core.package_identification:_identify(src) by extension 'ros'
[0.456s] Level 1:colcon.colcon_core.package_identification:_identify(src) by extensions ['cmake', 'python']
[0.456s] Level 1:colcon.colcon_core.package_identification:_identify(src) by extension 'cmake'
[0.456s] Level 1:colcon.colcon_core.package_identification:_identify(src) by extension 'python'
[0.456s] Level 1:colcon.colcon_core.package_identification:_identify(src) by extensions ['python_setup_py']
[0.456s] Level 1:colcon.colcon_core.package_identification:_identify(src) by extension 'python_setup_py'
[0.456s] Level 1:colcon.colcon_core.package_identification:_identify(src/drone) by extensions ['ignore', 'ignore_ament_install']
[0.456s] Level 1:colcon.colcon_core.package_identification:_identify(src/drone) by extension 'ignore'
[0.456s] Level 1:colcon.colcon_core.package_identification:_identify(src/drone) by extension 'ignore_ament_install'
[0.457s] Level 1:colcon.colcon_core.package_identification:_identify(src/drone) by extensions ['colcon_pkg']
[0.457s] Level 1:colcon.colcon_core.package_identification:_identify(src/drone) by extension 'colcon_pkg'
[0.459s] Level 1:colcon.colcon_core.package_identification:_identify(src/drone) by extensions ['colcon_meta']
[0.460s] Level 1:colcon.colcon_core.package_identification:_identify(src/drone) by extension 'colcon_meta'
[0.460s] Level 1:colcon.colcon_core.package_identification:_identify(src/drone) by extensions ['ros']
[0.461s] Level 1:colcon.colcon_core.package_identification:_identify(src/drone) by extension 'ros'
[0.468s] DEBUG:colcon.colcon_core.package_identification:Package 'src/drone' with type 'ros.ament_python' and name 'drone'
[0.468s] Level 1:colcon.colcon_core.package_identification:_identify(src/optitrack_client) by extensions ['ignore', 'ignore_ament_install']
[0.468s] Level 1:colcon.colcon_core.package_identification:_identify(src/optitrack_client) by extension 'ignore'
[0.469s] Level 1:colcon.colcon_core.package_identification:_identify(src/optitrack_client) by extension 'ignore_ament_install'
[0.469s] Level 1:colcon.colcon_core.package_identification:_identify(src/optitrack_client) by extensions ['colcon_pkg']
[0.469s] Level 1:colcon.colcon_core.package_identification:_identify(src/optitrack_client) by extension 'colcon_pkg'
[0.469s] Level 1:colcon.colcon_core.package_identification:_identify(src/optitrack_client) by extensions ['colcon_meta']
[0.469s] Level 1:colcon.colcon_core.package_identification:_identify(src/optitrack_client) by extension 'colcon_meta'
[0.469s] Level 1:colcon.colcon_core.package_identification:_identify(src/optitrack_client) by extensions ['ros']
[0.469s] Level 1:colcon.colcon_core.package_identification:_identify(src/optitrack_client) by extension 'ros'
[0.469s] DEBUG:colcon.colcon_core.package_identification:Package 'src/optitrack_client' with type 'ros.ament_cmake' and name 'optitrack_client'
[0.470s] Level 1:colcon.colcon_core.package_discovery:discover_packages(recursive) using defaults
[0.470s] Level 1:colcon.colcon_core.package_discovery:discover_packages(ignore) discover
[0.470s] Level 1:colcon.colcon_core.package_discovery:discover_packages(ignore) using defaults
[0.470s] Level 1:colcon.colcon_core.package_discovery:discover_packages(path) discover
[0.470s] Level 1:colcon.colcon_core.package_discovery:discover_packages(path) using defaults
[0.510s] Level 1:colcon.colcon_core.package_discovery:discover_packages(prefix_path) check parameters
[0.510s] Level 1:colcon.colcon_core.package_discovery:discover_packages(prefix_path) discover
[0.514s] DEBUG:colcon.colcon_installed_package_information.package_discovery:Found 2 installed packages in /home/paolaramos/Proyecto/tello_ws/install
[0.516s] DEBUG:colcon.colcon_installed_package_information.package_discovery:Found 273 installed packages in /opt/ros/humble
[0.519s] Level 1:colcon.colcon_core.package_discovery:discover_packages(prefix_path) using defaults
[0.655s] Level 5:colcon.colcon_core.verb:set package 'drone' build argument 'cmake_args' from command line to 'None'
[0.656s] Level 5:colcon.colcon_core.verb:set package 'drone' build argument 'cmake_target' from command line to 'None'
[0.656s] Level 5:colcon.colcon_core.verb:set package 'drone' build argument 'cmake_target_skip_unavailable' from command line to 'False'
[0.656s] Level 5:colcon.colcon_core.verb:set package 'drone' build argument 'cmake_clean_cache' from command line to 'False'
[0.656s] Level 5:colcon.colcon_core.verb:set package 'drone' build argument 'cmake_clean_first' from command line to 'False'
[0.656s] Level 5:colcon.colcon_core.verb:set package 'drone' build argument 'cmake_force_configure' from command line to 'False'
[0.656s] Level 5:colcon.colcon_core.verb:set package 'drone' build argument 'ament_cmake_args' from command line to 'None'
[0.656s] Level 5:colcon.colcon_core.verb:set package 'drone' build argument 'catkin_cmake_args' from command line to 'None'
[0.656s] Level 5:colcon.colcon_core.verb:set package 'drone' build argument 'catkin_skip_building_tests' from command line to 'False'
[0.656s] DEBUG:colcon.colcon_core.verb:Building package 'drone' with the following arguments: {'ament_cmake_args': None, 'build_base': '/home/paolaramos/Proyecto/tello_ws/build/drone', 'catkin_cmake_args': None, 'catkin_skip_building_tests': False, 'cmake_args': None, 'cmake_clean_cache': False, 'cmake_clean_first': False, 'cmake_force_configure': False, 'cmake_target': None, 'cmake_target_skip_unavailable': False, 'install_base': '/home/paolaramos/Proyecto/tello_ws/install/drone', 'merge_install': False, 'path': '/home/paolaramos/Proyecto/tello_ws/src/drone', 'symlink_install': False, 'test_result_base': None}
[0.656s] Level 5:colcon.colcon_core.verb:set package 'optitrack_client' build argument 'cmake_args' from command line to 'None'
[0.656s] Level 5:colcon.colcon_core.verb:set package 'optitrack_client' build argument 'cmake_target' from command line to 'None'
[0.656s] Level 5:colcon.colcon_core.verb:set package 'optitrack_client' build argument 'cmake_target_skip_unavailable' from command line to 'False'
[0.656s] Level 5:colcon.colcon_core.verb:set package 'optitrack_client' build argument 'cmake_clean_cache' from command line to 'False'
[0.656s] Level 5:colcon.colcon_core.verb:set package 'optitrack_client' build argument 'cmake_clean_first' from command line to 'False'
[0.656s] Level 5:colcon.colcon_core.verb:set package 'optitrack_client' build argument 'cmake_force_configure' from command line to 'False'
[0.656s] Level 5:colcon.colcon_core.verb:set package 'optitrack_client' build argument 'ament_cmake_args' from command line to 'None'
[0.656s] Level 5:colcon.colcon_core.verb:set package 'optitrack_client' build argument 'catkin_cmake_args' from command line to 'None'
[0.656s] Level 5:colcon.colcon_core.verb:set package 'optitrack_client' build argument 'catkin_skip_building_tests' from command line to 'False'
[0.656s] DEBUG:colcon.colcon_core.verb:Building package 'optitrack_client' with the following arguments: {'ament_cmake_args': None, 'build_base': '/home/paolaramos/Proyecto/tello_ws/build/optitrack_client', 'catkin_cmake_args': None, 'catkin_skip_building_tests': False, 'cmake_args': None, 'cmake_clean_cache': False, 'cmake_clean_first': False, 'cmake_force_configure': False, 'cmake_target': None, 'cmake_target_skip_unavailable': False, 'install_base': '/home/paolaramos/Proyecto/tello_ws/install/optitrack_client', 'merge_install': False, 'path': '/home/paolaramos/Proyecto/tello_ws/src/optitrack_client', 'symlink_install': False, 'test_result_base': None}
[0.657s] INFO:colcon.colcon_core.executor:Executing jobs using 'parallel' executor
[0.664s] DEBUG:colcon.colcon_parallel_executor.executor.parallel:run_until_complete
[0.664s] INFO:colcon.colcon_ros.task.ament_python.build:Building ROS package in '/home/paolaramos/Proyecto/tello_ws/src/drone' with build type 'ament_python'
[0.664s] Level 1:colcon.colcon_core.shell:create_environment_hook('drone', 'ament_prefix_path')
[0.684s] INFO:colcon.colcon_core.plugin_system:Skipping extension 'colcon_core.shell.bat': Not used on non-Windows systems
[0.685s] INFO:colcon.colcon_core.shell:Creating environment hook '/home/paolaramos/Proyecto/tello_ws/install/drone/share/drone/hook/ament_prefix_path.ps1'
[0.686s] INFO:colcon.colcon_core.shell:Creating environment descriptor '/home/paolaramos/Proyecto/tello_ws/install/drone/share/drone/hook/ament_prefix_path.dsv'
[0.689s] INFO:colcon.colcon_core.shell:Creating environment hook '/home/paolaramos/Proyecto/tello_ws/install/drone/share/drone/hook/ament_prefix_path.sh'
[0.691s] INFO:colcon.colcon_core.shell:Skip shell extension 'powershell' for command environment: Not usable outside of PowerShell
[0.692s] DEBUG:colcon.colcon_core.shell:Skip shell extension 'dsv' for command environment
[0.706s] INFO:colcon.colcon_ros.task.ament_cmake.build:Building ROS package in '/home/paolaramos/Proyecto/tello_ws/src/optitrack_client' with build type 'ament_cmake'
[0.709s] INFO:colcon.colcon_cmake.task.cmake.build:Building CMake package in '/home/paolaramos/Proyecto/tello_ws/src/optitrack_client'
[0.716s] INFO:colcon.colcon_core.shell:Skip shell extension 'powershell' for command environment: Not usable outside of PowerShell
[0.717s] DEBUG:colcon.colcon_core.shell:Skip shell extension 'dsv' for command environment
[1.350s] INFO:colcon.colcon_core.task.python.build:Building Python package in '/home/paolaramos/Proyecto/tello_ws/src/drone'
[1.352s] INFO:colcon.colcon_core.shell:Skip shell extension 'powershell' for command environment: Not usable outside of PowerShell
[1.353s] DEBUG:colcon.colcon_core.shell:Skip shell extension 'dsv' for command environment
[1.403s] DEBUG:colcon.colcon_core.event_handler.log_command:Invoking command in '/home/paolaramos/Proyecto/tello_ws/build/optitrack_client': CMAKE_PREFIX_PATH=${CMAKE_PREFIX_PATH}:/home/paolaramos/Proyecto/tello_ws/install/drone:/opt/ros/humble /usr/bin/cmake --build /home/paolaramos/Proyecto/tello_ws/build/optitrack_client -- -j4 -l4
[1.847s] DEBUG:colcon.colcon_core.event_handler.log_command:Invoked command in '/home/paolaramos/Proyecto/tello_ws/build/optitrack_client' returned '0': CMAKE_PREFIX_PATH=${CMAKE_PREFIX_PATH}:/home/paolaramos/Proyecto/tello_ws/install/drone:/opt/ros/humble /usr/bin/cmake --build /home/paolaramos/Proyecto/tello_ws/build/optitrack_client -- -j4 -l4
[1.932s] DEBUG:colcon.colcon_core.event_handler.log_command:Invoking command in '/home/paolaramos/Proyecto/tello_ws/build/optitrack_client': CMAKE_PREFIX_PATH=${CMAKE_PREFIX_PATH}:/home/paolaramos/Proyecto/tello_ws/install/drone:/opt/ros/humble /usr/bin/cmake --install /home/paolaramos/Proyecto/tello_ws/build/optitrack_client
[1.991s] Level 1:colcon.colcon_core.environment:create_environment_scripts_only(optitrack_client)
[1.998s] DEBUG:colcon.colcon_core.event_handler.log_command:Invoked command in '/home/paolaramos/Proyecto/tello_ws/build/optitrack_client' returned '0': CMAKE_PREFIX_PATH=${CMAKE_PREFIX_PATH}:/home/paolaramos/Proyecto/tello_ws/install/drone:/opt/ros/humble /usr/bin/cmake --install /home/paolaramos/Proyecto/tello_ws/build/optitrack_client
[2.007s] Level 1:colcon.colcon_core.environment:checking '/home/paolaramos/Proyecto/tello_ws/install/optitrack_client' for CMake module files
[2.022s] Level 1:colcon.colcon_core.environment:checking '/home/paolaramos/Proyecto/tello_ws/install/optitrack_client' for CMake config files
[2.022s] Level 1:colcon.colcon_core.shell:create_environment_hook('optitrack_client', 'cmake_prefix_path')
[2.025s] INFO:colcon.colcon_core.shell:Creating environment hook '/home/paolaramos/Proyecto/tello_ws/install/optitrack_client/share/optitrack_client/hook/cmake_prefix_path.ps1'
[2.027s] INFO:colcon.colcon_core.shell:Creating environment descriptor '/home/paolaramos/Proyecto/tello_ws/install/optitrack_client/share/optitrack_client/hook/cmake_prefix_path.dsv'
[2.027s] INFO:colcon.colcon_core.shell:Creating environment hook '/home/paolaramos/Proyecto/tello_ws/install/optitrack_client/share/optitrack_client/hook/cmake_prefix_path.sh'
[2.038s] Level 1:colcon.colcon_core.environment:checking '/home/paolaramos/Proyecto/tello_ws/install/optitrack_client/lib'
[2.051s] Level 1:colcon.colcon_core.shell:create_environment_hook('optitrack_client', 'ld_library_path_lib')
[2.053s] INFO:colcon.colcon_core.shell:Creating environment hook '/home/paolaramos/Proyecto/tello_ws/install/optitrack_client/share/optitrack_client/hook/ld_library_path_lib.ps1'
[2.059s] INFO:colcon.colcon_core.shell:Creating environment descriptor '/home/paolaramos/Proyecto/tello_ws/install/optitrack_client/share/optitrack_client/hook/ld_library_path_lib.dsv'
[2.063s] INFO:colcon.colcon_core.shell:Creating environment hook '/home/paolaramos/Proyecto/tello_ws/install/optitrack_client/share/optitrack_client/hook/ld_library_path_lib.sh'
[2.068s] Level 1:colcon.colcon_core.environment:checking '/home/paolaramos/Proyecto/tello_ws/install/optitrack_client/bin'
[2.069s] Level 1:colcon.colcon_core.environment:checking '/home/paolaramos/Proyecto/tello_ws/install/optitrack_client/lib/pkgconfig/optitrack_client.pc'
[2.069s] Level 1:colcon.colcon_core.environment:checking '/home/paolaramos/Proyecto/tello_ws/install/optitrack_client/lib/python3.10/site-packages'
[2.070s] Level 1:colcon.colcon_core.environment:checking '/home/paolaramos/Proyecto/tello_ws/install/optitrack_client/bin'
[2.075s] INFO:colcon.colcon_core.shell:Creating package script '/home/paolaramos/Proyecto/tello_ws/install/optitrack_client/share/optitrack_client/package.ps1'
[2.077s] INFO:colcon.colcon_core.shell:Creating package descriptor '/home/paolaramos/Proyecto/tello_ws/install/optitrack_client/share/optitrack_client/package.dsv'
[2.079s] INFO:colcon.colcon_core.shell:Creating package script '/home/paolaramos/Proyecto/tello_ws/install/optitrack_client/share/optitrack_client/package.sh'
[2.083s] INFO:colcon.colcon_core.shell:Creating package script '/home/paolaramos/Proyecto/tello_ws/install/optitrack_client/share/optitrack_client/package.bash'
[2.084s] INFO:colcon.colcon_core.shell:Creating package script '/home/paolaramos/Proyecto/tello_ws/install/optitrack_client/share/optitrack_client/package.zsh'
[2.088s] Level 1:colcon.colcon_core.environment:create_file_with_runtime_dependencies(/home/paolaramos/Proyecto/tello_ws/install/optitrack_client/share/colcon-core/packages/optitrack_client)
[2.091s] Level 1:colcon.colcon_core.environment:create_environment_scripts_only(optitrack_client)
[2.091s] Level 1:colcon.colcon_core.environment:checking '/home/paolaramos/Proyecto/tello_ws/install/optitrack_client' for CMake module files
[2.092s] Level 1:colcon.colcon_core.environment:checking '/home/paolaramos/Proyecto/tello_ws/install/optitrack_client' for CMake config files
[2.092s] Level 1:colcon.colcon_core.shell:create_environment_hook('optitrack_client', 'cmake_prefix_path')
[2.093s] INFO:colcon.colcon_core.shell:Creating environment hook '/home/paolaramos/Proyecto/tello_ws/install/optitrack_client/share/optitrack_client/hook/cmake_prefix_path.ps1'
[2.094s] INFO:colcon.colcon_core.shell:Creating environment descriptor '/home/paolaramos/Proyecto/tello_ws/install/optitrack_client/share/optitrack_client/hook/cmake_prefix_path.dsv'
[2.094s] INFO:colcon.colcon_core.shell:Creating environment hook '/home/paolaramos/Proyecto/tello_ws/install/optitrack_client/share/optitrack_client/hook/cmake_prefix_path.sh'
[2.096s] Level 1:colcon.colcon_core.environment:checking '/home/paolaramos/Proyecto/tello_ws/install/optitrack_client/lib'
[2.097s] Level 1:colcon.colcon_core.shell:create_environment_hook('optitrack_client', 'ld_library_path_lib')
[2.097s] INFO:colcon.colcon_core.shell:Creating environment hook '/home/paolaramos/Proyecto/tello_ws/install/optitrack_client/share/optitrack_client/hook/ld_library_path_lib.ps1'
[2.098s] INFO:colcon.colcon_core.shell:Creating environment descriptor '/home/paolaramos/Proyecto/tello_ws/install/optitrack_client/share/optitrack_client/hook/ld_library_path_lib.dsv'
[2.099s] INFO:colcon.colcon_core.shell:Creating environment hook '/home/paolaramos/Proyecto/tello_ws/install/optitrack_client/share/optitrack_client/hook/ld_library_path_lib.sh'
[2.103s] Level 1:colcon.colcon_core.environment:checking '/home/paolaramos/Proyecto/tello_ws/install/optitrack_client/bin'
[2.103s] Level 1:colcon.colcon_core.environment:checking '/home/paolaramos/Proyecto/tello_ws/install/optitrack_client/lib/pkgconfig/optitrack_client.pc'
[2.104s] Level 1:colcon.colcon_core.environment:checking '/home/paolaramos/Proyecto/tello_ws/install/optitrack_client/lib/python3.10/site-packages'
[2.105s] Level 1:colcon.colcon_core.environment:checking '/home/paolaramos/Proyecto/tello_ws/install/optitrack_client/bin'
[2.105s] INFO:colcon.colcon_core.shell:Creating package script '/home/paolaramos/Proyecto/tello_ws/install/optitrack_client/share/optitrack_client/package.ps1'
[2.107s] INFO:colcon.colcon_core.shell:Creating package descriptor '/home/paolaramos/Proyecto/tello_ws/install/optitrack_client/share/optitrack_client/package.dsv'
[2.112s] INFO:colcon.colcon_core.shell:Creating package script '/home/paolaramos/Proyecto/tello_ws/install/optitrack_client/share/optitrack_client/package.sh'
[2.114s] INFO:colcon.colcon_core.shell:Creating package script '/home/paolaramos/Proyecto/tello_ws/install/optitrack_client/share/optitrack_client/package.bash'
[2.116s] INFO:colcon.colcon_core.shell:Creating package script '/home/paolaramos/Proyecto/tello_ws/install/optitrack_client/share/optitrack_client/package.zsh'
[2.117s] Level 1:colcon.colcon_core.environment:create_file_with_runtime_dependencies(/home/paolaramos/Proyecto/tello_ws/install/optitrack_client/share/colcon-core/packages/optitrack_client)
[2.988s] DEBUG:colcon.colcon_core.event_handler.log_command:Invoking command in '/home/paolaramos/Proyecto/tello_ws/src/drone': PYTHONPATH=/home/paolaramos/Proyecto/tello_ws/build/drone/prefix_override:/usr/lib/python3/dist-packages/colcon_core/task/python/colcon_distutils_commands:/home/paolaramos/Proyecto/tello_ws/install/drone/lib/python3.10/site-packages:${PYTHONPATH} /usr/bin/python3 -W ignore:setup.py install is deprecated -W ignore:easy_install command is deprecated setup.py egg_info --egg-base ../../build/drone build --build-base /home/paolaramos/Proyecto/tello_ws/build/drone/build install --record /home/paolaramos/Proyecto/tello_ws/build/drone/install.log --single-version-externally-managed install_data
[4.195s] Level 1:colcon.colcon_core.environment:checking '/home/paolaramos/Proyecto/tello_ws/install/drone' for CMake module files
[4.196s] Level 1:colcon.colcon_core.environment:checking '/home/paolaramos/Proyecto/tello_ws/install/drone' for CMake config files
[4.197s] DEBUG:colcon.colcon_core.event_handler.log_command:Invoked command in '/home/paolaramos/Proyecto/tello_ws/src/drone' returned '0': PYTHONPATH=/home/paolaramos/Proyecto/tello_ws/build/drone/prefix_override:/usr/lib/python3/dist-packages/colcon_core/task/python/colcon_distutils_commands:/home/paolaramos/Proyecto/tello_ws/install/drone/lib/python3.10/site-packages:${PYTHONPATH} /usr/bin/python3 -W ignore:setup.py install is deprecated -W ignore:easy_install command is deprecated setup.py egg_info --egg-base ../../build/drone build --build-base /home/paolaramos/Proyecto/tello_ws/build/drone/build install --record /home/paolaramos/Proyecto/tello_ws/build/drone/install.log --single-version-externally-managed install_data
[4.209s] Level 1:colcon.colcon_core.environment:checking '/home/paolaramos/Proyecto/tello_ws/install/drone/lib'
[4.210s] Level 1:colcon.colcon_core.environment:checking '/home/paolaramos/Proyecto/tello_ws/install/drone/bin'
[4.210s] Level 1:colcon.colcon_core.environment:checking '/home/paolaramos/Proyecto/tello_ws/install/drone/lib/pkgconfig/drone.pc'
[4.210s] Level 1:colcon.colcon_core.environment:checking '/home/paolaramos/Proyecto/tello_ws/install/drone/lib/python3.10/site-packages'
[4.210s] Level 1:colcon.colcon_core.shell:create_environment_hook('drone', 'pythonpath')
[4.211s] INFO:colcon.colcon_core.shell:Creating environment hook '/home/paolaramos/Proyecto/tello_ws/install/drone/share/drone/hook/pythonpath.ps1'
[4.212s] INFO:colcon.colcon_core.shell:Creating environment descriptor '/home/paolaramos/Proyecto/tello_ws/install/drone/share/drone/hook/pythonpath.dsv'
[4.214s] INFO:colcon.colcon_core.shell:Creating environment hook '/home/paolaramos/Proyecto/tello_ws/install/drone/share/drone/hook/pythonpath.sh'
[4.219s] Level 1:colcon.colcon_core.environment:checking '/home/paolaramos/Proyecto/tello_ws/install/drone/bin'
[4.220s] Level 1:colcon.colcon_core.environment:create_environment_scripts_only(drone)
[4.220s] INFO:colcon.colcon_core.shell:Creating package script '/home/paolaramos/Proyecto/tello_ws/install/drone/share/drone/package.ps1'
[4.223s] INFO:colcon.colcon_core.shell:Creating package descriptor '/home/paolaramos/Proyecto/tello_ws/install/drone/share/drone/package.dsv'
[4.228s] INFO:colcon.colcon_core.shell:Creating package script '/home/paolaramos/Proyecto/tello_ws/install/drone/share/drone/package.sh'
[4.231s] INFO:colcon.colcon_core.shell:Creating package script '/home/paolaramos/Proyecto/tello_ws/install/drone/share/drone/package.bash'
[4.234s] INFO:colcon.colcon_core.shell:Creating package script '/home/paolaramos/Proyecto/tello_ws/install/drone/share/drone/package.zsh'
[4.236s] Level 1:colcon.colcon_core.environment:create_file_with_runtime_dependencies(/home/paolaramos/Proyecto/tello_ws/install/drone/share/colcon-core/packages/drone)
[4.240s] DEBUG:colcon.colcon_parallel_executor.executor.parallel:closing loop
[4.242s] DEBUG:colcon.colcon_parallel_executor.executor.parallel:loop closed
[4.242s] DEBUG:colcon.colcon_parallel_executor.executor.parallel:run_until_complete finished with '0'
[4.242s] DEBUG:colcon.colcon_core.event_reactor:joining thread
[4.293s] INFO:colcon.colcon_core.plugin_system:Skipping extension 'colcon_notification.desktop_notification.terminal_notifier': Not used on non-Darwin systems
[4.293s] INFO:colcon.colcon_core.plugin_system:Skipping extension 'colcon_notification.desktop_notification.win32': Not used on non-Windows systems
[4.294s] INFO:colcon.colcon_notification.desktop_notification:Sending desktop notification using 'notify2'
[4.355s] DEBUG:colcon.colcon_core.event_reactor:joined thread
[4.360s] INFO:colcon.colcon_core.shell:Creating prefix script '/home/paolaramos/Proyecto/tello_ws/install/local_setup.ps1'
[4.362s] INFO:colcon.colcon_core.shell:Creating prefix util module '/home/paolaramos/Proyecto/tello_ws/install/_local_setup_util_ps1.py'
[4.365s] INFO:colcon.colcon_core.shell:Creating prefix chain script '/home/paolaramos/Proyecto/tello_ws/install/setup.ps1'
[4.367s] INFO:colcon.colcon_core.shell:Creating prefix script '/home/paolaramos/Proyecto/tello_ws/install/local_setup.sh'
[4.369s] INFO:colcon.colcon_core.shell:Creating prefix util module '/home/paolaramos/Proyecto/tello_ws/install/_local_setup_util_sh.py'
[4.375s] INFO:colcon.colcon_core.shell:Creating prefix chain script '/home/paolaramos/Proyecto/tello_ws/install/setup.sh'
[4.377s] INFO:colcon.colcon_core.shell:Creating prefix script '/home/paolaramos/Proyecto/tello_ws/install/local_setup.bash'
[4.389s] INFO:colcon.colcon_core.shell:Creating prefix chain script '/home/paolaramos/Proyecto/tello_ws/install/setup.bash'
[4.396s] INFO:colcon.colcon_core.shell:Creating prefix script '/home/paolaramos/Proyecto/tello_ws/install/local_setup.zsh'
[4.397s] INFO:colcon.colcon_core.shell:Creating prefix chain script '/home/paolaramos/Proyecto/tello_ws/install/setup.zsh'
