[1.763s] DEBUG:colcon:Command line arguments: ['/usr/bin/colcon', 'build']
[1.763s] DEBUG:colcon:Parsed command line arguments: Namespace(log_base=None, log_level=None, verb_name='build', build_base='build', install_base='install', merge_install=False, symlink_install=False, test_result_base=None, continue_on_error=False, executor='parallel', parallel_workers=4, event_handlers=None, ignore_user_meta=False, metas=['./colcon.meta'], base_paths=['.'], packages_ignore=None, packages_ignore_regex=None, paths=None, packages_up_to=None, packages_up_to_regex=None, packages_above=None, packages_above_and_dependencies=None, packages_above_depth=None, packages_select_by_dep=None, packages_skip_by_dep=None, packages_skip_up_to=None, packages_select_build_failed=False, packages_skip_build_finished=False, packages_select_test_failures=False, packages_skip_test_passed=False, packages_select=None, packages_skip=None, packages_select_regex=None, packages_skip_regex=None, packages_start=None, packages_end=None, allow_overriding=[], cmake_args=None, cmake_target=None, cmake_target_skip_unavailable=False, cmake_clean_cache=False, cmake_clean_first=False, cmake_force_configure=False, ament_cmake_args=None, catkin_cmake_args=None, catkin_skip_building_tests=False, verb_parser=<colcon_defaults.argument_parser.defaults.DefaultArgumentsDecorator object at 0x7e51aeb6d2a0>, verb_extension=<colcon_core.verb.build.BuildVerb object at 0x7e51aece68c0>, main=<bound method BuildVerb.main of <colcon_core.verb.build.BuildVerb object at 0x7e51aece68c0>>)
[2.275s] Level 1:colcon.colcon_core.package_discovery:discover_packages(colcon_meta) check parameters
[2.275s] Level 1:colcon.colcon_core.package_discovery:discover_packages(recursive) check parameters
[2.278s] Level 1:colcon.colcon_core.package_discovery:discover_packages(ignore) check parameters
[2.278s] Level 1:colcon.colcon_core.package_discovery:discover_packages(path) check parameters
[2.278s] Level 1:colcon.colcon_core.package_discovery:discover_packages(colcon_meta) discover
[2.279s] Level 1:colcon.colcon_core.package_discovery:discover_packages(recursive) discover
[2.279s] INFO:colcon.colcon_core.package_discovery:Crawling recursively for packages in '/home/paolaramos/Github/testROS/Autonomous-Drone/tello_ws3'
[2.280s] Level 1:colcon.colcon_core.package_identification:_identify(.) by extensions ['ignore', 'ignore_ament_install']
[2.280s] Level 1:colcon.colcon_core.package_identification:_identify(.) by extension 'ignore'
[2.280s] Level 1:colcon.colcon_core.package_identification:_identify(.) by extension 'ignore_ament_install'
[2.281s] Level 1:colcon.colcon_core.package_identification:_identify(.) by extensions ['colcon_pkg']
[2.281s] Level 1:colcon.colcon_core.package_identification:_identify(.) by extension 'colcon_pkg'
[2.281s] Level 1:colcon.colcon_core.package_identification:_identify(.) by extensions ['colcon_meta']
[2.281s] Level 1:colcon.colcon_core.package_identification:_identify(.) by extension 'colcon_meta'
[2.281s] Level 1:colcon.colcon_core.package_identification:_identify(.) by extensions ['ros']
[2.281s] Level 1:colcon.colcon_core.package_identification:_identify(.) by extension 'ros'
[2.433s] Level 1:colcon.colcon_core.package_identification:_identify(.) by extensions ['cmake', 'python']
[2.434s] Level 1:colcon.colcon_core.package_identification:_identify(.) by extension 'cmake'
[2.434s] Level 1:colcon.colcon_core.package_identification:_identify(.) by extension 'python'
[2.434s] Level 1:colcon.colcon_core.package_identification:_identify(.) by extensions ['python_setup_py']
[2.434s] Level 1:colcon.colcon_core.package_identification:_identify(.) by extension 'python_setup_py'
[2.434s] Level 1:colcon.colcon_core.package_identification:_identify(build) by extensions ['ignore', 'ignore_ament_install']
[2.434s] Level 1:colcon.colcon_core.package_identification:_identify(build) by extension 'ignore'
[2.435s] Level 1:colcon.colcon_core.package_identification:_identify(build) ignored
[2.435s] Level 1:colcon.colcon_core.package_identification:_identify(install) by extensions ['ignore', 'ignore_ament_install']
[2.435s] Level 1:colcon.colcon_core.package_identification:_identify(install) by extension 'ignore'
[2.435s] Level 1:colcon.colcon_core.package_identification:_identify(install) ignored
[2.435s] Level 1:colcon.colcon_core.package_identification:_identify(log) by extensions ['ignore', 'ignore_ament_install']
[2.435s] Level 1:colcon.colcon_core.package_identification:_identify(log) by extension 'ignore'
[2.435s] Level 1:colcon.colcon_core.package_identification:_identify(log) ignored
[2.435s] Level 1:colcon.colcon_core.package_identification:_identify(src) by extensions ['ignore', 'ignore_ament_install']
[2.435s] Level 1:colcon.colcon_core.package_identification:_identify(src) by extension 'ignore'
[2.435s] Level 1:colcon.colcon_core.package_identification:_identify(src) by extension 'ignore_ament_install'
[2.436s] Level 1:colcon.colcon_core.package_identification:_identify(src) by extensions ['colcon_pkg']
[2.436s] Level 1:colcon.colcon_core.package_identification:_identify(src) by extension 'colcon_pkg'
[2.436s] Level 1:colcon.colcon_core.package_identification:_identify(src) by extensions ['colcon_meta']
[2.436s] Level 1:colcon.colcon_core.package_identification:_identify(src) by extension 'colcon_meta'
[2.436s] Level 1:colcon.colcon_core.package_identification:_identify(src) by extensions ['ros']
[2.436s] Level 1:colcon.colcon_core.package_identification:_identify(src) by extension 'ros'
[2.437s] Level 1:colcon.colcon_core.package_identification:_identify(src) by extensions ['cmake', 'python']
[2.437s] Level 1:colcon.colcon_core.package_identification:_identify(src) by extension 'cmake'
[2.438s] Level 1:colcon.colcon_core.package_identification:_identify(src) by extension 'python'
[2.438s] Level 1:colcon.colcon_core.package_identification:_identify(src) by extensions ['python_setup_py']
[2.438s] Level 1:colcon.colcon_core.package_identification:_identify(src) by extension 'python_setup_py'
[2.438s] Level 1:colcon.colcon_core.package_identification:_identify(src/optitrack_client) by extensions ['ignore', 'ignore_ament_install']
[2.439s] Level 1:colcon.colcon_core.package_identification:_identify(src/optitrack_client) by extension 'ignore'
[2.439s] Level 1:colcon.colcon_core.package_identification:_identify(src/optitrack_client) by extension 'ignore_ament_install'
[2.439s] Level 1:colcon.colcon_core.package_identification:_identify(src/optitrack_client) by extensions ['colcon_pkg']
[2.440s] Level 1:colcon.colcon_core.package_identification:_identify(src/optitrack_client) by extension 'colcon_pkg'
[2.441s] Level 1:colcon.colcon_core.package_identification:_identify(src/optitrack_client) by extensions ['colcon_meta']
[2.441s] Level 1:colcon.colcon_core.package_identification:_identify(src/optitrack_client) by extension 'colcon_meta'
[2.441s] Level 1:colcon.colcon_core.package_identification:_identify(src/optitrack_client) by extensions ['ros']
[2.444s] Level 1:colcon.colcon_core.package_identification:_identify(src/optitrack_client) by extension 'ros'
[2.457s] DEBUG:colcon.colcon_core.package_identification:Package 'src/optitrack_client' with type 'ros.ament_cmake' and name 'optitrack_client'
[2.457s] Level 1:colcon.colcon_core.package_identification:_identify(src/tello_control) by extensions ['ignore', 'ignore_ament_install']
[2.458s] Level 1:colcon.colcon_core.package_identification:_identify(src/tello_control) by extension 'ignore'
[2.458s] Level 1:colcon.colcon_core.package_identification:_identify(src/tello_control) by extension 'ignore_ament_install'
[2.459s] Level 1:colcon.colcon_core.package_identification:_identify(src/tello_control) by extensions ['colcon_pkg']
[2.459s] Level 1:colcon.colcon_core.package_identification:_identify(src/tello_control) by extension 'colcon_pkg'
[2.459s] Level 1:colcon.colcon_core.package_identification:_identify(src/tello_control) by extensions ['colcon_meta']
[2.459s] Level 1:colcon.colcon_core.package_identification:_identify(src/tello_control) by extension 'colcon_meta'
[2.459s] Level 1:colcon.colcon_core.package_identification:_identify(src/tello_control) by extensions ['ros']
[2.459s] Level 1:colcon.colcon_core.package_identification:_identify(src/tello_control) by extension 'ros'
[2.462s] DEBUG:colcon.colcon_core.package_identification:Package 'src/tello_control' with type 'ros.ament_python' and name 'tello_control'
[2.463s] Level 1:colcon.colcon_core.package_discovery:discover_packages(recursive) using defaults
[2.463s] Level 1:colcon.colcon_core.package_discovery:discover_packages(ignore) discover
[2.463s] Level 1:colcon.colcon_core.package_discovery:discover_packages(ignore) using defaults
[2.463s] Level 1:colcon.colcon_core.package_discovery:discover_packages(path) discover
[2.463s] Level 1:colcon.colcon_core.package_discovery:discover_packages(path) using defaults
[2.663s] Level 1:colcon.colcon_core.package_discovery:discover_packages(prefix_path) check parameters
[2.663s] Level 1:colcon.colcon_core.package_discovery:discover_packages(prefix_path) discover
[2.699s] DEBUG:colcon.colcon_installed_package_information.package_discovery:Found 273 installed packages in /opt/ros/humble
[2.703s] Level 1:colcon.colcon_core.package_discovery:discover_packages(prefix_path) using defaults
[2.759s] Level 5:colcon.colcon_core.verb:set package 'optitrack_client' build argument 'cmake_args' from command line to 'None'
[2.759s] Level 5:colcon.colcon_core.verb:set package 'optitrack_client' build argument 'cmake_target' from command line to 'None'
[2.759s] Level 5:colcon.colcon_core.verb:set package 'optitrack_client' build argument 'cmake_target_skip_unavailable' from command line to 'False'
[2.759s] Level 5:colcon.colcon_core.verb:set package 'optitrack_client' build argument 'cmake_clean_cache' from command line to 'False'
[2.759s] Level 5:colcon.colcon_core.verb:set package 'optitrack_client' build argument 'cmake_clean_first' from command line to 'False'
[2.759s] Level 5:colcon.colcon_core.verb:set package 'optitrack_client' build argument 'cmake_force_configure' from command line to 'False'
[2.759s] Level 5:colcon.colcon_core.verb:set package 'optitrack_client' build argument 'ament_cmake_args' from command line to 'None'
[2.759s] Level 5:colcon.colcon_core.verb:set package 'optitrack_client' build argument 'catkin_cmake_args' from command line to 'None'
[2.759s] Level 5:colcon.colcon_core.verb:set package 'optitrack_client' build argument 'catkin_skip_building_tests' from command line to 'False'
[2.759s] DEBUG:colcon.colcon_core.verb:Building package 'optitrack_client' with the following arguments: {'ament_cmake_args': None, 'build_base': '/home/paolaramos/Github/testROS/Autonomous-Drone/tello_ws3/build/optitrack_client', 'catkin_cmake_args': None, 'catkin_skip_building_tests': False, 'cmake_args': None, 'cmake_clean_cache': False, 'cmake_clean_first': False, 'cmake_force_configure': False, 'cmake_target': None, 'cmake_target_skip_unavailable': False, 'install_base': '/home/paolaramos/Github/testROS/Autonomous-Drone/tello_ws3/install/optitrack_client', 'merge_install': False, 'path': '/home/paolaramos/Github/testROS/Autonomous-Drone/tello_ws3/src/optitrack_client', 'symlink_install': False, 'test_result_base': None}
[2.759s] Level 5:colcon.colcon_core.verb:set package 'tello_control' build argument 'cmake_args' from command line to 'None'
[2.759s] Level 5:colcon.colcon_core.verb:set package 'tello_control' build argument 'cmake_target' from command line to 'None'
[2.759s] Level 5:colcon.colcon_core.verb:set package 'tello_control' build argument 'cmake_target_skip_unavailable' from command line to 'False'
[2.759s] Level 5:colcon.colcon_core.verb:set package 'tello_control' build argument 'cmake_clean_cache' from command line to 'False'
[2.759s] Level 5:colcon.colcon_core.verb:set package 'tello_control' build argument 'cmake_clean_first' from command line to 'False'
[2.759s] Level 5:colcon.colcon_core.verb:set package 'tello_control' build argument 'cmake_force_configure' from command line to 'False'
[2.759s] Level 5:colcon.colcon_core.verb:set package 'tello_control' build argument 'ament_cmake_args' from command line to 'None'
[2.759s] Level 5:colcon.colcon_core.verb:set package 'tello_control' build argument 'catkin_cmake_args' from command line to 'None'
[2.759s] Level 5:colcon.colcon_core.verb:set package 'tello_control' build argument 'catkin_skip_building_tests' from command line to 'False'
[2.759s] DEBUG:colcon.colcon_core.verb:Building package 'tello_control' with the following arguments: {'ament_cmake_args': None, 'build_base': '/home/paolaramos/Github/testROS/Autonomous-Drone/tello_ws3/build/tello_control', 'catkin_cmake_args': None, 'catkin_skip_building_tests': False, 'cmake_args': None, 'cmake_clean_cache': False, 'cmake_clean_first': False, 'cmake_force_configure': False, 'cmake_target': None, 'cmake_target_skip_unavailable': False, 'install_base': '/home/paolaramos/Github/testROS/Autonomous-Drone/tello_ws3/install/tello_control', 'merge_install': False, 'path': '/home/paolaramos/Github/testROS/Autonomous-Drone/tello_ws3/src/tello_control', 'symlink_install': False, 'test_result_base': None}
[2.760s] INFO:colcon.colcon_core.executor:Executing jobs using 'parallel' executor
[2.763s] DEBUG:colcon.colcon_parallel_executor.executor.parallel:run_until_complete
[2.763s] INFO:colcon.colcon_ros.task.ament_cmake.build:Building ROS package in '/home/paolaramos/Github/testROS/Autonomous-Drone/tello_ws3/src/optitrack_client' with build type 'ament_cmake'
[2.763s] INFO:colcon.colcon_cmake.task.cmake.build:Building CMake package in '/home/paolaramos/Github/testROS/Autonomous-Drone/tello_ws3/src/optitrack_client'
[2.787s] INFO:colcon.colcon_core.plugin_system:Skipping extension 'colcon_core.shell.bat': Not used on non-Windows systems
[2.787s] INFO:colcon.colcon_core.shell:Skip shell extension 'powershell' for command environment: Not usable outside of PowerShell
[2.787s] DEBUG:colcon.colcon_core.shell:Skip shell extension 'dsv' for command environment
[2.801s] INFO:colcon.colcon_ros.task.ament_python.build:Building ROS package in '/home/paolaramos/Github/testROS/Autonomous-Drone/tello_ws3/src/tello_control' with build type 'ament_python'
[2.802s] Level 1:colcon.colcon_core.shell:create_environment_hook('tello_control', 'ament_prefix_path')
[2.802s] INFO:colcon.colcon_core.shell:Creating environment hook '/home/paolaramos/Github/testROS/Autonomous-Drone/tello_ws3/install/tello_control/share/tello_control/hook/ament_prefix_path.ps1'
[2.808s] INFO:colcon.colcon_core.shell:Creating environment descriptor '/home/paolaramos/Github/testROS/Autonomous-Drone/tello_ws3/install/tello_control/share/tello_control/hook/ament_prefix_path.dsv'
[2.810s] INFO:colcon.colcon_core.shell:Creating environment hook '/home/paolaramos/Github/testROS/Autonomous-Drone/tello_ws3/install/tello_control/share/tello_control/hook/ament_prefix_path.sh'
[2.812s] INFO:colcon.colcon_core.shell:Skip shell extension 'powershell' for command environment: Not usable outside of PowerShell
[2.812s] DEBUG:colcon.colcon_core.shell:Skip shell extension 'dsv' for command environment
[2.821s] DEBUG:colcon.colcon_core.event_handler.log_command:Invoking command in '/home/paolaramos/Github/testROS/Autonomous-Drone/tello_ws3/build/optitrack_client': CMAKE_PREFIX_PATH=/opt/ros/humble /usr/bin/cmake /home/paolaramos/Github/testROS/Autonomous-Drone/tello_ws3/src/optitrack_client -DCMAKE_INSTALL_PREFIX=/home/paolaramos/Github/testROS/Autonomous-Drone/tello_ws3/install/optitrack_client
[3.411s] INFO:colcon.colcon_core.task.python.build:Building Python package in '/home/paolaramos/Github/testROS/Autonomous-Drone/tello_ws3/src/tello_control'
[3.415s] INFO:colcon.colcon_core.shell:Skip shell extension 'powershell' for command environment: Not usable outside of PowerShell
[3.415s] DEBUG:colcon.colcon_core.shell:Skip shell extension 'dsv' for command environment
[9.712s] DEBUG:colcon.colcon_core.event_handler.log_command:Invoking command in '/home/paolaramos/Github/testROS/Autonomous-Drone/tello_ws3/src/tello_control': PYTHONPATH=/home/paolaramos/Github/testROS/Autonomous-Drone/tello_ws3/build/tello_control/prefix_override:/usr/lib/python3/dist-packages/colcon_core/task/python/colcon_distutils_commands:/home/paolaramos/Github/testROS/Autonomous-Drone/tello_ws3/install/tello_control/lib/python3.10/site-packages:${PYTHONPATH} /usr/bin/python3 -W ignore:setup.py install is deprecated -W ignore:easy_install command is deprecated setup.py egg_info --egg-base ../../build/tello_control build --build-base /home/paolaramos/Github/testROS/Autonomous-Drone/tello_ws3/build/tello_control/build install --record /home/paolaramos/Github/testROS/Autonomous-Drone/tello_ws3/build/tello_control/install.log --single-version-externally-managed install_data
[12.553s] DEBUG:colcon.colcon_core.event_handler.log_command:Invoked command in '/home/paolaramos/Github/testROS/Autonomous-Drone/tello_ws3/src/tello_control' returned '0': PYTHONPATH=/home/paolaramos/Github/testROS/Autonomous-Drone/tello_ws3/build/tello_control/prefix_override:/usr/lib/python3/dist-packages/colcon_core/task/python/colcon_distutils_commands:/home/paolaramos/Github/testROS/Autonomous-Drone/tello_ws3/install/tello_control/lib/python3.10/site-packages:${PYTHONPATH} /usr/bin/python3 -W ignore:setup.py install is deprecated -W ignore:easy_install command is deprecated setup.py egg_info --egg-base ../../build/tello_control build --build-base /home/paolaramos/Github/testROS/Autonomous-Drone/tello_ws3/build/tello_control/build install --record /home/paolaramos/Github/testROS/Autonomous-Drone/tello_ws3/build/tello_control/install.log --single-version-externally-managed install_data
[12.723s] Level 1:colcon.colcon_core.environment:checking '/home/paolaramos/Github/testROS/Autonomous-Drone/tello_ws3/install/tello_control' for CMake module files
[12.734s] Level 1:colcon.colcon_core.environment:checking '/home/paolaramos/Github/testROS/Autonomous-Drone/tello_ws3/install/tello_control' for CMake config files
[12.739s] Level 1:colcon.colcon_core.environment:checking '/home/paolaramos/Github/testROS/Autonomous-Drone/tello_ws3/install/tello_control/lib'
[12.740s] Level 1:colcon.colcon_core.environment:checking '/home/paolaramos/Github/testROS/Autonomous-Drone/tello_ws3/install/tello_control/bin'
[12.741s] Level 1:colcon.colcon_core.environment:checking '/home/paolaramos/Github/testROS/Autonomous-Drone/tello_ws3/install/tello_control/lib/pkgconfig/tello_control.pc'
[12.743s] Level 1:colcon.colcon_core.environment:checking '/home/paolaramos/Github/testROS/Autonomous-Drone/tello_ws3/install/tello_control/lib/python3.10/site-packages'
[12.744s] Level 1:colcon.colcon_core.shell:create_environment_hook('tello_control', 'pythonpath')
[12.745s] INFO:colcon.colcon_core.shell:Creating environment hook '/home/paolaramos/Github/testROS/Autonomous-Drone/tello_ws3/install/tello_control/share/tello_control/hook/pythonpath.ps1'
[12.754s] INFO:colcon.colcon_core.shell:Creating environment descriptor '/home/paolaramos/Github/testROS/Autonomous-Drone/tello_ws3/install/tello_control/share/tello_control/hook/pythonpath.dsv'
[12.756s] INFO:colcon.colcon_core.shell:Creating environment hook '/home/paolaramos/Github/testROS/Autonomous-Drone/tello_ws3/install/tello_control/share/tello_control/hook/pythonpath.sh'
[12.760s] Level 1:colcon.colcon_core.environment:checking '/home/paolaramos/Github/testROS/Autonomous-Drone/tello_ws3/install/tello_control/bin'
[12.760s] Level 1:colcon.colcon_core.environment:create_environment_scripts_only(tello_control)
[12.762s] INFO:colcon.colcon_core.shell:Creating package script '/home/paolaramos/Github/testROS/Autonomous-Drone/tello_ws3/install/tello_control/share/tello_control/package.ps1'
[12.777s] INFO:colcon.colcon_core.shell:Creating package descriptor '/home/paolaramos/Github/testROS/Autonomous-Drone/tello_ws3/install/tello_control/share/tello_control/package.dsv'
[12.782s] INFO:colcon.colcon_core.shell:Creating package script '/home/paolaramos/Github/testROS/Autonomous-Drone/tello_ws3/install/tello_control/share/tello_control/package.sh'
[12.797s] INFO:colcon.colcon_core.shell:Creating package script '/home/paolaramos/Github/testROS/Autonomous-Drone/tello_ws3/install/tello_control/share/tello_control/package.bash'
[12.805s] INFO:colcon.colcon_core.shell:Creating package script '/home/paolaramos/Github/testROS/Autonomous-Drone/tello_ws3/install/tello_control/share/tello_control/package.zsh'
[12.835s] Level 1:colcon.colcon_core.environment:create_file_with_runtime_dependencies(/home/paolaramos/Github/testROS/Autonomous-Drone/tello_ws3/install/tello_control/share/colcon-core/packages/tello_control)
[17.682s] DEBUG:colcon.colcon_core.event_handler.log_command:Invoked command in '/home/paolaramos/Github/testROS/Autonomous-Drone/tello_ws3/build/optitrack_client' returned '0': CMAKE_PREFIX_PATH=/opt/ros/humble /usr/bin/cmake /home/paolaramos/Github/testROS/Autonomous-Drone/tello_ws3/src/optitrack_client -DCMAKE_INSTALL_PREFIX=/home/paolaramos/Github/testROS/Autonomous-Drone/tello_ws3/install/optitrack_client
[17.699s] DEBUG:colcon.colcon_core.event_handler.log_command:Invoking command in '/home/paolaramos/Github/testROS/Autonomous-Drone/tello_ws3/build/optitrack_client': CMAKE_PREFIX_PATH=/opt/ros/humble /usr/bin/cmake --build /home/paolaramos/Github/testROS/Autonomous-Drone/tello_ws3/build/optitrack_client -- -j4 -l4
[43.806s] DEBUG:colcon.colcon_core.event_handler.log_command:Invoked command in '/home/paolaramos/Github/testROS/Autonomous-Drone/tello_ws3/build/optitrack_client' returned '0': CMAKE_PREFIX_PATH=/opt/ros/humble /usr/bin/cmake --build /home/paolaramos/Github/testROS/Autonomous-Drone/tello_ws3/build/optitrack_client -- -j4 -l4
[43.838s] DEBUG:colcon.colcon_core.event_handler.log_command:Invoking command in '/home/paolaramos/Github/testROS/Autonomous-Drone/tello_ws3/build/optitrack_client': CMAKE_PREFIX_PATH=/opt/ros/humble /usr/bin/cmake --install /home/paolaramos/Github/testROS/Autonomous-Drone/tello_ws3/build/optitrack_client
[43.869s] Level 1:colcon.colcon_core.environment:create_environment_scripts_only(optitrack_client)
[43.869s] Level 1:colcon.colcon_core.environment:checking '/home/paolaramos/Github/testROS/Autonomous-Drone/tello_ws3/install/optitrack_client' for CMake module files
[43.871s] DEBUG:colcon.colcon_core.event_handler.log_command:Invoked command in '/home/paolaramos/Github/testROS/Autonomous-Drone/tello_ws3/build/optitrack_client' returned '0': CMAKE_PREFIX_PATH=/opt/ros/humble /usr/bin/cmake --install /home/paolaramos/Github/testROS/Autonomous-Drone/tello_ws3/build/optitrack_client
[43.872s] Level 1:colcon.colcon_core.environment:checking '/home/paolaramos/Github/testROS/Autonomous-Drone/tello_ws3/install/optitrack_client' for CMake config files
[43.873s] Level 1:colcon.colcon_core.shell:create_environment_hook('optitrack_client', 'cmake_prefix_path')
[43.873s] INFO:colcon.colcon_core.shell:Creating environment hook '/home/paolaramos/Github/testROS/Autonomous-Drone/tello_ws3/install/optitrack_client/share/optitrack_client/hook/cmake_prefix_path.ps1'
[43.874s] INFO:colcon.colcon_core.shell:Creating environment descriptor '/home/paolaramos/Github/testROS/Autonomous-Drone/tello_ws3/install/optitrack_client/share/optitrack_client/hook/cmake_prefix_path.dsv'
[43.875s] INFO:colcon.colcon_core.shell:Creating environment hook '/home/paolaramos/Github/testROS/Autonomous-Drone/tello_ws3/install/optitrack_client/share/optitrack_client/hook/cmake_prefix_path.sh'
[43.876s] Level 1:colcon.colcon_core.environment:checking '/home/paolaramos/Github/testROS/Autonomous-Drone/tello_ws3/install/optitrack_client/lib'
[43.876s] Level 1:colcon.colcon_core.shell:create_environment_hook('optitrack_client', 'ld_library_path_lib')
[43.876s] INFO:colcon.colcon_core.shell:Creating environment hook '/home/paolaramos/Github/testROS/Autonomous-Drone/tello_ws3/install/optitrack_client/share/optitrack_client/hook/ld_library_path_lib.ps1'
[43.877s] INFO:colcon.colcon_core.shell:Creating environment descriptor '/home/paolaramos/Github/testROS/Autonomous-Drone/tello_ws3/install/optitrack_client/share/optitrack_client/hook/ld_library_path_lib.dsv'
[43.877s] INFO:colcon.colcon_core.shell:Creating environment hook '/home/paolaramos/Github/testROS/Autonomous-Drone/tello_ws3/install/optitrack_client/share/optitrack_client/hook/ld_library_path_lib.sh'
[43.878s] Level 1:colcon.colcon_core.environment:checking '/home/paolaramos/Github/testROS/Autonomous-Drone/tello_ws3/install/optitrack_client/bin'
[43.878s] Level 1:colcon.colcon_core.environment:checking '/home/paolaramos/Github/testROS/Autonomous-Drone/tello_ws3/install/optitrack_client/lib/pkgconfig/optitrack_client.pc'
[43.878s] Level 1:colcon.colcon_core.environment:checking '/home/paolaramos/Github/testROS/Autonomous-Drone/tello_ws3/install/optitrack_client/lib/python3.10/site-packages'
[43.879s] Level 1:colcon.colcon_core.environment:checking '/home/paolaramos/Github/testROS/Autonomous-Drone/tello_ws3/install/optitrack_client/bin'
[43.879s] INFO:colcon.colcon_core.shell:Creating package script '/home/paolaramos/Github/testROS/Autonomous-Drone/tello_ws3/install/optitrack_client/share/optitrack_client/package.ps1'
[43.880s] INFO:colcon.colcon_core.shell:Creating package descriptor '/home/paolaramos/Github/testROS/Autonomous-Drone/tello_ws3/install/optitrack_client/share/optitrack_client/package.dsv'
[43.881s] INFO:colcon.colcon_core.shell:Creating package script '/home/paolaramos/Github/testROS/Autonomous-Drone/tello_ws3/install/optitrack_client/share/optitrack_client/package.sh'
[43.881s] INFO:colcon.colcon_core.shell:Creating package script '/home/paolaramos/Github/testROS/Autonomous-Drone/tello_ws3/install/optitrack_client/share/optitrack_client/package.bash'
[43.881s] INFO:colcon.colcon_core.shell:Creating package script '/home/paolaramos/Github/testROS/Autonomous-Drone/tello_ws3/install/optitrack_client/share/optitrack_client/package.zsh'
[43.882s] Level 1:colcon.colcon_core.environment:create_file_with_runtime_dependencies(/home/paolaramos/Github/testROS/Autonomous-Drone/tello_ws3/install/optitrack_client/share/colcon-core/packages/optitrack_client)
[43.883s] Level 1:colcon.colcon_core.environment:create_environment_scripts_only(optitrack_client)
[43.883s] Level 1:colcon.colcon_core.environment:checking '/home/paolaramos/Github/testROS/Autonomous-Drone/tello_ws3/install/optitrack_client' for CMake module files
[43.884s] Level 1:colcon.colcon_core.environment:checking '/home/paolaramos/Github/testROS/Autonomous-Drone/tello_ws3/install/optitrack_client' for CMake config files
[43.884s] Level 1:colcon.colcon_core.shell:create_environment_hook('optitrack_client', 'cmake_prefix_path')
[43.884s] INFO:colcon.colcon_core.shell:Creating environment hook '/home/paolaramos/Github/testROS/Autonomous-Drone/tello_ws3/install/optitrack_client/share/optitrack_client/hook/cmake_prefix_path.ps1'
[43.885s] INFO:colcon.colcon_core.shell:Creating environment descriptor '/home/paolaramos/Github/testROS/Autonomous-Drone/tello_ws3/install/optitrack_client/share/optitrack_client/hook/cmake_prefix_path.dsv'
[43.886s] INFO:colcon.colcon_core.shell:Creating environment hook '/home/paolaramos/Github/testROS/Autonomous-Drone/tello_ws3/install/optitrack_client/share/optitrack_client/hook/cmake_prefix_path.sh'
[43.888s] Level 1:colcon.colcon_core.environment:checking '/home/paolaramos/Github/testROS/Autonomous-Drone/tello_ws3/install/optitrack_client/lib'
[43.888s] Level 1:colcon.colcon_core.shell:create_environment_hook('optitrack_client', 'ld_library_path_lib')
[43.889s] INFO:colcon.colcon_core.shell:Creating environment hook '/home/paolaramos/Github/testROS/Autonomous-Drone/tello_ws3/install/optitrack_client/share/optitrack_client/hook/ld_library_path_lib.ps1'
[43.890s] INFO:colcon.colcon_core.shell:Creating environment descriptor '/home/paolaramos/Github/testROS/Autonomous-Drone/tello_ws3/install/optitrack_client/share/optitrack_client/hook/ld_library_path_lib.dsv'
[43.891s] INFO:colcon.colcon_core.shell:Creating environment hook '/home/paolaramos/Github/testROS/Autonomous-Drone/tello_ws3/install/optitrack_client/share/optitrack_client/hook/ld_library_path_lib.sh'
[43.892s] Level 1:colcon.colcon_core.environment:checking '/home/paolaramos/Github/testROS/Autonomous-Drone/tello_ws3/install/optitrack_client/bin'
[43.892s] Level 1:colcon.colcon_core.environment:checking '/home/paolaramos/Github/testROS/Autonomous-Drone/tello_ws3/install/optitrack_client/lib/pkgconfig/optitrack_client.pc'
[43.893s] Level 1:colcon.colcon_core.environment:checking '/home/paolaramos/Github/testROS/Autonomous-Drone/tello_ws3/install/optitrack_client/lib/python3.10/site-packages'
[43.893s] Level 1:colcon.colcon_core.environment:checking '/home/paolaramos/Github/testROS/Autonomous-Drone/tello_ws3/install/optitrack_client/bin'
[43.894s] INFO:colcon.colcon_core.shell:Creating package script '/home/paolaramos/Github/testROS/Autonomous-Drone/tello_ws3/install/optitrack_client/share/optitrack_client/package.ps1'
[43.895s] INFO:colcon.colcon_core.shell:Creating package descriptor '/home/paolaramos/Github/testROS/Autonomous-Drone/tello_ws3/install/optitrack_client/share/optitrack_client/package.dsv'
[43.896s] INFO:colcon.colcon_core.shell:Creating package script '/home/paolaramos/Github/testROS/Autonomous-Drone/tello_ws3/install/optitrack_client/share/optitrack_client/package.sh'
[43.897s] INFO:colcon.colcon_core.shell:Creating package script '/home/paolaramos/Github/testROS/Autonomous-Drone/tello_ws3/install/optitrack_client/share/optitrack_client/package.bash'
[43.898s] INFO:colcon.colcon_core.shell:Creating package script '/home/paolaramos/Github/testROS/Autonomous-Drone/tello_ws3/install/optitrack_client/share/optitrack_client/package.zsh'
[43.899s] Level 1:colcon.colcon_core.environment:create_file_with_runtime_dependencies(/home/paolaramos/Github/testROS/Autonomous-Drone/tello_ws3/install/optitrack_client/share/colcon-core/packages/optitrack_client)
[43.900s] DEBUG:colcon.colcon_parallel_executor.executor.parallel:closing loop
[43.901s] DEBUG:colcon.colcon_parallel_executor.executor.parallel:loop closed
[43.902s] DEBUG:colcon.colcon_parallel_executor.executor.parallel:run_until_complete finished with '0'
[43.902s] DEBUG:colcon.colcon_core.event_reactor:joining thread
[43.991s] INFO:colcon.colcon_core.plugin_system:Skipping extension 'colcon_notification.desktop_notification.terminal_notifier': Not used on non-Darwin systems
[43.991s] INFO:colcon.colcon_core.plugin_system:Skipping extension 'colcon_notification.desktop_notification.win32': Not used on non-Windows systems
[43.991s] INFO:colcon.colcon_notification.desktop_notification:Sending desktop notification using 'notify2'
[44.571s] DEBUG:colcon.colcon_core.event_reactor:joined thread
[44.572s] INFO:colcon.colcon_core.shell:Creating prefix script '/home/paolaramos/Github/testROS/Autonomous-Drone/tello_ws3/install/local_setup.ps1'
[44.588s] INFO:colcon.colcon_core.shell:Creating prefix util module '/home/paolaramos/Github/testROS/Autonomous-Drone/tello_ws3/install/_local_setup_util_ps1.py'
[44.592s] INFO:colcon.colcon_core.shell:Creating prefix chain script '/home/paolaramos/Github/testROS/Autonomous-Drone/tello_ws3/install/setup.ps1'
[44.594s] INFO:colcon.colcon_core.shell:Creating prefix script '/home/paolaramos/Github/testROS/Autonomous-Drone/tello_ws3/install/local_setup.sh'
[44.598s] INFO:colcon.colcon_core.shell:Creating prefix util module '/home/paolaramos/Github/testROS/Autonomous-Drone/tello_ws3/install/_local_setup_util_sh.py'
[44.599s] INFO:colcon.colcon_core.shell:Creating prefix chain script '/home/paolaramos/Github/testROS/Autonomous-Drone/tello_ws3/install/setup.sh'
[44.601s] INFO:colcon.colcon_core.shell:Creating prefix script '/home/paolaramos/Github/testROS/Autonomous-Drone/tello_ws3/install/local_setup.bash'
[44.603s] INFO:colcon.colcon_core.shell:Creating prefix chain script '/home/paolaramos/Github/testROS/Autonomous-Drone/tello_ws3/install/setup.bash'
[44.609s] INFO:colcon.colcon_core.shell:Creating prefix script '/home/paolaramos/Github/testROS/Autonomous-Drone/tello_ws3/install/local_setup.zsh'
[44.612s] INFO:colcon.colcon_core.shell:Creating prefix chain script '/home/paolaramos/Github/testROS/Autonomous-Drone/tello_ws3/install/setup.zsh'
