[0.087s] DEBUG:colcon:Command line arguments: ['/usr/bin/colcon', 'build']
[0.087s] DEBUG:colcon:Parsed command line arguments: Namespace(log_base=None, log_level=None, verb_name='build', build_base='build', install_base='install', merge_install=False, symlink_install=False, test_result_base=None, continue_on_error=False, executor='parallel', parallel_workers=4, event_handlers=None, ignore_user_meta=False, metas=['./colcon.meta'], base_paths=['.'], packages_ignore=None, packages_ignore_regex=None, paths=None, packages_up_to=None, packages_up_to_regex=None, packages_above=None, packages_above_and_dependencies=None, packages_above_depth=None, packages_select_by_dep=None, packages_skip_by_dep=None, packages_skip_up_to=None, packages_select_build_failed=False, packages_skip_build_finished=False, packages_select_test_failures=False, packages_skip_test_passed=False, packages_select=None, packages_skip=None, packages_select_regex=None, packages_skip_regex=None, packages_start=None, packages_end=None, allow_overriding=[], cmake_args=None, cmake_target=None, cmake_target_skip_unavailable=False, cmake_clean_cache=False, cmake_clean_first=False, cmake_force_configure=False, ament_cmake_args=None, catkin_cmake_args=None, catkin_skip_building_tests=False, verb_parser=<colcon_defaults.argument_parser.defaults.DefaultArgumentsDecorator object at 0x778893b6d3f0>, verb_extension=<colcon_core.verb.build.BuildVerb object at 0x778893ce6a10>, main=<bound method BuildVerb.main of <colcon_core.verb.build.BuildVerb object at 0x778893ce6a10>>)
[0.113s] Level 1:colcon.colcon_core.package_discovery:discover_packages(colcon_meta) check parameters
[0.113s] Level 1:colcon.colcon_core.package_discovery:discover_packages(recursive) check parameters
[0.113s] Level 1:colcon.colcon_core.package_discovery:discover_packages(ignore) check parameters
[0.113s] Level 1:colcon.colcon_core.package_discovery:discover_packages(path) check parameters
[0.113s] Level 1:colcon.colcon_core.package_discovery:discover_packages(colcon_meta) discover
[0.113s] Level 1:colcon.colcon_core.package_discovery:discover_packages(recursive) discover
[0.114s] INFO:colcon.colcon_core.package_discovery:Crawling recursively for packages in '/home/paolaramos/Github/testROS/Autonomous-Drone/tello_ws3'
[0.114s] Level 1:colcon.colcon_core.package_identification:_identify(.) by extensions ['ignore', 'ignore_ament_install']
[0.114s] Level 1:colcon.colcon_core.package_identification:_identify(.) by extension 'ignore'
[0.114s] Level 1:colcon.colcon_core.package_identification:_identify(.) by extension 'ignore_ament_install'
[0.114s] Level 1:colcon.colcon_core.package_identification:_identify(.) by extensions ['colcon_pkg']
[0.114s] Level 1:colcon.colcon_core.package_identification:_identify(.) by extension 'colcon_pkg'
[0.114s] Level 1:colcon.colcon_core.package_identification:_identify(.) by extensions ['colcon_meta']
[0.114s] Level 1:colcon.colcon_core.package_identification:_identify(.) by extension 'colcon_meta'
[0.114s] Level 1:colcon.colcon_core.package_identification:_identify(.) by extensions ['ros']
[0.114s] Level 1:colcon.colcon_core.package_identification:_identify(.) by extension 'ros'
[0.132s] Level 1:colcon.colcon_core.package_identification:_identify(.) by extensions ['cmake', 'python']
[0.132s] Level 1:colcon.colcon_core.package_identification:_identify(.) by extension 'cmake'
[0.132s] Level 1:colcon.colcon_core.package_identification:_identify(.) by extension 'python'
[0.132s] Level 1:colcon.colcon_core.package_identification:_identify(.) by extensions ['python_setup_py']
[0.132s] Level 1:colcon.colcon_core.package_identification:_identify(.) by extension 'python_setup_py'
[0.132s] Level 1:colcon.colcon_core.package_identification:_identify(build) by extensions ['ignore', 'ignore_ament_install']
[0.132s] Level 1:colcon.colcon_core.package_identification:_identify(build) by extension 'ignore'
[0.132s] Level 1:colcon.colcon_core.package_identification:_identify(build) ignored
[0.133s] Level 1:colcon.colcon_core.package_identification:_identify(install) by extensions ['ignore', 'ignore_ament_install']
[0.133s] Level 1:colcon.colcon_core.package_identification:_identify(install) by extension 'ignore'
[0.133s] Level 1:colcon.colcon_core.package_identification:_identify(install) ignored
[0.133s] Level 1:colcon.colcon_core.package_identification:_identify(log) by extensions ['ignore', 'ignore_ament_install']
[0.133s] Level 1:colcon.colcon_core.package_identification:_identify(log) by extension 'ignore'
[0.133s] Level 1:colcon.colcon_core.package_identification:_identify(log) ignored
[0.133s] Level 1:colcon.colcon_core.package_identification:_identify(src) by extensions ['ignore', 'ignore_ament_install']
[0.133s] Level 1:colcon.colcon_core.package_identification:_identify(src) by extension 'ignore'
[0.133s] Level 1:colcon.colcon_core.package_identification:_identify(src) by extension 'ignore_ament_install'
[0.133s] Level 1:colcon.colcon_core.package_identification:_identify(src) by extensions ['colcon_pkg']
[0.133s] Level 1:colcon.colcon_core.package_identification:_identify(src) by extension 'colcon_pkg'
[0.133s] Level 1:colcon.colcon_core.package_identification:_identify(src) by extensions ['colcon_meta']
[0.133s] Level 1:colcon.colcon_core.package_identification:_identify(src) by extension 'colcon_meta'
[0.133s] Level 1:colcon.colcon_core.package_identification:_identify(src) by extensions ['ros']
[0.133s] Level 1:colcon.colcon_core.package_identification:_identify(src) by extension 'ros'
[0.133s] Level 1:colcon.colcon_core.package_identification:_identify(src) by extensions ['cmake', 'python']
[0.133s] Level 1:colcon.colcon_core.package_identification:_identify(src) by extension 'cmake'
[0.133s] Level 1:colcon.colcon_core.package_identification:_identify(src) by extension 'python'
[0.133s] Level 1:colcon.colcon_core.package_identification:_identify(src) by extensions ['python_setup_py']
[0.133s] Level 1:colcon.colcon_core.package_identification:_identify(src) by extension 'python_setup_py'
[0.133s] Level 1:colcon.colcon_core.package_identification:_identify(src/optitrack_client) by extensions ['ignore', 'ignore_ament_install']
[0.134s] Level 1:colcon.colcon_core.package_identification:_identify(src/optitrack_client) by extension 'ignore'
[0.134s] Level 1:colcon.colcon_core.package_identification:_identify(src/optitrack_client) by extension 'ignore_ament_install'
[0.134s] Level 1:colcon.colcon_core.package_identification:_identify(src/optitrack_client) by extensions ['colcon_pkg']
[0.134s] Level 1:colcon.colcon_core.package_identification:_identify(src/optitrack_client) by extension 'colcon_pkg'
[0.134s] Level 1:colcon.colcon_core.package_identification:_identify(src/optitrack_client) by extensions ['colcon_meta']
[0.134s] Level 1:colcon.colcon_core.package_identification:_identify(src/optitrack_client) by extension 'colcon_meta'
[0.134s] Level 1:colcon.colcon_core.package_identification:_identify(src/optitrack_client) by extensions ['ros']
[0.134s] Level 1:colcon.colcon_core.package_identification:_identify(src/optitrack_client) by extension 'ros'
[0.135s] DEBUG:colcon.colcon_core.package_identification:Package 'src/optitrack_client' with type 'ros.ament_cmake' and name 'optitrack_client'
[0.136s] Level 1:colcon.colcon_core.package_identification:_identify(src/tello_control) by extensions ['ignore', 'ignore_ament_install']
[0.136s] Level 1:colcon.colcon_core.package_identification:_identify(src/tello_control) by extension 'ignore'
[0.136s] Level 1:colcon.colcon_core.package_identification:_identify(src/tello_control) by extension 'ignore_ament_install'
[0.136s] Level 1:colcon.colcon_core.package_identification:_identify(src/tello_control) by extensions ['colcon_pkg']
[0.136s] Level 1:colcon.colcon_core.package_identification:_identify(src/tello_control) by extension 'colcon_pkg'
[0.136s] Level 1:colcon.colcon_core.package_identification:_identify(src/tello_control) by extensions ['colcon_meta']
[0.136s] Level 1:colcon.colcon_core.package_identification:_identify(src/tello_control) by extension 'colcon_meta'
[0.136s] Level 1:colcon.colcon_core.package_identification:_identify(src/tello_control) by extensions ['ros']
[0.136s] Level 1:colcon.colcon_core.package_identification:_identify(src/tello_control) by extension 'ros'
[0.136s] DEBUG:colcon.colcon_core.package_identification:Package 'src/tello_control' with type 'ros.ament_python' and name 'tello_control'
[0.136s] Level 1:colcon.colcon_core.package_discovery:discover_packages(recursive) using defaults
[0.136s] Level 1:colcon.colcon_core.package_discovery:discover_packages(ignore) discover
[0.136s] Level 1:colcon.colcon_core.package_discovery:discover_packages(ignore) using defaults
[0.137s] Level 1:colcon.colcon_core.package_discovery:discover_packages(path) discover
[0.137s] Level 1:colcon.colcon_core.package_discovery:discover_packages(path) using defaults
[0.149s] Level 1:colcon.colcon_core.package_discovery:discover_packages(prefix_path) check parameters
[0.150s] Level 1:colcon.colcon_core.package_discovery:discover_packages(prefix_path) discover
[0.151s] DEBUG:colcon.colcon_installed_package_information.package_discovery:Found 273 installed packages in /opt/ros/humble
[0.153s] Level 1:colcon.colcon_core.package_discovery:discover_packages(prefix_path) using defaults
[0.180s] Level 5:colcon.colcon_core.verb:set package 'optitrack_client' build argument 'cmake_args' from command line to 'None'
[0.180s] Level 5:colcon.colcon_core.verb:set package 'optitrack_client' build argument 'cmake_target' from command line to 'None'
[0.180s] Level 5:colcon.colcon_core.verb:set package 'optitrack_client' build argument 'cmake_target_skip_unavailable' from command line to 'False'
[0.180s] Level 5:colcon.colcon_core.verb:set package 'optitrack_client' build argument 'cmake_clean_cache' from command line to 'False'
[0.180s] Level 5:colcon.colcon_core.verb:set package 'optitrack_client' build argument 'cmake_clean_first' from command line to 'False'
[0.180s] Level 5:colcon.colcon_core.verb:set package 'optitrack_client' build argument 'cmake_force_configure' from command line to 'False'
[0.180s] Level 5:colcon.colcon_core.verb:set package 'optitrack_client' build argument 'ament_cmake_args' from command line to 'None'
[0.180s] Level 5:colcon.colcon_core.verb:set package 'optitrack_client' build argument 'catkin_cmake_args' from command line to 'None'
[0.180s] Level 5:colcon.colcon_core.verb:set package 'optitrack_client' build argument 'catkin_skip_building_tests' from command line to 'False'
[0.180s] DEBUG:colcon.colcon_core.verb:Building package 'optitrack_client' with the following arguments: {'ament_cmake_args': None, 'build_base': '/home/paolaramos/Github/testROS/Autonomous-Drone/tello_ws3/build/optitrack_client', 'catkin_cmake_args': None, 'catkin_skip_building_tests': False, 'cmake_args': None, 'cmake_clean_cache': False, 'cmake_clean_first': False, 'cmake_force_configure': False, 'cmake_target': None, 'cmake_target_skip_unavailable': False, 'install_base': '/home/paolaramos/Github/testROS/Autonomous-Drone/tello_ws3/install/optitrack_client', 'merge_install': False, 'path': '/home/paolaramos/Github/testROS/Autonomous-Drone/tello_ws3/src/optitrack_client', 'symlink_install': False, 'test_result_base': None}
[0.181s] Level 5:colcon.colcon_core.verb:set package 'tello_control' build argument 'cmake_args' from command line to 'None'
[0.181s] Level 5:colcon.colcon_core.verb:set package 'tello_control' build argument 'cmake_target' from command line to 'None'
[0.181s] Level 5:colcon.colcon_core.verb:set package 'tello_control' build argument 'cmake_target_skip_unavailable' from command line to 'False'
[0.181s] Level 5:colcon.colcon_core.verb:set package 'tello_control' build argument 'cmake_clean_cache' from command line to 'False'
[0.181s] Level 5:colcon.colcon_core.verb:set package 'tello_control' build argument 'cmake_clean_first' from command line to 'False'
[0.181s] Level 5:colcon.colcon_core.verb:set package 'tello_control' build argument 'cmake_force_configure' from command line to 'False'
[0.181s] Level 5:colcon.colcon_core.verb:set package 'tello_control' build argument 'ament_cmake_args' from command line to 'None'
[0.181s] Level 5:colcon.colcon_core.verb:set package 'tello_control' build argument 'catkin_cmake_args' from command line to 'None'
[0.181s] Level 5:colcon.colcon_core.verb:set package 'tello_control' build argument 'catkin_skip_building_tests' from command line to 'False'
[0.181s] DEBUG:colcon.colcon_core.verb:Building package 'tello_control' with the following arguments: {'ament_cmake_args': None, 'build_base': '/home/paolaramos/Github/testROS/Autonomous-Drone/tello_ws3/build/tello_control', 'catkin_cmake_args': None, 'catkin_skip_building_tests': False, 'cmake_args': None, 'cmake_clean_cache': False, 'cmake_clean_first': False, 'cmake_force_configure': False, 'cmake_target': None, 'cmake_target_skip_unavailable': False, 'install_base': '/home/paolaramos/Github/testROS/Autonomous-Drone/tello_ws3/install/tello_control', 'merge_install': False, 'path': '/home/paolaramos/Github/testROS/Autonomous-Drone/tello_ws3/src/tello_control', 'symlink_install': False, 'test_result_base': None}
[0.181s] INFO:colcon.colcon_core.executor:Executing jobs using 'parallel' executor
[0.183s] DEBUG:colcon.colcon_parallel_executor.executor.parallel:run_until_complete
[0.183s] INFO:colcon.colcon_ros.task.ament_cmake.build:Building ROS package in '/home/paolaramos/Github/testROS/Autonomous-Drone/tello_ws3/src/optitrack_client' with build type 'ament_cmake'
[0.184s] INFO:colcon.colcon_cmake.task.cmake.build:Building CMake package in '/home/paolaramos/Github/testROS/Autonomous-Drone/tello_ws3/src/optitrack_client'
[0.186s] INFO:colcon.colcon_core.plugin_system:Skipping extension 'colcon_core.shell.bat': Not used on non-Windows systems
[0.186s] INFO:colcon.colcon_core.shell:Skip shell extension 'powershell' for command environment: Not usable outside of PowerShell
[0.186s] DEBUG:colcon.colcon_core.shell:Skip shell extension 'dsv' for command environment
[0.190s] INFO:colcon.colcon_ros.task.ament_python.build:Building ROS package in '/home/paolaramos/Github/testROS/Autonomous-Drone/tello_ws3/src/tello_control' with build type 'ament_python'
[0.190s] Level 1:colcon.colcon_core.shell:create_environment_hook('tello_control', 'ament_prefix_path')
[0.191s] INFO:colcon.colcon_core.shell:Creating environment hook '/home/paolaramos/Github/testROS/Autonomous-Drone/tello_ws3/install/tello_control/share/tello_control/hook/ament_prefix_path.ps1'
[0.191s] INFO:colcon.colcon_core.shell:Creating environment descriptor '/home/paolaramos/Github/testROS/Autonomous-Drone/tello_ws3/install/tello_control/share/tello_control/hook/ament_prefix_path.dsv'
[0.192s] INFO:colcon.colcon_core.shell:Creating environment hook '/home/paolaramos/Github/testROS/Autonomous-Drone/tello_ws3/install/tello_control/share/tello_control/hook/ament_prefix_path.sh'
[0.193s] INFO:colcon.colcon_core.shell:Skip shell extension 'powershell' for command environment: Not usable outside of PowerShell
[0.193s] DEBUG:colcon.colcon_core.shell:Skip shell extension 'dsv' for command environment
[0.233s] DEBUG:colcon.colcon_core.event_handler.log_command:Invoking command in '/home/paolaramos/Github/testROS/Autonomous-Drone/tello_ws3/build/optitrack_client': CMAKE_PREFIX_PATH=/opt/ros/humble /usr/bin/cmake --build /home/paolaramos/Github/testROS/Autonomous-Drone/tello_ws3/build/optitrack_client -- -j4 -l4
[0.462s] INFO:colcon.colcon_core.task.python.build:Building Python package in '/home/paolaramos/Github/testROS/Autonomous-Drone/tello_ws3/src/tello_control'
[0.462s] INFO:colcon.colcon_core.shell:Skip shell extension 'powershell' for command environment: Not usable outside of PowerShell
[0.462s] DEBUG:colcon.colcon_core.shell:Skip shell extension 'dsv' for command environment
[0.488s] DEBUG:colcon.colcon_core.event_handler.log_command:Invoked command in '/home/paolaramos/Github/testROS/Autonomous-Drone/tello_ws3/build/optitrack_client' returned '0': CMAKE_PREFIX_PATH=/opt/ros/humble /usr/bin/cmake --build /home/paolaramos/Github/testROS/Autonomous-Drone/tello_ws3/build/optitrack_client -- -j4 -l4
[0.495s] DEBUG:colcon.colcon_core.event_handler.log_command:Invoking command in '/home/paolaramos/Github/testROS/Autonomous-Drone/tello_ws3/build/optitrack_client': CMAKE_PREFIX_PATH=/opt/ros/humble /usr/bin/cmake --install /home/paolaramos/Github/testROS/Autonomous-Drone/tello_ws3/build/optitrack_client
[0.525s] Level 1:colcon.colcon_core.environment:create_environment_scripts_only(optitrack_client)
[0.532s] DEBUG:colcon.colcon_core.event_handler.log_command:Invoked command in '/home/paolaramos/Github/testROS/Autonomous-Drone/tello_ws3/build/optitrack_client' returned '0': CMAKE_PREFIX_PATH=/opt/ros/humble /usr/bin/cmake --install /home/paolaramos/Github/testROS/Autonomous-Drone/tello_ws3/build/optitrack_client
[0.535s] Level 1:colcon.colcon_core.environment:checking '/home/paolaramos/Github/testROS/Autonomous-Drone/tello_ws3/install/optitrack_client' for CMake module files
[0.536s] Level 1:colcon.colcon_core.environment:checking '/home/paolaramos/Github/testROS/Autonomous-Drone/tello_ws3/install/optitrack_client' for CMake config files
[0.536s] Level 1:colcon.colcon_core.shell:create_environment_hook('optitrack_client', 'cmake_prefix_path')
[0.536s] INFO:colcon.colcon_core.shell:Creating environment hook '/home/paolaramos/Github/testROS/Autonomous-Drone/tello_ws3/install/optitrack_client/share/optitrack_client/hook/cmake_prefix_path.ps1'
[0.537s] INFO:colcon.colcon_core.shell:Creating environment descriptor '/home/paolaramos/Github/testROS/Autonomous-Drone/tello_ws3/install/optitrack_client/share/optitrack_client/hook/cmake_prefix_path.dsv'
[0.538s] INFO:colcon.colcon_core.shell:Creating environment hook '/home/paolaramos/Github/testROS/Autonomous-Drone/tello_ws3/install/optitrack_client/share/optitrack_client/hook/cmake_prefix_path.sh'
[0.540s] Level 1:colcon.colcon_core.environment:checking '/home/paolaramos/Github/testROS/Autonomous-Drone/tello_ws3/install/optitrack_client/lib'
[0.541s] Level 1:colcon.colcon_core.shell:create_environment_hook('optitrack_client', 'ld_library_path_lib')
[0.541s] INFO:colcon.colcon_core.shell:Creating environment hook '/home/paolaramos/Github/testROS/Autonomous-Drone/tello_ws3/install/optitrack_client/share/optitrack_client/hook/ld_library_path_lib.ps1'
[0.542s] INFO:colcon.colcon_core.shell:Creating environment descriptor '/home/paolaramos/Github/testROS/Autonomous-Drone/tello_ws3/install/optitrack_client/share/optitrack_client/hook/ld_library_path_lib.dsv'
[0.546s] INFO:colcon.colcon_core.shell:Creating environment hook '/home/paolaramos/Github/testROS/Autonomous-Drone/tello_ws3/install/optitrack_client/share/optitrack_client/hook/ld_library_path_lib.sh'
[0.547s] Level 1:colcon.colcon_core.environment:checking '/home/paolaramos/Github/testROS/Autonomous-Drone/tello_ws3/install/optitrack_client/bin'
[0.548s] Level 1:colcon.colcon_core.environment:checking '/home/paolaramos/Github/testROS/Autonomous-Drone/tello_ws3/install/optitrack_client/lib/pkgconfig/optitrack_client.pc'
[0.548s] Level 1:colcon.colcon_core.environment:checking '/home/paolaramos/Github/testROS/Autonomous-Drone/tello_ws3/install/optitrack_client/lib/python3.10/site-packages'
[0.548s] Level 1:colcon.colcon_core.environment:checking '/home/paolaramos/Github/testROS/Autonomous-Drone/tello_ws3/install/optitrack_client/bin'
[0.549s] INFO:colcon.colcon_core.shell:Creating package script '/home/paolaramos/Github/testROS/Autonomous-Drone/tello_ws3/install/optitrack_client/share/optitrack_client/package.ps1'
[0.551s] INFO:colcon.colcon_core.shell:Creating package descriptor '/home/paolaramos/Github/testROS/Autonomous-Drone/tello_ws3/install/optitrack_client/share/optitrack_client/package.dsv'
[0.552s] INFO:colcon.colcon_core.shell:Creating package script '/home/paolaramos/Github/testROS/Autonomous-Drone/tello_ws3/install/optitrack_client/share/optitrack_client/package.sh'
[0.554s] INFO:colcon.colcon_core.shell:Creating package script '/home/paolaramos/Github/testROS/Autonomous-Drone/tello_ws3/install/optitrack_client/share/optitrack_client/package.bash'
[0.555s] INFO:colcon.colcon_core.shell:Creating package script '/home/paolaramos/Github/testROS/Autonomous-Drone/tello_ws3/install/optitrack_client/share/optitrack_client/package.zsh'
[0.556s] Level 1:colcon.colcon_core.environment:create_file_with_runtime_dependencies(/home/paolaramos/Github/testROS/Autonomous-Drone/tello_ws3/install/optitrack_client/share/colcon-core/packages/optitrack_client)
[0.558s] Level 1:colcon.colcon_core.environment:create_environment_scripts_only(optitrack_client)
[0.558s] Level 1:colcon.colcon_core.environment:checking '/home/paolaramos/Github/testROS/Autonomous-Drone/tello_ws3/install/optitrack_client' for CMake module files
[0.558s] Level 1:colcon.colcon_core.environment:checking '/home/paolaramos/Github/testROS/Autonomous-Drone/tello_ws3/install/optitrack_client' for CMake config files
[0.559s] Level 1:colcon.colcon_core.shell:create_environment_hook('optitrack_client', 'cmake_prefix_path')
[0.559s] INFO:colcon.colcon_core.shell:Creating environment hook '/home/paolaramos/Github/testROS/Autonomous-Drone/tello_ws3/install/optitrack_client/share/optitrack_client/hook/cmake_prefix_path.ps1'
[0.559s] INFO:colcon.colcon_core.shell:Creating environment descriptor '/home/paolaramos/Github/testROS/Autonomous-Drone/tello_ws3/install/optitrack_client/share/optitrack_client/hook/cmake_prefix_path.dsv'
[0.560s] INFO:colcon.colcon_core.shell:Creating environment hook '/home/paolaramos/Github/testROS/Autonomous-Drone/tello_ws3/install/optitrack_client/share/optitrack_client/hook/cmake_prefix_path.sh'
[0.561s] Level 1:colcon.colcon_core.environment:checking '/home/paolaramos/Github/testROS/Autonomous-Drone/tello_ws3/install/optitrack_client/lib'
[0.561s] Level 1:colcon.colcon_core.shell:create_environment_hook('optitrack_client', 'ld_library_path_lib')
[0.562s] INFO:colcon.colcon_core.shell:Creating environment hook '/home/paolaramos/Github/testROS/Autonomous-Drone/tello_ws3/install/optitrack_client/share/optitrack_client/hook/ld_library_path_lib.ps1'
[0.562s] INFO:colcon.colcon_core.shell:Creating environment descriptor '/home/paolaramos/Github/testROS/Autonomous-Drone/tello_ws3/install/optitrack_client/share/optitrack_client/hook/ld_library_path_lib.dsv'
[0.563s] INFO:colcon.colcon_core.shell:Creating environment hook '/home/paolaramos/Github/testROS/Autonomous-Drone/tello_ws3/install/optitrack_client/share/optitrack_client/hook/ld_library_path_lib.sh'
[0.564s] Level 1:colcon.colcon_core.environment:checking '/home/paolaramos/Github/testROS/Autonomous-Drone/tello_ws3/install/optitrack_client/bin'
[0.564s] Level 1:colcon.colcon_core.environment:checking '/home/paolaramos/Github/testROS/Autonomous-Drone/tello_ws3/install/optitrack_client/lib/pkgconfig/optitrack_client.pc'
[0.565s] Level 1:colcon.colcon_core.environment:checking '/home/paolaramos/Github/testROS/Autonomous-Drone/tello_ws3/install/optitrack_client/lib/python3.10/site-packages'
[0.565s] Level 1:colcon.colcon_core.environment:checking '/home/paolaramos/Github/testROS/Autonomous-Drone/tello_ws3/install/optitrack_client/bin'
[0.566s] INFO:colcon.colcon_core.shell:Creating package script '/home/paolaramos/Github/testROS/Autonomous-Drone/tello_ws3/install/optitrack_client/share/optitrack_client/package.ps1'
[0.577s] INFO:colcon.colcon_core.shell:Creating package descriptor '/home/paolaramos/Github/testROS/Autonomous-Drone/tello_ws3/install/optitrack_client/share/optitrack_client/package.dsv'
[0.577s] INFO:colcon.colcon_core.shell:Creating package script '/home/paolaramos/Github/testROS/Autonomous-Drone/tello_ws3/install/optitrack_client/share/optitrack_client/package.sh'
[0.578s] INFO:colcon.colcon_core.shell:Creating package script '/home/paolaramos/Github/testROS/Autonomous-Drone/tello_ws3/install/optitrack_client/share/optitrack_client/package.bash'
[0.579s] INFO:colcon.colcon_core.shell:Creating package script '/home/paolaramos/Github/testROS/Autonomous-Drone/tello_ws3/install/optitrack_client/share/optitrack_client/package.zsh'
[0.580s] Level 1:colcon.colcon_core.environment:create_file_with_runtime_dependencies(/home/paolaramos/Github/testROS/Autonomous-Drone/tello_ws3/install/optitrack_client/share/colcon-core/packages/optitrack_client)
[0.933s] DEBUG:colcon.colcon_core.event_handler.log_command:Invoking command in '/home/paolaramos/Github/testROS/Autonomous-Drone/tello_ws3/src/tello_control': PYTHONPATH=/home/paolaramos/Github/testROS/Autonomous-Drone/tello_ws3/build/tello_control/prefix_override:/usr/lib/python3/dist-packages/colcon_core/task/python/colcon_distutils_commands:/home/paolaramos/Github/testROS/Autonomous-Drone/tello_ws3/install/tello_control/lib/python3.10/site-packages:${PYTHONPATH} /usr/bin/python3 -W ignore:setup.py install is deprecated -W ignore:easy_install command is deprecated setup.py egg_info --egg-base ../../build/tello_control build --build-base /home/paolaramos/Github/testROS/Autonomous-Drone/tello_ws3/build/tello_control/build install --record /home/paolaramos/Github/testROS/Autonomous-Drone/tello_ws3/build/tello_control/install.log --single-version-externally-managed install_data
[1.306s] Level 1:colcon.colcon_core.environment:checking '/home/paolaramos/Github/testROS/Autonomous-Drone/tello_ws3/install/tello_control' for CMake module files
[1.307s] DEBUG:colcon.colcon_core.event_handler.log_command:Invoked command in '/home/paolaramos/Github/testROS/Autonomous-Drone/tello_ws3/src/tello_control' returned '0': PYTHONPATH=/home/paolaramos/Github/testROS/Autonomous-Drone/tello_ws3/build/tello_control/prefix_override:/usr/lib/python3/dist-packages/colcon_core/task/python/colcon_distutils_commands:/home/paolaramos/Github/testROS/Autonomous-Drone/tello_ws3/install/tello_control/lib/python3.10/site-packages:${PYTHONPATH} /usr/bin/python3 -W ignore:setup.py install is deprecated -W ignore:easy_install command is deprecated setup.py egg_info --egg-base ../../build/tello_control build --build-base /home/paolaramos/Github/testROS/Autonomous-Drone/tello_ws3/build/tello_control/build install --record /home/paolaramos/Github/testROS/Autonomous-Drone/tello_ws3/build/tello_control/install.log --single-version-externally-managed install_data
[1.309s] Level 1:colcon.colcon_core.environment:checking '/home/paolaramos/Github/testROS/Autonomous-Drone/tello_ws3/install/tello_control' for CMake config files
[1.311s] Level 1:colcon.colcon_core.environment:checking '/home/paolaramos/Github/testROS/Autonomous-Drone/tello_ws3/install/tello_control/lib'
[1.311s] Level 1:colcon.colcon_core.environment:checking '/home/paolaramos/Github/testROS/Autonomous-Drone/tello_ws3/install/tello_control/bin'
[1.313s] Level 1:colcon.colcon_core.environment:checking '/home/paolaramos/Github/testROS/Autonomous-Drone/tello_ws3/install/tello_control/lib/pkgconfig/tello_control.pc'
[1.313s] Level 1:colcon.colcon_core.environment:checking '/home/paolaramos/Github/testROS/Autonomous-Drone/tello_ws3/install/tello_control/lib/python3.10/site-packages'
[1.314s] Level 1:colcon.colcon_core.shell:create_environment_hook('tello_control', 'pythonpath')
[1.314s] INFO:colcon.colcon_core.shell:Creating environment hook '/home/paolaramos/Github/testROS/Autonomous-Drone/tello_ws3/install/tello_control/share/tello_control/hook/pythonpath.ps1'
[1.315s] INFO:colcon.colcon_core.shell:Creating environment descriptor '/home/paolaramos/Github/testROS/Autonomous-Drone/tello_ws3/install/tello_control/share/tello_control/hook/pythonpath.dsv'
[1.316s] INFO:colcon.colcon_core.shell:Creating environment hook '/home/paolaramos/Github/testROS/Autonomous-Drone/tello_ws3/install/tello_control/share/tello_control/hook/pythonpath.sh'
[1.317s] Level 1:colcon.colcon_core.environment:checking '/home/paolaramos/Github/testROS/Autonomous-Drone/tello_ws3/install/tello_control/bin'
[1.317s] Level 1:colcon.colcon_core.environment:create_environment_scripts_only(tello_control)
[1.317s] INFO:colcon.colcon_core.shell:Creating package script '/home/paolaramos/Github/testROS/Autonomous-Drone/tello_ws3/install/tello_control/share/tello_control/package.ps1'
[1.318s] INFO:colcon.colcon_core.shell:Creating package descriptor '/home/paolaramos/Github/testROS/Autonomous-Drone/tello_ws3/install/tello_control/share/tello_control/package.dsv'
[1.318s] INFO:colcon.colcon_core.shell:Creating package script '/home/paolaramos/Github/testROS/Autonomous-Drone/tello_ws3/install/tello_control/share/tello_control/package.sh'
[1.319s] INFO:colcon.colcon_core.shell:Creating package script '/home/paolaramos/Github/testROS/Autonomous-Drone/tello_ws3/install/tello_control/share/tello_control/package.bash'
[1.320s] INFO:colcon.colcon_core.shell:Creating package script '/home/paolaramos/Github/testROS/Autonomous-Drone/tello_ws3/install/tello_control/share/tello_control/package.zsh'
[1.320s] Level 1:colcon.colcon_core.environment:create_file_with_runtime_dependencies(/home/paolaramos/Github/testROS/Autonomous-Drone/tello_ws3/install/tello_control/share/colcon-core/packages/tello_control)
[1.321s] DEBUG:colcon.colcon_parallel_executor.executor.parallel:closing loop
[1.321s] DEBUG:colcon.colcon_parallel_executor.executor.parallel:loop closed
[1.321s] DEBUG:colcon.colcon_parallel_executor.executor.parallel:run_until_complete finished with '0'
[1.321s] DEBUG:colcon.colcon_core.event_reactor:joining thread
[1.338s] INFO:colcon.colcon_core.plugin_system:Skipping extension 'colcon_notification.desktop_notification.terminal_notifier': Not used on non-Darwin systems
[1.338s] INFO:colcon.colcon_core.plugin_system:Skipping extension 'colcon_notification.desktop_notification.win32': Not used on non-Windows systems
[1.338s] INFO:colcon.colcon_notification.desktop_notification:Sending desktop notification using 'notify2'
[1.354s] DEBUG:colcon.colcon_core.event_reactor:joined thread
[1.354s] INFO:colcon.colcon_core.shell:Creating prefix script '/home/paolaramos/Github/testROS/Autonomous-Drone/tello_ws3/install/local_setup.ps1'
[1.356s] INFO:colcon.colcon_core.shell:Creating prefix util module '/home/paolaramos/Github/testROS/Autonomous-Drone/tello_ws3/install/_local_setup_util_ps1.py'
[1.357s] INFO:colcon.colcon_core.shell:Creating prefix chain script '/home/paolaramos/Github/testROS/Autonomous-Drone/tello_ws3/install/setup.ps1'
[1.358s] INFO:colcon.colcon_core.shell:Creating prefix script '/home/paolaramos/Github/testROS/Autonomous-Drone/tello_ws3/install/local_setup.sh'
[1.359s] INFO:colcon.colcon_core.shell:Creating prefix util module '/home/paolaramos/Github/testROS/Autonomous-Drone/tello_ws3/install/_local_setup_util_sh.py'
[1.360s] INFO:colcon.colcon_core.shell:Creating prefix chain script '/home/paolaramos/Github/testROS/Autonomous-Drone/tello_ws3/install/setup.sh'
[1.361s] INFO:colcon.colcon_core.shell:Creating prefix script '/home/paolaramos/Github/testROS/Autonomous-Drone/tello_ws3/install/local_setup.bash'
[1.362s] INFO:colcon.colcon_core.shell:Creating prefix chain script '/home/paolaramos/Github/testROS/Autonomous-Drone/tello_ws3/install/setup.bash'
[1.364s] INFO:colcon.colcon_core.shell:Creating prefix script '/home/paolaramos/Github/testROS/Autonomous-Drone/tello_ws3/install/local_setup.zsh'
[1.365s] INFO:colcon.colcon_core.shell:Creating prefix chain script '/home/paolaramos/Github/testROS/Autonomous-Drone/tello_ws3/install/setup.zsh'
