[2.320s] Invoking command in '/home/paolaramos/tello_ws/src/tello_pkg': PYTHONPATH=/home/paolaramos/tello_ws/build/tello_pkg/prefix_override:/usr/lib/python3/dist-packages/colcon_core/task/python/colcon_distutils_commands:/home/paolaramos/tello_ws/install/tello_pkg/lib/python3.10/site-packages:${PYTHONPATH} /usr/bin/python3 -W ignore:setup.py install is deprecated -W ignore:easy_install command is deprecated setup.py egg_info --egg-base ../../build/tello_pkg build --build-base /home/paolaramos/tello_ws/build/tello_pkg/build install --record /home/paolaramos/tello_ws/build/tello_pkg/install.log --single-version-externally-managed install_data
[2.809s] running egg_info
[2.814s] writing ../../build/tello_pkg/tello_pkg.egg-info/PKG-INFO
[2.814s] writing dependency_links to ../../build/tello_pkg/tello_pkg.egg-info/dependency_links.txt
[2.814s] writing entry points to ../../build/tello_pkg/tello_pkg.egg-info/entry_points.txt
[2.814s] writing requirements to ../../build/tello_pkg/tello_pkg.egg-info/requires.txt
[2.814s] writing top-level names to ../../build/tello_pkg/tello_pkg.egg-info/top_level.txt
[2.819s] reading manifest file '../../build/tello_pkg/tello_pkg.egg-info/SOURCES.txt'
[2.827s] writing manifest file '../../build/tello_pkg/tello_pkg.egg-info/SOURCES.txt'
[2.834s] running build
[2.834s] running build_py
[2.834s] running install
[2.835s] running install_lib
[2.835s] running install_data
[2.835s] running install_egg_info
[2.881s] removing '/home/paolaramos/tello_ws/install/tello_pkg/lib/python3.10/site-packages/tello_pkg-0.0.0-py3.10.egg-info' (and everything under it)
[2.881s] Copying ../../build/tello_pkg/tello_pkg.egg-info to /home/paolaramos/tello_ws/install/tello_pkg/lib/python3.10/site-packages/tello_pkg-0.0.0-py3.10.egg-info
[2.881s] running install_scripts
[2.924s] Installing odometry_node script to /home/paolaramos/tello_ws/install/tello_pkg/lib/tello_pkg
[2.924s] Installing trajectory_node script to /home/paolaramos/tello_ws/install/tello_pkg/lib/tello_pkg
[2.927s] writing list of installed files to '/home/paolaramos/tello_ws/build/tello_pkg/install.log'
[2.985s] Invoked command in '/home/paolaramos/tello_ws/src/tello_pkg' returned '0': PYTHONPATH=/home/paolaramos/tello_ws/build/tello_pkg/prefix_override:/usr/lib/python3/dist-packages/colcon_core/task/python/colcon_distutils_commands:/home/paolaramos/tello_ws/install/tello_pkg/lib/python3.10/site-packages:${PYTHONPATH} /usr/bin/python3 -W ignore:setup.py install is deprecated -W ignore:easy_install command is deprecated setup.py egg_info --egg-base ../../build/tello_pkg build --build-base /home/paolaramos/tello_ws/build/tello_pkg/build install --record /home/paolaramos/tello_ws/build/tello_pkg/install.log --single-version-externally-managed install_data
