[1.387s] DEBUG:colcon:Command line arguments: ['/usr/bin/colcon', 'build']
[1.387s] DEBUG:colcon:Parsed command line arguments: Namespace(log_base=None, log_level=None, verb_name='build', build_base='build', install_base='install', merge_install=False, symlink_install=False, test_result_base=None, continue_on_error=False, executor='parallel', parallel_workers=4, event_handlers=None, ignore_user_meta=False, metas=['./colcon.meta'], base_paths=['.'], packages_ignore=None, packages_ignore_regex=None, paths=None, packages_up_to=None, packages_up_to_regex=None, packages_above=None, packages_above_and_dependencies=None, packages_above_depth=None, packages_select_by_dep=None, packages_skip_by_dep=None, packages_skip_up_to=None, packages_select_build_failed=False, packages_skip_build_finished=False, packages_select_test_failures=False, packages_skip_test_passed=False, packages_select=None, packages_skip=None, packages_select_regex=None, packages_skip_regex=None, packages_start=None, packages_end=None, allow_overriding=[], cmake_args=None, cmake_target=None, cmake_target_skip_unavailable=False, cmake_clean_cache=False, cmake_clean_first=False, cmake_force_configure=False, ament_cmake_args=None, catkin_cmake_args=None, catkin_skip_building_tests=False, verb_parser=<colcon_defaults.argument_parser.defaults.DefaultArgumentsDecorator object at 0x72952fb6d2a0>, verb_extension=<colcon_core.verb.build.BuildVerb object at 0x72952fce68c0>, main=<bound method BuildVerb.main of <colcon_core.verb.build.BuildVerb object at 0x72952fce68c0>>)
[1.638s] Level 1:colcon.colcon_core.package_discovery:discover_packages(colcon_meta) check parameters
[1.638s] Level 1:colcon.colcon_core.package_discovery:discover_packages(recursive) check parameters
[1.638s] Level 1:colcon.colcon_core.package_discovery:discover_packages(ignore) check parameters
[1.638s] Level 1:colcon.colcon_core.package_discovery:discover_packages(path) check parameters
[1.638s] Level 1:colcon.colcon_core.package_discovery:discover_packages(colcon_meta) discover
[1.638s] Level 1:colcon.colcon_core.package_discovery:discover_packages(recursive) discover
[1.638s] INFO:colcon.colcon_core.package_discovery:Crawling recursively for packages in '/home/paolaramos/Autonomous-Drone/tello_ws'
[1.639s] Level 1:colcon.colcon_core.package_identification:_identify(.) by extensions ['ignore', 'ignore_ament_install']
[1.639s] Level 1:colcon.colcon_core.package_identification:_identify(.) by extension 'ignore'
[1.639s] Level 1:colcon.colcon_core.package_identification:_identify(.) by extension 'ignore_ament_install'
[1.639s] Level 1:colcon.colcon_core.package_identification:_identify(.) by extensions ['colcon_pkg']
[1.639s] Level 1:colcon.colcon_core.package_identification:_identify(.) by extension 'colcon_pkg'
[1.639s] Level 1:colcon.colcon_core.package_identification:_identify(.) by extensions ['colcon_meta']
[1.639s] Level 1:colcon.colcon_core.package_identification:_identify(.) by extension 'colcon_meta'
[1.639s] Level 1:colcon.colcon_core.package_identification:_identify(.) by extensions ['ros']
[1.639s] Level 1:colcon.colcon_core.package_identification:_identify(.) by extension 'ros'
[1.740s] Level 1:colcon.colcon_core.package_identification:_identify(.) by extensions ['cmake', 'python']
[1.741s] Level 1:colcon.colcon_core.package_identification:_identify(.) by extension 'cmake'
[1.741s] Level 1:colcon.colcon_core.package_identification:_identify(.) by extension 'python'
[1.741s] Level 1:colcon.colcon_core.package_identification:_identify(.) by extensions ['python_setup_py']
[1.741s] Level 1:colcon.colcon_core.package_identification:_identify(.) by extension 'python_setup_py'
[1.741s] Level 1:colcon.colcon_core.package_identification:_identify(build) by extensions ['ignore', 'ignore_ament_install']
[1.741s] Level 1:colcon.colcon_core.package_identification:_identify(build) by extension 'ignore'
[1.741s] Level 1:colcon.colcon_core.package_identification:_identify(build) ignored
[1.742s] Level 1:colcon.colcon_core.package_identification:_identify(install) by extensions ['ignore', 'ignore_ament_install']
[1.742s] Level 1:colcon.colcon_core.package_identification:_identify(install) by extension 'ignore'
[1.742s] Level 1:colcon.colcon_core.package_identification:_identify(install) ignored
[1.742s] Level 1:colcon.colcon_core.package_identification:_identify(log) by extensions ['ignore', 'ignore_ament_install']
[1.742s] Level 1:colcon.colcon_core.package_identification:_identify(log) by extension 'ignore'
[1.742s] Level 1:colcon.colcon_core.package_identification:_identify(log) ignored
[1.742s] Level 1:colcon.colcon_core.package_identification:_identify(src) by extensions ['ignore', 'ignore_ament_install']
[1.742s] Level 1:colcon.colcon_core.package_identification:_identify(src) by extension 'ignore'
[1.742s] Level 1:colcon.colcon_core.package_identification:_identify(src) by extension 'ignore_ament_install'
[1.742s] Level 1:colcon.colcon_core.package_identification:_identify(src) by extensions ['colcon_pkg']
[1.742s] Level 1:colcon.colcon_core.package_identification:_identify(src) by extension 'colcon_pkg'
[1.742s] Level 1:colcon.colcon_core.package_identification:_identify(src) by extensions ['colcon_meta']
[1.742s] Level 1:colcon.colcon_core.package_identification:_identify(src) by extension 'colcon_meta'
[1.742s] Level 1:colcon.colcon_core.package_identification:_identify(src) by extensions ['ros']
[1.742s] Level 1:colcon.colcon_core.package_identification:_identify(src) by extension 'ros'
[1.743s] Level 1:colcon.colcon_core.package_identification:_identify(src) by extensions ['cmake', 'python']
[1.743s] Level 1:colcon.colcon_core.package_identification:_identify(src) by extension 'cmake'
[1.743s] Level 1:colcon.colcon_core.package_identification:_identify(src) by extension 'python'
[1.743s] Level 1:colcon.colcon_core.package_identification:_identify(src) by extensions ['python_setup_py']
[1.743s] Level 1:colcon.colcon_core.package_identification:_identify(src) by extension 'python_setup_py'
[1.743s] Level 1:colcon.colcon_core.package_identification:_identify(src/optitrack_client) by extensions ['ignore', 'ignore_ament_install']
[1.743s] Level 1:colcon.colcon_core.package_identification:_identify(src/optitrack_client) by extension 'ignore'
[1.743s] Level 1:colcon.colcon_core.package_identification:_identify(src/optitrack_client) by extension 'ignore_ament_install'
[1.743s] Level 1:colcon.colcon_core.package_identification:_identify(src/optitrack_client) by extensions ['colcon_pkg']
[1.743s] Level 1:colcon.colcon_core.package_identification:_identify(src/optitrack_client) by extension 'colcon_pkg'
[1.743s] Level 1:colcon.colcon_core.package_identification:_identify(src/optitrack_client) by extensions ['colcon_meta']
[1.743s] Level 1:colcon.colcon_core.package_identification:_identify(src/optitrack_client) by extension 'colcon_meta'
[1.743s] Level 1:colcon.colcon_core.package_identification:_identify(src/optitrack_client) by extensions ['ros']
[1.743s] Level 1:colcon.colcon_core.package_identification:_identify(src/optitrack_client) by extension 'ros'
[1.755s] DEBUG:colcon.colcon_core.package_identification:Package 'src/optitrack_client' with type 'ros.ament_cmake' and name 'optitrack_client'
[1.756s] Level 1:colcon.colcon_core.package_identification:_identify(src/tello_controller) by extensions ['ignore', 'ignore_ament_install']
[1.756s] Level 1:colcon.colcon_core.package_identification:_identify(src/tello_controller) by extension 'ignore'
[1.756s] Level 1:colcon.colcon_core.package_identification:_identify(src/tello_controller) by extension 'ignore_ament_install'
[1.756s] Level 1:colcon.colcon_core.package_identification:_identify(src/tello_controller) by extensions ['colcon_pkg']
[1.756s] Level 1:colcon.colcon_core.package_identification:_identify(src/tello_controller) by extension 'colcon_pkg'
[1.756s] Level 1:colcon.colcon_core.package_identification:_identify(src/tello_controller) by extensions ['colcon_meta']
[1.756s] Level 1:colcon.colcon_core.package_identification:_identify(src/tello_controller) by extension 'colcon_meta'
[1.756s] Level 1:colcon.colcon_core.package_identification:_identify(src/tello_controller) by extensions ['ros']
[1.756s] Level 1:colcon.colcon_core.package_identification:_identify(src/tello_controller) by extension 'ros'
[1.757s] DEBUG:colcon.colcon_core.package_identification:Package 'src/tello_controller' with type 'ros.ament_python' and name 'tello_controller'
[1.757s] Level 1:colcon.colcon_core.package_discovery:discover_packages(recursive) using defaults
[1.757s] Level 1:colcon.colcon_core.package_discovery:discover_packages(ignore) discover
[1.757s] Level 1:colcon.colcon_core.package_discovery:discover_packages(ignore) using defaults
[1.757s] Level 1:colcon.colcon_core.package_discovery:discover_packages(path) discover
[1.757s] Level 1:colcon.colcon_core.package_discovery:discover_packages(path) using defaults
[1.855s] Level 1:colcon.colcon_core.package_discovery:discover_packages(prefix_path) check parameters
[1.856s] Level 1:colcon.colcon_core.package_discovery:discover_packages(prefix_path) discover
[1.872s] DEBUG:colcon.colcon_installed_package_information.package_discovery:Found 273 installed packages in /opt/ros/humble
[1.876s] Level 1:colcon.colcon_core.package_discovery:discover_packages(prefix_path) using defaults
[1.936s] Level 5:colcon.colcon_core.verb:set package 'optitrack_client' build argument 'cmake_args' from command line to 'None'
[1.936s] Level 5:colcon.colcon_core.verb:set package 'optitrack_client' build argument 'cmake_target' from command line to 'None'
[1.936s] Level 5:colcon.colcon_core.verb:set package 'optitrack_client' build argument 'cmake_target_skip_unavailable' from command line to 'False'
[1.936s] Level 5:colcon.colcon_core.verb:set package 'optitrack_client' build argument 'cmake_clean_cache' from command line to 'False'
[1.936s] Level 5:colcon.colcon_core.verb:set package 'optitrack_client' build argument 'cmake_clean_first' from command line to 'False'
[1.936s] Level 5:colcon.colcon_core.verb:set package 'optitrack_client' build argument 'cmake_force_configure' from command line to 'False'
[1.936s] Level 5:colcon.colcon_core.verb:set package 'optitrack_client' build argument 'ament_cmake_args' from command line to 'None'
[1.936s] Level 5:colcon.colcon_core.verb:set package 'optitrack_client' build argument 'catkin_cmake_args' from command line to 'None'
[1.937s] Level 5:colcon.colcon_core.verb:set package 'optitrack_client' build argument 'catkin_skip_building_tests' from command line to 'False'
[1.937s] DEBUG:colcon.colcon_core.verb:Building package 'optitrack_client' with the following arguments: {'ament_cmake_args': None, 'build_base': '/home/paolaramos/Autonomous-Drone/tello_ws/build/optitrack_client', 'catkin_cmake_args': None, 'catkin_skip_building_tests': False, 'cmake_args': None, 'cmake_clean_cache': False, 'cmake_clean_first': False, 'cmake_force_configure': False, 'cmake_target': None, 'cmake_target_skip_unavailable': False, 'install_base': '/home/paolaramos/Autonomous-Drone/tello_ws/install/optitrack_client', 'merge_install': False, 'path': '/home/paolaramos/Autonomous-Drone/tello_ws/src/optitrack_client', 'symlink_install': False, 'test_result_base': None}
[1.937s] Level 5:colcon.colcon_core.verb:set package 'tello_controller' build argument 'cmake_args' from command line to 'None'
[1.937s] Level 5:colcon.colcon_core.verb:set package 'tello_controller' build argument 'cmake_target' from command line to 'None'
[1.937s] Level 5:colcon.colcon_core.verb:set package 'tello_controller' build argument 'cmake_target_skip_unavailable' from command line to 'False'
[1.937s] Level 5:colcon.colcon_core.verb:set package 'tello_controller' build argument 'cmake_clean_cache' from command line to 'False'
[1.937s] Level 5:colcon.colcon_core.verb:set package 'tello_controller' build argument 'cmake_clean_first' from command line to 'False'
[1.937s] Level 5:colcon.colcon_core.verb:set package 'tello_controller' build argument 'cmake_force_configure' from command line to 'False'
[1.937s] Level 5:colcon.colcon_core.verb:set package 'tello_controller' build argument 'ament_cmake_args' from command line to 'None'
[1.937s] Level 5:colcon.colcon_core.verb:set package 'tello_controller' build argument 'catkin_cmake_args' from command line to 'None'
[1.937s] Level 5:colcon.colcon_core.verb:set package 'tello_controller' build argument 'catkin_skip_building_tests' from command line to 'False'
[1.937s] DEBUG:colcon.colcon_core.verb:Building package 'tello_controller' with the following arguments: {'ament_cmake_args': None, 'build_base': '/home/paolaramos/Autonomous-Drone/tello_ws/build/tello_controller', 'catkin_cmake_args': None, 'catkin_skip_building_tests': False, 'cmake_args': None, 'cmake_clean_cache': False, 'cmake_clean_first': False, 'cmake_force_configure': False, 'cmake_target': None, 'cmake_target_skip_unavailable': False, 'install_base': '/home/paolaramos/Autonomous-Drone/tello_ws/install/tello_controller', 'merge_install': False, 'path': '/home/paolaramos/Autonomous-Drone/tello_ws/src/tello_controller', 'symlink_install': False, 'test_result_base': None}
[1.937s] INFO:colcon.colcon_core.executor:Executing jobs using 'parallel' executor
[1.940s] DEBUG:colcon.colcon_parallel_executor.executor.parallel:run_until_complete
[1.941s] INFO:colcon.colcon_ros.task.ament_cmake.build:Building ROS package in '/home/paolaramos/Autonomous-Drone/tello_ws/src/optitrack_client' with build type 'ament_cmake'
[1.941s] INFO:colcon.colcon_cmake.task.cmake.build:Building CMake package in '/home/paolaramos/Autonomous-Drone/tello_ws/src/optitrack_client'
[1.966s] INFO:colcon.colcon_core.plugin_system:Skipping extension 'colcon_core.shell.bat': Not used on non-Windows systems
[1.967s] INFO:colcon.colcon_core.shell:Skip shell extension 'powershell' for command environment: Not usable outside of PowerShell
[1.967s] DEBUG:colcon.colcon_core.shell:Skip shell extension 'dsv' for command environment
[1.978s] INFO:colcon.colcon_ros.task.ament_python.build:Building ROS package in '/home/paolaramos/Autonomous-Drone/tello_ws/src/tello_controller' with build type 'ament_python'
[1.979s] Level 1:colcon.colcon_core.shell:create_environment_hook('tello_controller', 'ament_prefix_path')
[1.979s] INFO:colcon.colcon_core.shell:Creating environment hook '/home/paolaramos/Autonomous-Drone/tello_ws/install/tello_controller/share/tello_controller/hook/ament_prefix_path.ps1'
[1.983s] INFO:colcon.colcon_core.shell:Creating environment descriptor '/home/paolaramos/Autonomous-Drone/tello_ws/install/tello_controller/share/tello_controller/hook/ament_prefix_path.dsv'
[1.986s] INFO:colcon.colcon_core.shell:Creating environment hook '/home/paolaramos/Autonomous-Drone/tello_ws/install/tello_controller/share/tello_controller/hook/ament_prefix_path.sh'
[1.988s] INFO:colcon.colcon_core.shell:Skip shell extension 'powershell' for command environment: Not usable outside of PowerShell
[1.992s] DEBUG:colcon.colcon_core.shell:Skip shell extension 'dsv' for command environment
[2.014s] DEBUG:colcon.colcon_core.event_handler.log_command:Invoking command in '/home/paolaramos/Autonomous-Drone/tello_ws/build/optitrack_client': CMAKE_PREFIX_PATH=/opt/ros/humble /usr/bin/cmake --build /home/paolaramos/Autonomous-Drone/tello_ws/build/optitrack_client -- -j4 -l4
[2.531s] INFO:colcon.colcon_core.task.python.build:Building Python package in '/home/paolaramos/Autonomous-Drone/tello_ws/src/tello_controller'
[2.533s] INFO:colcon.colcon_core.shell:Skip shell extension 'powershell' for command environment: Not usable outside of PowerShell
[2.533s] DEBUG:colcon.colcon_core.shell:Skip shell extension 'dsv' for command environment
[4.461s] DEBUG:colcon.colcon_core.event_handler.log_command:Invoking command in '/home/paolaramos/Autonomous-Drone/tello_ws/src/tello_controller': PYTHONPATH=/home/paolaramos/Autonomous-Drone/tello_ws/build/tello_controller/prefix_override:/usr/lib/python3/dist-packages/colcon_core/task/python/colcon_distutils_commands:/home/paolaramos/Autonomous-Drone/tello_ws/install/tello_controller/lib/python3.10/site-packages:${PYTHONPATH} /usr/bin/python3 -W ignore:setup.py install is deprecated -W ignore:easy_install command is deprecated setup.py egg_info --egg-base ../../build/tello_controller build --build-base /home/paolaramos/Autonomous-Drone/tello_ws/build/tello_controller/build install --record /home/paolaramos/Autonomous-Drone/tello_ws/build/tello_controller/install.log --single-version-externally-managed install_data
[4.987s] DEBUG:colcon.colcon_core.event_handler.log_command:Invoked command in '/home/paolaramos/Autonomous-Drone/tello_ws/build/optitrack_client' returned '0': CMAKE_PREFIX_PATH=/opt/ros/humble /usr/bin/cmake --build /home/paolaramos/Autonomous-Drone/tello_ws/build/optitrack_client -- -j4 -l4
[5.025s] DEBUG:colcon.colcon_core.event_handler.log_command:Invoking command in '/home/paolaramos/Autonomous-Drone/tello_ws/build/optitrack_client': CMAKE_PREFIX_PATH=/opt/ros/humble /usr/bin/cmake --install /home/paolaramos/Autonomous-Drone/tello_ws/build/optitrack_client
[5.063s] Level 1:colcon.colcon_core.environment:create_environment_scripts_only(optitrack_client)
[5.064s] DEBUG:colcon.colcon_core.event_handler.log_command:Invoked command in '/home/paolaramos/Autonomous-Drone/tello_ws/build/optitrack_client' returned '0': CMAKE_PREFIX_PATH=/opt/ros/humble /usr/bin/cmake --install /home/paolaramos/Autonomous-Drone/tello_ws/build/optitrack_client
[5.095s] Level 1:colcon.colcon_core.environment:checking '/home/paolaramos/Autonomous-Drone/tello_ws/install/optitrack_client' for CMake module files
[5.109s] Level 1:colcon.colcon_core.environment:checking '/home/paolaramos/Autonomous-Drone/tello_ws/install/optitrack_client' for CMake config files
[5.120s] Level 1:colcon.colcon_core.shell:create_environment_hook('optitrack_client', 'cmake_prefix_path')
[5.121s] INFO:colcon.colcon_core.shell:Creating environment hook '/home/paolaramos/Autonomous-Drone/tello_ws/install/optitrack_client/share/optitrack_client/hook/cmake_prefix_path.ps1'
[5.124s] INFO:colcon.colcon_core.shell:Creating environment descriptor '/home/paolaramos/Autonomous-Drone/tello_ws/install/optitrack_client/share/optitrack_client/hook/cmake_prefix_path.dsv'
[5.126s] INFO:colcon.colcon_core.shell:Creating environment hook '/home/paolaramos/Autonomous-Drone/tello_ws/install/optitrack_client/share/optitrack_client/hook/cmake_prefix_path.sh'
[5.129s] Level 1:colcon.colcon_core.environment:checking '/home/paolaramos/Autonomous-Drone/tello_ws/install/optitrack_client/lib'
[5.130s] Level 1:colcon.colcon_core.shell:create_environment_hook('optitrack_client', 'ld_library_path_lib')
[5.131s] INFO:colcon.colcon_core.shell:Creating environment hook '/home/paolaramos/Autonomous-Drone/tello_ws/install/optitrack_client/share/optitrack_client/hook/ld_library_path_lib.ps1'
[5.135s] INFO:colcon.colcon_core.shell:Creating environment descriptor '/home/paolaramos/Autonomous-Drone/tello_ws/install/optitrack_client/share/optitrack_client/hook/ld_library_path_lib.dsv'
[5.135s] INFO:colcon.colcon_core.shell:Creating environment hook '/home/paolaramos/Autonomous-Drone/tello_ws/install/optitrack_client/share/optitrack_client/hook/ld_library_path_lib.sh'
[5.136s] Level 1:colcon.colcon_core.environment:checking '/home/paolaramos/Autonomous-Drone/tello_ws/install/optitrack_client/bin'
[5.137s] Level 1:colcon.colcon_core.environment:checking '/home/paolaramos/Autonomous-Drone/tello_ws/install/optitrack_client/lib/pkgconfig/optitrack_client.pc'
[5.139s] Level 1:colcon.colcon_core.environment:checking '/home/paolaramos/Autonomous-Drone/tello_ws/install/optitrack_client/lib/python3.10/site-packages'
[5.140s] Level 1:colcon.colcon_core.environment:checking '/home/paolaramos/Autonomous-Drone/tello_ws/install/optitrack_client/bin'
[5.140s] INFO:colcon.colcon_core.shell:Creating package script '/home/paolaramos/Autonomous-Drone/tello_ws/install/optitrack_client/share/optitrack_client/package.ps1'
[5.144s] INFO:colcon.colcon_core.shell:Creating package descriptor '/home/paolaramos/Autonomous-Drone/tello_ws/install/optitrack_client/share/optitrack_client/package.dsv'
[5.146s] INFO:colcon.colcon_core.shell:Creating package script '/home/paolaramos/Autonomous-Drone/tello_ws/install/optitrack_client/share/optitrack_client/package.sh'
[5.149s] INFO:colcon.colcon_core.shell:Creating package script '/home/paolaramos/Autonomous-Drone/tello_ws/install/optitrack_client/share/optitrack_client/package.bash'
[5.153s] INFO:colcon.colcon_core.shell:Creating package script '/home/paolaramos/Autonomous-Drone/tello_ws/install/optitrack_client/share/optitrack_client/package.zsh'
[5.157s] Level 1:colcon.colcon_core.environment:create_file_with_runtime_dependencies(/home/paolaramos/Autonomous-Drone/tello_ws/install/optitrack_client/share/colcon-core/packages/optitrack_client)
[5.158s] Level 1:colcon.colcon_core.environment:create_environment_scripts_only(optitrack_client)
[5.158s] Level 1:colcon.colcon_core.environment:checking '/home/paolaramos/Autonomous-Drone/tello_ws/install/optitrack_client' for CMake module files
[5.159s] Level 1:colcon.colcon_core.environment:checking '/home/paolaramos/Autonomous-Drone/tello_ws/install/optitrack_client' for CMake config files
[5.159s] Level 1:colcon.colcon_core.shell:create_environment_hook('optitrack_client', 'cmake_prefix_path')
[5.159s] INFO:colcon.colcon_core.shell:Creating environment hook '/home/paolaramos/Autonomous-Drone/tello_ws/install/optitrack_client/share/optitrack_client/hook/cmake_prefix_path.ps1'
[5.160s] INFO:colcon.colcon_core.shell:Creating environment descriptor '/home/paolaramos/Autonomous-Drone/tello_ws/install/optitrack_client/share/optitrack_client/hook/cmake_prefix_path.dsv'
[5.161s] INFO:colcon.colcon_core.shell:Creating environment hook '/home/paolaramos/Autonomous-Drone/tello_ws/install/optitrack_client/share/optitrack_client/hook/cmake_prefix_path.sh'
[5.162s] Level 1:colcon.colcon_core.environment:checking '/home/paolaramos/Autonomous-Drone/tello_ws/install/optitrack_client/lib'
[5.162s] Level 1:colcon.colcon_core.shell:create_environment_hook('optitrack_client', 'ld_library_path_lib')
[5.163s] INFO:colcon.colcon_core.shell:Creating environment hook '/home/paolaramos/Autonomous-Drone/tello_ws/install/optitrack_client/share/optitrack_client/hook/ld_library_path_lib.ps1'
[5.163s] INFO:colcon.colcon_core.shell:Creating environment descriptor '/home/paolaramos/Autonomous-Drone/tello_ws/install/optitrack_client/share/optitrack_client/hook/ld_library_path_lib.dsv'
[5.164s] INFO:colcon.colcon_core.shell:Creating environment hook '/home/paolaramos/Autonomous-Drone/tello_ws/install/optitrack_client/share/optitrack_client/hook/ld_library_path_lib.sh'
[5.166s] Level 1:colcon.colcon_core.environment:checking '/home/paolaramos/Autonomous-Drone/tello_ws/install/optitrack_client/bin'
[5.166s] Level 1:colcon.colcon_core.environment:checking '/home/paolaramos/Autonomous-Drone/tello_ws/install/optitrack_client/lib/pkgconfig/optitrack_client.pc'
[5.166s] Level 1:colcon.colcon_core.environment:checking '/home/paolaramos/Autonomous-Drone/tello_ws/install/optitrack_client/lib/python3.10/site-packages'
[5.167s] Level 1:colcon.colcon_core.environment:checking '/home/paolaramos/Autonomous-Drone/tello_ws/install/optitrack_client/bin'
[5.167s] INFO:colcon.colcon_core.shell:Creating package script '/home/paolaramos/Autonomous-Drone/tello_ws/install/optitrack_client/share/optitrack_client/package.ps1'
[5.168s] INFO:colcon.colcon_core.shell:Creating package descriptor '/home/paolaramos/Autonomous-Drone/tello_ws/install/optitrack_client/share/optitrack_client/package.dsv'
[5.169s] INFO:colcon.colcon_core.shell:Creating package script '/home/paolaramos/Autonomous-Drone/tello_ws/install/optitrack_client/share/optitrack_client/package.sh'
[5.172s] INFO:colcon.colcon_core.shell:Creating package script '/home/paolaramos/Autonomous-Drone/tello_ws/install/optitrack_client/share/optitrack_client/package.bash'
[5.173s] INFO:colcon.colcon_core.shell:Creating package script '/home/paolaramos/Autonomous-Drone/tello_ws/install/optitrack_client/share/optitrack_client/package.zsh'
[5.174s] Level 1:colcon.colcon_core.environment:create_file_with_runtime_dependencies(/home/paolaramos/Autonomous-Drone/tello_ws/install/optitrack_client/share/colcon-core/packages/optitrack_client)
[5.494s] Level 1:colcon.colcon_core.environment:checking '/home/paolaramos/Autonomous-Drone/tello_ws/install/tello_controller' for CMake module files
[5.496s] DEBUG:colcon.colcon_core.event_handler.log_command:Invoked command in '/home/paolaramos/Autonomous-Drone/tello_ws/src/tello_controller' returned '0': PYTHONPATH=/home/paolaramos/Autonomous-Drone/tello_ws/build/tello_controller/prefix_override:/usr/lib/python3/dist-packages/colcon_core/task/python/colcon_distutils_commands:/home/paolaramos/Autonomous-Drone/tello_ws/install/tello_controller/lib/python3.10/site-packages:${PYTHONPATH} /usr/bin/python3 -W ignore:setup.py install is deprecated -W ignore:easy_install command is deprecated setup.py egg_info --egg-base ../../build/tello_controller build --build-base /home/paolaramos/Autonomous-Drone/tello_ws/build/tello_controller/build install --record /home/paolaramos/Autonomous-Drone/tello_ws/build/tello_controller/install.log --single-version-externally-managed install_data
[5.497s] Level 1:colcon.colcon_core.environment:checking '/home/paolaramos/Autonomous-Drone/tello_ws/install/tello_controller' for CMake config files
[5.497s] Level 1:colcon.colcon_core.environment:checking '/home/paolaramos/Autonomous-Drone/tello_ws/install/tello_controller/lib'
[5.498s] Level 1:colcon.colcon_core.environment:checking '/home/paolaramos/Autonomous-Drone/tello_ws/install/tello_controller/bin'
[5.498s] Level 1:colcon.colcon_core.environment:checking '/home/paolaramos/Autonomous-Drone/tello_ws/install/tello_controller/lib/pkgconfig/tello_controller.pc'
[5.498s] Level 1:colcon.colcon_core.environment:checking '/home/paolaramos/Autonomous-Drone/tello_ws/install/tello_controller/lib/python3.10/site-packages'
[5.498s] Level 1:colcon.colcon_core.shell:create_environment_hook('tello_controller', 'pythonpath')
[5.498s] INFO:colcon.colcon_core.shell:Creating environment hook '/home/paolaramos/Autonomous-Drone/tello_ws/install/tello_controller/share/tello_controller/hook/pythonpath.ps1'
[5.499s] INFO:colcon.colcon_core.shell:Creating environment descriptor '/home/paolaramos/Autonomous-Drone/tello_ws/install/tello_controller/share/tello_controller/hook/pythonpath.dsv'
[5.499s] INFO:colcon.colcon_core.shell:Creating environment hook '/home/paolaramos/Autonomous-Drone/tello_ws/install/tello_controller/share/tello_controller/hook/pythonpath.sh'
[5.500s] Level 1:colcon.colcon_core.environment:checking '/home/paolaramos/Autonomous-Drone/tello_ws/install/tello_controller/bin'
[5.500s] Level 1:colcon.colcon_core.environment:create_environment_scripts_only(tello_controller)
[5.502s] INFO:colcon.colcon_core.shell:Creating package script '/home/paolaramos/Autonomous-Drone/tello_ws/install/tello_controller/share/tello_controller/package.ps1'
[5.503s] INFO:colcon.colcon_core.shell:Creating package descriptor '/home/paolaramos/Autonomous-Drone/tello_ws/install/tello_controller/share/tello_controller/package.dsv'
[5.503s] INFO:colcon.colcon_core.shell:Creating package script '/home/paolaramos/Autonomous-Drone/tello_ws/install/tello_controller/share/tello_controller/package.sh'
[5.504s] INFO:colcon.colcon_core.shell:Creating package script '/home/paolaramos/Autonomous-Drone/tello_ws/install/tello_controller/share/tello_controller/package.bash'
[5.504s] INFO:colcon.colcon_core.shell:Creating package script '/home/paolaramos/Autonomous-Drone/tello_ws/install/tello_controller/share/tello_controller/package.zsh'
[5.504s] Level 1:colcon.colcon_core.environment:create_file_with_runtime_dependencies(/home/paolaramos/Autonomous-Drone/tello_ws/install/tello_controller/share/colcon-core/packages/tello_controller)
[5.505s] DEBUG:colcon.colcon_parallel_executor.executor.parallel:closing loop
[5.505s] DEBUG:colcon.colcon_parallel_executor.executor.parallel:loop closed
[5.505s] DEBUG:colcon.colcon_parallel_executor.executor.parallel:run_until_complete finished with '0'
[5.506s] DEBUG:colcon.colcon_core.event_reactor:joining thread
[5.572s] INFO:colcon.colcon_core.plugin_system:Skipping extension 'colcon_notification.desktop_notification.terminal_notifier': Not used on non-Darwin systems
[5.572s] INFO:colcon.colcon_core.plugin_system:Skipping extension 'colcon_notification.desktop_notification.win32': Not used on non-Windows systems
[5.572s] INFO:colcon.colcon_notification.desktop_notification:Sending desktop notification using 'notify2'
[5.985s] DEBUG:colcon.colcon_core.event_reactor:joined thread
[5.987s] INFO:colcon.colcon_core.shell:Creating prefix script '/home/paolaramos/Autonomous-Drone/tello_ws/install/local_setup.ps1'
[5.991s] INFO:colcon.colcon_core.shell:Creating prefix util module '/home/paolaramos/Autonomous-Drone/tello_ws/install/_local_setup_util_ps1.py'
[5.996s] INFO:colcon.colcon_core.shell:Creating prefix chain script '/home/paolaramos/Autonomous-Drone/tello_ws/install/setup.ps1'
[6.010s] INFO:colcon.colcon_core.shell:Creating prefix script '/home/paolaramos/Autonomous-Drone/tello_ws/install/local_setup.sh'
[6.015s] INFO:colcon.colcon_core.shell:Creating prefix util module '/home/paolaramos/Autonomous-Drone/tello_ws/install/_local_setup_util_sh.py'
[6.017s] INFO:colcon.colcon_core.shell:Creating prefix chain script '/home/paolaramos/Autonomous-Drone/tello_ws/install/setup.sh'
[6.022s] INFO:colcon.colcon_core.shell:Creating prefix script '/home/paolaramos/Autonomous-Drone/tello_ws/install/local_setup.bash'
[6.027s] INFO:colcon.colcon_core.shell:Creating prefix chain script '/home/paolaramos/Autonomous-Drone/tello_ws/install/setup.bash'
[6.033s] INFO:colcon.colcon_core.shell:Creating prefix script '/home/paolaramos/Autonomous-Drone/tello_ws/install/local_setup.zsh'
[6.036s] INFO:colcon.colcon_core.shell:Creating prefix chain script '/home/paolaramos/Autonomous-Drone/tello_ws/install/setup.zsh'
