[1.788s] Invoking command in '/home/paolaramos/Proyecto/tello_ws/src/drone': PYTHONPATH=/home/paolaramos/Proyecto/tello_ws/build/drone/prefix_override:/usr/lib/python3/dist-packages/colcon_core/task/python/colcon_distutils_commands:/home/paolaramos/Proyecto/tello_ws/install/drone/lib/python3.10/site-packages:${PYTHONPATH} /usr/bin/python3 -W ignore:setup.py install is deprecated -W ignore:easy_install command is deprecated setup.py egg_info --egg-base ../../build/drone build --build-base /home/paolaramos/Proyecto/tello_ws/build/drone/build install --record /home/paolaramos/Proyecto/tello_ws/build/drone/install.log --single-version-externally-managed install_data
[2.312s] running egg_info
[2.322s] writing ../../build/drone/drone.egg-info/PKG-INFO
[2.322s] writing dependency_links to ../../build/drone/drone.egg-info/dependency_links.txt
[2.322s] writing entry points to ../../build/drone/drone.egg-info/entry_points.txt
[2.322s] writing requirements to ../../build/drone/drone.egg-info/requires.txt
[2.322s] writing top-level names to ../../build/drone/drone.egg-info/top_level.txt
[2.359s] reading manifest file '../../build/drone/drone.egg-info/SOURCES.txt'
[2.364s] writing manifest file '../../build/drone/drone.egg-info/SOURCES.txt'
[2.366s] running build
[2.366s] running build_py
[2.373s] copying drone/__init__.py -> /home/paolaramos/Proyecto/tello_ws/build/drone/build/lib/drone
[2.375s] copying drone/controller.py -> /home/paolaramos/Proyecto/tello_ws/build/drone/build/lib/drone
[2.375s] copying drone/odometry.py -> /home/paolaramos/Proyecto/tello_ws/build/drone/build/lib/drone
[2.394s] running install
[2.398s] running install_lib
[2.399s] copying /home/paolaramos/Proyecto/tello_ws/build/drone/build/lib/drone/controller.py -> /home/paolaramos/Proyecto/tello_ws/install/drone/lib/python3.10/site-packages/drone
[2.405s] copying /home/paolaramos/Proyecto/tello_ws/build/drone/build/lib/drone/odometry.py -> /home/paolaramos/Proyecto/tello_ws/install/drone/lib/python3.10/site-packages/drone
[2.412s] byte-compiling /home/paolaramos/Proyecto/tello_ws/install/drone/lib/python3.10/site-packages/drone/controller.py to controller.cpython-310.pyc
[2.419s] byte-compiling /home/paolaramos/Proyecto/tello_ws/install/drone/lib/python3.10/site-packages/drone/odometry.py to odometry.cpython-310.pyc
[2.429s] running install_data
[2.438s] copying resource/drone -> /home/paolaramos/Proyecto/tello_ws/install/drone/share/ament_index/resource_index/packages
[2.443s] copying package.xml -> /home/paolaramos/Proyecto/tello_ws/install/drone/share/drone
[2.446s] copying launch/drone_launch.py -> /home/paolaramos/Proyecto/tello_ws/install/drone/share/drone/launch
[2.452s] running install_egg_info
[2.481s] removing '/home/paolaramos/Proyecto/tello_ws/install/drone/lib/python3.10/site-packages/drone-0.0.0-py3.10.egg-info' (and everything under it)
[2.483s] Copying ../../build/drone/drone.egg-info to /home/paolaramos/Proyecto/tello_ws/install/drone/lib/python3.10/site-packages/drone-0.0.0-py3.10.egg-info
[2.485s] running install_scripts
[2.670s] Installing controller script to /home/paolaramos/Proyecto/tello_ws/install/drone/lib/drone
[2.670s] Installing odometry script to /home/paolaramos/Proyecto/tello_ws/install/drone/lib/drone
[2.671s] writing list of installed files to '/home/paolaramos/Proyecto/tello_ws/build/drone/install.log'
[2.756s] Invoked command in '/home/paolaramos/Proyecto/tello_ws/src/drone' returned '0': PYTHONPATH=/home/paolaramos/Proyecto/tello_ws/build/drone/prefix_override:/usr/lib/python3/dist-packages/colcon_core/task/python/colcon_distutils_commands:/home/paolaramos/Proyecto/tello_ws/install/drone/lib/python3.10/site-packages:${PYTHONPATH} /usr/bin/python3 -W ignore:setup.py install is deprecated -W ignore:easy_install command is deprecated setup.py egg_info --egg-base ../../build/drone build --build-base /home/paolaramos/Proyecto/tello_ws/build/drone/build install --record /home/paolaramos/Proyecto/tello_ws/build/drone/install.log --single-version-externally-managed install_data
