[1.154s] Invoking command in '/home/paolaramos/Documents/Autonomous-Drone/tello_ws/src/tello_odometry': PYTHONPATH=/home/paolaramos/Documents/Autonomous-Drone/tello_ws/build/tello_odometry/prefix_override:/usr/lib/python3/dist-packages/colcon_core/task/python/colcon_distutils_commands:/home/paolaramos/Documents/Autonomous-Drone/tello_ws/install/tello_odometry/lib/python3.10/site-packages:${PYTHONPATH} /usr/bin/python3 -W ignore:setup.py install is deprecated -W ignore:easy_install command is deprecated setup.py egg_info --egg-base ../../build/tello_odometry build --build-base /home/paolaramos/Documents/Autonomous-Drone/tello_ws/build/tello_odometry/build install --record /home/paolaramos/Documents/Autonomous-Drone/tello_ws/build/tello_odometry/install.log --single-version-externally-managed install_data
[1.467s] running egg_info
[1.471s] writing ../../build/tello_odometry/tello_odometry.egg-info/PKG-INFO
[1.472s] writing dependency_links to ../../build/tello_odometry/tello_odometry.egg-info/dependency_links.txt
[1.473s] writing entry points to ../../build/tello_odometry/tello_odometry.egg-info/entry_points.txt
[1.473s] writing requirements to ../../build/tello_odometry/tello_odometry.egg-info/requires.txt
[1.473s] writing top-level names to ../../build/tello_odometry/tello_odometry.egg-info/top_level.txt
[1.473s] reading manifest file '../../build/tello_odometry/tello_odometry.egg-info/SOURCES.txt'
[1.473s] writing manifest file '../../build/tello_odometry/tello_odometry.egg-info/SOURCES.txt'
[1.473s] running build
[1.473s] running build_py
[1.473s] running install
[1.473s] running install_lib
[1.481s] running install_data
[1.481s] running install_egg_info
[1.492s] removing '/home/paolaramos/Documents/Autonomous-Drone/tello_ws/install/tello_odometry/lib/python3.10/site-packages/tello_odometry-0.0.0-py3.10.egg-info' (and everything under it)
[1.495s] Copying ../../build/tello_odometry/tello_odometry.egg-info to /home/paolaramos/Documents/Autonomous-Drone/tello_ws/install/tello_odometry/lib/python3.10/site-packages/tello_odometry-0.0.0-py3.10.egg-info
[1.498s] running install_scripts
[1.520s] Installing odom_node script to /home/paolaramos/Documents/Autonomous-Drone/tello_ws/install/tello_odometry/lib/tello_odometry
[1.522s] writing list of installed files to '/home/paolaramos/Documents/Autonomous-Drone/tello_ws/build/tello_odometry/install.log'
[1.546s] Invoked command in '/home/paolaramos/Documents/Autonomous-Drone/tello_ws/src/tello_odometry' returned '0': PYTHONPATH=/home/paolaramos/Documents/Autonomous-Drone/tello_ws/build/tello_odometry/prefix_override:/usr/lib/python3/dist-packages/colcon_core/task/python/colcon_distutils_commands:/home/paolaramos/Documents/Autonomous-Drone/tello_ws/install/tello_odometry/lib/python3.10/site-packages:${PYTHONPATH} /usr/bin/python3 -W ignore:setup.py install is deprecated -W ignore:easy_install command is deprecated setup.py egg_info --egg-base ../../build/tello_odometry build --build-base /home/paolaramos/Documents/Autonomous-Drone/tello_ws/build/tello_odometry/build install --record /home/paolaramos/Documents/Autonomous-Drone/tello_ws/build/tello_odometry/install.log --single-version-externally-managed install_data
