[0.172s] DEBUG:colcon:Command line arguments: ['/usr/bin/colcon', 'build']
[0.172s] DEBUG:colcon:Parsed command line arguments: Namespace(log_base=None, log_level=None, verb_name='build', build_base='build', install_base='install', merge_install=False, symlink_install=False, test_result_base=None, continue_on_error=False, executor='parallel', parallel_workers=4, event_handlers=None, ignore_user_meta=False, metas=['./colcon.meta'], base_paths=['.'], packages_ignore=None, packages_ignore_regex=None, paths=None, packages_up_to=None, packages_up_to_regex=None, packages_above=None, packages_above_and_dependencies=None, packages_above_depth=None, packages_select_by_dep=None, packages_skip_by_dep=None, packages_skip_up_to=None, packages_select_build_failed=False, packages_skip_build_finished=False, packages_select_test_failures=False, packages_skip_test_passed=False, packages_select=None, packages_skip=None, packages_select_regex=None, packages_skip_regex=None, packages_start=None, packages_end=None, allow_overriding=[], cmake_args=None, cmake_target=None, cmake_target_skip_unavailable=False, cmake_clean_cache=False, cmake_clean_first=False, cmake_force_configure=False, ament_cmake_args=None, catkin_cmake_args=None, catkin_skip_building_tests=False, verb_parser=<colcon_defaults.argument_parser.defaults.DefaultArgumentsDecorator object at 0x7de1ce8154b0>, verb_extension=<colcon_core.verb.build.BuildVerb object at 0x7de1ce9eaad0>, main=<bound method BuildVerb.main of <colcon_core.verb.build.BuildVerb object at 0x7de1ce9eaad0>>)
[0.231s] Level 1:colcon.colcon_core.package_discovery:discover_packages(colcon_meta) check parameters
[0.232s] Level 1:colcon.colcon_core.package_discovery:discover_packages(recursive) check parameters
[0.232s] Level 1:colcon.colcon_core.package_discovery:discover_packages(ignore) check parameters
[0.232s] Level 1:colcon.colcon_core.package_discovery:discover_packages(path) check parameters
[0.232s] Level 1:colcon.colcon_core.package_discovery:discover_packages(colcon_meta) discover
[0.232s] Level 1:colcon.colcon_core.package_discovery:discover_packages(recursive) discover
[0.232s] INFO:colcon.colcon_core.package_discovery:Crawling recursively for packages in '/home/paolaramos/Proyecto/tello_ws'
[0.232s] Level 1:colcon.colcon_core.package_identification:_identify(.) by extensions ['ignore', 'ignore_ament_install']
[0.232s] Level 1:colcon.colcon_core.package_identification:_identify(.) by extension 'ignore'
[0.232s] Level 1:colcon.colcon_core.package_identification:_identify(.) by extension 'ignore_ament_install'
[0.232s] Level 1:colcon.colcon_core.package_identification:_identify(.) by extensions ['colcon_pkg']
[0.232s] Level 1:colcon.colcon_core.package_identification:_identify(.) by extension 'colcon_pkg'
[0.232s] Level 1:colcon.colcon_core.package_identification:_identify(.) by extensions ['colcon_meta']
[0.232s] Level 1:colcon.colcon_core.package_identification:_identify(.) by extension 'colcon_meta'
[0.232s] Level 1:colcon.colcon_core.package_identification:_identify(.) by extensions ['ros']
[0.232s] Level 1:colcon.colcon_core.package_identification:_identify(.) by extension 'ros'
[0.275s] Level 1:colcon.colcon_core.package_identification:_identify(.) by extensions ['cmake', 'python']
[0.275s] Level 1:colcon.colcon_core.package_identification:_identify(.) by extension 'cmake'
[0.276s] Level 1:colcon.colcon_core.package_identification:_identify(.) by extension 'python'
[0.276s] Level 1:colcon.colcon_core.package_identification:_identify(.) by extensions ['python_setup_py']
[0.276s] Level 1:colcon.colcon_core.package_identification:_identify(.) by extension 'python_setup_py'
[0.278s] Level 1:colcon.colcon_core.package_identification:_identify(build) by extensions ['ignore', 'ignore_ament_install']
[0.278s] Level 1:colcon.colcon_core.package_identification:_identify(build) by extension 'ignore'
[0.278s] Level 1:colcon.colcon_core.package_identification:_identify(build) ignored
[0.278s] Level 1:colcon.colcon_core.package_identification:_identify(install) by extensions ['ignore', 'ignore_ament_install']
[0.278s] Level 1:colcon.colcon_core.package_identification:_identify(install) by extension 'ignore'
[0.278s] Level 1:colcon.colcon_core.package_identification:_identify(install) ignored
[0.279s] Level 1:colcon.colcon_core.package_identification:_identify(log) by extensions ['ignore', 'ignore_ament_install']
[0.279s] Level 1:colcon.colcon_core.package_identification:_identify(log) by extension 'ignore'
[0.279s] Level 1:colcon.colcon_core.package_identification:_identify(log) ignored
[0.282s] Level 1:colcon.colcon_core.package_identification:_identify(src) by extensions ['ignore', 'ignore_ament_install']
[0.282s] Level 1:colcon.colcon_core.package_identification:_identify(src) by extension 'ignore'
[0.282s] Level 1:colcon.colcon_core.package_identification:_identify(src) by extension 'ignore_ament_install'
[0.282s] Level 1:colcon.colcon_core.package_identification:_identify(src) by extensions ['colcon_pkg']
[0.283s] Level 1:colcon.colcon_core.package_identification:_identify(src) by extension 'colcon_pkg'
[0.283s] Level 1:colcon.colcon_core.package_identification:_identify(src) by extensions ['colcon_meta']
[0.283s] Level 1:colcon.colcon_core.package_identification:_identify(src) by extension 'colcon_meta'
[0.283s] Level 1:colcon.colcon_core.package_identification:_identify(src) by extensions ['ros']
[0.283s] Level 1:colcon.colcon_core.package_identification:_identify(src) by extension 'ros'
[0.283s] Level 1:colcon.colcon_core.package_identification:_identify(src) by extensions ['cmake', 'python']
[0.283s] Level 1:colcon.colcon_core.package_identification:_identify(src) by extension 'cmake'
[0.283s] Level 1:colcon.colcon_core.package_identification:_identify(src) by extension 'python'
[0.283s] Level 1:colcon.colcon_core.package_identification:_identify(src) by extensions ['python_setup_py']
[0.283s] Level 1:colcon.colcon_core.package_identification:_identify(src) by extension 'python_setup_py'
[0.283s] Level 1:colcon.colcon_core.package_identification:_identify(src/drone) by extensions ['ignore', 'ignore_ament_install']
[0.283s] Level 1:colcon.colcon_core.package_identification:_identify(src/drone) by extension 'ignore'
[0.283s] Level 1:colcon.colcon_core.package_identification:_identify(src/drone) by extension 'ignore_ament_install'
[0.283s] Level 1:colcon.colcon_core.package_identification:_identify(src/drone) by extensions ['colcon_pkg']
[0.283s] Level 1:colcon.colcon_core.package_identification:_identify(src/drone) by extension 'colcon_pkg'
[0.283s] Level 1:colcon.colcon_core.package_identification:_identify(src/drone) by extensions ['colcon_meta']
[0.284s] Level 1:colcon.colcon_core.package_identification:_identify(src/drone) by extension 'colcon_meta'
[0.284s] Level 1:colcon.colcon_core.package_identification:_identify(src/drone) by extensions ['ros']
[0.284s] Level 1:colcon.colcon_core.package_identification:_identify(src/drone) by extension 'ros'
[0.287s] DEBUG:colcon.colcon_core.package_identification:Package 'src/drone' with type 'ros.ament_python' and name 'drone'
[0.289s] Level 1:colcon.colcon_core.package_identification:_identify(src/optitrack_client) by extensions ['ignore', 'ignore_ament_install']
[0.289s] Level 1:colcon.colcon_core.package_identification:_identify(src/optitrack_client) by extension 'ignore'
[0.289s] Level 1:colcon.colcon_core.package_identification:_identify(src/optitrack_client) by extension 'ignore_ament_install'
[0.289s] Level 1:colcon.colcon_core.package_identification:_identify(src/optitrack_client) by extensions ['colcon_pkg']
[0.289s] Level 1:colcon.colcon_core.package_identification:_identify(src/optitrack_client) by extension 'colcon_pkg'
[0.289s] Level 1:colcon.colcon_core.package_identification:_identify(src/optitrack_client) by extensions ['colcon_meta']
[0.289s] Level 1:colcon.colcon_core.package_identification:_identify(src/optitrack_client) by extension 'colcon_meta'
[0.290s] Level 1:colcon.colcon_core.package_identification:_identify(src/optitrack_client) by extensions ['ros']
[0.290s] Level 1:colcon.colcon_core.package_identification:_identify(src/optitrack_client) by extension 'ros'
[0.290s] DEBUG:colcon.colcon_core.package_identification:Package 'src/optitrack_client' with type 'ros.ament_cmake' and name 'optitrack_client'
[0.290s] Level 1:colcon.colcon_core.package_discovery:discover_packages(recursive) using defaults
[0.291s] Level 1:colcon.colcon_core.package_discovery:discover_packages(ignore) discover
[0.291s] Level 1:colcon.colcon_core.package_discovery:discover_packages(ignore) using defaults
[0.291s] Level 1:colcon.colcon_core.package_discovery:discover_packages(path) discover
[0.291s] Level 1:colcon.colcon_core.package_discovery:discover_packages(path) using defaults
[0.324s] Level 1:colcon.colcon_core.package_discovery:discover_packages(prefix_path) check parameters
[0.325s] Level 1:colcon.colcon_core.package_discovery:discover_packages(prefix_path) discover
[0.328s] DEBUG:colcon.colcon_installed_package_information.package_discovery:Found 2 installed packages in /home/paolaramos/Proyecto/tello_ws/install
[0.330s] DEBUG:colcon.colcon_installed_package_information.package_discovery:Found 273 installed packages in /opt/ros/humble
[0.332s] Level 1:colcon.colcon_core.package_discovery:discover_packages(prefix_path) using defaults
[0.373s] Level 5:colcon.colcon_core.verb:set package 'drone' build argument 'cmake_args' from command line to 'None'
[0.373s] Level 5:colcon.colcon_core.verb:set package 'drone' build argument 'cmake_target' from command line to 'None'
[0.373s] Level 5:colcon.colcon_core.verb:set package 'drone' build argument 'cmake_target_skip_unavailable' from command line to 'False'
[0.373s] Level 5:colcon.colcon_core.verb:set package 'drone' build argument 'cmake_clean_cache' from command line to 'False'
[0.373s] Level 5:colcon.colcon_core.verb:set package 'drone' build argument 'cmake_clean_first' from command line to 'False'
[0.373s] Level 5:colcon.colcon_core.verb:set package 'drone' build argument 'cmake_force_configure' from command line to 'False'
[0.373s] Level 5:colcon.colcon_core.verb:set package 'drone' build argument 'ament_cmake_args' from command line to 'None'
[0.373s] Level 5:colcon.colcon_core.verb:set package 'drone' build argument 'catkin_cmake_args' from command line to 'None'
[0.373s] Level 5:colcon.colcon_core.verb:set package 'drone' build argument 'catkin_skip_building_tests' from command line to 'False'
[0.373s] DEBUG:colcon.colcon_core.verb:Building package 'drone' with the following arguments: {'ament_cmake_args': None, 'build_base': '/home/paolaramos/Proyecto/tello_ws/build/drone', 'catkin_cmake_args': None, 'catkin_skip_building_tests': False, 'cmake_args': None, 'cmake_clean_cache': False, 'cmake_clean_first': False, 'cmake_force_configure': False, 'cmake_target': None, 'cmake_target_skip_unavailable': False, 'install_base': '/home/paolaramos/Proyecto/tello_ws/install/drone', 'merge_install': False, 'path': '/home/paolaramos/Proyecto/tello_ws/src/drone', 'symlink_install': False, 'test_result_base': None}
[0.374s] Level 5:colcon.colcon_core.verb:set package 'optitrack_client' build argument 'cmake_args' from command line to 'None'
[0.374s] Level 5:colcon.colcon_core.verb:set package 'optitrack_client' build argument 'cmake_target' from command line to 'None'
[0.374s] Level 5:colcon.colcon_core.verb:set package 'optitrack_client' build argument 'cmake_target_skip_unavailable' from command line to 'False'
[0.374s] Level 5:colcon.colcon_core.verb:set package 'optitrack_client' build argument 'cmake_clean_cache' from command line to 'False'
[0.374s] Level 5:colcon.colcon_core.verb:set package 'optitrack_client' build argument 'cmake_clean_first' from command line to 'False'
[0.374s] Level 5:colcon.colcon_core.verb:set package 'optitrack_client' build argument 'cmake_force_configure' from command line to 'False'
[0.374s] Level 5:colcon.colcon_core.verb:set package 'optitrack_client' build argument 'ament_cmake_args' from command line to 'None'
[0.374s] Level 5:colcon.colcon_core.verb:set package 'optitrack_client' build argument 'catkin_cmake_args' from command line to 'None'
[0.374s] Level 5:colcon.colcon_core.verb:set package 'optitrack_client' build argument 'catkin_skip_building_tests' from command line to 'False'
[0.374s] DEBUG:colcon.colcon_core.verb:Building package 'optitrack_client' with the following arguments: {'ament_cmake_args': None, 'build_base': '/home/paolaramos/Proyecto/tello_ws/build/optitrack_client', 'catkin_cmake_args': None, 'catkin_skip_building_tests': False, 'cmake_args': None, 'cmake_clean_cache': False, 'cmake_clean_first': False, 'cmake_force_configure': False, 'cmake_target': None, 'cmake_target_skip_unavailable': False, 'install_base': '/home/paolaramos/Proyecto/tello_ws/install/optitrack_client', 'merge_install': False, 'path': '/home/paolaramos/Proyecto/tello_ws/src/optitrack_client', 'symlink_install': False, 'test_result_base': None}
[0.374s] INFO:colcon.colcon_core.executor:Executing jobs using 'parallel' executor
[0.378s] DEBUG:colcon.colcon_parallel_executor.executor.parallel:run_until_complete
[0.379s] INFO:colcon.colcon_ros.task.ament_python.build:Building ROS package in '/home/paolaramos/Proyecto/tello_ws/src/drone' with build type 'ament_python'
[0.379s] Level 1:colcon.colcon_core.shell:create_environment_hook('drone', 'ament_prefix_path')
[0.397s] INFO:colcon.colcon_core.plugin_system:Skipping extension 'colcon_core.shell.bat': Not used on non-Windows systems
[0.397s] INFO:colcon.colcon_core.shell:Creating environment hook '/home/paolaramos/Proyecto/tello_ws/install/drone/share/drone/hook/ament_prefix_path.ps1'
[0.398s] INFO:colcon.colcon_core.shell:Creating environment descriptor '/home/paolaramos/Proyecto/tello_ws/install/drone/share/drone/hook/ament_prefix_path.dsv'
[0.399s] INFO:colcon.colcon_core.shell:Creating environment hook '/home/paolaramos/Proyecto/tello_ws/install/drone/share/drone/hook/ament_prefix_path.sh'
[0.401s] INFO:colcon.colcon_core.shell:Skip shell extension 'powershell' for command environment: Not usable outside of PowerShell
[0.401s] DEBUG:colcon.colcon_core.shell:Skip shell extension 'dsv' for command environment
[0.407s] INFO:colcon.colcon_ros.task.ament_cmake.build:Building ROS package in '/home/paolaramos/Proyecto/tello_ws/src/optitrack_client' with build type 'ament_cmake'
[0.407s] INFO:colcon.colcon_cmake.task.cmake.build:Building CMake package in '/home/paolaramos/Proyecto/tello_ws/src/optitrack_client'
[0.407s] INFO:colcon.colcon_core.shell:Skip shell extension 'powershell' for command environment: Not usable outside of PowerShell
[0.408s] DEBUG:colcon.colcon_core.shell:Skip shell extension 'dsv' for command environment
[0.461s] DEBUG:colcon.colcon_core.event_handler.log_command:Invoking command in '/home/paolaramos/Proyecto/tello_ws/build/optitrack_client': CMAKE_PREFIX_PATH=${CMAKE_PREFIX_PATH}:/home/paolaramos/Proyecto/tello_ws/install/drone:/opt/ros/humble /usr/bin/cmake --build /home/paolaramos/Proyecto/tello_ws/build/optitrack_client -- -j4 -l4
[0.892s] INFO:colcon.colcon_core.task.python.build:Building Python package in '/home/paolaramos/Proyecto/tello_ws/src/drone'
[0.893s] INFO:colcon.colcon_core.shell:Skip shell extension 'powershell' for command environment: Not usable outside of PowerShell
[0.893s] DEBUG:colcon.colcon_core.shell:Skip shell extension 'dsv' for command environment
[0.905s] DEBUG:colcon.colcon_core.event_handler.log_command:Invoked command in '/home/paolaramos/Proyecto/tello_ws/build/optitrack_client' returned '0': CMAKE_PREFIX_PATH=${CMAKE_PREFIX_PATH}:/home/paolaramos/Proyecto/tello_ws/install/drone:/opt/ros/humble /usr/bin/cmake --build /home/paolaramos/Proyecto/tello_ws/build/optitrack_client -- -j4 -l4
[0.949s] DEBUG:colcon.colcon_core.event_handler.log_command:Invoking command in '/home/paolaramos/Proyecto/tello_ws/build/optitrack_client': CMAKE_PREFIX_PATH=${CMAKE_PREFIX_PATH}:/home/paolaramos/Proyecto/tello_ws/install/drone:/opt/ros/humble /usr/bin/cmake --install /home/paolaramos/Proyecto/tello_ws/build/optitrack_client
[0.990s] Level 1:colcon.colcon_core.environment:create_environment_scripts_only(optitrack_client)
[0.994s] DEBUG:colcon.colcon_core.event_handler.log_command:Invoked command in '/home/paolaramos/Proyecto/tello_ws/build/optitrack_client' returned '0': CMAKE_PREFIX_PATH=${CMAKE_PREFIX_PATH}:/home/paolaramos/Proyecto/tello_ws/install/drone:/opt/ros/humble /usr/bin/cmake --install /home/paolaramos/Proyecto/tello_ws/build/optitrack_client
[1.034s] Level 1:colcon.colcon_core.environment:checking '/home/paolaramos/Proyecto/tello_ws/install/optitrack_client' for CMake module files
[1.047s] Level 1:colcon.colcon_core.environment:checking '/home/paolaramos/Proyecto/tello_ws/install/optitrack_client' for CMake config files
[1.069s] Level 1:colcon.colcon_core.shell:create_environment_hook('optitrack_client', 'cmake_prefix_path')
[1.070s] INFO:colcon.colcon_core.shell:Creating environment hook '/home/paolaramos/Proyecto/tello_ws/install/optitrack_client/share/optitrack_client/hook/cmake_prefix_path.ps1'
[1.071s] INFO:colcon.colcon_core.shell:Creating environment descriptor '/home/paolaramos/Proyecto/tello_ws/install/optitrack_client/share/optitrack_client/hook/cmake_prefix_path.dsv'
[1.075s] INFO:colcon.colcon_core.shell:Creating environment hook '/home/paolaramos/Proyecto/tello_ws/install/optitrack_client/share/optitrack_client/hook/cmake_prefix_path.sh'
[1.086s] Level 1:colcon.colcon_core.environment:checking '/home/paolaramos/Proyecto/tello_ws/install/optitrack_client/lib'
[1.088s] Level 1:colcon.colcon_core.shell:create_environment_hook('optitrack_client', 'ld_library_path_lib')
[1.096s] INFO:colcon.colcon_core.shell:Creating environment hook '/home/paolaramos/Proyecto/tello_ws/install/optitrack_client/share/optitrack_client/hook/ld_library_path_lib.ps1'
[1.100s] INFO:colcon.colcon_core.shell:Creating environment descriptor '/home/paolaramos/Proyecto/tello_ws/install/optitrack_client/share/optitrack_client/hook/ld_library_path_lib.dsv'
[1.107s] INFO:colcon.colcon_core.shell:Creating environment hook '/home/paolaramos/Proyecto/tello_ws/install/optitrack_client/share/optitrack_client/hook/ld_library_path_lib.sh'
[1.108s] Level 1:colcon.colcon_core.environment:checking '/home/paolaramos/Proyecto/tello_ws/install/optitrack_client/bin'
[1.109s] Level 1:colcon.colcon_core.environment:checking '/home/paolaramos/Proyecto/tello_ws/install/optitrack_client/lib/pkgconfig/optitrack_client.pc'
[1.109s] Level 1:colcon.colcon_core.environment:checking '/home/paolaramos/Proyecto/tello_ws/install/optitrack_client/lib/python3.10/site-packages'
[1.109s] Level 1:colcon.colcon_core.environment:checking '/home/paolaramos/Proyecto/tello_ws/install/optitrack_client/bin'
[1.110s] INFO:colcon.colcon_core.shell:Creating package script '/home/paolaramos/Proyecto/tello_ws/install/optitrack_client/share/optitrack_client/package.ps1'
[1.113s] INFO:colcon.colcon_core.shell:Creating package descriptor '/home/paolaramos/Proyecto/tello_ws/install/optitrack_client/share/optitrack_client/package.dsv'
[1.114s] INFO:colcon.colcon_core.shell:Creating package script '/home/paolaramos/Proyecto/tello_ws/install/optitrack_client/share/optitrack_client/package.sh'
[1.116s] INFO:colcon.colcon_core.shell:Creating package script '/home/paolaramos/Proyecto/tello_ws/install/optitrack_client/share/optitrack_client/package.bash'
[1.117s] INFO:colcon.colcon_core.shell:Creating package script '/home/paolaramos/Proyecto/tello_ws/install/optitrack_client/share/optitrack_client/package.zsh'
[1.119s] Level 1:colcon.colcon_core.environment:create_file_with_runtime_dependencies(/home/paolaramos/Proyecto/tello_ws/install/optitrack_client/share/colcon-core/packages/optitrack_client)
[1.121s] Level 1:colcon.colcon_core.environment:create_environment_scripts_only(optitrack_client)
[1.121s] Level 1:colcon.colcon_core.environment:checking '/home/paolaramos/Proyecto/tello_ws/install/optitrack_client' for CMake module files
[1.122s] Level 1:colcon.colcon_core.environment:checking '/home/paolaramos/Proyecto/tello_ws/install/optitrack_client' for CMake config files
[1.122s] Level 1:colcon.colcon_core.shell:create_environment_hook('optitrack_client', 'cmake_prefix_path')
[1.122s] INFO:colcon.colcon_core.shell:Creating environment hook '/home/paolaramos/Proyecto/tello_ws/install/optitrack_client/share/optitrack_client/hook/cmake_prefix_path.ps1'
[1.123s] INFO:colcon.colcon_core.shell:Creating environment descriptor '/home/paolaramos/Proyecto/tello_ws/install/optitrack_client/share/optitrack_client/hook/cmake_prefix_path.dsv'
[1.125s] INFO:colcon.colcon_core.shell:Creating environment hook '/home/paolaramos/Proyecto/tello_ws/install/optitrack_client/share/optitrack_client/hook/cmake_prefix_path.sh'
[1.127s] Level 1:colcon.colcon_core.environment:checking '/home/paolaramos/Proyecto/tello_ws/install/optitrack_client/lib'
[1.127s] Level 1:colcon.colcon_core.shell:create_environment_hook('optitrack_client', 'ld_library_path_lib')
[1.127s] INFO:colcon.colcon_core.shell:Creating environment hook '/home/paolaramos/Proyecto/tello_ws/install/optitrack_client/share/optitrack_client/hook/ld_library_path_lib.ps1'
[1.128s] INFO:colcon.colcon_core.shell:Creating environment descriptor '/home/paolaramos/Proyecto/tello_ws/install/optitrack_client/share/optitrack_client/hook/ld_library_path_lib.dsv'
[1.130s] INFO:colcon.colcon_core.shell:Creating environment hook '/home/paolaramos/Proyecto/tello_ws/install/optitrack_client/share/optitrack_client/hook/ld_library_path_lib.sh'
[1.131s] Level 1:colcon.colcon_core.environment:checking '/home/paolaramos/Proyecto/tello_ws/install/optitrack_client/bin'
[1.131s] Level 1:colcon.colcon_core.environment:checking '/home/paolaramos/Proyecto/tello_ws/install/optitrack_client/lib/pkgconfig/optitrack_client.pc'
[1.131s] Level 1:colcon.colcon_core.environment:checking '/home/paolaramos/Proyecto/tello_ws/install/optitrack_client/lib/python3.10/site-packages'
[1.132s] Level 1:colcon.colcon_core.environment:checking '/home/paolaramos/Proyecto/tello_ws/install/optitrack_client/bin'
[1.132s] INFO:colcon.colcon_core.shell:Creating package script '/home/paolaramos/Proyecto/tello_ws/install/optitrack_client/share/optitrack_client/package.ps1'
[1.134s] INFO:colcon.colcon_core.shell:Creating package descriptor '/home/paolaramos/Proyecto/tello_ws/install/optitrack_client/share/optitrack_client/package.dsv'
[1.135s] INFO:colcon.colcon_core.shell:Creating package script '/home/paolaramos/Proyecto/tello_ws/install/optitrack_client/share/optitrack_client/package.sh'
[1.136s] INFO:colcon.colcon_core.shell:Creating package script '/home/paolaramos/Proyecto/tello_ws/install/optitrack_client/share/optitrack_client/package.bash'
[1.137s] INFO:colcon.colcon_core.shell:Creating package script '/home/paolaramos/Proyecto/tello_ws/install/optitrack_client/share/optitrack_client/package.zsh'
[1.141s] Level 1:colcon.colcon_core.environment:create_file_with_runtime_dependencies(/home/paolaramos/Proyecto/tello_ws/install/optitrack_client/share/colcon-core/packages/optitrack_client)
[2.158s] DEBUG:colcon.colcon_core.event_handler.log_command:Invoking command in '/home/paolaramos/Proyecto/tello_ws/src/drone': PYTHONPATH=/home/paolaramos/Proyecto/tello_ws/build/drone/prefix_override:/usr/lib/python3/dist-packages/colcon_core/task/python/colcon_distutils_commands:/home/paolaramos/Proyecto/tello_ws/install/drone/lib/python3.10/site-packages:${PYTHONPATH} /usr/bin/python3 -W ignore:setup.py install is deprecated -W ignore:easy_install command is deprecated setup.py egg_info --egg-base ../../build/drone build --build-base /home/paolaramos/Proyecto/tello_ws/build/drone/build install --record /home/paolaramos/Proyecto/tello_ws/build/drone/install.log --single-version-externally-managed install_data
[2.981s] Level 1:colcon.colcon_core.environment:checking '/home/paolaramos/Proyecto/tello_ws/install/drone' for CMake module files
[2.993s] DEBUG:colcon.colcon_core.event_handler.log_command:Invoked command in '/home/paolaramos/Proyecto/tello_ws/src/drone' returned '0': PYTHONPATH=/home/paolaramos/Proyecto/tello_ws/build/drone/prefix_override:/usr/lib/python3/dist-packages/colcon_core/task/python/colcon_distutils_commands:/home/paolaramos/Proyecto/tello_ws/install/drone/lib/python3.10/site-packages:${PYTHONPATH} /usr/bin/python3 -W ignore:setup.py install is deprecated -W ignore:easy_install command is deprecated setup.py egg_info --egg-base ../../build/drone build --build-base /home/paolaramos/Proyecto/tello_ws/build/drone/build install --record /home/paolaramos/Proyecto/tello_ws/build/drone/install.log --single-version-externally-managed install_data
[3.004s] Level 1:colcon.colcon_core.environment:checking '/home/paolaramos/Proyecto/tello_ws/install/drone' for CMake config files
[3.042s] Level 1:colcon.colcon_core.environment:checking '/home/paolaramos/Proyecto/tello_ws/install/drone/lib'
[3.043s] Level 1:colcon.colcon_core.environment:checking '/home/paolaramos/Proyecto/tello_ws/install/drone/bin'
[3.043s] Level 1:colcon.colcon_core.environment:checking '/home/paolaramos/Proyecto/tello_ws/install/drone/lib/pkgconfig/drone.pc'
[3.043s] Level 1:colcon.colcon_core.environment:checking '/home/paolaramos/Proyecto/tello_ws/install/drone/lib/python3.10/site-packages'
[3.044s] Level 1:colcon.colcon_core.shell:create_environment_hook('drone', 'pythonpath')
[3.044s] INFO:colcon.colcon_core.shell:Creating environment hook '/home/paolaramos/Proyecto/tello_ws/install/drone/share/drone/hook/pythonpath.ps1'
[3.045s] INFO:colcon.colcon_core.shell:Creating environment descriptor '/home/paolaramos/Proyecto/tello_ws/install/drone/share/drone/hook/pythonpath.dsv'
[3.046s] INFO:colcon.colcon_core.shell:Creating environment hook '/home/paolaramos/Proyecto/tello_ws/install/drone/share/drone/hook/pythonpath.sh'
[3.048s] Level 1:colcon.colcon_core.environment:checking '/home/paolaramos/Proyecto/tello_ws/install/drone/bin'
[3.048s] Level 1:colcon.colcon_core.environment:create_environment_scripts_only(drone)
[3.048s] INFO:colcon.colcon_core.shell:Creating package script '/home/paolaramos/Proyecto/tello_ws/install/drone/share/drone/package.ps1'
[3.055s] INFO:colcon.colcon_core.shell:Creating package descriptor '/home/paolaramos/Proyecto/tello_ws/install/drone/share/drone/package.dsv'
[3.062s] INFO:colcon.colcon_core.shell:Creating package script '/home/paolaramos/Proyecto/tello_ws/install/drone/share/drone/package.sh'
[3.071s] INFO:colcon.colcon_core.shell:Creating package script '/home/paolaramos/Proyecto/tello_ws/install/drone/share/drone/package.bash'
[3.075s] INFO:colcon.colcon_core.shell:Creating package script '/home/paolaramos/Proyecto/tello_ws/install/drone/share/drone/package.zsh'
[3.084s] Level 1:colcon.colcon_core.environment:create_file_with_runtime_dependencies(/home/paolaramos/Proyecto/tello_ws/install/drone/share/colcon-core/packages/drone)
[3.089s] DEBUG:colcon.colcon_parallel_executor.executor.parallel:closing loop
[3.089s] DEBUG:colcon.colcon_parallel_executor.executor.parallel:loop closed
[3.089s] DEBUG:colcon.colcon_parallel_executor.executor.parallel:run_until_complete finished with '0'
[3.089s] DEBUG:colcon.colcon_core.event_reactor:joining thread
[3.174s] INFO:colcon.colcon_core.plugin_system:Skipping extension 'colcon_notification.desktop_notification.terminal_notifier': Not used on non-Darwin systems
[3.174s] INFO:colcon.colcon_core.plugin_system:Skipping extension 'colcon_notification.desktop_notification.win32': Not used on non-Windows systems
[3.174s] INFO:colcon.colcon_notification.desktop_notification:Sending desktop notification using 'notify2'
[3.246s] DEBUG:colcon.colcon_core.event_reactor:joined thread
[3.246s] INFO:colcon.colcon_core.shell:Creating prefix script '/home/paolaramos/Proyecto/tello_ws/install/local_setup.ps1'
[3.251s] INFO:colcon.colcon_core.shell:Creating prefix util module '/home/paolaramos/Proyecto/tello_ws/install/_local_setup_util_ps1.py'
[3.254s] INFO:colcon.colcon_core.shell:Creating prefix chain script '/home/paolaramos/Proyecto/tello_ws/install/setup.ps1'
[3.273s] INFO:colcon.colcon_core.shell:Creating prefix script '/home/paolaramos/Proyecto/tello_ws/install/local_setup.sh'
[3.279s] INFO:colcon.colcon_core.shell:Creating prefix util module '/home/paolaramos/Proyecto/tello_ws/install/_local_setup_util_sh.py'
[3.283s] INFO:colcon.colcon_core.shell:Creating prefix chain script '/home/paolaramos/Proyecto/tello_ws/install/setup.sh'
[3.291s] INFO:colcon.colcon_core.shell:Creating prefix script '/home/paolaramos/Proyecto/tello_ws/install/local_setup.bash'
[3.296s] INFO:colcon.colcon_core.shell:Creating prefix chain script '/home/paolaramos/Proyecto/tello_ws/install/setup.bash'
[3.300s] INFO:colcon.colcon_core.shell:Creating prefix script '/home/paolaramos/Proyecto/tello_ws/install/local_setup.zsh'
[3.303s] INFO:colcon.colcon_core.shell:Creating prefix chain script '/home/paolaramos/Proyecto/tello_ws/install/setup.zsh'
