[1.232s] Invoking command in '/home/paolaramos/Documents/Autonomous-Drone/tello_ws/src/tello_control': PYTHONPATH=/home/paolaramos/Documents/Autonomous-Drone/tello_ws/build/tello_control/prefix_override:/usr/lib/python3/dist-packages/colcon_core/task/python/colcon_distutils_commands:/home/paolaramos/Documents/Autonomous-Drone/tello_ws/install/tello_control/lib/python3.10/site-packages:${PYTHONPATH} /usr/bin/python3 -W ignore:setup.py install is deprecated -W ignore:easy_install command is deprecated setup.py egg_info --egg-base ../../build/tello_control build --build-base /home/paolaramos/Documents/Autonomous-Drone/tello_ws/build/tello_control/build install --record /home/paolaramos/Documents/Autonomous-Drone/tello_ws/build/tello_control/install.log --single-version-externally-managed install_data
[1.590s] running egg_info
[1.591s] writing ../../build/tello_control/tello_control.egg-info/PKG-INFO
[1.591s] writing dependency_links to ../../build/tello_control/tello_control.egg-info/dependency_links.txt
[1.597s] writing entry points to ../../build/tello_control/tello_control.egg-info/entry_points.txt
[1.597s] writing requirements to ../../build/tello_control/tello_control.egg-info/requires.txt
[1.601s] writing top-level names to ../../build/tello_control/tello_control.egg-info/top_level.txt
[1.602s] reading manifest file '../../build/tello_control/tello_control.egg-info/SOURCES.txt'
[1.602s] writing manifest file '../../build/tello_control/tello_control.egg-info/SOURCES.txt'
[1.603s] running build
[1.603s] running build_py
[1.603s] running install
[1.604s] running install_lib
[1.604s] running install_data
[1.605s] running install_egg_info
[1.623s] removing '/home/paolaramos/Documents/Autonomous-Drone/tello_ws/install/tello_control/lib/python3.10/site-packages/tello_control-0.0.0-py3.10.egg-info' (and everything under it)
[1.623s] Copying ../../build/tello_control/tello_control.egg-info to /home/paolaramos/Documents/Autonomous-Drone/tello_ws/install/tello_control/lib/python3.10/site-packages/tello_control-0.0.0-py3.10.egg-info
[1.625s] running install_scripts
[1.651s] Installing control_node script to /home/paolaramos/Documents/Autonomous-Drone/tello_ws/install/tello_control/lib/tello_control
[1.651s] writing list of installed files to '/home/paolaramos/Documents/Autonomous-Drone/tello_ws/build/tello_control/install.log'
[1.683s] Invoked command in '/home/paolaramos/Documents/Autonomous-Drone/tello_ws/src/tello_control' returned '0': PYTHONPATH=/home/paolaramos/Documents/Autonomous-Drone/tello_ws/build/tello_control/prefix_override:/usr/lib/python3/dist-packages/colcon_core/task/python/colcon_distutils_commands:/home/paolaramos/Documents/Autonomous-Drone/tello_ws/install/tello_control/lib/python3.10/site-packages:${PYTHONPATH} /usr/bin/python3 -W ignore:setup.py install is deprecated -W ignore:easy_install command is deprecated setup.py egg_info --egg-base ../../build/tello_control build --build-base /home/paolaramos/Documents/Autonomous-Drone/tello_ws/build/tello_control/build install --record /home/paolaramos/Documents/Autonomous-Drone/tello_ws/build/tello_control/install.log --single-version-externally-managed install_data
