[0.159s] DEBUG:colcon:Command line arguments: ['/usr/bin/colcon', 'build']
[0.160s] DEBUG:colcon:Parsed command line arguments: Namespace(log_base=None, log_level=None, verb_name='build', build_base='build', install_base='install', merge_install=False, symlink_install=False, test_result_base=None, continue_on_error=False, executor='parallel', parallel_workers=4, event_handlers=None, ignore_user_meta=False, metas=['./colcon.meta'], base_paths=['.'], packages_ignore=None, packages_ignore_regex=None, paths=None, packages_up_to=None, packages_up_to_regex=None, packages_above=None, packages_above_and_dependencies=None, packages_above_depth=None, packages_select_by_dep=None, packages_skip_by_dep=None, packages_skip_up_to=None, packages_select_build_failed=False, packages_skip_build_finished=False, packages_select_test_failures=False, packages_skip_test_passed=False, packages_select=None, packages_skip=None, packages_select_regex=None, packages_skip_regex=None, packages_start=None, packages_end=None, allow_overriding=[], cmake_args=None, cmake_target=None, cmake_target_skip_unavailable=False, cmake_clean_cache=False, cmake_clean_first=False, cmake_force_configure=False, ament_cmake_args=None, catkin_cmake_args=None, catkin_skip_building_tests=False, verb_parser=<colcon_defaults.argument_parser.defaults.DefaultArgumentsDecorator object at 0x7aa37ae61420>, verb_extension=<colcon_core.verb.build.BuildVerb object at 0x7aa37afdea40>, main=<bound method BuildVerb.main of <colcon_core.verb.build.BuildVerb object at 0x7aa37afdea40>>)
[0.216s] Level 1:colcon.colcon_core.package_discovery:discover_packages(colcon_meta) check parameters
[0.216s] Level 1:colcon.colcon_core.package_discovery:discover_packages(recursive) check parameters
[0.216s] Level 1:colcon.colcon_core.package_discovery:discover_packages(ignore) check parameters
[0.216s] Level 1:colcon.colcon_core.package_discovery:discover_packages(path) check parameters
[0.216s] Level 1:colcon.colcon_core.package_discovery:discover_packages(colcon_meta) discover
[0.216s] Level 1:colcon.colcon_core.package_discovery:discover_packages(recursive) discover
[0.217s] INFO:colcon.colcon_core.package_discovery:Crawling recursively for packages in '/home/paolaramos/tello_ws'
[0.218s] Level 1:colcon.colcon_core.package_identification:_identify(.) by extensions ['ignore', 'ignore_ament_install']
[0.220s] Level 1:colcon.colcon_core.package_identification:_identify(.) by extension 'ignore'
[0.220s] Level 1:colcon.colcon_core.package_identification:_identify(.) by extension 'ignore_ament_install'
[0.220s] Level 1:colcon.colcon_core.package_identification:_identify(.) by extensions ['colcon_pkg']
[0.221s] Level 1:colcon.colcon_core.package_identification:_identify(.) by extension 'colcon_pkg'
[0.221s] Level 1:colcon.colcon_core.package_identification:_identify(.) by extensions ['colcon_meta']
[0.221s] Level 1:colcon.colcon_core.package_identification:_identify(.) by extension 'colcon_meta'
[0.221s] Level 1:colcon.colcon_core.package_identification:_identify(.) by extensions ['ros']
[0.221s] Level 1:colcon.colcon_core.package_identification:_identify(.) by extension 'ros'
[0.262s] Level 1:colcon.colcon_core.package_identification:_identify(.) by extensions ['cmake', 'python']
[0.262s] Level 1:colcon.colcon_core.package_identification:_identify(.) by extension 'cmake'
[0.262s] Level 1:colcon.colcon_core.package_identification:_identify(.) by extension 'python'
[0.262s] Level 1:colcon.colcon_core.package_identification:_identify(.) by extensions ['python_setup_py']
[0.262s] Level 1:colcon.colcon_core.package_identification:_identify(.) by extension 'python_setup_py'
[0.263s] Level 1:colcon.colcon_core.package_identification:_identify(build) by extensions ['ignore', 'ignore_ament_install']
[0.263s] Level 1:colcon.colcon_core.package_identification:_identify(build) by extension 'ignore'
[0.264s] Level 1:colcon.colcon_core.package_identification:_identify(build) ignored
[0.265s] Level 1:colcon.colcon_core.package_identification:_identify(install) by extensions ['ignore', 'ignore_ament_install']
[0.265s] Level 1:colcon.colcon_core.package_identification:_identify(install) by extension 'ignore'
[0.266s] Level 1:colcon.colcon_core.package_identification:_identify(install) ignored
[0.266s] Level 1:colcon.colcon_core.package_identification:_identify(log) by extensions ['ignore', 'ignore_ament_install']
[0.266s] Level 1:colcon.colcon_core.package_identification:_identify(log) by extension 'ignore'
[0.266s] Level 1:colcon.colcon_core.package_identification:_identify(log) ignored
[0.266s] Level 1:colcon.colcon_core.package_identification:_identify(src) by extensions ['ignore', 'ignore_ament_install']
[0.267s] Level 1:colcon.colcon_core.package_identification:_identify(src) by extension 'ignore'
[0.267s] Level 1:colcon.colcon_core.package_identification:_identify(src) by extension 'ignore_ament_install'
[0.267s] Level 1:colcon.colcon_core.package_identification:_identify(src) by extensions ['colcon_pkg']
[0.267s] Level 1:colcon.colcon_core.package_identification:_identify(src) by extension 'colcon_pkg'
[0.267s] Level 1:colcon.colcon_core.package_identification:_identify(src) by extensions ['colcon_meta']
[0.267s] Level 1:colcon.colcon_core.package_identification:_identify(src) by extension 'colcon_meta'
[0.267s] Level 1:colcon.colcon_core.package_identification:_identify(src) by extensions ['ros']
[0.267s] Level 1:colcon.colcon_core.package_identification:_identify(src) by extension 'ros'
[0.267s] Level 1:colcon.colcon_core.package_identification:_identify(src) by extensions ['cmake', 'python']
[0.268s] Level 1:colcon.colcon_core.package_identification:_identify(src) by extension 'cmake'
[0.268s] Level 1:colcon.colcon_core.package_identification:_identify(src) by extension 'python'
[0.268s] Level 1:colcon.colcon_core.package_identification:_identify(src) by extensions ['python_setup_py']
[0.268s] Level 1:colcon.colcon_core.package_identification:_identify(src) by extension 'python_setup_py'
[0.268s] Level 1:colcon.colcon_core.package_identification:_identify(src/drone) by extensions ['ignore', 'ignore_ament_install']
[0.268s] Level 1:colcon.colcon_core.package_identification:_identify(src/drone) by extension 'ignore'
[0.268s] Level 1:colcon.colcon_core.package_identification:_identify(src/drone) by extension 'ignore_ament_install'
[0.268s] Level 1:colcon.colcon_core.package_identification:_identify(src/drone) by extensions ['colcon_pkg']
[0.268s] Level 1:colcon.colcon_core.package_identification:_identify(src/drone) by extension 'colcon_pkg'
[0.269s] Level 1:colcon.colcon_core.package_identification:_identify(src/drone) by extensions ['colcon_meta']
[0.269s] Level 1:colcon.colcon_core.package_identification:_identify(src/drone) by extension 'colcon_meta'
[0.269s] Level 1:colcon.colcon_core.package_identification:_identify(src/drone) by extensions ['ros']
[0.269s] Level 1:colcon.colcon_core.package_identification:_identify(src/drone) by extension 'ros'
[0.273s] DEBUG:colcon.colcon_core.package_identification:Package 'src/drone' with type 'ros.ament_python' and name 'drone'
[0.273s] Level 1:colcon.colcon_core.package_identification:_identify(src/mocap_optitrack) by extensions ['ignore', 'ignore_ament_install']
[0.273s] Level 1:colcon.colcon_core.package_identification:_identify(src/mocap_optitrack) by extension 'ignore'
[0.273s] Level 1:colcon.colcon_core.package_identification:_identify(src/mocap_optitrack) by extension 'ignore_ament_install'
[0.274s] Level 1:colcon.colcon_core.package_identification:_identify(src/mocap_optitrack) by extensions ['colcon_pkg']
[0.274s] Level 1:colcon.colcon_core.package_identification:_identify(src/mocap_optitrack) by extension 'colcon_pkg'
[0.274s] Level 1:colcon.colcon_core.package_identification:_identify(src/mocap_optitrack) by extensions ['colcon_meta']
[0.274s] Level 1:colcon.colcon_core.package_identification:_identify(src/mocap_optitrack) by extension 'colcon_meta'
[0.274s] Level 1:colcon.colcon_core.package_identification:_identify(src/mocap_optitrack) by extensions ['ros']
[0.274s] Level 1:colcon.colcon_core.package_identification:_identify(src/mocap_optitrack) by extension 'ros'
[0.276s] DEBUG:colcon.colcon_core.package_identification:Package 'src/mocap_optitrack' with type 'ros.ament_cmake' and name 'mocap_optitrack'
[0.276s] Level 1:colcon.colcon_core.package_discovery:discover_packages(recursive) using defaults
[0.276s] Level 1:colcon.colcon_core.package_discovery:discover_packages(ignore) discover
[0.276s] Level 1:colcon.colcon_core.package_discovery:discover_packages(ignore) using defaults
[0.276s] Level 1:colcon.colcon_core.package_discovery:discover_packages(path) discover
[0.276s] Level 1:colcon.colcon_core.package_discovery:discover_packages(path) using defaults
[0.303s] Level 1:colcon.colcon_core.package_discovery:discover_packages(prefix_path) check parameters
[0.304s] Level 1:colcon.colcon_core.package_discovery:discover_packages(prefix_path) discover
[0.306s] DEBUG:colcon.colcon_installed_package_information.package_discovery:Found 2 installed packages in /home/paolaramos/tello_ws/install
[0.307s] DEBUG:colcon.colcon_installed_package_information.package_discovery:Found 273 installed packages in /opt/ros/humble
[0.310s] Level 1:colcon.colcon_core.package_discovery:discover_packages(prefix_path) using defaults
[0.356s] Level 5:colcon.colcon_core.verb:set package 'drone' build argument 'cmake_args' from command line to 'None'
[0.356s] Level 5:colcon.colcon_core.verb:set package 'drone' build argument 'cmake_target' from command line to 'None'
[0.356s] Level 5:colcon.colcon_core.verb:set package 'drone' build argument 'cmake_target_skip_unavailable' from command line to 'False'
[0.356s] Level 5:colcon.colcon_core.verb:set package 'drone' build argument 'cmake_clean_cache' from command line to 'False'
[0.356s] Level 5:colcon.colcon_core.verb:set package 'drone' build argument 'cmake_clean_first' from command line to 'False'
[0.356s] Level 5:colcon.colcon_core.verb:set package 'drone' build argument 'cmake_force_configure' from command line to 'False'
[0.356s] Level 5:colcon.colcon_core.verb:set package 'drone' build argument 'ament_cmake_args' from command line to 'None'
[0.356s] Level 5:colcon.colcon_core.verb:set package 'drone' build argument 'catkin_cmake_args' from command line to 'None'
[0.356s] Level 5:colcon.colcon_core.verb:set package 'drone' build argument 'catkin_skip_building_tests' from command line to 'False'
[0.356s] DEBUG:colcon.colcon_core.verb:Building package 'drone' with the following arguments: {'ament_cmake_args': None, 'build_base': '/home/paolaramos/tello_ws/build/drone', 'catkin_cmake_args': None, 'catkin_skip_building_tests': False, 'cmake_args': None, 'cmake_clean_cache': False, 'cmake_clean_first': False, 'cmake_force_configure': False, 'cmake_target': None, 'cmake_target_skip_unavailable': False, 'install_base': '/home/paolaramos/tello_ws/install/drone', 'merge_install': False, 'path': '/home/paolaramos/tello_ws/src/drone', 'symlink_install': False, 'test_result_base': None}
[0.357s] Level 5:colcon.colcon_core.verb:set package 'mocap_optitrack' build argument 'cmake_args' from command line to 'None'
[0.357s] Level 5:colcon.colcon_core.verb:set package 'mocap_optitrack' build argument 'cmake_target' from command line to 'None'
[0.357s] Level 5:colcon.colcon_core.verb:set package 'mocap_optitrack' build argument 'cmake_target_skip_unavailable' from command line to 'False'
[0.357s] Level 5:colcon.colcon_core.verb:set package 'mocap_optitrack' build argument 'cmake_clean_cache' from command line to 'False'
[0.357s] Level 5:colcon.colcon_core.verb:set package 'mocap_optitrack' build argument 'cmake_clean_first' from command line to 'False'
[0.357s] Level 5:colcon.colcon_core.verb:set package 'mocap_optitrack' build argument 'cmake_force_configure' from command line to 'False'
[0.357s] Level 5:colcon.colcon_core.verb:set package 'mocap_optitrack' build argument 'ament_cmake_args' from command line to 'None'
[0.357s] Level 5:colcon.colcon_core.verb:set package 'mocap_optitrack' build argument 'catkin_cmake_args' from command line to 'None'
[0.357s] Level 5:colcon.colcon_core.verb:set package 'mocap_optitrack' build argument 'catkin_skip_building_tests' from command line to 'False'
[0.357s] DEBUG:colcon.colcon_core.verb:Building package 'mocap_optitrack' with the following arguments: {'ament_cmake_args': None, 'build_base': '/home/paolaramos/tello_ws/build/mocap_optitrack', 'catkin_cmake_args': None, 'catkin_skip_building_tests': False, 'cmake_args': None, 'cmake_clean_cache': False, 'cmake_clean_first': False, 'cmake_force_configure': False, 'cmake_target': None, 'cmake_target_skip_unavailable': False, 'install_base': '/home/paolaramos/tello_ws/install/mocap_optitrack', 'merge_install': False, 'path': '/home/paolaramos/tello_ws/src/mocap_optitrack', 'symlink_install': False, 'test_result_base': None}
[0.358s] INFO:colcon.colcon_core.executor:Executing jobs using 'parallel' executor
[0.360s] DEBUG:colcon.colcon_parallel_executor.executor.parallel:run_until_complete
[0.361s] INFO:colcon.colcon_ros.task.ament_python.build:Building ROS package in '/home/paolaramos/tello_ws/src/drone' with build type 'ament_python'
[0.361s] Level 1:colcon.colcon_core.shell:create_environment_hook('drone', 'ament_prefix_path')
[0.366s] INFO:colcon.colcon_core.plugin_system:Skipping extension 'colcon_core.shell.bat': Not used on non-Windows systems
[0.366s] INFO:colcon.colcon_core.shell:Creating environment hook '/home/paolaramos/tello_ws/install/drone/share/drone/hook/ament_prefix_path.ps1'
[0.367s] INFO:colcon.colcon_core.shell:Creating environment descriptor '/home/paolaramos/tello_ws/install/drone/share/drone/hook/ament_prefix_path.dsv'
[0.368s] INFO:colcon.colcon_core.shell:Creating environment hook '/home/paolaramos/tello_ws/install/drone/share/drone/hook/ament_prefix_path.sh'
[0.370s] INFO:colcon.colcon_core.shell:Skip shell extension 'powershell' for command environment: Not usable outside of PowerShell
[0.371s] DEBUG:colcon.colcon_core.shell:Skip shell extension 'dsv' for command environment
[0.377s] INFO:colcon.colcon_ros.task.ament_cmake.build:Building ROS package in '/home/paolaramos/tello_ws/src/mocap_optitrack' with build type 'ament_cmake'
[0.378s] INFO:colcon.colcon_cmake.task.cmake.build:Building CMake package in '/home/paolaramos/tello_ws/src/mocap_optitrack'
[0.379s] INFO:colcon.colcon_core.shell:Skip shell extension 'powershell' for command environment: Not usable outside of PowerShell
[0.379s] DEBUG:colcon.colcon_core.shell:Skip shell extension 'dsv' for command environment
[0.721s] INFO:colcon.colcon_core.task.python.build:Building Python package in '/home/paolaramos/tello_ws/src/drone'
[0.723s] INFO:colcon.colcon_core.shell:Skip shell extension 'powershell' for command environment: Not usable outside of PowerShell
[0.723s] DEBUG:colcon.colcon_core.shell:Skip shell extension 'dsv' for command environment
[0.759s] DEBUG:colcon.colcon_core.event_handler.log_command:Invoking command in '/home/paolaramos/tello_ws/build/mocap_optitrack': CMAKE_PREFIX_PATH=${CMAKE_PREFIX_PATH}:/home/paolaramos/tello_ws/install/drone:/opt/ros/humble /usr/bin/cmake --build /home/paolaramos/tello_ws/build/mocap_optitrack -- -j4 -l4
[0.987s] DEBUG:colcon.colcon_core.event_handler.log_command:Invoked command in '/home/paolaramos/tello_ws/build/mocap_optitrack' returned '0': CMAKE_PREFIX_PATH=${CMAKE_PREFIX_PATH}:/home/paolaramos/tello_ws/install/drone:/opt/ros/humble /usr/bin/cmake --build /home/paolaramos/tello_ws/build/mocap_optitrack -- -j4 -l4
[1.009s] DEBUG:colcon.colcon_core.event_handler.log_command:Invoking command in '/home/paolaramos/tello_ws/build/mocap_optitrack': CMAKE_PREFIX_PATH=${CMAKE_PREFIX_PATH}:/home/paolaramos/tello_ws/install/drone:/opt/ros/humble /usr/bin/cmake --install /home/paolaramos/tello_ws/build/mocap_optitrack
[1.056s] Level 1:colcon.colcon_core.environment:create_environment_scripts_only(mocap_optitrack)
[1.058s] Level 1:colcon.colcon_core.environment:checking '/home/paolaramos/tello_ws/install/mocap_optitrack' for CMake module files
[1.060s] DEBUG:colcon.colcon_core.event_handler.log_command:Invoked command in '/home/paolaramos/tello_ws/build/mocap_optitrack' returned '0': CMAKE_PREFIX_PATH=${CMAKE_PREFIX_PATH}:/home/paolaramos/tello_ws/install/drone:/opt/ros/humble /usr/bin/cmake --install /home/paolaramos/tello_ws/build/mocap_optitrack
[1.061s] Level 1:colcon.colcon_core.environment:checking '/home/paolaramos/tello_ws/install/mocap_optitrack' for CMake config files
[1.061s] Level 1:colcon.colcon_core.shell:create_environment_hook('mocap_optitrack', 'cmake_prefix_path')
[1.062s] INFO:colcon.colcon_core.shell:Creating environment hook '/home/paolaramos/tello_ws/install/mocap_optitrack/share/mocap_optitrack/hook/cmake_prefix_path.ps1'
[1.063s] INFO:colcon.colcon_core.shell:Creating environment descriptor '/home/paolaramos/tello_ws/install/mocap_optitrack/share/mocap_optitrack/hook/cmake_prefix_path.dsv'
[1.064s] INFO:colcon.colcon_core.shell:Creating environment hook '/home/paolaramos/tello_ws/install/mocap_optitrack/share/mocap_optitrack/hook/cmake_prefix_path.sh'
[1.066s] Level 1:colcon.colcon_core.environment:checking '/home/paolaramos/tello_ws/install/mocap_optitrack/lib'
[1.066s] Level 1:colcon.colcon_core.environment:checking '/home/paolaramos/tello_ws/install/mocap_optitrack/bin'
[1.067s] Level 1:colcon.colcon_core.environment:checking '/home/paolaramos/tello_ws/install/mocap_optitrack/lib/pkgconfig/mocap_optitrack.pc'
[1.067s] Level 1:colcon.colcon_core.environment:checking '/home/paolaramos/tello_ws/install/mocap_optitrack/lib/python3.10/site-packages'
[1.068s] Level 1:colcon.colcon_core.environment:checking '/home/paolaramos/tello_ws/install/mocap_optitrack/bin'
[1.068s] INFO:colcon.colcon_core.shell:Creating package script '/home/paolaramos/tello_ws/install/mocap_optitrack/share/mocap_optitrack/package.ps1'
[1.070s] INFO:colcon.colcon_core.shell:Creating package descriptor '/home/paolaramos/tello_ws/install/mocap_optitrack/share/mocap_optitrack/package.dsv'
[1.071s] INFO:colcon.colcon_core.shell:Creating package script '/home/paolaramos/tello_ws/install/mocap_optitrack/share/mocap_optitrack/package.sh'
[1.072s] INFO:colcon.colcon_core.shell:Creating package script '/home/paolaramos/tello_ws/install/mocap_optitrack/share/mocap_optitrack/package.bash'
[1.074s] INFO:colcon.colcon_core.shell:Creating package script '/home/paolaramos/tello_ws/install/mocap_optitrack/share/mocap_optitrack/package.zsh'
[1.076s] Level 1:colcon.colcon_core.environment:create_file_with_runtime_dependencies(/home/paolaramos/tello_ws/install/mocap_optitrack/share/colcon-core/packages/mocap_optitrack)
[1.077s] Level 1:colcon.colcon_core.environment:create_environment_scripts_only(mocap_optitrack)
[1.078s] Level 1:colcon.colcon_core.environment:checking '/home/paolaramos/tello_ws/install/mocap_optitrack' for CMake module files
[1.078s] Level 1:colcon.colcon_core.environment:checking '/home/paolaramos/tello_ws/install/mocap_optitrack' for CMake config files
[1.079s] Level 1:colcon.colcon_core.shell:create_environment_hook('mocap_optitrack', 'cmake_prefix_path')
[1.079s] INFO:colcon.colcon_core.shell:Creating environment hook '/home/paolaramos/tello_ws/install/mocap_optitrack/share/mocap_optitrack/hook/cmake_prefix_path.ps1'
[1.080s] INFO:colcon.colcon_core.shell:Creating environment descriptor '/home/paolaramos/tello_ws/install/mocap_optitrack/share/mocap_optitrack/hook/cmake_prefix_path.dsv'
[1.082s] INFO:colcon.colcon_core.shell:Creating environment hook '/home/paolaramos/tello_ws/install/mocap_optitrack/share/mocap_optitrack/hook/cmake_prefix_path.sh'
[1.083s] Level 1:colcon.colcon_core.environment:checking '/home/paolaramos/tello_ws/install/mocap_optitrack/lib'
[1.084s] Level 1:colcon.colcon_core.environment:checking '/home/paolaramos/tello_ws/install/mocap_optitrack/bin'
[1.084s] Level 1:colcon.colcon_core.environment:checking '/home/paolaramos/tello_ws/install/mocap_optitrack/lib/pkgconfig/mocap_optitrack.pc'
[1.085s] Level 1:colcon.colcon_core.environment:checking '/home/paolaramos/tello_ws/install/mocap_optitrack/lib/python3.10/site-packages'
[1.085s] Level 1:colcon.colcon_core.environment:checking '/home/paolaramos/tello_ws/install/mocap_optitrack/bin'
[1.086s] INFO:colcon.colcon_core.shell:Creating package script '/home/paolaramos/tello_ws/install/mocap_optitrack/share/mocap_optitrack/package.ps1'
[1.087s] INFO:colcon.colcon_core.shell:Creating package descriptor '/home/paolaramos/tello_ws/install/mocap_optitrack/share/mocap_optitrack/package.dsv'
[1.088s] INFO:colcon.colcon_core.shell:Creating package script '/home/paolaramos/tello_ws/install/mocap_optitrack/share/mocap_optitrack/package.sh'
[1.089s] INFO:colcon.colcon_core.shell:Creating package script '/home/paolaramos/tello_ws/install/mocap_optitrack/share/mocap_optitrack/package.bash'
[1.091s] INFO:colcon.colcon_core.shell:Creating package script '/home/paolaramos/tello_ws/install/mocap_optitrack/share/mocap_optitrack/package.zsh'
[1.092s] Level 1:colcon.colcon_core.environment:create_file_with_runtime_dependencies(/home/paolaramos/tello_ws/install/mocap_optitrack/share/colcon-core/packages/mocap_optitrack)
[1.611s] DEBUG:colcon.colcon_core.event_handler.log_command:Invoking command in '/home/paolaramos/tello_ws/src/drone': PYTHONPATH=/home/paolaramos/tello_ws/build/drone/prefix_override:/usr/lib/python3/dist-packages/colcon_core/task/python/colcon_distutils_commands:/home/paolaramos/tello_ws/install/drone/lib/python3.10/site-packages:${PYTHONPATH} /usr/bin/python3 -W ignore:setup.py install is deprecated -W ignore:easy_install command is deprecated setup.py egg_info --egg-base ../../build/drone build --build-base /home/paolaramos/tello_ws/build/drone/build install --record /home/paolaramos/tello_ws/build/drone/install.log --single-version-externally-managed install_data
[2.317s] Level 1:colcon.colcon_core.environment:checking '/home/paolaramos/tello_ws/install/drone' for CMake module files
[2.319s] Level 1:colcon.colcon_core.environment:checking '/home/paolaramos/tello_ws/install/drone' for CMake config files
[2.321s] DEBUG:colcon.colcon_core.event_handler.log_command:Invoked command in '/home/paolaramos/tello_ws/src/drone' returned '0': PYTHONPATH=/home/paolaramos/tello_ws/build/drone/prefix_override:/usr/lib/python3/dist-packages/colcon_core/task/python/colcon_distutils_commands:/home/paolaramos/tello_ws/install/drone/lib/python3.10/site-packages:${PYTHONPATH} /usr/bin/python3 -W ignore:setup.py install is deprecated -W ignore:easy_install command is deprecated setup.py egg_info --egg-base ../../build/drone build --build-base /home/paolaramos/tello_ws/build/drone/build install --record /home/paolaramos/tello_ws/build/drone/install.log --single-version-externally-managed install_data
[2.323s] Level 1:colcon.colcon_core.environment:checking '/home/paolaramos/tello_ws/install/drone/lib'
[2.323s] Level 1:colcon.colcon_core.environment:checking '/home/paolaramos/tello_ws/install/drone/bin'
[2.323s] Level 1:colcon.colcon_core.environment:checking '/home/paolaramos/tello_ws/install/drone/lib/pkgconfig/drone.pc'
[2.323s] Level 1:colcon.colcon_core.environment:checking '/home/paolaramos/tello_ws/install/drone/lib/python3.10/site-packages'
[2.324s] Level 1:colcon.colcon_core.shell:create_environment_hook('drone', 'pythonpath')
[2.325s] INFO:colcon.colcon_core.shell:Creating environment hook '/home/paolaramos/tello_ws/install/drone/share/drone/hook/pythonpath.ps1'
[2.326s] INFO:colcon.colcon_core.shell:Creating environment descriptor '/home/paolaramos/tello_ws/install/drone/share/drone/hook/pythonpath.dsv'
[2.327s] INFO:colcon.colcon_core.shell:Creating environment hook '/home/paolaramos/tello_ws/install/drone/share/drone/hook/pythonpath.sh'
[2.329s] Level 1:colcon.colcon_core.environment:checking '/home/paolaramos/tello_ws/install/drone/bin'
[2.330s] Level 1:colcon.colcon_core.environment:create_environment_scripts_only(drone)
[2.331s] INFO:colcon.colcon_core.shell:Creating package script '/home/paolaramos/tello_ws/install/drone/share/drone/package.ps1'
[2.332s] INFO:colcon.colcon_core.shell:Creating package descriptor '/home/paolaramos/tello_ws/install/drone/share/drone/package.dsv'
[2.333s] INFO:colcon.colcon_core.shell:Creating package script '/home/paolaramos/tello_ws/install/drone/share/drone/package.sh'
[2.335s] INFO:colcon.colcon_core.shell:Creating package script '/home/paolaramos/tello_ws/install/drone/share/drone/package.bash'
[2.336s] INFO:colcon.colcon_core.shell:Creating package script '/home/paolaramos/tello_ws/install/drone/share/drone/package.zsh'
[2.338s] Level 1:colcon.colcon_core.environment:create_file_with_runtime_dependencies(/home/paolaramos/tello_ws/install/drone/share/colcon-core/packages/drone)
[2.339s] DEBUG:colcon.colcon_parallel_executor.executor.parallel:closing loop
[2.339s] DEBUG:colcon.colcon_parallel_executor.executor.parallel:loop closed
[2.339s] DEBUG:colcon.colcon_parallel_executor.executor.parallel:run_until_complete finished with '0'
[2.339s] DEBUG:colcon.colcon_core.event_reactor:joining thread
[2.372s] INFO:colcon.colcon_core.plugin_system:Skipping extension 'colcon_notification.desktop_notification.terminal_notifier': Not used on non-Darwin systems
[2.373s] INFO:colcon.colcon_core.plugin_system:Skipping extension 'colcon_notification.desktop_notification.win32': Not used on non-Windows systems
[2.374s] INFO:colcon.colcon_notification.desktop_notification:Sending desktop notification using 'notify2'
[2.419s] DEBUG:colcon.colcon_core.event_reactor:joined thread
[2.420s] INFO:colcon.colcon_core.shell:Creating prefix script '/home/paolaramos/tello_ws/install/local_setup.ps1'
[2.423s] INFO:colcon.colcon_core.shell:Creating prefix util module '/home/paolaramos/tello_ws/install/_local_setup_util_ps1.py'
[2.426s] INFO:colcon.colcon_core.shell:Creating prefix chain script '/home/paolaramos/tello_ws/install/setup.ps1'
[2.429s] INFO:colcon.colcon_core.shell:Creating prefix script '/home/paolaramos/tello_ws/install/local_setup.sh'
[2.433s] INFO:colcon.colcon_core.shell:Creating prefix util module '/home/paolaramos/tello_ws/install/_local_setup_util_sh.py'
[2.435s] INFO:colcon.colcon_core.shell:Creating prefix chain script '/home/paolaramos/tello_ws/install/setup.sh'
[2.438s] INFO:colcon.colcon_core.shell:Creating prefix script '/home/paolaramos/tello_ws/install/local_setup.bash'
[2.439s] INFO:colcon.colcon_core.shell:Creating prefix chain script '/home/paolaramos/tello_ws/install/setup.bash'
[2.441s] INFO:colcon.colcon_core.shell:Creating prefix script '/home/paolaramos/tello_ws/install/local_setup.zsh'
[2.442s] INFO:colcon.colcon_core.shell:Creating prefix chain script '/home/paolaramos/tello_ws/install/setup.zsh'
