[2.246s] Invoking command in '/home/paolaramos/Proyecto/tello_ws/src/drone': PYTHONPATH=/home/paolaramos/Proyecto/tello_ws/build/drone/prefix_override:/usr/lib/python3/dist-packages/colcon_core/task/python/colcon_distutils_commands:/home/paolaramos/Proyecto/tello_ws/install/drone/lib/python3.10/site-packages:${PYTHONPATH} /usr/bin/python3 -W ignore:setup.py install is deprecated -W ignore:easy_install command is deprecated setup.py egg_info --egg-base ../../build/drone build --build-base /home/paolaramos/Proyecto/tello_ws/build/drone/build install --record /home/paolaramos/Proyecto/tello_ws/build/drone/install.log --single-version-externally-managed install_data
[2.479s] running egg_info
[2.493s] writing ../../build/drone/drone.egg-info/PKG-INFO
[2.494s] writing dependency_links to ../../build/drone/drone.egg-info/dependency_links.txt
[2.497s] writing entry points to ../../build/drone/drone.egg-info/entry_points.txt
[2.498s] writing requirements to ../../build/drone/drone.egg-info/requires.txt
[2.498s] writing top-level names to ../../build/drone/drone.egg-info/top_level.txt
[2.524s] reading manifest file '../../build/drone/drone.egg-info/SOURCES.txt'
[2.528s] writing manifest file '../../build/drone/drone.egg-info/SOURCES.txt'
[2.530s] running build
[2.530s] running build_py
[2.530s] copying drone/__init__.py -> /home/paolaramos/Proyecto/tello_ws/build/drone/build/lib/drone
[2.530s] copying drone/controller.py -> /home/paolaramos/Proyecto/tello_ws/build/drone/build/lib/drone
[2.530s] copying drone/odometry.py -> /home/paolaramos/Proyecto/tello_ws/build/drone/build/lib/drone
[2.532s] running install
[2.542s] running install_lib
[2.553s] copying /home/paolaramos/Proyecto/tello_ws/build/drone/build/lib/drone/controller.py -> /home/paolaramos/Proyecto/tello_ws/install/drone/lib/python3.10/site-packages/drone
[2.555s] byte-compiling /home/paolaramos/Proyecto/tello_ws/install/drone/lib/python3.10/site-packages/drone/controller.py to controller.cpython-310.pyc
[2.561s] running install_data
[2.562s] copying resource/drone -> /home/paolaramos/Proyecto/tello_ws/install/drone/share/ament_index/resource_index/packages
[2.562s] copying package.xml -> /home/paolaramos/Proyecto/tello_ws/install/drone/share/drone
[2.562s] copying launch/drone_launch.py -> /home/paolaramos/Proyecto/tello_ws/install/drone/share/drone/launch
[2.564s] running install_egg_info
[2.581s] removing '/home/paolaramos/Proyecto/tello_ws/install/drone/lib/python3.10/site-packages/drone-0.0.0-py3.10.egg-info' (and everything under it)
[2.581s] Copying ../../build/drone/drone.egg-info to /home/paolaramos/Proyecto/tello_ws/install/drone/lib/python3.10/site-packages/drone-0.0.0-py3.10.egg-info
[2.582s] running install_scripts
[2.686s] Installing controller script to /home/paolaramos/Proyecto/tello_ws/install/drone/lib/drone
[2.687s] Installing odometry script to /home/paolaramos/Proyecto/tello_ws/install/drone/lib/drone
[2.687s] writing list of installed files to '/home/paolaramos/Proyecto/tello_ws/build/drone/install.log'
[2.726s] Invoked command in '/home/paolaramos/Proyecto/tello_ws/src/drone' returned '0': PYTHONPATH=/home/paolaramos/Proyecto/tello_ws/build/drone/prefix_override:/usr/lib/python3/dist-packages/colcon_core/task/python/colcon_distutils_commands:/home/paolaramos/Proyecto/tello_ws/install/drone/lib/python3.10/site-packages:${PYTHONPATH} /usr/bin/python3 -W ignore:setup.py install is deprecated -W ignore:easy_install command is deprecated setup.py egg_info --egg-base ../../build/drone build --build-base /home/paolaramos/Proyecto/tello_ws/build/drone/build install --record /home/paolaramos/Proyecto/tello_ws/build/drone/install.log --single-version-externally-managed install_data
