[2.250s] Invoking command in '/home/paolaramos/Documents/Autonomous-Drone/tello_ws/src/tello_control': PYTHONPATH=/home/paolaramos/Documents/Autonomous-Drone/tello_ws/build/tello_control/prefix_override:/usr/lib/python3/dist-packages/colcon_core/task/python/colcon_distutils_commands:/home/paolaramos/Documents/Autonomous-Drone/tello_ws/install/tello_control/lib/python3.10/site-packages:${PYTHONPATH} /usr/bin/python3 -W ignore:setup.py install is deprecated -W ignore:easy_install command is deprecated setup.py egg_info --egg-base ../../build/tello_control build --build-base /home/paolaramos/Documents/Autonomous-Drone/tello_ws/build/tello_control/build install --record /home/paolaramos/Documents/Autonomous-Drone/tello_ws/build/tello_control/install.log --single-version-externally-managed install_data
[2.552s] running egg_info
[2.553s] writing ../../build/tello_control/tello_control.egg-info/PKG-INFO
[2.556s] writing dependency_links to ../../build/tello_control/tello_control.egg-info/dependency_links.txt
[2.557s] writing entry points to ../../build/tello_control/tello_control.egg-info/entry_points.txt
[2.564s] writing requirements to ../../build/tello_control/tello_control.egg-info/requires.txt
[2.564s] writing top-level names to ../../build/tello_control/tello_control.egg-info/top_level.txt
[2.564s] reading manifest file '../../build/tello_control/tello_control.egg-info/SOURCES.txt'
[2.579s] writing manifest file '../../build/tello_control/tello_control.egg-info/SOURCES.txt'
[2.579s] running build
[2.579s] running build_py
[2.587s] running install
[2.587s] running install_lib
[2.592s] running install_data
[2.613s] running install_egg_info
[2.718s] removing '/home/paolaramos/Documents/Autonomous-Drone/tello_ws/install/tello_control/lib/python3.10/site-packages/tello_control-0.0.0-py3.10.egg-info' (and everything under it)
[2.718s] Copying ../../build/tello_control/tello_control.egg-info to /home/paolaramos/Documents/Autonomous-Drone/tello_ws/install/tello_control/lib/python3.10/site-packages/tello_control-0.0.0-py3.10.egg-info
[2.718s] running install_scripts
[2.752s] Installing control_node script to /home/paolaramos/Documents/Autonomous-Drone/tello_ws/install/tello_control/lib/tello_control
[2.755s] writing list of installed files to '/home/paolaramos/Documents/Autonomous-Drone/tello_ws/build/tello_control/install.log'
[2.788s] Invoked command in '/home/paolaramos/Documents/Autonomous-Drone/tello_ws/src/tello_control' returned '0': PYTHONPATH=/home/paolaramos/Documents/Autonomous-Drone/tello_ws/build/tello_control/prefix_override:/usr/lib/python3/dist-packages/colcon_core/task/python/colcon_distutils_commands:/home/paolaramos/Documents/Autonomous-Drone/tello_ws/install/tello_control/lib/python3.10/site-packages:${PYTHONPATH} /usr/bin/python3 -W ignore:setup.py install is deprecated -W ignore:easy_install command is deprecated setup.py egg_info --egg-base ../../build/tello_control build --build-base /home/paolaramos/Documents/Autonomous-Drone/tello_ws/build/tello_control/build install --record /home/paolaramos/Documents/Autonomous-Drone/tello_ws/build/tello_control/install.log --single-version-externally-managed install_data
