running egg_info
creating ../../../build/tello_controller/tello_controller.egg-info
writing ../../../build/tello_controller/tello_controller.egg-info/PKG-INFO
writing dependency_links to ../../../build/tello_controller/tello_controller.egg-info/dependency_links.txt
writing entry points to ../../../build/tello_controller/tello_controller.egg-info/entry_points.txt
writing requirements to ../../../build/tello_controller/tello_controller.egg-info/requires.txt
writing top-level names to ../../../build/tello_controller/tello_controller.egg-info/top_level.txt
writing manifest file '../../../build/tello_controller/tello_controller.egg-info/SOURCES.txt'
reading manifest file '../../../build/tello_controller/tello_controller.egg-info/SOURCES.txt'
writing manifest file '../../../build/tello_controller/tello_controller.egg-info/SOURCES.txt'
running build
running build_py
creating /home/paolaramos/Proyecto/tello_ws/build/tello_controller/build/lib/tello_controller
copying tello_controller/tello_controller_node.py -> /home/paolaramos/Proyecto/tello_ws/build/tello_controller/build/lib/tello_controller
copying tello_controller/__init__.py -> /home/paolaramos/Proyecto/tello_ws/build/tello_controller/build/lib/tello_controller
running install
running install_lib
creating /home/paolaramos/Proyecto/tello_ws/install/tello_controller/lib/python3.10/site-packages/tello_controller
copying /home/paolaramos/Proyecto/tello_ws/build/tello_controller/build/lib/tello_controller/tello_controller_node.py -> /home/paolaramos/Proyecto/tello_ws/install/tello_controller/lib/python3.10/site-packages/tello_controller
copying /home/paolaramos/Proyecto/tello_ws/build/tello_controller/build/lib/tello_controller/__init__.py -> /home/paolaramos/Proyecto/tello_ws/install/tello_controller/lib/python3.10/site-packages/tello_controller
byte-compiling /home/paolaramos/Proyecto/tello_ws/install/tello_controller/lib/python3.10/site-packages/tello_controller/tello_controller_node.py to tello_controller_node.cpython-310.pyc
byte-compiling /home/paolaramos/Proyecto/tello_ws/install/tello_controller/lib/python3.10/site-packages/tello_controller/__init__.py to __init__.cpython-310.pyc
running install_data
creating /home/paolaramos/Proyecto/tello_ws/install/tello_controller/share/ament_index/resource_index/packages
copying resource/tello_controller -> /home/paolaramos/Proyecto/tello_ws/install/tello_controller/share/ament_index/resource_index/packages
copying package.xml -> /home/paolaramos/Proyecto/tello_ws/install/tello_controller/share/tello_controller
creating /home/paolaramos/Proyecto/tello_ws/install/tello_controller/share/tello_controller/launch
copying launch/tello_with_optitrack.launch.py -> /home/paolaramos/Proyecto/tello_ws/install/tello_controller/share/tello_controller/launch
running install_egg_info
Copying ../../../build/tello_controller/tello_controller.egg-info to /home/paolaramos/Proyecto/tello_ws/install/tello_controller/lib/python3.10/site-packages/tello_controller-0.1.0-py3.10.egg-info
running install_scripts
Installing tello_controller_node script to /home/paolaramos/Proyecto/tello_ws/install/tello_controller/lib/tello_controller
writing list of installed files to '/home/paolaramos/Proyecto/tello_ws/build/tello_controller/install.log'
