[4.996s] Invoking command in '/home/paolaramos/Proyecto/tello_ws/src/tello_controller_ros2/tello_controller': PYTHONPATH=/home/paolaramos/Proyecto/tello_ws/build/tello_controller/prefix_override:/usr/lib/python3/dist-packages/colcon_core/task/python/colcon_distutils_commands:/home/paolaramos/Proyecto/tello_ws/install/tello_controller/lib/python3.10/site-packages:${PYTHONPATH} /usr/bin/python3 -W ignore:setup.py install is deprecated -W ignore:easy_install command is deprecated setup.py egg_info --egg-base ../../../build/tello_controller build --build-base /home/paolaramos/Proyecto/tello_ws/build/tello_controller/build install --record /home/paolaramos/Proyecto/tello_ws/build/tello_controller/install.log --single-version-externally-managed install_data
[5.560s] /home/paolaramos/.local/lib/python3.10/site-packages/setuptools/_distutils/dist.py:261: UserWarning: Unknown distribution option: 'tests_require'
[5.562s]   warnings.warn(msg)
[5.842s] running egg_info
[5.870s] creating ../../../build/tello_controller/tello_controller.egg-info
[5.885s] writing ../../../build/tello_controller/tello_controller.egg-info/PKG-INFO
[5.885s] writing dependency_links to ../../../build/tello_controller/tello_controller.egg-info/dependency_links.txt
[5.885s] writing entry points to ../../../build/tello_controller/tello_controller.egg-info/entry_points.txt
[5.886s] writing requirements to ../../../build/tello_controller/tello_controller.egg-info/requires.txt
[5.886s] writing top-level names to ../../../build/tello_controller/tello_controller.egg-info/top_level.txt
[5.886s] writing manifest file '../../../build/tello_controller/tello_controller.egg-info/SOURCES.txt'
[5.936s] reading manifest file '../../../build/tello_controller/tello_controller.egg-info/SOURCES.txt'
[5.941s] writing manifest file '../../../build/tello_controller/tello_controller.egg-info/SOURCES.txt'
[5.941s] running build
[5.944s] running build_py
[5.944s] creating /home/paolaramos/Proyecto/tello_ws/build/tello_controller/build/lib/tello_controller
[5.944s] copying tello_controller/tello_controller_node.py -> /home/paolaramos/Proyecto/tello_ws/build/tello_controller/build/lib/tello_controller
[5.945s] copying tello_controller/__init__.py -> /home/paolaramos/Proyecto/tello_ws/build/tello_controller/build/lib/tello_controller
[5.945s] running install
[5.945s] running install_lib
[5.965s] creating /home/paolaramos/Proyecto/tello_ws/install/tello_controller/lib/python3.10/site-packages/tello_controller
[5.966s] copying /home/paolaramos/Proyecto/tello_ws/build/tello_controller/build/lib/tello_controller/tello_controller_node.py -> /home/paolaramos/Proyecto/tello_ws/install/tello_controller/lib/python3.10/site-packages/tello_controller
[5.966s] copying /home/paolaramos/Proyecto/tello_ws/build/tello_controller/build/lib/tello_controller/__init__.py -> /home/paolaramos/Proyecto/tello_ws/install/tello_controller/lib/python3.10/site-packages/tello_controller
[5.971s] byte-compiling /home/paolaramos/Proyecto/tello_ws/install/tello_controller/lib/python3.10/site-packages/tello_controller/tello_controller_node.py to tello_controller_node.cpython-310.pyc
[5.971s] byte-compiling /home/paolaramos/Proyecto/tello_ws/install/tello_controller/lib/python3.10/site-packages/tello_controller/__init__.py to __init__.cpython-310.pyc
[5.971s] running install_data
[5.972s] creating /home/paolaramos/Proyecto/tello_ws/install/tello_controller/share/ament_index/resource_index/packages
[5.975s] copying resource/tello_controller -> /home/paolaramos/Proyecto/tello_ws/install/tello_controller/share/ament_index/resource_index/packages
[5.976s] copying package.xml -> /home/paolaramos/Proyecto/tello_ws/install/tello_controller/share/tello_controller
[5.976s] creating /home/paolaramos/Proyecto/tello_ws/install/tello_controller/share/tello_controller/launch
[5.976s] copying launch/tello_with_optitrack.launch.py -> /home/paolaramos/Proyecto/tello_ws/install/tello_controller/share/tello_controller/launch
[5.980s] running install_egg_info
[6.001s] Copying ../../../build/tello_controller/tello_controller.egg-info to /home/paolaramos/Proyecto/tello_ws/install/tello_controller/lib/python3.10/site-packages/tello_controller-0.1.0-py3.10.egg-info
[6.022s] running install_scripts
[6.418s] Installing tello_controller_node script to /home/paolaramos/Proyecto/tello_ws/install/tello_controller/lib/tello_controller
[6.419s] writing list of installed files to '/home/paolaramos/Proyecto/tello_ws/build/tello_controller/install.log'
[6.546s] Invoked command in '/home/paolaramos/Proyecto/tello_ws/src/tello_controller_ros2/tello_controller' returned '0': PYTHONPATH=/home/paolaramos/Proyecto/tello_ws/build/tello_controller/prefix_override:/usr/lib/python3/dist-packages/colcon_core/task/python/colcon_distutils_commands:/home/paolaramos/Proyecto/tello_ws/install/tello_controller/lib/python3.10/site-packages:${PYTHONPATH} /usr/bin/python3 -W ignore:setup.py install is deprecated -W ignore:easy_install command is deprecated setup.py egg_info --egg-base ../../../build/tello_controller build --build-base /home/paolaramos/Proyecto/tello_ws/build/tello_controller/build install --record /home/paolaramos/Proyecto/tello_ws/build/tello_controller/install.log --single-version-externally-managed install_data
