[0.941s] Invoking command in '/home/paolaramos/Github/testControl/Autonomous-Drone/tello_ws/src/tello_controller': PYTHONPATH=/home/paolaramos/Github/testControl/Autonomous-Drone/tello_ws/build/tello_controller/prefix_override:/usr/lib/python3/dist-packages/colcon_core/task/python/colcon_distutils_commands:/home/paolaramos/Github/testControl/Autonomous-Drone/tello_ws/install/tello_controller/lib/python3.10/site-packages:${PYTHONPATH} /usr/bin/python3 -W ignore:setup.py install is deprecated -W ignore:easy_install command is deprecated setup.py egg_info --egg-base ../../build/tello_controller build --build-base /home/paolaramos/Github/testControl/Autonomous-Drone/tello_ws/build/tello_controller/build install --record /home/paolaramos/Github/testControl/Autonomous-Drone/tello_ws/build/tello_controller/install.log --single-version-externally-managed install_data
[1.252s] running egg_info
[1.264s] writing ../../build/tello_controller/tello_controller.egg-info/PKG-INFO
[1.268s] writing dependency_links to ../../build/tello_controller/tello_controller.egg-info/dependency_links.txt
[1.268s] writing entry points to ../../build/tello_controller/tello_controller.egg-info/entry_points.txt
[1.271s] writing requirements to ../../build/tello_controller/tello_controller.egg-info/requires.txt
[1.271s] writing top-level names to ../../build/tello_controller/tello_controller.egg-info/top_level.txt
[1.305s] reading manifest file '../../build/tello_controller/tello_controller.egg-info/SOURCES.txt'
[1.312s] writing manifest file '../../build/tello_controller/tello_controller.egg-info/SOURCES.txt'
[1.312s] running build
[1.312s] running build_py
[1.312s] running install
[1.318s] running install_lib
[1.344s] running install_data
[1.344s] running install_egg_info
[1.359s] Copying ../../build/tello_controller/tello_controller.egg-info to /home/paolaramos/Github/testControl/Autonomous-Drone/tello_ws/install/tello_controller/lib/python3.10/site-packages/tello_controller-0.0.0-py3.10.egg-info
[1.361s] running install_scripts
[1.481s] Installing tello_controller_node script to /home/paolaramos/Github/testControl/Autonomous-Drone/tello_ws/install/tello_controller/lib/tello_controller
[1.482s] writing list of installed files to '/home/paolaramos/Github/testControl/Autonomous-Drone/tello_ws/build/tello_controller/install.log'
[1.548s] Invoked command in '/home/paolaramos/Github/testControl/Autonomous-Drone/tello_ws/src/tello_controller' returned '0': PYTHONPATH=/home/paolaramos/Github/testControl/Autonomous-Drone/tello_ws/build/tello_controller/prefix_override:/usr/lib/python3/dist-packages/colcon_core/task/python/colcon_distutils_commands:/home/paolaramos/Github/testControl/Autonomous-Drone/tello_ws/install/tello_controller/lib/python3.10/site-packages:${PYTHONPATH} /usr/bin/python3 -W ignore:setup.py install is deprecated -W ignore:easy_install command is deprecated setup.py egg_info --egg-base ../../build/tello_controller build --build-base /home/paolaramos/Github/testControl/Autonomous-Drone/tello_ws/build/tello_controller/build install --record /home/paolaramos/Github/testControl/Autonomous-Drone/tello_ws/build/tello_controller/install.log --single-version-externally-managed install_data
