[1.853s] Invoking command in '/home/paolaramos/Documents/Autonomous-Drone/tello_ws/build/tello_interface': PYTHONPATH=/home/paolaramos/Documents/Autonomous-Drone/tello_ws/build/tello_interface/prefix_override:/usr/lib/python3/dist-packages/colcon_core/task/python/colcon_distutils_commands:/home/paolaramos/Documents/Autonomous-Drone/tello_ws/install/tello_interface/lib/python3.10/site-packages:${PYTHONPATH} /usr/bin/python3 -W ignore:setup.py install is deprecated -W ignore:easy_install command is deprecated setup.py develop --uninstall --editable --build-directory /home/paolaramos/Documents/Autonomous-Drone/tello_ws/build/tello_interface/build
[3.009s] running develop
[3.419s] Removing /home/paolaramos/Documents/Autonomous-Drone/tello_ws/install/tello_interface/lib/python3.10/site-packages/tello-interface.egg-link (link to .)
[3.558s] Invoked command in '/home/paolaramos/Documents/Autonomous-Drone/tello_ws/build/tello_interface' returned '0': PYTHONPATH=/home/paolaramos/Documents/Autonomous-Drone/tello_ws/build/tello_interface/prefix_override:/usr/lib/python3/dist-packages/colcon_core/task/python/colcon_distutils_commands:/home/paolaramos/Documents/Autonomous-Drone/tello_ws/install/tello_interface/lib/python3.10/site-packages:${PYTHONPATH} /usr/bin/python3 -W ignore:setup.py install is deprecated -W ignore:easy_install command is deprecated setup.py develop --uninstall --editable --build-directory /home/paolaramos/Documents/Autonomous-Drone/tello_ws/build/tello_interface/build
[3.570s] Invoking command in '/home/paolaramos/Documents/Autonomous-Drone/tello_ws/src/tello_interface': PYTHONPATH=/home/paolaramos/Documents/Autonomous-Drone/tello_ws/build/tello_interface/prefix_override:/usr/lib/python3/dist-packages/colcon_core/task/python/colcon_distutils_commands:/home/paolaramos/Documents/Autonomous-Drone/tello_ws/install/tello_interface/lib/python3.10/site-packages:${PYTHONPATH} /usr/bin/python3 -W ignore:setup.py install is deprecated -W ignore:easy_install command is deprecated setup.py egg_info --egg-base ../../build/tello_interface build --build-base /home/paolaramos/Documents/Autonomous-Drone/tello_ws/build/tello_interface/build install --record /home/paolaramos/Documents/Autonomous-Drone/tello_ws/build/tello_interface/install.log --single-version-externally-managed install_data --force
[4.513s] running egg_info
[4.513s] writing ../../build/tello_interface/tello_interface.egg-info/PKG-INFO
[4.513s] writing dependency_links to ../../build/tello_interface/tello_interface.egg-info/dependency_links.txt
[4.513s] writing entry points to ../../build/tello_interface/tello_interface.egg-info/entry_points.txt
[4.514s] writing requirements to ../../build/tello_interface/tello_interface.egg-info/requires.txt
[4.541s] writing top-level names to ../../build/tello_interface/tello_interface.egg-info/top_level.txt
[4.565s] reading manifest file '../../build/tello_interface/tello_interface.egg-info/SOURCES.txt'
[4.565s] writing manifest file '../../build/tello_interface/tello_interface.egg-info/SOURCES.txt'
[4.565s] running build
[4.565s] running build_py
[4.565s] running install
[4.565s] running install_lib
[4.565s] creating /home/paolaramos/Documents/Autonomous-Drone/tello_ws/install/tello_interface/lib/python3.10/site-packages/tello_interface
[4.565s] copying /home/paolaramos/Documents/Autonomous-Drone/tello_ws/build/tello_interface/build/lib/tello_interface/__init__.py -> /home/paolaramos/Documents/Autonomous-Drone/tello_ws/install/tello_interface/lib/python3.10/site-packages/tello_interface
[4.565s] copying /home/paolaramos/Documents/Autonomous-Drone/tello_ws/build/tello_interface/build/lib/tello_interface/tello_node.py -> /home/paolaramos/Documents/Autonomous-Drone/tello_ws/install/tello_interface/lib/python3.10/site-packages/tello_interface
[4.565s] byte-compiling /home/paolaramos/Documents/Autonomous-Drone/tello_ws/install/tello_interface/lib/python3.10/site-packages/tello_interface/__init__.py to __init__.cpython-310.pyc
[4.565s] byte-compiling /home/paolaramos/Documents/Autonomous-Drone/tello_ws/install/tello_interface/lib/python3.10/site-packages/tello_interface/tello_node.py to tello_node.cpython-310.pyc
[4.565s] running install_data
[4.565s] copying resource/tello_interface -> /home/paolaramos/Documents/Autonomous-Drone/tello_ws/install/tello_interface/share/ament_index/resource_index/packages
[4.566s] copying package.xml -> /home/paolaramos/Documents/Autonomous-Drone/tello_ws/install/tello_interface/share/tello_interface
[4.566s] running install_egg_info
[4.635s] Copying ../../build/tello_interface/tello_interface.egg-info to /home/paolaramos/Documents/Autonomous-Drone/tello_ws/install/tello_interface/lib/python3.10/site-packages/tello_interface-0.0.0-py3.10.egg-info
[4.635s] running install_scripts
[4.750s] Installing tello_node script to /home/paolaramos/Documents/Autonomous-Drone/tello_ws/install/tello_interface/lib/tello_interface
[4.750s] writing list of installed files to '/home/paolaramos/Documents/Autonomous-Drone/tello_ws/build/tello_interface/install.log'
[4.803s] Invoked command in '/home/paolaramos/Documents/Autonomous-Drone/tello_ws/src/tello_interface' returned '0': PYTHONPATH=/home/paolaramos/Documents/Autonomous-Drone/tello_ws/build/tello_interface/prefix_override:/usr/lib/python3/dist-packages/colcon_core/task/python/colcon_distutils_commands:/home/paolaramos/Documents/Autonomous-Drone/tello_ws/install/tello_interface/lib/python3.10/site-packages:${PYTHONPATH} /usr/bin/python3 -W ignore:setup.py install is deprecated -W ignore:easy_install command is deprecated setup.py egg_info --egg-base ../../build/tello_interface build --build-base /home/paolaramos/Documents/Autonomous-Drone/tello_ws/build/tello_interface/build install --record /home/paolaramos/Documents/Autonomous-Drone/tello_ws/build/tello_interface/install.log --single-version-externally-managed install_data --force
