[0.386s] Invoking command in '/home/paolaramos/Proyecto/tello_ws/build/optitrack_client': CMAKE_PREFIX_PATH=/opt/ros/humble /usr/bin/cmake /home/paolaramos/Proyecto/tello_ws/src/optitrack_client -DCMAKE_INSTALL_PREFIX=/home/paolaramos/Proyecto/tello_ws/install/optitrack_client
[1.173s] -- The C compiler identification is GNU 11.4.0
[1.579s] -- The CXX compiler identification is GNU 11.4.0
[1.619s] -- Detecting C compiler ABI info
[1.853s] -- Detecting C compiler ABI info - done
[1.865s] -- Check for working C compiler: /usr/bin/cc - skipped
[1.865s] -- Detecting C compile features
[1.874s] -- Detecting C compile features - done
[1.884s] -- Detecting CXX compiler ABI info
[2.081s] -- Detecting CXX compiler ABI info - done
[2.094s] -- Check for working CXX compiler: /usr/bin/c++ - skipped
[2.095s] -- Detecting CXX compile features
[2.096s] -- Detecting CXX compile features - done
[2.155s] -- Found ament_cmake: 1.3.14 (/opt/ros/humble/share/ament_cmake/cmake)
[2.778s] -- Found Python3: /usr/bin/python3 (found version "3.10.12") found components: Interpreter 
[3.046s] -- Found rclcpp: 16.0.19 (/opt/ros/humble/share/rclcpp/cmake)
[3.264s] -- Found rosidl_generator_c: 3.1.8 (/opt/ros/humble/share/rosidl_generator_c/cmake)
[3.285s] -- Found rosidl_adapter: 3.1.8 (/opt/ros/humble/share/rosidl_adapter/cmake)
[3.324s] -- Found rosidl_generator_cpp: 3.1.8 (/opt/ros/humble/share/rosidl_generator_cpp/cmake)
[3.378s] -- Using all available rosidl_typesupport_c: rosidl_typesupport_fastrtps_c;rosidl_typesupport_introspection_c
[3.433s] -- Using all available rosidl_typesupport_cpp: rosidl_typesupport_fastrtps_cpp;rosidl_typesupport_introspection_cpp
[3.577s] -- Found rmw_implementation_cmake: 6.1.2 (/opt/ros/humble/share/rmw_implementation_cmake/cmake)
[3.590s] -- Found rmw_fastrtps_cpp: 6.2.10 (/opt/ros/humble/share/rmw_fastrtps_cpp/cmake)
[3.875s] -- Found OpenSSL: /usr/lib/x86_64-linux-gnu/libcrypto.so (found version "3.0.2")  
[3.919s] -- Found FastRTPS: /opt/ros/humble/include  
[3.979s] -- Using RMW implementation 'rmw_fastrtps_cpp' as default
[4.011s] -- Looking for pthread.h
[4.214s] -- Looking for pthread.h - found
[4.214s] -- Performing Test CMAKE_HAVE_LIBC_PTHREAD
[4.381s] -- Performing Test CMAKE_HAVE_LIBC_PTHREAD - Success
[4.383s] -- Found Threads: TRUE  
[4.578s] -- Found geometry_msgs: 4.9.1 (/opt/ros/humble/share/geometry_msgs/cmake)
[4.781s] -- Configuring done
[4.795s] -- Generating done
[4.805s] -- Build files have been written to: /home/paolaramos/Proyecto/tello_ws/build/optitrack_client
[4.821s] Invoked command in '/home/paolaramos/Proyecto/tello_ws/build/optitrack_client' returned '0': CMAKE_PREFIX_PATH=/opt/ros/humble /usr/bin/cmake /home/paolaramos/Proyecto/tello_ws/src/optitrack_client -DCMAKE_INSTALL_PREFIX=/home/paolaramos/Proyecto/tello_ws/install/optitrack_client
[4.822s] Invoking command in '/home/paolaramos/Proyecto/tello_ws/build/optitrack_client': CMAKE_PREFIX_PATH=/opt/ros/humble /usr/bin/cmake --build /home/paolaramos/Proyecto/tello_ws/build/optitrack_client -- -j4 -l4
[4.923s] [ 33%] [32mBuilding CXX object CMakeFiles/optitrack_client.dir/src/optitrack_client.cpp.o[0m
[4.927s] [ 66%] [32mBuilding CXX object CMakeFiles/optitrack_client.dir/src/utils.cpp.o[0m
[14.845s] [100%] [32m[1mLinking CXX executable optitrack_client[0m
[15.327s] [100%] Built target optitrack_client
[15.351s] Invoked command in '/home/paolaramos/Proyecto/tello_ws/build/optitrack_client' returned '0': CMAKE_PREFIX_PATH=/opt/ros/humble /usr/bin/cmake --build /home/paolaramos/Proyecto/tello_ws/build/optitrack_client -- -j4 -l4
[15.376s] Invoking command in '/home/paolaramos/Proyecto/tello_ws/build/optitrack_client': CMAKE_PREFIX_PATH=/opt/ros/humble /usr/bin/cmake --install /home/paolaramos/Proyecto/tello_ws/build/optitrack_client
[15.389s] -- Install configuration: ""
[15.393s] -- Installing: /home/paolaramos/Proyecto/tello_ws/install/optitrack_client/lib/optitrack_client/optitrack_client
[15.394s] -- Set runtime path of "/home/paolaramos/Proyecto/tello_ws/install/optitrack_client/lib/optitrack_client/optitrack_client" to ""
[15.394s] -- Up-to-date: /home/paolaramos/Proyecto/tello_ws/install/optitrack_client/lib
[15.394s] -- Installing: /home/paolaramos/Proyecto/tello_ws/install/optitrack_client/lib/libNatNet.so
[15.403s] -- Installing: /home/paolaramos/Proyecto/tello_ws/install/optitrack_client/share/ament_index/resource_index/package_run_dependencies/optitrack_client
[15.404s] -- Installing: /home/paolaramos/Proyecto/tello_ws/install/optitrack_client/share/ament_index/resource_index/parent_prefix_path/optitrack_client
[15.404s] -- Installing: /home/paolaramos/Proyecto/tello_ws/install/optitrack_client/share/optitrack_client/environment/ament_prefix_path.sh
[15.407s] -- Installing: /home/paolaramos/Proyecto/tello_ws/install/optitrack_client/share/optitrack_client/environment/ament_prefix_path.dsv
[15.407s] -- Installing: /home/paolaramos/Proyecto/tello_ws/install/optitrack_client/share/optitrack_client/environment/path.sh
[15.410s] -- Installing: /home/paolaramos/Proyecto/tello_ws/install/optitrack_client/share/optitrack_client/environment/path.dsv
[15.411s] -- Installing: /home/paolaramos/Proyecto/tello_ws/install/optitrack_client/share/optitrack_client/local_setup.bash
[15.411s] -- Installing: /home/paolaramos/Proyecto/tello_ws/install/optitrack_client/share/optitrack_client/local_setup.sh
[15.411s] -- Installing: /home/paolaramos/Proyecto/tello_ws/install/optitrack_client/share/optitrack_client/local_setup.zsh
[15.412s] -- Installing: /home/paolaramos/Proyecto/tello_ws/install/optitrack_client/share/optitrack_client/local_setup.dsv
[15.412s] -- Installing: /home/paolaramos/Proyecto/tello_ws/install/optitrack_client/share/optitrack_client/package.dsv
[15.412s] -- Installing: /home/paolaramos/Proyecto/tello_ws/install/optitrack_client/share/ament_index/resource_index/packages/optitrack_client
[15.412s] -- Installing: /home/paolaramos/Proyecto/tello_ws/install/optitrack_client/share/optitrack_client/cmake/optitrack_clientConfig.cmake
[15.413s] -- Installing: /home/paolaramos/Proyecto/tello_ws/install/optitrack_client/share/optitrack_client/cmake/optitrack_clientConfig-version.cmake
[15.413s] -- Installing: /home/paolaramos/Proyecto/tello_ws/install/optitrack_client/share/optitrack_client/package.xml
[15.416s] Invoked command in '/home/paolaramos/Proyecto/tello_ws/build/optitrack_client' returned '0': CMAKE_PREFIX_PATH=/opt/ros/humble /usr/bin/cmake --install /home/paolaramos/Proyecto/tello_ws/build/optitrack_client
