[0.792s] Invoking command in '/home/paolaramos/tello_ws/src/tello_pkg': PYTHONPATH=/home/paolaramos/tello_ws/build/tello_pkg/prefix_override:/usr/lib/python3/dist-packages/colcon_core/task/python/colcon_distutils_commands:/home/paolaramos/tello_ws/install/tello_pkg/lib/python3.10/site-packages:${PYTHONPATH} /usr/bin/python3 -W ignore:setup.py install is deprecated -W ignore:easy_install command is deprecated setup.py egg_info --egg-base ../../build/tello_pkg build --build-base /home/paolaramos/tello_ws/build/tello_pkg/build install --record /home/paolaramos/tello_ws/build/tello_pkg/install.log --single-version-externally-managed install_data
[1.045s] running egg_info
[1.045s] writing ../../build/tello_pkg/tello_pkg.egg-info/PKG-INFO
[1.047s] writing dependency_links to ../../build/tello_pkg/tello_pkg.egg-info/dependency_links.txt
[1.047s] writing entry points to ../../build/tello_pkg/tello_pkg.egg-info/entry_points.txt
[1.047s] writing requirements to ../../build/tello_pkg/tello_pkg.egg-info/requires.txt
[1.047s] writing top-level names to ../../build/tello_pkg/tello_pkg.egg-info/top_level.txt
[1.049s] reading manifest file '../../build/tello_pkg/tello_pkg.egg-info/SOURCES.txt'
[1.049s] writing manifest file '../../build/tello_pkg/tello_pkg.egg-info/SOURCES.txt'
[1.050s] running build
[1.050s] running build_py
[1.050s] copying tello_pkg/trajectory_node.py -> /home/paolaramos/tello_ws/build/tello_pkg/build/lib/tello_pkg
[1.052s] copying tello_pkg/odometry_node.py -> /home/paolaramos/tello_ws/build/tello_pkg/build/lib/tello_pkg
[1.052s] running install
[1.052s] running install_lib
[1.054s] copying /home/paolaramos/tello_ws/build/tello_pkg/build/lib/tello_pkg/trajectory_node.py -> /home/paolaramos/tello_ws/install/tello_pkg/lib/python3.10/site-packages/tello_pkg
[1.055s] copying /home/paolaramos/tello_ws/build/tello_pkg/build/lib/tello_pkg/odometry_node.py -> /home/paolaramos/tello_ws/install/tello_pkg/lib/python3.10/site-packages/tello_pkg
[1.055s] byte-compiling /home/paolaramos/tello_ws/install/tello_pkg/lib/python3.10/site-packages/tello_pkg/trajectory_node.py to trajectory_node.cpython-310.pyc
[1.056s] byte-compiling /home/paolaramos/tello_ws/install/tello_pkg/lib/python3.10/site-packages/tello_pkg/odometry_node.py to odometry_node.cpython-310.pyc
[1.057s] running install_data
[1.057s] running install_egg_info
[1.073s] removing '/home/paolaramos/tello_ws/install/tello_pkg/lib/python3.10/site-packages/tello_pkg-0.0.0-py3.10.egg-info' (and everything under it)
[1.077s] Copying ../../build/tello_pkg/tello_pkg.egg-info to /home/paolaramos/tello_ws/install/tello_pkg/lib/python3.10/site-packages/tello_pkg-0.0.0-py3.10.egg-info
[1.077s] running install_scripts
[1.109s] Installing odometry_node script to /home/paolaramos/tello_ws/install/tello_pkg/lib/tello_pkg
[1.109s] Installing trajectory_node script to /home/paolaramos/tello_ws/install/tello_pkg/lib/tello_pkg
[1.109s] writing list of installed files to '/home/paolaramos/tello_ws/build/tello_pkg/install.log'
[1.142s] Invoked command in '/home/paolaramos/tello_ws/src/tello_pkg' returned '0': PYTHONPATH=/home/paolaramos/tello_ws/build/tello_pkg/prefix_override:/usr/lib/python3/dist-packages/colcon_core/task/python/colcon_distutils_commands:/home/paolaramos/tello_ws/install/tello_pkg/lib/python3.10/site-packages:${PYTHONPATH} /usr/bin/python3 -W ignore:setup.py install is deprecated -W ignore:easy_install command is deprecated setup.py egg_info --egg-base ../../build/tello_pkg build --build-base /home/paolaramos/tello_ws/build/tello_pkg/build install --record /home/paolaramos/tello_ws/build/tello_pkg/install.log --single-version-externally-managed install_data
