[0.753s] Invoking command in '/home/paolaramos/Autonomous-Drone/tello_ws3/src/tello_control': PYTHONPATH=/home/paolaramos/Autonomous-Drone/tello_ws3/build/tello_control/prefix_override:/usr/lib/python3/dist-packages/colcon_core/task/python/colcon_distutils_commands:/home/paolaramos/Autonomous-Drone/tello_ws3/install/tello_control/lib/python3.10/site-packages:${PYTHONPATH} /usr/bin/python3 -W ignore:setup.py install is deprecated -W ignore:easy_install command is deprecated setup.py egg_info --egg-base ../../build/tello_control build --build-base /home/paolaramos/Autonomous-Drone/tello_ws3/build/tello_control/build install --record /home/paolaramos/Autonomous-Drone/tello_ws3/build/tello_control/install.log --single-version-externally-managed install_data
[1.087s] running egg_info
[1.118s] writing ../../build/tello_control/tello_control.egg-info/PKG-INFO
[1.119s] writing dependency_links to ../../build/tello_control/tello_control.egg-info/dependency_links.txt
[1.119s] writing entry points to ../../build/tello_control/tello_control.egg-info/entry_points.txt
[1.119s] writing requirements to ../../build/tello_control/tello_control.egg-info/requires.txt
[1.119s] writing top-level names to ../../build/tello_control/tello_control.egg-info/top_level.txt
[1.156s] reading manifest file '../../build/tello_control/tello_control.egg-info/SOURCES.txt'
[1.161s] writing manifest file '../../build/tello_control/tello_control.egg-info/SOURCES.txt'
[1.162s] running build
[1.162s] running build_py
[1.162s] copying tello_control/odometry_node.py -> /home/paolaramos/Autonomous-Drone/tello_ws3/build/tello_control/build/lib/tello_control
[1.162s] copying tello_control/__init__.py -> /home/paolaramos/Autonomous-Drone/tello_ws3/build/tello_control/build/lib/tello_control
[1.166s] copying tello_control/trajectory_node.py -> /home/paolaramos/Autonomous-Drone/tello_ws3/build/tello_control/build/lib/tello_control
[1.167s] running install
[1.170s] running install_lib
[1.192s] running install_data
[1.192s] copying resource/tello_control -> /home/paolaramos/Autonomous-Drone/tello_ws3/install/tello_control/share/ament_index/resource_index/packages
[1.192s] copying package.xml -> /home/paolaramos/Autonomous-Drone/tello_ws3/install/tello_control/share/tello_control
[1.192s] running install_egg_info
[1.221s] removing '/home/paolaramos/Autonomous-Drone/tello_ws3/install/tello_control/lib/python3.10/site-packages/tello_control-0.0.0-py3.10.egg-info' (and everything under it)
[1.222s] Copying ../../build/tello_control/tello_control.egg-info to /home/paolaramos/Autonomous-Drone/tello_ws3/install/tello_control/lib/python3.10/site-packages/tello_control-0.0.0-py3.10.egg-info
[1.223s] running install_scripts
[1.435s] Installing odometry_node script to /home/paolaramos/Autonomous-Drone/tello_ws3/install/tello_control/lib/tello_control
[1.435s] Installing trajectory_node script to /home/paolaramos/Autonomous-Drone/tello_ws3/install/tello_control/lib/tello_control
[1.437s] writing list of installed files to '/home/paolaramos/Autonomous-Drone/tello_ws3/build/tello_control/install.log'
[1.484s] Invoked command in '/home/paolaramos/Autonomous-Drone/tello_ws3/src/tello_control' returned '0': PYTHONPATH=/home/paolaramos/Autonomous-Drone/tello_ws3/build/tello_control/prefix_override:/usr/lib/python3/dist-packages/colcon_core/task/python/colcon_distutils_commands:/home/paolaramos/Autonomous-Drone/tello_ws3/install/tello_control/lib/python3.10/site-packages:${PYTHONPATH} /usr/bin/python3 -W ignore:setup.py install is deprecated -W ignore:easy_install command is deprecated setup.py egg_info --egg-base ../../build/tello_control build --build-base /home/paolaramos/Autonomous-Drone/tello_ws3/build/tello_control/build install --record /home/paolaramos/Autonomous-Drone/tello_ws3/build/tello_control/install.log --single-version-externally-managed install_data
