running egg_info
writing ../../build/drone/drone.egg-info/PKG-INFO
writing dependency_links to ../../build/drone/drone.egg-info/dependency_links.txt
writing entry points to ../../build/drone/drone.egg-info/entry_points.txt
writing requirements to ../../build/drone/drone.egg-info/requires.txt
writing top-level names to ../../build/drone/drone.egg-info/top_level.txt
reading manifest file '../../build/drone/drone.egg-info/SOURCES.txt'
writing manifest file '../../build/drone/drone.egg-info/SOURCES.txt'
running build
running build_py
copying drone/__init__.py -> /home/paolaramos/tello_ws/build/drone/build/lib/drone
copying drone/controller.py -> /home/paolaramos/tello_ws/build/drone/build/lib/drone
copying drone/odometry.py -> /home/paolaramos/tello_ws/build/drone/build/lib/drone
running install
running install_lib
running install_data
copying resource/drone -> /home/paolaramos/tello_ws/install/drone/share/ament_index/resource_index/packages
copying package.xml -> /home/paolaramos/tello_ws/install/drone/share/drone
copying launch/drone.launch.py -> /home/paolaramos/tello_ws/install/drone/share/drone/launch
running install_egg_info
removing '/home/paolaramos/tello_ws/install/drone/lib/python3.10/site-packages/drone-0.0.0-py3.10.egg-info' (and everything under it)
Copying ../../build/drone/drone.egg-info to /home/paolaramos/tello_ws/install/drone/lib/python3.10/site-packages/drone-0.0.0-py3.10.egg-info
running install_scripts
Installing controller script to /home/paolaramos/tello_ws/install/drone/lib/drone
Installing odometry script to /home/paolaramos/tello_ws/install/drone/lib/drone
writing list of installed files to '/home/paolaramos/tello_ws/build/drone/install.log'
