[1.224s] Invoking command in '/home/paolaramos/Documents/Autonomous-Drone/tello_ws/src/tello_interface': PYTHONPATH=/home/paolaramos/Documents/Autonomous-Drone/tello_ws/build/tello_interface/prefix_override:/usr/lib/python3/dist-packages/colcon_core/task/python/colcon_distutils_commands:/home/paolaramos/Documents/Autonomous-Drone/tello_ws/install/tello_interface/lib/python3.10/site-packages:${PYTHONPATH} /usr/bin/python3 -W ignore:setup.py install is deprecated -W ignore:easy_install command is deprecated setup.py egg_info --egg-base ../../build/tello_interface build --build-base /home/paolaramos/Documents/Autonomous-Drone/tello_ws/build/tello_interface/build install --record /home/paolaramos/Documents/Autonomous-Drone/tello_ws/build/tello_interface/install.log --single-version-externally-managed install_data
[1.488s] running egg_info
[1.489s] writing ../../build/tello_interface/tello_interface.egg-info/PKG-INFO
[1.489s] writing dependency_links to ../../build/tello_interface/tello_interface.egg-info/dependency_links.txt
[1.489s] writing entry points to ../../build/tello_interface/tello_interface.egg-info/entry_points.txt
[1.489s] writing requirements to ../../build/tello_interface/tello_interface.egg-info/requires.txt
[1.490s] writing top-level names to ../../build/tello_interface/tello_interface.egg-info/top_level.txt
[1.497s] reading manifest file '../../build/tello_interface/tello_interface.egg-info/SOURCES.txt'
[1.503s] writing manifest file '../../build/tello_interface/tello_interface.egg-info/SOURCES.txt'
[1.504s] running build
[1.504s] running build_py
[1.505s] running install
[1.505s] running install_lib
[1.509s] running install_data
[1.509s] running install_egg_info
[1.539s] removing '/home/paolaramos/Documents/Autonomous-Drone/tello_ws/install/tello_interface/lib/python3.10/site-packages/tello_interface-0.0.0-py3.10.egg-info' (and everything under it)
[1.540s] Copying ../../build/tello_interface/tello_interface.egg-info to /home/paolaramos/Documents/Autonomous-Drone/tello_ws/install/tello_interface/lib/python3.10/site-packages/tello_interface-0.0.0-py3.10.egg-info
[1.544s] running install_scripts
[1.576s] Installing tello_node script to /home/paolaramos/Documents/Autonomous-Drone/tello_ws/install/tello_interface/lib/tello_interface
[1.579s] writing list of installed files to '/home/paolaramos/Documents/Autonomous-Drone/tello_ws/build/tello_interface/install.log'
[1.627s] Invoked command in '/home/paolaramos/Documents/Autonomous-Drone/tello_ws/src/tello_interface' returned '0': PYTHONPATH=/home/paolaramos/Documents/Autonomous-Drone/tello_ws/build/tello_interface/prefix_override:/usr/lib/python3/dist-packages/colcon_core/task/python/colcon_distutils_commands:/home/paolaramos/Documents/Autonomous-Drone/tello_ws/install/tello_interface/lib/python3.10/site-packages:${PYTHONPATH} /usr/bin/python3 -W ignore:setup.py install is deprecated -W ignore:easy_install command is deprecated setup.py egg_info --egg-base ../../build/tello_interface build --build-base /home/paolaramos/Documents/Autonomous-Drone/tello_ws/build/tello_interface/build install --record /home/paolaramos/Documents/Autonomous-Drone/tello_ws/build/tello_interface/install.log --single-version-externally-managed install_data
