[0.198s] Invoking command in '/home/paolaramos/Proyecto/tello_ws/build/optitrack_client': CMAKE_PREFIX_PATH=${CMAKE_PREFIX_PATH}:/home/paolaramos/Proyecto/tello_ws/install/drone:/opt/ros/humble /usr/bin/cmake --build /home/paolaramos/Proyecto/tello_ws/build/optitrack_client -- -j4 -l4
[0.277s] [100%] Built target optitrack_client
[0.293s] Invoked command in '/home/paolaramos/Proyecto/tello_ws/build/optitrack_client' returned '0': CMAKE_PREFIX_PATH=${CMAKE_PREFIX_PATH}:/home/paolaramos/Proyecto/tello_ws/install/drone:/opt/ros/humble /usr/bin/cmake --build /home/paolaramos/Proyecto/tello_ws/build/optitrack_client -- -j4 -l4
[0.306s] Invoking command in '/home/paolaramos/Proyecto/tello_ws/build/optitrack_client': CMAKE_PREFIX_PATH=${CMAKE_PREFIX_PATH}:/home/paolaramos/Proyecto/tello_ws/install/drone:/opt/ros/humble /usr/bin/cmake --install /home/paolaramos/Proyecto/tello_ws/build/optitrack_client
[0.313s] -- Install configuration: ""
[0.314s] -- Up-to-date: /home/paolaramos/Proyecto/tello_ws/install/optitrack_client/lib/optitrack_client/optitrack_client
[0.314s] -- Up-to-date: /home/paolaramos/Proyecto/tello_ws/install/optitrack_client/lib
[0.317s] -- Up-to-date: /home/paolaramos/Proyecto/tello_ws/install/optitrack_client/lib/libNatNet.so
[0.317s] -- Up-to-date: /home/paolaramos/Proyecto/tello_ws/install/optitrack_client/share/ament_index/resource_index/package_run_dependencies/optitrack_client
[0.317s] -- Up-to-date: /home/paolaramos/Proyecto/tello_ws/install/optitrack_client/share/ament_index/resource_index/parent_prefix_path/optitrack_client
[0.318s] -- Up-to-date: /home/paolaramos/Proyecto/tello_ws/install/optitrack_client/share/optitrack_client/environment/ament_prefix_path.sh
[0.319s] -- Up-to-date: /home/paolaramos/Proyecto/tello_ws/install/optitrack_client/share/optitrack_client/environment/ament_prefix_path.dsv
[0.319s] -- Up-to-date: /home/paolaramos/Proyecto/tello_ws/install/optitrack_client/share/optitrack_client/environment/path.sh
[0.319s] -- Up-to-date: /home/paolaramos/Proyecto/tello_ws/install/optitrack_client/share/optitrack_client/environment/path.dsv
[0.319s] -- Up-to-date: /home/paolaramos/Proyecto/tello_ws/install/optitrack_client/share/optitrack_client/local_setup.bash
[0.319s] -- Up-to-date: /home/paolaramos/Proyecto/tello_ws/install/optitrack_client/share/optitrack_client/local_setup.sh
[0.319s] -- Up-to-date: /home/paolaramos/Proyecto/tello_ws/install/optitrack_client/share/optitrack_client/local_setup.zsh
[0.319s] -- Up-to-date: /home/paolaramos/Proyecto/tello_ws/install/optitrack_client/share/optitrack_client/local_setup.dsv
[0.320s] -- Installing: /home/paolaramos/Proyecto/tello_ws/install/optitrack_client/share/optitrack_client/package.dsv
[0.320s] -- Up-to-date: /home/paolaramos/Proyecto/tello_ws/install/optitrack_client/share/ament_index/resource_index/packages/optitrack_client
[0.320s] -- Up-to-date: /home/paolaramos/Proyecto/tello_ws/install/optitrack_client/share/optitrack_client/cmake/optitrack_clientConfig.cmake
[0.320s] -- Up-to-date: /home/paolaramos/Proyecto/tello_ws/install/optitrack_client/share/optitrack_client/cmake/optitrack_clientConfig-version.cmake
[0.320s] -- Up-to-date: /home/paolaramos/Proyecto/tello_ws/install/optitrack_client/share/optitrack_client/package.xml
[0.325s] Invoked command in '/home/paolaramos/Proyecto/tello_ws/build/optitrack_client' returned '0': CMAKE_PREFIX_PATH=${CMAKE_PREFIX_PATH}:/home/paolaramos/Proyecto/tello_ws/install/drone:/opt/ros/humble /usr/bin/cmake --install /home/paolaramos/Proyecto/tello_ws/build/optitrack_client
