[0.841s] Invoking command in '/home/paolaramos/tello_ws/src/tello_pkg': PYTHONPATH=/home/paolaramos/tello_ws/build/tello_pkg/prefix_override:/usr/lib/python3/dist-packages/colcon_core/task/python/colcon_distutils_commands:/home/paolaramos/tello_ws/install/tello_pkg/lib/python3.10/site-packages:${PYTHONPATH} /usr/bin/python3 -W ignore:setup.py install is deprecated -W ignore:easy_install command is deprecated setup.py egg_info --egg-base ../../build/tello_pkg build --build-base /home/paolaramos/tello_ws/build/tello_pkg/build install --record /home/paolaramos/tello_ws/build/tello_pkg/install.log --single-version-externally-managed install_data
[1.079s] running egg_info
[1.079s] writing ../../build/tello_pkg/tello_pkg.egg-info/PKG-INFO
[1.080s] writing dependency_links to ../../build/tello_pkg/tello_pkg.egg-info/dependency_links.txt
[1.080s] writing entry points to ../../build/tello_pkg/tello_pkg.egg-info/entry_points.txt
[1.080s] writing requirements to ../../build/tello_pkg/tello_pkg.egg-info/requires.txt
[1.080s] writing top-level names to ../../build/tello_pkg/tello_pkg.egg-info/top_level.txt
[1.083s] reading manifest file '../../build/tello_pkg/tello_pkg.egg-info/SOURCES.txt'
[1.083s] writing manifest file '../../build/tello_pkg/tello_pkg.egg-info/SOURCES.txt'
[1.083s] running build
[1.083s] running build_py
[1.083s] running install
[1.083s] running install_lib
[1.087s] running install_data
[1.087s] running install_egg_info
[1.103s] removing '/home/paolaramos/tello_ws/install/tello_pkg/lib/python3.10/site-packages/tello_pkg-0.0.0-py3.10.egg-info' (and everything under it)
[1.103s] Copying ../../build/tello_pkg/tello_pkg.egg-info to /home/paolaramos/tello_ws/install/tello_pkg/lib/python3.10/site-packages/tello_pkg-0.0.0-py3.10.egg-info
[1.103s] running install_scripts
[1.134s] Installing odometry_node script to /home/paolaramos/tello_ws/install/tello_pkg/lib/tello_pkg
[1.139s] Installing trajectory_node script to /home/paolaramos/tello_ws/install/tello_pkg/lib/tello_pkg
[1.140s] writing list of installed files to '/home/paolaramos/tello_ws/build/tello_pkg/install.log'
[1.169s] Invoked command in '/home/paolaramos/tello_ws/src/tello_pkg' returned '0': PYTHONPATH=/home/paolaramos/tello_ws/build/tello_pkg/prefix_override:/usr/lib/python3/dist-packages/colcon_core/task/python/colcon_distutils_commands:/home/paolaramos/tello_ws/install/tello_pkg/lib/python3.10/site-packages:${PYTHONPATH} /usr/bin/python3 -W ignore:setup.py install is deprecated -W ignore:easy_install command is deprecated setup.py egg_info --egg-base ../../build/tello_pkg build --build-base /home/paolaramos/tello_ws/build/tello_pkg/build install --record /home/paolaramos/tello_ws/build/tello_pkg/install.log --single-version-externally-managed install_data
