[1.120s] Invoking command in '/home/paolaramos/tello_ws/src/drone': PYTHONPATH=/home/paolaramos/tello_ws/build/drone/prefix_override:/usr/lib/python3/dist-packages/colcon_core/task/python/colcon_distutils_commands:/home/paolaramos/tello_ws/install/drone/lib/python3.10/site-packages:${PYTHONPATH} /usr/bin/python3 -W ignore:setup.py install is deprecated -W ignore:easy_install command is deprecated setup.py egg_info --egg-base ../../build/drone build --build-base /home/paolaramos/tello_ws/build/drone/build install --record /home/paolaramos/tello_ws/build/drone/install.log --single-version-externally-managed install_data
[1.453s] running egg_info
[1.470s] writing ../../build/drone/drone.egg-info/PKG-INFO
[1.471s] writing dependency_links to ../../build/drone/drone.egg-info/dependency_links.txt
[1.472s] writing entry points to ../../build/drone/drone.egg-info/entry_points.txt
[1.472s] writing requirements to ../../build/drone/drone.egg-info/requires.txt
[1.473s] writing top-level names to ../../build/drone/drone.egg-info/top_level.txt
[1.511s] reading manifest file '../../build/drone/drone.egg-info/SOURCES.txt'
[1.515s] writing manifest file '../../build/drone/drone.egg-info/SOURCES.txt'
[1.516s] running build
[1.516s] running build_py
[1.516s] copying drone/__init__.py -> /home/paolaramos/tello_ws/build/drone/build/lib/drone
[1.518s] copying drone/controller.py -> /home/paolaramos/tello_ws/build/drone/build/lib/drone
[1.518s] copying drone/odometry.py -> /home/paolaramos/tello_ws/build/drone/build/lib/drone
[1.518s] running install
[1.526s] running install_lib
[1.546s] running install_data
[1.549s] copying resource/drone -> /home/paolaramos/tello_ws/install/drone/share/ament_index/resource_index/packages
[1.549s] copying package.xml -> /home/paolaramos/tello_ws/install/drone/share/drone
[1.550s] copying launch/drone_launch.py -> /home/paolaramos/tello_ws/install/drone/share/drone/launch
[1.550s] running install_egg_info
[1.571s] removing '/home/paolaramos/tello_ws/install/drone/lib/python3.10/site-packages/drone-0.0.0-py3.10.egg-info' (and everything under it)
[1.587s] Copying ../../build/drone/drone.egg-info to /home/paolaramos/tello_ws/install/drone/lib/python3.10/site-packages/drone-0.0.0-py3.10.egg-info
[1.587s] running install_scripts
[1.738s] Installing controller script to /home/paolaramos/tello_ws/install/drone/lib/drone
[1.739s] Installing odometry script to /home/paolaramos/tello_ws/install/drone/lib/drone
[1.740s] writing list of installed files to '/home/paolaramos/tello_ws/build/drone/install.log'
[1.787s] Invoked command in '/home/paolaramos/tello_ws/src/drone' returned '0': PYTHONPATH=/home/paolaramos/tello_ws/build/drone/prefix_override:/usr/lib/python3/dist-packages/colcon_core/task/python/colcon_distutils_commands:/home/paolaramos/tello_ws/install/drone/lib/python3.10/site-packages:${PYTHONPATH} /usr/bin/python3 -W ignore:setup.py install is deprecated -W ignore:easy_install command is deprecated setup.py egg_info --egg-base ../../build/drone build --build-base /home/paolaramos/tello_ws/build/drone/build install --record /home/paolaramos/tello_ws/build/drone/install.log --single-version-externally-managed install_data
