[0.702s] DEBUG:colcon:Command line arguments: ['/usr/bin/colcon', 'build']
[0.702s] DEBUG:colcon:Parsed command line arguments: Namespace(log_base=None, log_level=None, verb_name='build', build_base='build', install_base='install', merge_install=False, symlink_install=False, test_result_base=None, continue_on_error=False, executor='parallel', parallel_workers=4, event_handlers=None, ignore_user_meta=False, metas=['./colcon.meta'], base_paths=['.'], packages_ignore=None, packages_ignore_regex=None, paths=None, packages_up_to=None, packages_up_to_regex=None, packages_above=None, packages_above_and_dependencies=None, packages_above_depth=None, packages_select_by_dep=None, packages_skip_by_dep=None, packages_skip_up_to=None, packages_select_build_failed=False, packages_skip_build_finished=False, packages_select_test_failures=False, packages_skip_test_passed=False, packages_select=None, packages_skip=None, packages_select_regex=None, packages_skip_regex=None, packages_start=None, packages_end=None, allow_overriding=[], cmake_args=None, cmake_target=None, cmake_target_skip_unavailable=False, cmake_clean_cache=False, cmake_clean_first=False, cmake_force_configure=False, ament_cmake_args=None, catkin_cmake_args=None, catkin_skip_building_tests=False, verb_parser=<colcon_defaults.argument_parser.defaults.DefaultArgumentsDecorator object at 0x74fe35771270>, verb_extension=<colcon_core.verb.build.BuildVerb object at 0x74fe358ee890>, main=<bound method BuildVerb.main of <colcon_core.verb.build.BuildVerb object at 0x74fe358ee890>>)
[0.901s] Level 1:colcon.colcon_core.package_discovery:discover_packages(colcon_meta) check parameters
[0.901s] Level 1:colcon.colcon_core.package_discovery:discover_packages(recursive) check parameters
[0.901s] Level 1:colcon.colcon_core.package_discovery:discover_packages(ignore) check parameters
[0.901s] Level 1:colcon.colcon_core.package_discovery:discover_packages(path) check parameters
[0.901s] Level 1:colcon.colcon_core.package_discovery:discover_packages(colcon_meta) discover
[0.901s] Level 1:colcon.colcon_core.package_discovery:discover_packages(recursive) discover
[0.901s] INFO:colcon.colcon_core.package_discovery:Crawling recursively for packages in '/home/paolaramos/Autonomous-Drone/tello_ws3'
[0.901s] Level 1:colcon.colcon_core.package_identification:_identify(.) by extensions ['ignore', 'ignore_ament_install']
[0.901s] Level 1:colcon.colcon_core.package_identification:_identify(.) by extension 'ignore'
[0.902s] Level 1:colcon.colcon_core.package_identification:_identify(.) by extension 'ignore_ament_install'
[0.903s] Level 1:colcon.colcon_core.package_identification:_identify(.) by extensions ['colcon_pkg']
[0.903s] Level 1:colcon.colcon_core.package_identification:_identify(.) by extension 'colcon_pkg'
[0.903s] Level 1:colcon.colcon_core.package_identification:_identify(.) by extensions ['colcon_meta']
[0.903s] Level 1:colcon.colcon_core.package_identification:_identify(.) by extension 'colcon_meta'
[0.903s] Level 1:colcon.colcon_core.package_identification:_identify(.) by extensions ['ros']
[0.903s] Level 1:colcon.colcon_core.package_identification:_identify(.) by extension 'ros'
[0.986s] Level 1:colcon.colcon_core.package_identification:_identify(.) by extensions ['cmake', 'python']
[0.986s] Level 1:colcon.colcon_core.package_identification:_identify(.) by extension 'cmake'
[0.986s] Level 1:colcon.colcon_core.package_identification:_identify(.) by extension 'python'
[0.986s] Level 1:colcon.colcon_core.package_identification:_identify(.) by extensions ['python_setup_py']
[0.986s] Level 1:colcon.colcon_core.package_identification:_identify(.) by extension 'python_setup_py'
[0.987s] Level 1:colcon.colcon_core.package_identification:_identify(build) by extensions ['ignore', 'ignore_ament_install']
[0.987s] Level 1:colcon.colcon_core.package_identification:_identify(build) by extension 'ignore'
[0.987s] Level 1:colcon.colcon_core.package_identification:_identify(build) ignored
[0.987s] Level 1:colcon.colcon_core.package_identification:_identify(install) by extensions ['ignore', 'ignore_ament_install']
[0.987s] Level 1:colcon.colcon_core.package_identification:_identify(install) by extension 'ignore'
[0.987s] Level 1:colcon.colcon_core.package_identification:_identify(install) ignored
[0.988s] Level 1:colcon.colcon_core.package_identification:_identify(log) by extensions ['ignore', 'ignore_ament_install']
[0.988s] Level 1:colcon.colcon_core.package_identification:_identify(log) by extension 'ignore'
[0.988s] Level 1:colcon.colcon_core.package_identification:_identify(log) ignored
[0.988s] Level 1:colcon.colcon_core.package_identification:_identify(src) by extensions ['ignore', 'ignore_ament_install']
[0.988s] Level 1:colcon.colcon_core.package_identification:_identify(src) by extension 'ignore'
[0.988s] Level 1:colcon.colcon_core.package_identification:_identify(src) by extension 'ignore_ament_install'
[0.988s] Level 1:colcon.colcon_core.package_identification:_identify(src) by extensions ['colcon_pkg']
[0.988s] Level 1:colcon.colcon_core.package_identification:_identify(src) by extension 'colcon_pkg'
[0.988s] Level 1:colcon.colcon_core.package_identification:_identify(src) by extensions ['colcon_meta']
[0.988s] Level 1:colcon.colcon_core.package_identification:_identify(src) by extension 'colcon_meta'
[0.989s] Level 1:colcon.colcon_core.package_identification:_identify(src) by extensions ['ros']
[0.989s] Level 1:colcon.colcon_core.package_identification:_identify(src) by extension 'ros'
[0.989s] Level 1:colcon.colcon_core.package_identification:_identify(src) by extensions ['cmake', 'python']
[0.989s] Level 1:colcon.colcon_core.package_identification:_identify(src) by extension 'cmake'
[0.989s] Level 1:colcon.colcon_core.package_identification:_identify(src) by extension 'python'
[0.989s] Level 1:colcon.colcon_core.package_identification:_identify(src) by extensions ['python_setup_py']
[0.989s] Level 1:colcon.colcon_core.package_identification:_identify(src) by extension 'python_setup_py'
[0.989s] Level 1:colcon.colcon_core.package_identification:_identify(src/tello_control) by extensions ['ignore', 'ignore_ament_install']
[0.989s] Level 1:colcon.colcon_core.package_identification:_identify(src/tello_control) by extension 'ignore'
[0.989s] Level 1:colcon.colcon_core.package_identification:_identify(src/tello_control) by extension 'ignore_ament_install'
[0.989s] Level 1:colcon.colcon_core.package_identification:_identify(src/tello_control) by extensions ['colcon_pkg']
[0.989s] Level 1:colcon.colcon_core.package_identification:_identify(src/tello_control) by extension 'colcon_pkg'
[0.989s] Level 1:colcon.colcon_core.package_identification:_identify(src/tello_control) by extensions ['colcon_meta']
[0.990s] Level 1:colcon.colcon_core.package_identification:_identify(src/tello_control) by extension 'colcon_meta'
[0.990s] Level 1:colcon.colcon_core.package_identification:_identify(src/tello_control) by extensions ['ros']
[0.990s] Level 1:colcon.colcon_core.package_identification:_identify(src/tello_control) by extension 'ros'
[1.007s] DEBUG:colcon.colcon_core.package_identification:Package 'src/tello_control' with type 'ros.ament_python' and name 'tello_control'
[1.007s] Level 1:colcon.colcon_core.package_identification:_identify(src/tello_pkg) by extensions ['ignore', 'ignore_ament_install']
[1.008s] Level 1:colcon.colcon_core.package_identification:_identify(src/tello_pkg) by extension 'ignore'
[1.008s] Level 1:colcon.colcon_core.package_identification:_identify(src/tello_pkg) by extension 'ignore_ament_install'
[1.008s] Level 1:colcon.colcon_core.package_identification:_identify(src/tello_pkg) by extensions ['colcon_pkg']
[1.008s] Level 1:colcon.colcon_core.package_identification:_identify(src/tello_pkg) by extension 'colcon_pkg'
[1.008s] Level 1:colcon.colcon_core.package_identification:_identify(src/tello_pkg) by extensions ['colcon_meta']
[1.008s] Level 1:colcon.colcon_core.package_identification:_identify(src/tello_pkg) by extension 'colcon_meta'
[1.008s] Level 1:colcon.colcon_core.package_identification:_identify(src/tello_pkg) by extensions ['ros']
[1.008s] Level 1:colcon.colcon_core.package_identification:_identify(src/tello_pkg) by extension 'ros'
[1.009s] DEBUG:colcon.colcon_core.package_identification:Package 'src/tello_pkg' with type 'ros.ament_python' and name 'tello_pkg'
[1.009s] Level 1:colcon.colcon_core.package_discovery:discover_packages(recursive) using defaults
[1.009s] Level 1:colcon.colcon_core.package_discovery:discover_packages(ignore) discover
[1.009s] Level 1:colcon.colcon_core.package_discovery:discover_packages(ignore) using defaults
[1.009s] Level 1:colcon.colcon_core.package_discovery:discover_packages(path) discover
[1.009s] Level 1:colcon.colcon_core.package_discovery:discover_packages(path) using defaults
[1.181s] Level 1:colcon.colcon_core.package_discovery:discover_packages(prefix_path) check parameters
[1.182s] Level 1:colcon.colcon_core.package_discovery:discover_packages(prefix_path) discover
[1.205s] DEBUG:colcon.colcon_installed_package_information.package_discovery:Found 273 installed packages in /opt/ros/humble
[1.207s] Level 1:colcon.colcon_core.package_discovery:discover_packages(prefix_path) using defaults
[1.298s] Level 5:colcon.colcon_core.verb:set package 'tello_control' build argument 'cmake_args' from command line to 'None'
[1.299s] Level 5:colcon.colcon_core.verb:set package 'tello_control' build argument 'cmake_target' from command line to 'None'
[1.299s] Level 5:colcon.colcon_core.verb:set package 'tello_control' build argument 'cmake_target_skip_unavailable' from command line to 'False'
[1.299s] Level 5:colcon.colcon_core.verb:set package 'tello_control' build argument 'cmake_clean_cache' from command line to 'False'
[1.299s] Level 5:colcon.colcon_core.verb:set package 'tello_control' build argument 'cmake_clean_first' from command line to 'False'
[1.299s] Level 5:colcon.colcon_core.verb:set package 'tello_control' build argument 'cmake_force_configure' from command line to 'False'
[1.299s] Level 5:colcon.colcon_core.verb:set package 'tello_control' build argument 'ament_cmake_args' from command line to 'None'
[1.299s] Level 5:colcon.colcon_core.verb:set package 'tello_control' build argument 'catkin_cmake_args' from command line to 'None'
[1.299s] Level 5:colcon.colcon_core.verb:set package 'tello_control' build argument 'catkin_skip_building_tests' from command line to 'False'
[1.299s] DEBUG:colcon.colcon_core.verb:Building package 'tello_control' with the following arguments: {'ament_cmake_args': None, 'build_base': '/home/paolaramos/Autonomous-Drone/tello_ws3/build/tello_control', 'catkin_cmake_args': None, 'catkin_skip_building_tests': False, 'cmake_args': None, 'cmake_clean_cache': False, 'cmake_clean_first': False, 'cmake_force_configure': False, 'cmake_target': None, 'cmake_target_skip_unavailable': False, 'install_base': '/home/paolaramos/Autonomous-Drone/tello_ws3/install/tello_control', 'merge_install': False, 'path': '/home/paolaramos/Autonomous-Drone/tello_ws3/src/tello_control', 'symlink_install': False, 'test_result_base': None}
[1.302s] Level 5:colcon.colcon_core.verb:set package 'tello_pkg' build argument 'cmake_args' from command line to 'None'
[1.302s] Level 5:colcon.colcon_core.verb:set package 'tello_pkg' build argument 'cmake_target' from command line to 'None'
[1.302s] Level 5:colcon.colcon_core.verb:set package 'tello_pkg' build argument 'cmake_target_skip_unavailable' from command line to 'False'
[1.302s] Level 5:colcon.colcon_core.verb:set package 'tello_pkg' build argument 'cmake_clean_cache' from command line to 'False'
[1.302s] Level 5:colcon.colcon_core.verb:set package 'tello_pkg' build argument 'cmake_clean_first' from command line to 'False'
[1.302s] Level 5:colcon.colcon_core.verb:set package 'tello_pkg' build argument 'cmake_force_configure' from command line to 'False'
[1.302s] Level 5:colcon.colcon_core.verb:set package 'tello_pkg' build argument 'ament_cmake_args' from command line to 'None'
[1.302s] Level 5:colcon.colcon_core.verb:set package 'tello_pkg' build argument 'catkin_cmake_args' from command line to 'None'
[1.302s] Level 5:colcon.colcon_core.verb:set package 'tello_pkg' build argument 'catkin_skip_building_tests' from command line to 'False'
[1.302s] DEBUG:colcon.colcon_core.verb:Building package 'tello_pkg' with the following arguments: {'ament_cmake_args': None, 'build_base': '/home/paolaramos/Autonomous-Drone/tello_ws3/build/tello_pkg', 'catkin_cmake_args': None, 'catkin_skip_building_tests': False, 'cmake_args': None, 'cmake_clean_cache': False, 'cmake_clean_first': False, 'cmake_force_configure': False, 'cmake_target': None, 'cmake_target_skip_unavailable': False, 'install_base': '/home/paolaramos/Autonomous-Drone/tello_ws3/install/tello_pkg', 'merge_install': False, 'path': '/home/paolaramos/Autonomous-Drone/tello_ws3/src/tello_pkg', 'symlink_install': False, 'test_result_base': None}
[1.305s] INFO:colcon.colcon_core.executor:Executing jobs using 'parallel' executor
[1.309s] DEBUG:colcon.colcon_parallel_executor.executor.parallel:run_until_complete
[1.310s] INFO:colcon.colcon_ros.task.ament_python.build:Building ROS package in '/home/paolaramos/Autonomous-Drone/tello_ws3/src/tello_control' with build type 'ament_python'
[1.310s] Level 1:colcon.colcon_core.shell:create_environment_hook('tello_control', 'ament_prefix_path')
[1.372s] INFO:colcon.colcon_core.plugin_system:Skipping extension 'colcon_core.shell.bat': Not used on non-Windows systems
[1.372s] INFO:colcon.colcon_core.shell:Creating environment hook '/home/paolaramos/Autonomous-Drone/tello_ws3/install/tello_control/share/tello_control/hook/ament_prefix_path.ps1'
[1.381s] INFO:colcon.colcon_core.shell:Creating environment descriptor '/home/paolaramos/Autonomous-Drone/tello_ws3/install/tello_control/share/tello_control/hook/ament_prefix_path.dsv'
[1.385s] INFO:colcon.colcon_core.shell:Creating environment hook '/home/paolaramos/Autonomous-Drone/tello_ws3/install/tello_control/share/tello_control/hook/ament_prefix_path.sh'
[1.388s] INFO:colcon.colcon_core.shell:Skip shell extension 'powershell' for command environment: Not usable outside of PowerShell
[1.388s] DEBUG:colcon.colcon_core.shell:Skip shell extension 'dsv' for command environment
[1.399s] INFO:colcon.colcon_ros.task.ament_python.build:Building ROS package in '/home/paolaramos/Autonomous-Drone/tello_ws3/src/tello_pkg' with build type 'ament_python'
[1.401s] Level 1:colcon.colcon_core.shell:create_environment_hook('tello_pkg', 'ament_prefix_path')
[1.409s] INFO:colcon.colcon_core.shell:Creating environment hook '/home/paolaramos/Autonomous-Drone/tello_ws3/install/tello_pkg/share/tello_pkg/hook/ament_prefix_path.ps1'
[1.411s] INFO:colcon.colcon_core.shell:Creating environment descriptor '/home/paolaramos/Autonomous-Drone/tello_ws3/install/tello_pkg/share/tello_pkg/hook/ament_prefix_path.dsv'
[1.418s] INFO:colcon.colcon_core.shell:Creating environment hook '/home/paolaramos/Autonomous-Drone/tello_ws3/install/tello_pkg/share/tello_pkg/hook/ament_prefix_path.sh'
[1.419s] INFO:colcon.colcon_core.shell:Skip shell extension 'powershell' for command environment: Not usable outside of PowerShell
[1.419s] DEBUG:colcon.colcon_core.shell:Skip shell extension 'dsv' for command environment
[1.837s] INFO:colcon.colcon_core.task.python.build:Building Python package in '/home/paolaramos/Autonomous-Drone/tello_ws3/src/tello_control'
[1.837s] INFO:colcon.colcon_core.shell:Skip shell extension 'powershell' for command environment: Not usable outside of PowerShell
[1.837s] DEBUG:colcon.colcon_core.shell:Skip shell extension 'dsv' for command environment
[2.226s] INFO:colcon.colcon_core.task.python.build:Building Python package in '/home/paolaramos/Autonomous-Drone/tello_ws3/src/tello_pkg'
[2.227s] INFO:colcon.colcon_core.shell:Skip shell extension 'powershell' for command environment: Not usable outside of PowerShell
[2.227s] DEBUG:colcon.colcon_core.shell:Skip shell extension 'dsv' for command environment
[4.891s] DEBUG:colcon.colcon_core.event_handler.log_command:Invoking command in '/home/paolaramos/Autonomous-Drone/tello_ws3/src/tello_control': PYTHONPATH=/home/paolaramos/Autonomous-Drone/tello_ws3/build/tello_control/prefix_override:/usr/lib/python3/dist-packages/colcon_core/task/python/colcon_distutils_commands:/home/paolaramos/Autonomous-Drone/tello_ws3/install/tello_control/lib/python3.10/site-packages:${PYTHONPATH} /usr/bin/python3 -W ignore:setup.py install is deprecated -W ignore:easy_install command is deprecated setup.py egg_info --egg-base ../../build/tello_control build --build-base /home/paolaramos/Autonomous-Drone/tello_ws3/build/tello_control/build install --record /home/paolaramos/Autonomous-Drone/tello_ws3/build/tello_control/install.log --single-version-externally-managed install_data
[4.959s] DEBUG:colcon.colcon_core.event_handler.log_command:Invoking command in '/home/paolaramos/Autonomous-Drone/tello_ws3/src/tello_pkg': PYTHONPATH=/home/paolaramos/Autonomous-Drone/tello_ws3/build/tello_pkg/prefix_override:/usr/lib/python3/dist-packages/colcon_core/task/python/colcon_distutils_commands:/home/paolaramos/Autonomous-Drone/tello_ws3/install/tello_pkg/lib/python3.10/site-packages:${PYTHONPATH} /usr/bin/python3 -W ignore:setup.py install is deprecated -W ignore:easy_install command is deprecated setup.py egg_info --egg-base ../../build/tello_pkg build --build-base /home/paolaramos/Autonomous-Drone/tello_ws3/build/tello_pkg/build install --record /home/paolaramos/Autonomous-Drone/tello_ws3/build/tello_pkg/install.log --single-version-externally-managed install_data
[5.897s] DEBUG:colcon.colcon_core.event_handler.log_command:Invoked command in '/home/paolaramos/Autonomous-Drone/tello_ws3/src/tello_control' returned '0': PYTHONPATH=/home/paolaramos/Autonomous-Drone/tello_ws3/build/tello_control/prefix_override:/usr/lib/python3/dist-packages/colcon_core/task/python/colcon_distutils_commands:/home/paolaramos/Autonomous-Drone/tello_ws3/install/tello_control/lib/python3.10/site-packages:${PYTHONPATH} /usr/bin/python3 -W ignore:setup.py install is deprecated -W ignore:easy_install command is deprecated setup.py egg_info --egg-base ../../build/tello_control build --build-base /home/paolaramos/Autonomous-Drone/tello_ws3/build/tello_control/build install --record /home/paolaramos/Autonomous-Drone/tello_ws3/build/tello_control/install.log --single-version-externally-managed install_data
[5.983s] Level 1:colcon.colcon_core.environment:checking '/home/paolaramos/Autonomous-Drone/tello_ws3/install/tello_control' for CMake module files
[5.984s] Level 1:colcon.colcon_core.environment:checking '/home/paolaramos/Autonomous-Drone/tello_ws3/install/tello_control' for CMake config files
[5.988s] Level 1:colcon.colcon_core.environment:checking '/home/paolaramos/Autonomous-Drone/tello_ws3/install/tello_control/lib'
[5.988s] Level 1:colcon.colcon_core.environment:checking '/home/paolaramos/Autonomous-Drone/tello_ws3/install/tello_control/bin'
[5.988s] Level 1:colcon.colcon_core.environment:checking '/home/paolaramos/Autonomous-Drone/tello_ws3/install/tello_control/lib/pkgconfig/tello_control.pc'
[5.988s] Level 1:colcon.colcon_core.environment:checking '/home/paolaramos/Autonomous-Drone/tello_ws3/install/tello_control/lib/python3.10/site-packages'
[5.989s] Level 1:colcon.colcon_core.shell:create_environment_hook('tello_control', 'pythonpath')
[5.989s] INFO:colcon.colcon_core.shell:Creating environment hook '/home/paolaramos/Autonomous-Drone/tello_ws3/install/tello_control/share/tello_control/hook/pythonpath.ps1'
[5.990s] INFO:colcon.colcon_core.shell:Creating environment descriptor '/home/paolaramos/Autonomous-Drone/tello_ws3/install/tello_control/share/tello_control/hook/pythonpath.dsv'
[5.991s] INFO:colcon.colcon_core.shell:Creating environment hook '/home/paolaramos/Autonomous-Drone/tello_ws3/install/tello_control/share/tello_control/hook/pythonpath.sh'
[5.993s] Level 1:colcon.colcon_core.environment:checking '/home/paolaramos/Autonomous-Drone/tello_ws3/install/tello_control/bin'
[5.993s] Level 1:colcon.colcon_core.environment:create_environment_scripts_only(tello_control)
[5.994s] INFO:colcon.colcon_core.shell:Creating package script '/home/paolaramos/Autonomous-Drone/tello_ws3/install/tello_control/share/tello_control/package.ps1'
[5.998s] INFO:colcon.colcon_core.shell:Creating package descriptor '/home/paolaramos/Autonomous-Drone/tello_ws3/install/tello_control/share/tello_control/package.dsv'
[6.034s] INFO:colcon.colcon_core.shell:Creating package script '/home/paolaramos/Autonomous-Drone/tello_ws3/install/tello_control/share/tello_control/package.sh'
[6.046s] INFO:colcon.colcon_core.shell:Creating package script '/home/paolaramos/Autonomous-Drone/tello_ws3/install/tello_control/share/tello_control/package.bash'
[6.060s] INFO:colcon.colcon_core.shell:Creating package script '/home/paolaramos/Autonomous-Drone/tello_ws3/install/tello_control/share/tello_control/package.zsh'
[6.076s] Level 1:colcon.colcon_core.environment:create_file_with_runtime_dependencies(/home/paolaramos/Autonomous-Drone/tello_ws3/install/tello_control/share/colcon-core/packages/tello_control)
[6.086s] Level 1:colcon.colcon_core.environment:checking '/home/paolaramos/Autonomous-Drone/tello_ws3/install/tello_pkg' for CMake module files
[6.087s] Level 1:colcon.colcon_core.environment:checking '/home/paolaramos/Autonomous-Drone/tello_ws3/install/tello_pkg' for CMake config files
[6.087s] Level 1:colcon.colcon_core.environment:checking '/home/paolaramos/Autonomous-Drone/tello_ws3/install/tello_pkg/lib'
[6.087s] Level 1:colcon.colcon_core.environment:checking '/home/paolaramos/Autonomous-Drone/tello_ws3/install/tello_pkg/bin'
[6.087s] Level 1:colcon.colcon_core.environment:checking '/home/paolaramos/Autonomous-Drone/tello_ws3/install/tello_pkg/lib/pkgconfig/tello_pkg.pc'
[6.089s] Level 1:colcon.colcon_core.environment:checking '/home/paolaramos/Autonomous-Drone/tello_ws3/install/tello_pkg/lib/python3.10/site-packages'
[6.089s] Level 1:colcon.colcon_core.shell:create_environment_hook('tello_pkg', 'pythonpath')
[6.090s] INFO:colcon.colcon_core.shell:Creating environment hook '/home/paolaramos/Autonomous-Drone/tello_ws3/install/tello_pkg/share/tello_pkg/hook/pythonpath.ps1'
[6.092s] INFO:colcon.colcon_core.shell:Creating environment descriptor '/home/paolaramos/Autonomous-Drone/tello_ws3/install/tello_pkg/share/tello_pkg/hook/pythonpath.dsv'
[6.093s] INFO:colcon.colcon_core.shell:Creating environment hook '/home/paolaramos/Autonomous-Drone/tello_ws3/install/tello_pkg/share/tello_pkg/hook/pythonpath.sh'
[6.112s] DEBUG:colcon.colcon_core.event_handler.log_command:Invoked command in '/home/paolaramos/Autonomous-Drone/tello_ws3/src/tello_pkg' returned '0': PYTHONPATH=/home/paolaramos/Autonomous-Drone/tello_ws3/build/tello_pkg/prefix_override:/usr/lib/python3/dist-packages/colcon_core/task/python/colcon_distutils_commands:/home/paolaramos/Autonomous-Drone/tello_ws3/install/tello_pkg/lib/python3.10/site-packages:${PYTHONPATH} /usr/bin/python3 -W ignore:setup.py install is deprecated -W ignore:easy_install command is deprecated setup.py egg_info --egg-base ../../build/tello_pkg build --build-base /home/paolaramos/Autonomous-Drone/tello_ws3/build/tello_pkg/build install --record /home/paolaramos/Autonomous-Drone/tello_ws3/build/tello_pkg/install.log --single-version-externally-managed install_data
[6.114s] Level 1:colcon.colcon_core.environment:checking '/home/paolaramos/Autonomous-Drone/tello_ws3/install/tello_pkg/bin'
[6.115s] Level 1:colcon.colcon_core.environment:create_environment_scripts_only(tello_pkg)
[6.115s] INFO:colcon.colcon_core.shell:Creating package script '/home/paolaramos/Autonomous-Drone/tello_ws3/install/tello_pkg/share/tello_pkg/package.ps1'
[6.116s] INFO:colcon.colcon_core.shell:Creating package descriptor '/home/paolaramos/Autonomous-Drone/tello_ws3/install/tello_pkg/share/tello_pkg/package.dsv'
[6.117s] INFO:colcon.colcon_core.shell:Creating package script '/home/paolaramos/Autonomous-Drone/tello_ws3/install/tello_pkg/share/tello_pkg/package.sh'
[6.119s] INFO:colcon.colcon_core.shell:Creating package script '/home/paolaramos/Autonomous-Drone/tello_ws3/install/tello_pkg/share/tello_pkg/package.bash'
[6.119s] INFO:colcon.colcon_core.shell:Creating package script '/home/paolaramos/Autonomous-Drone/tello_ws3/install/tello_pkg/share/tello_pkg/package.zsh'
[6.120s] Level 1:colcon.colcon_core.environment:create_file_with_runtime_dependencies(/home/paolaramos/Autonomous-Drone/tello_ws3/install/tello_pkg/share/colcon-core/packages/tello_pkg)
[6.127s] DEBUG:colcon.colcon_parallel_executor.executor.parallel:closing loop
[6.135s] DEBUG:colcon.colcon_parallel_executor.executor.parallel:loop closed
[6.136s] DEBUG:colcon.colcon_parallel_executor.executor.parallel:run_until_complete finished with '0'
[6.136s] DEBUG:colcon.colcon_core.event_reactor:joining thread
[6.287s] INFO:colcon.colcon_core.plugin_system:Skipping extension 'colcon_notification.desktop_notification.terminal_notifier': Not used on non-Darwin systems
[6.287s] INFO:colcon.colcon_core.plugin_system:Skipping extension 'colcon_notification.desktop_notification.win32': Not used on non-Windows systems
[6.287s] INFO:colcon.colcon_notification.desktop_notification:Sending desktop notification using 'notify2'
[8.001s] DEBUG:colcon.colcon_core.event_reactor:joined thread
[8.001s] INFO:colcon.colcon_core.shell:Creating prefix script '/home/paolaramos/Autonomous-Drone/tello_ws3/install/local_setup.ps1'
[8.007s] INFO:colcon.colcon_core.shell:Creating prefix util module '/home/paolaramos/Autonomous-Drone/tello_ws3/install/_local_setup_util_ps1.py'
[8.011s] INFO:colcon.colcon_core.shell:Creating prefix chain script '/home/paolaramos/Autonomous-Drone/tello_ws3/install/setup.ps1'
[8.023s] INFO:colcon.colcon_core.shell:Creating prefix script '/home/paolaramos/Autonomous-Drone/tello_ws3/install/local_setup.sh'
[8.028s] INFO:colcon.colcon_core.shell:Creating prefix util module '/home/paolaramos/Autonomous-Drone/tello_ws3/install/_local_setup_util_sh.py'
[8.029s] INFO:colcon.colcon_core.shell:Creating prefix chain script '/home/paolaramos/Autonomous-Drone/tello_ws3/install/setup.sh'
[8.031s] INFO:colcon.colcon_core.shell:Creating prefix script '/home/paolaramos/Autonomous-Drone/tello_ws3/install/local_setup.bash'
[8.034s] INFO:colcon.colcon_core.shell:Creating prefix chain script '/home/paolaramos/Autonomous-Drone/tello_ws3/install/setup.bash'
[8.038s] INFO:colcon.colcon_core.shell:Creating prefix script '/home/paolaramos/Autonomous-Drone/tello_ws3/install/local_setup.zsh'
[8.041s] INFO:colcon.colcon_core.shell:Creating prefix chain script '/home/paolaramos/Autonomous-Drone/tello_ws3/install/setup.zsh'
