running egg_info
creating ../../build/tello_odometry/tello_odometry.egg-info
writing ../../build/tello_odometry/tello_odometry.egg-info/PKG-INFO
writing dependency_links to ../../build/tello_odometry/tello_odometry.egg-info/dependency_links.txt
writing entry points to ../../build/tello_odometry/tello_odometry.egg-info/entry_points.txt
writing requirements to ../../build/tello_odometry/tello_odometry.egg-info/requires.txt
writing top-level names to ../../build/tello_odometry/tello_odometry.egg-info/top_level.txt
writing manifest file '../../build/tello_odometry/tello_odometry.egg-info/SOURCES.txt'
reading manifest file '../../build/tello_odometry/tello_odometry.egg-info/SOURCES.txt'
writing manifest file '../../build/tello_odometry/tello_odometry.egg-info/SOURCES.txt'
running build
running build_py
creating /home/paolaramos/Documents/Autonomous-Drone/tello_ws/build/tello_odometry/build
creating /home/paolaramos/Documents/Autonomous-Drone/tello_ws/build/tello_odometry/build/lib
creating /home/paolaramos/Documents/Autonomous-Drone/tello_ws/build/tello_odometry/build/lib/tello_odometry
copying tello_odometry/__init__.py -> /home/paolaramos/Documents/Autonomous-Drone/tello_ws/build/tello_odometry/build/lib/tello_odometry
copying tello_odometry/odom_node.py -> /home/paolaramos/Documents/Autonomous-Drone/tello_ws/build/tello_odometry/build/lib/tello_odometry
running install
running install_lib
creating /home/paolaramos/Documents/Autonomous-Drone/tello_ws/install/tello_odometry/lib/python3.10/site-packages/tello_odometry
copying /home/paolaramos/Documents/Autonomous-Drone/tello_ws/build/tello_odometry/build/lib/tello_odometry/__init__.py -> /home/paolaramos/Documents/Autonomous-Drone/tello_ws/install/tello_odometry/lib/python3.10/site-packages/tello_odometry
copying /home/paolaramos/Documents/Autonomous-Drone/tello_ws/build/tello_odometry/build/lib/tello_odometry/odom_node.py -> /home/paolaramos/Documents/Autonomous-Drone/tello_ws/install/tello_odometry/lib/python3.10/site-packages/tello_odometry
byte-compiling /home/paolaramos/Documents/Autonomous-Drone/tello_ws/install/tello_odometry/lib/python3.10/site-packages/tello_odometry/__init__.py to __init__.cpython-310.pyc
byte-compiling /home/paolaramos/Documents/Autonomous-Drone/tello_ws/install/tello_odometry/lib/python3.10/site-packages/tello_odometry/odom_node.py to odom_node.cpython-310.pyc
running install_data
creating /home/paolaramos/Documents/Autonomous-Drone/tello_ws/install/tello_odometry/share/ament_index
creating /home/paolaramos/Documents/Autonomous-Drone/tello_ws/install/tello_odometry/share/ament_index/resource_index
creating /home/paolaramos/Documents/Autonomous-Drone/tello_ws/install/tello_odometry/share/ament_index/resource_index/packages
copying resource/tello_odometry -> /home/paolaramos/Documents/Autonomous-Drone/tello_ws/install/tello_odometry/share/ament_index/resource_index/packages
copying package.xml -> /home/paolaramos/Documents/Autonomous-Drone/tello_ws/install/tello_odometry/share/tello_odometry
running install_egg_info
Copying ../../build/tello_odometry/tello_odometry.egg-info to /home/paolaramos/Documents/Autonomous-Drone/tello_ws/install/tello_odometry/lib/python3.10/site-packages/tello_odometry-0.0.0-py3.10.egg-info
running install_scripts
Installing odom_node script to /home/paolaramos/Documents/Autonomous-Drone/tello_ws/install/tello_odometry/lib/tello_odometry
writing list of installed files to '/home/paolaramos/Documents/Autonomous-Drone/tello_ws/build/tello_odometry/install.log'
