[1.567s] Invoking command in '/home/paolaramos/Github/testROS/Autonomous-Drone/tello_ws3/src/tello_control': PYTHONPATH=/home/paolaramos/Github/testROS/Autonomous-Drone/tello_ws3/build/tello_control/prefix_override:/usr/lib/python3/dist-packages/colcon_core/task/python/colcon_distutils_commands:/home/paolaramos/Github/testROS/Autonomous-Drone/tello_ws3/install/tello_control/lib/python3.10/site-packages:${PYTHONPATH} /usr/bin/python3 -W ignore:setup.py install is deprecated -W ignore:easy_install command is deprecated setup.py egg_info --egg-base ../../build/tello_control build --build-base /home/paolaramos/Github/testROS/Autonomous-Drone/tello_ws3/build/tello_control/build install --record /home/paolaramos/Github/testROS/Autonomous-Drone/tello_ws3/build/tello_control/install.log --single-version-externally-managed install_data
[1.898s] running egg_info
[1.924s] writing ../../build/tello_control/tello_control.egg-info/PKG-INFO
[1.931s] writing dependency_links to ../../build/tello_control/tello_control.egg-info/dependency_links.txt
[1.931s] writing entry points to ../../build/tello_control/tello_control.egg-info/entry_points.txt
[1.931s] writing requirements to ../../build/tello_control/tello_control.egg-info/requires.txt
[1.931s] writing top-level names to ../../build/tello_control/tello_control.egg-info/top_level.txt
[1.989s] reading manifest file '../../build/tello_control/tello_control.egg-info/SOURCES.txt'
[1.992s] writing manifest file '../../build/tello_control/tello_control.egg-info/SOURCES.txt'
[2.012s] running build
[2.023s] running build_py
[2.023s] copying tello_control/__init__.py -> /home/paolaramos/Github/testROS/Autonomous-Drone/tello_ws3/build/tello_control/build/lib/tello_control
[2.024s] copying tello_control/justTello.py -> /home/paolaramos/Github/testROS/Autonomous-Drone/tello_ws3/build/tello_control/build/lib/tello_control
[2.024s] copying tello_control/trajectory_node.py -> /home/paolaramos/Github/testROS/Autonomous-Drone/tello_ws3/build/tello_control/build/lib/tello_control
[2.024s] running install
[2.024s] running install_lib
[2.030s] running install_data
[2.032s] copying resource/tello_control -> /home/paolaramos/Github/testROS/Autonomous-Drone/tello_ws3/install/tello_control/share/ament_index/resource_index/packages
[2.034s] copying package.xml -> /home/paolaramos/Github/testROS/Autonomous-Drone/tello_ws3/install/tello_control/share/tello_control
[2.034s] copying launch/tello_with_optitrack.launch.py -> /home/paolaramos/Github/testROS/Autonomous-Drone/tello_ws3/install/tello_control/share/tello_control/launch
[2.034s] running install_egg_info
[2.063s] removing '/home/paolaramos/Github/testROS/Autonomous-Drone/tello_ws3/install/tello_control/lib/python3.10/site-packages/tello_control-0.0.0-py3.10.egg-info' (and everything under it)
[2.077s] Copying ../../build/tello_control/tello_control.egg-info to /home/paolaramos/Github/testROS/Autonomous-Drone/tello_ws3/install/tello_control/lib/python3.10/site-packages/tello_control-0.0.0-py3.10.egg-info
[2.077s] running install_scripts
[2.245s] Installing justTello script to /home/paolaramos/Github/testROS/Autonomous-Drone/tello_ws3/install/tello_control/lib/tello_control
[2.246s] Installing trajectory_node script to /home/paolaramos/Github/testROS/Autonomous-Drone/tello_ws3/install/tello_control/lib/tello_control
[2.259s] writing list of installed files to '/home/paolaramos/Github/testROS/Autonomous-Drone/tello_ws3/build/tello_control/install.log'
[2.295s] Invoked command in '/home/paolaramos/Github/testROS/Autonomous-Drone/tello_ws3/src/tello_control' returned '0': PYTHONPATH=/home/paolaramos/Github/testROS/Autonomous-Drone/tello_ws3/build/tello_control/prefix_override:/usr/lib/python3/dist-packages/colcon_core/task/python/colcon_distutils_commands:/home/paolaramos/Github/testROS/Autonomous-Drone/tello_ws3/install/tello_control/lib/python3.10/site-packages:${PYTHONPATH} /usr/bin/python3 -W ignore:setup.py install is deprecated -W ignore:easy_install command is deprecated setup.py egg_info --egg-base ../../build/tello_control build --build-base /home/paolaramos/Github/testROS/Autonomous-Drone/tello_ws3/build/tello_control/build install --record /home/paolaramos/Github/testROS/Autonomous-Drone/tello_ws3/build/tello_control/install.log --single-version-externally-managed install_data
