running egg_info
creating ../../build/tello_interface/tello_interface.egg-info
writing ../../build/tello_interface/tello_interface.egg-info/PKG-INFO
writing dependency_links to ../../build/tello_interface/tello_interface.egg-info/dependency_links.txt
writing entry points to ../../build/tello_interface/tello_interface.egg-info/entry_points.txt
writing requirements to ../../build/tello_interface/tello_interface.egg-info/requires.txt
writing top-level names to ../../build/tello_interface/tello_interface.egg-info/top_level.txt
writing manifest file '../../build/tello_interface/tello_interface.egg-info/SOURCES.txt'
reading manifest file '../../build/tello_interface/tello_interface.egg-info/SOURCES.txt'
writing manifest file '../../build/tello_interface/tello_interface.egg-info/SOURCES.txt'
running build
running build_py
creating /home/paolaramos/Documents/Autonomous-Drone/tello_ws/build/tello_interface/build
creating /home/paolaramos/Documents/Autonomous-Drone/tello_ws/build/tello_interface/build/lib
creating /home/paolaramos/Documents/Autonomous-Drone/tello_ws/build/tello_interface/build/lib/tello_interface
copying tello_interface/__init__.py -> /home/paolaramos/Documents/Autonomous-Drone/tello_ws/build/tello_interface/build/lib/tello_interface
copying tello_interface/tello_node.py -> /home/paolaramos/Documents/Autonomous-Drone/tello_ws/build/tello_interface/build/lib/tello_interface
running install
running install_lib
creating /home/paolaramos/Documents/Autonomous-Drone/tello_ws/install/tello_interface/lib/python3.10/site-packages/tello_interface
copying /home/paolaramos/Documents/Autonomous-Drone/tello_ws/build/tello_interface/build/lib/tello_interface/__init__.py -> /home/paolaramos/Documents/Autonomous-Drone/tello_ws/install/tello_interface/lib/python3.10/site-packages/tello_interface
copying /home/paolaramos/Documents/Autonomous-Drone/tello_ws/build/tello_interface/build/lib/tello_interface/tello_node.py -> /home/paolaramos/Documents/Autonomous-Drone/tello_ws/install/tello_interface/lib/python3.10/site-packages/tello_interface
byte-compiling /home/paolaramos/Documents/Autonomous-Drone/tello_ws/install/tello_interface/lib/python3.10/site-packages/tello_interface/__init__.py to __init__.cpython-310.pyc
byte-compiling /home/paolaramos/Documents/Autonomous-Drone/tello_ws/install/tello_interface/lib/python3.10/site-packages/tello_interface/tello_node.py to tello_node.cpython-310.pyc
running install_data
creating /home/paolaramos/Documents/Autonomous-Drone/tello_ws/install/tello_interface/share/ament_index
creating /home/paolaramos/Documents/Autonomous-Drone/tello_ws/install/tello_interface/share/ament_index/resource_index
creating /home/paolaramos/Documents/Autonomous-Drone/tello_ws/install/tello_interface/share/ament_index/resource_index/packages
copying resource/tello_interface -> /home/paolaramos/Documents/Autonomous-Drone/tello_ws/install/tello_interface/share/ament_index/resource_index/packages
copying package.xml -> /home/paolaramos/Documents/Autonomous-Drone/tello_ws/install/tello_interface/share/tello_interface
running install_egg_info
Copying ../../build/tello_interface/tello_interface.egg-info to /home/paolaramos/Documents/Autonomous-Drone/tello_ws/install/tello_interface/lib/python3.10/site-packages/tello_interface-0.0.0-py3.10.egg-info
running install_scripts
Installing tello_node script to /home/paolaramos/Documents/Autonomous-Drone/tello_ws/install/tello_interface/lib/tello_interface
writing list of installed files to '/home/paolaramos/Documents/Autonomous-Drone/tello_ws/build/tello_interface/install.log'
