[1.748s] Invoking command in '/home/paolaramos/Documents/Autonomous-Drone/tello_ws/src/tello_interface': PYTHONPATH=/home/paolaramos/Documents/Autonomous-Drone/tello_ws/build/tello_interface/prefix_override:/usr/lib/python3/dist-packages/colcon_core/task/python/colcon_distutils_commands:/home/paolaramos/Documents/Autonomous-Drone/tello_ws/install/tello_interface/lib/python3.10/site-packages:${PYTHONPATH} /usr/bin/python3 -W ignore:setup.py install is deprecated -W ignore:easy_install command is deprecated setup.py egg_info --egg-base ../../build/tello_interface build --build-base /home/paolaramos/Documents/Autonomous-Drone/tello_ws/build/tello_interface/build install --record /home/paolaramos/Documents/Autonomous-Drone/tello_ws/build/tello_interface/install.log --single-version-externally-managed install_data
[2.132s] running egg_info
[2.132s] creating ../../build/tello_interface/tello_interface.egg-info
[2.132s] writing ../../build/tello_interface/tello_interface.egg-info/PKG-INFO
[2.132s] writing dependency_links to ../../build/tello_interface/tello_interface.egg-info/dependency_links.txt
[2.133s] writing entry points to ../../build/tello_interface/tello_interface.egg-info/entry_points.txt
[2.133s] writing requirements to ../../build/tello_interface/tello_interface.egg-info/requires.txt
[2.133s] writing top-level names to ../../build/tello_interface/tello_interface.egg-info/top_level.txt
[2.133s] writing manifest file '../../build/tello_interface/tello_interface.egg-info/SOURCES.txt'
[2.134s] reading manifest file '../../build/tello_interface/tello_interface.egg-info/SOURCES.txt'
[2.137s] writing manifest file '../../build/tello_interface/tello_interface.egg-info/SOURCES.txt'
[2.144s] running build
[2.144s] running build_py
[2.144s] creating /home/paolaramos/Documents/Autonomous-Drone/tello_ws/build/tello_interface/build
[2.144s] creating /home/paolaramos/Documents/Autonomous-Drone/tello_ws/build/tello_interface/build/lib
[2.144s] creating /home/paolaramos/Documents/Autonomous-Drone/tello_ws/build/tello_interface/build/lib/tello_interface
[2.144s] copying tello_interface/__init__.py -> /home/paolaramos/Documents/Autonomous-Drone/tello_ws/build/tello_interface/build/lib/tello_interface
[2.144s] copying tello_interface/tello_node.py -> /home/paolaramos/Documents/Autonomous-Drone/tello_ws/build/tello_interface/build/lib/tello_interface
[2.144s] running install
[2.144s] running install_lib
[2.144s] creating /home/paolaramos/Documents/Autonomous-Drone/tello_ws/install/tello_interface/lib/python3.10/site-packages/tello_interface
[2.144s] copying /home/paolaramos/Documents/Autonomous-Drone/tello_ws/build/tello_interface/build/lib/tello_interface/__init__.py -> /home/paolaramos/Documents/Autonomous-Drone/tello_ws/install/tello_interface/lib/python3.10/site-packages/tello_interface
[2.144s] copying /home/paolaramos/Documents/Autonomous-Drone/tello_ws/build/tello_interface/build/lib/tello_interface/tello_node.py -> /home/paolaramos/Documents/Autonomous-Drone/tello_ws/install/tello_interface/lib/python3.10/site-packages/tello_interface
[2.144s] byte-compiling /home/paolaramos/Documents/Autonomous-Drone/tello_ws/install/tello_interface/lib/python3.10/site-packages/tello_interface/__init__.py to __init__.cpython-310.pyc
[2.144s] byte-compiling /home/paolaramos/Documents/Autonomous-Drone/tello_ws/install/tello_interface/lib/python3.10/site-packages/tello_interface/tello_node.py to tello_node.cpython-310.pyc
[2.144s] running install_data
[2.144s] creating /home/paolaramos/Documents/Autonomous-Drone/tello_ws/install/tello_interface/share/ament_index
[2.145s] creating /home/paolaramos/Documents/Autonomous-Drone/tello_ws/install/tello_interface/share/ament_index/resource_index
[2.145s] creating /home/paolaramos/Documents/Autonomous-Drone/tello_ws/install/tello_interface/share/ament_index/resource_index/packages
[2.145s] copying resource/tello_interface -> /home/paolaramos/Documents/Autonomous-Drone/tello_ws/install/tello_interface/share/ament_index/resource_index/packages
[2.145s] copying package.xml -> /home/paolaramos/Documents/Autonomous-Drone/tello_ws/install/tello_interface/share/tello_interface
[2.145s] running install_egg_info
[2.162s] Copying ../../build/tello_interface/tello_interface.egg-info to /home/paolaramos/Documents/Autonomous-Drone/tello_ws/install/tello_interface/lib/python3.10/site-packages/tello_interface-0.0.0-py3.10.egg-info
[2.162s] running install_scripts
[2.222s] Installing tello_node script to /home/paolaramos/Documents/Autonomous-Drone/tello_ws/install/tello_interface/lib/tello_interface
[2.222s] writing list of installed files to '/home/paolaramos/Documents/Autonomous-Drone/tello_ws/build/tello_interface/install.log'
[2.295s] Invoked command in '/home/paolaramos/Documents/Autonomous-Drone/tello_ws/src/tello_interface' returned '0': PYTHONPATH=/home/paolaramos/Documents/Autonomous-Drone/tello_ws/build/tello_interface/prefix_override:/usr/lib/python3/dist-packages/colcon_core/task/python/colcon_distutils_commands:/home/paolaramos/Documents/Autonomous-Drone/tello_ws/install/tello_interface/lib/python3.10/site-packages:${PYTHONPATH} /usr/bin/python3 -W ignore:setup.py install is deprecated -W ignore:easy_install command is deprecated setup.py egg_info --egg-base ../../build/tello_interface build --build-base /home/paolaramos/Documents/Autonomous-Drone/tello_ws/build/tello_interface/build install --record /home/paolaramos/Documents/Autonomous-Drone/tello_ws/build/tello_interface/install.log --single-version-externally-managed install_data
