[0.115s] DEBUG:colcon:Command line arguments: ['/usr/bin/colcon', 'build']
[0.115s] DEBUG:colcon:Parsed command line arguments: Namespace(log_base=None, log_level=None, verb_name='build', build_base='build', install_base='install', merge_install=False, symlink_install=False, test_result_base=None, continue_on_error=False, executor='parallel', parallel_workers=4, event_handlers=None, ignore_user_meta=False, metas=['./colcon.meta'], base_paths=['.'], packages_ignore=None, packages_ignore_regex=None, paths=None, packages_up_to=None, packages_up_to_regex=None, packages_above=None, packages_above_and_dependencies=None, packages_above_depth=None, packages_select_by_dep=None, packages_skip_by_dep=None, packages_skip_up_to=None, packages_select_build_failed=False, packages_skip_build_finished=False, packages_select_test_failures=False, packages_skip_test_passed=False, packages_select=None, packages_skip=None, packages_select_regex=None, packages_skip_regex=None, packages_start=None, packages_end=None, allow_overriding=[], cmake_args=None, cmake_target=None, cmake_target_skip_unavailable=False, cmake_clean_cache=False, cmake_clean_first=False, cmake_force_configure=False, ament_cmake_args=None, catkin_cmake_args=None, catkin_skip_building_tests=False, verb_parser=<colcon_defaults.argument_parser.defaults.DefaultArgumentsDecorator object at 0x7f0f06e652a0>, verb_extension=<colcon_core.verb.build.BuildVerb object at 0x7f0f06fde8c0>, main=<bound method BuildVerb.main of <colcon_core.verb.build.BuildVerb object at 0x7f0f06fde8c0>>)
[0.156s] Level 1:colcon.colcon_core.package_discovery:discover_packages(colcon_meta) check parameters
[0.156s] Level 1:colcon.colcon_core.package_discovery:discover_packages(recursive) check parameters
[0.156s] Level 1:colcon.colcon_core.package_discovery:discover_packages(ignore) check parameters
[0.156s] Level 1:colcon.colcon_core.package_discovery:discover_packages(path) check parameters
[0.156s] Level 1:colcon.colcon_core.package_discovery:discover_packages(colcon_meta) discover
[0.156s] Level 1:colcon.colcon_core.package_discovery:discover_packages(recursive) discover
[0.156s] INFO:colcon.colcon_core.package_discovery:Crawling recursively for packages in '/home/paolaramos/Autonomous-Drone/tello_ws'
[0.156s] Level 1:colcon.colcon_core.package_identification:_identify(.) by extensions ['ignore', 'ignore_ament_install']
[0.157s] Level 1:colcon.colcon_core.package_identification:_identify(.) by extension 'ignore'
[0.157s] Level 1:colcon.colcon_core.package_identification:_identify(.) by extension 'ignore_ament_install'
[0.157s] Level 1:colcon.colcon_core.package_identification:_identify(.) by extensions ['colcon_pkg']
[0.157s] Level 1:colcon.colcon_core.package_identification:_identify(.) by extension 'colcon_pkg'
[0.157s] Level 1:colcon.colcon_core.package_identification:_identify(.) by extensions ['colcon_meta']
[0.157s] Level 1:colcon.colcon_core.package_identification:_identify(.) by extension 'colcon_meta'
[0.157s] Level 1:colcon.colcon_core.package_identification:_identify(.) by extensions ['ros']
[0.157s] Level 1:colcon.colcon_core.package_identification:_identify(.) by extension 'ros'
[0.189s] Level 1:colcon.colcon_core.package_identification:_identify(.) by extensions ['cmake', 'python']
[0.189s] Level 1:colcon.colcon_core.package_identification:_identify(.) by extension 'cmake'
[0.189s] Level 1:colcon.colcon_core.package_identification:_identify(.) by extension 'python'
[0.189s] Level 1:colcon.colcon_core.package_identification:_identify(.) by extensions ['python_setup_py']
[0.189s] Level 1:colcon.colcon_core.package_identification:_identify(.) by extension 'python_setup_py'
[0.189s] Level 1:colcon.colcon_core.package_identification:_identify(build) by extensions ['ignore', 'ignore_ament_install']
[0.190s] Level 1:colcon.colcon_core.package_identification:_identify(build) by extension 'ignore'
[0.190s] Level 1:colcon.colcon_core.package_identification:_identify(build) ignored
[0.190s] Level 1:colcon.colcon_core.package_identification:_identify(install) by extensions ['ignore', 'ignore_ament_install']
[0.190s] Level 1:colcon.colcon_core.package_identification:_identify(install) by extension 'ignore'
[0.190s] Level 1:colcon.colcon_core.package_identification:_identify(install) ignored
[0.190s] Level 1:colcon.colcon_core.package_identification:_identify(log) by extensions ['ignore', 'ignore_ament_install']
[0.190s] Level 1:colcon.colcon_core.package_identification:_identify(log) by extension 'ignore'
[0.190s] Level 1:colcon.colcon_core.package_identification:_identify(log) ignored
[0.190s] Level 1:colcon.colcon_core.package_identification:_identify(src) by extensions ['ignore', 'ignore_ament_install']
[0.190s] Level 1:colcon.colcon_core.package_identification:_identify(src) by extension 'ignore'
[0.190s] Level 1:colcon.colcon_core.package_identification:_identify(src) by extension 'ignore_ament_install'
[0.190s] Level 1:colcon.colcon_core.package_identification:_identify(src) by extensions ['colcon_pkg']
[0.190s] Level 1:colcon.colcon_core.package_identification:_identify(src) by extension 'colcon_pkg'
[0.190s] Level 1:colcon.colcon_core.package_identification:_identify(src) by extensions ['colcon_meta']
[0.190s] Level 1:colcon.colcon_core.package_identification:_identify(src) by extension 'colcon_meta'
[0.191s] Level 1:colcon.colcon_core.package_identification:_identify(src) by extensions ['ros']
[0.191s] Level 1:colcon.colcon_core.package_identification:_identify(src) by extension 'ros'
[0.191s] Level 1:colcon.colcon_core.package_identification:_identify(src) by extensions ['cmake', 'python']
[0.191s] Level 1:colcon.colcon_core.package_identification:_identify(src) by extension 'cmake'
[0.191s] Level 1:colcon.colcon_core.package_identification:_identify(src) by extension 'python'
[0.191s] Level 1:colcon.colcon_core.package_identification:_identify(src) by extensions ['python_setup_py']
[0.191s] Level 1:colcon.colcon_core.package_identification:_identify(src) by extension 'python_setup_py'
[0.191s] Level 1:colcon.colcon_core.package_identification:_identify(src/optitrack_client) by extensions ['ignore', 'ignore_ament_install']
[0.191s] Level 1:colcon.colcon_core.package_identification:_identify(src/optitrack_client) by extension 'ignore'
[0.191s] Level 1:colcon.colcon_core.package_identification:_identify(src/optitrack_client) by extension 'ignore_ament_install'
[0.191s] Level 1:colcon.colcon_core.package_identification:_identify(src/optitrack_client) by extensions ['colcon_pkg']
[0.191s] Level 1:colcon.colcon_core.package_identification:_identify(src/optitrack_client) by extension 'colcon_pkg'
[0.191s] Level 1:colcon.colcon_core.package_identification:_identify(src/optitrack_client) by extensions ['colcon_meta']
[0.191s] Level 1:colcon.colcon_core.package_identification:_identify(src/optitrack_client) by extension 'colcon_meta'
[0.191s] Level 1:colcon.colcon_core.package_identification:_identify(src/optitrack_client) by extensions ['ros']
[0.191s] Level 1:colcon.colcon_core.package_identification:_identify(src/optitrack_client) by extension 'ros'
[0.194s] DEBUG:colcon.colcon_core.package_identification:Package 'src/optitrack_client' with type 'ros.ament_cmake' and name 'optitrack_client'
[0.194s] Level 1:colcon.colcon_core.package_identification:_identify(src/tello_controller) by extensions ['ignore', 'ignore_ament_install']
[0.194s] Level 1:colcon.colcon_core.package_identification:_identify(src/tello_controller) by extension 'ignore'
[0.194s] Level 1:colcon.colcon_core.package_identification:_identify(src/tello_controller) by extension 'ignore_ament_install'
[0.194s] Level 1:colcon.colcon_core.package_identification:_identify(src/tello_controller) by extensions ['colcon_pkg']
[0.194s] Level 1:colcon.colcon_core.package_identification:_identify(src/tello_controller) by extension 'colcon_pkg'
[0.194s] Level 1:colcon.colcon_core.package_identification:_identify(src/tello_controller) by extensions ['colcon_meta']
[0.194s] Level 1:colcon.colcon_core.package_identification:_identify(src/tello_controller) by extension 'colcon_meta'
[0.194s] Level 1:colcon.colcon_core.package_identification:_identify(src/tello_controller) by extensions ['ros']
[0.194s] Level 1:colcon.colcon_core.package_identification:_identify(src/tello_controller) by extension 'ros'
[0.195s] DEBUG:colcon.colcon_core.package_identification:Package 'src/tello_controller' with type 'ros.ament_python' and name 'tello_controller'
[0.195s] Level 1:colcon.colcon_core.package_discovery:discover_packages(recursive) using defaults
[0.195s] Level 1:colcon.colcon_core.package_discovery:discover_packages(ignore) discover
[0.195s] Level 1:colcon.colcon_core.package_discovery:discover_packages(ignore) using defaults
[0.195s] Level 1:colcon.colcon_core.package_discovery:discover_packages(path) discover
[0.195s] Level 1:colcon.colcon_core.package_discovery:discover_packages(path) using defaults
[0.219s] Level 1:colcon.colcon_core.package_discovery:discover_packages(prefix_path) check parameters
[0.219s] Level 1:colcon.colcon_core.package_discovery:discover_packages(prefix_path) discover
[0.221s] DEBUG:colcon.colcon_installed_package_information.package_discovery:Found 273 installed packages in /opt/ros/humble
[0.223s] Level 1:colcon.colcon_core.package_discovery:discover_packages(prefix_path) using defaults
[0.258s] Level 5:colcon.colcon_core.verb:set package 'optitrack_client' build argument 'cmake_args' from command line to 'None'
[0.258s] Level 5:colcon.colcon_core.verb:set package 'optitrack_client' build argument 'cmake_target' from command line to 'None'
[0.258s] Level 5:colcon.colcon_core.verb:set package 'optitrack_client' build argument 'cmake_target_skip_unavailable' from command line to 'False'
[0.258s] Level 5:colcon.colcon_core.verb:set package 'optitrack_client' build argument 'cmake_clean_cache' from command line to 'False'
[0.258s] Level 5:colcon.colcon_core.verb:set package 'optitrack_client' build argument 'cmake_clean_first' from command line to 'False'
[0.258s] Level 5:colcon.colcon_core.verb:set package 'optitrack_client' build argument 'cmake_force_configure' from command line to 'False'
[0.258s] Level 5:colcon.colcon_core.verb:set package 'optitrack_client' build argument 'ament_cmake_args' from command line to 'None'
[0.258s] Level 5:colcon.colcon_core.verb:set package 'optitrack_client' build argument 'catkin_cmake_args' from command line to 'None'
[0.258s] Level 5:colcon.colcon_core.verb:set package 'optitrack_client' build argument 'catkin_skip_building_tests' from command line to 'False'
[0.258s] DEBUG:colcon.colcon_core.verb:Building package 'optitrack_client' with the following arguments: {'ament_cmake_args': None, 'build_base': '/home/paolaramos/Autonomous-Drone/tello_ws/build/optitrack_client', 'catkin_cmake_args': None, 'catkin_skip_building_tests': False, 'cmake_args': None, 'cmake_clean_cache': False, 'cmake_clean_first': False, 'cmake_force_configure': False, 'cmake_target': None, 'cmake_target_skip_unavailable': False, 'install_base': '/home/paolaramos/Autonomous-Drone/tello_ws/install/optitrack_client', 'merge_install': False, 'path': '/home/paolaramos/Autonomous-Drone/tello_ws/src/optitrack_client', 'symlink_install': False, 'test_result_base': None}
[0.258s] Level 5:colcon.colcon_core.verb:set package 'tello_controller' build argument 'cmake_args' from command line to 'None'
[0.259s] Level 5:colcon.colcon_core.verb:set package 'tello_controller' build argument 'cmake_target' from command line to 'None'
[0.259s] Level 5:colcon.colcon_core.verb:set package 'tello_controller' build argument 'cmake_target_skip_unavailable' from command line to 'False'
[0.259s] Level 5:colcon.colcon_core.verb:set package 'tello_controller' build argument 'cmake_clean_cache' from command line to 'False'
[0.259s] Level 5:colcon.colcon_core.verb:set package 'tello_controller' build argument 'cmake_clean_first' from command line to 'False'
[0.259s] Level 5:colcon.colcon_core.verb:set package 'tello_controller' build argument 'cmake_force_configure' from command line to 'False'
[0.259s] Level 5:colcon.colcon_core.verb:set package 'tello_controller' build argument 'ament_cmake_args' from command line to 'None'
[0.259s] Level 5:colcon.colcon_core.verb:set package 'tello_controller' build argument 'catkin_cmake_args' from command line to 'None'
[0.259s] Level 5:colcon.colcon_core.verb:set package 'tello_controller' build argument 'catkin_skip_building_tests' from command line to 'False'
[0.259s] DEBUG:colcon.colcon_core.verb:Building package 'tello_controller' with the following arguments: {'ament_cmake_args': None, 'build_base': '/home/paolaramos/Autonomous-Drone/tello_ws/build/tello_controller', 'catkin_cmake_args': None, 'catkin_skip_building_tests': False, 'cmake_args': None, 'cmake_clean_cache': False, 'cmake_clean_first': False, 'cmake_force_configure': False, 'cmake_target': None, 'cmake_target_skip_unavailable': False, 'install_base': '/home/paolaramos/Autonomous-Drone/tello_ws/install/tello_controller', 'merge_install': False, 'path': '/home/paolaramos/Autonomous-Drone/tello_ws/src/tello_controller', 'symlink_install': False, 'test_result_base': None}
[0.259s] INFO:colcon.colcon_core.executor:Executing jobs using 'parallel' executor
[0.273s] DEBUG:colcon.colcon_parallel_executor.executor.parallel:run_until_complete
[0.274s] INFO:colcon.colcon_ros.task.ament_cmake.build:Building ROS package in '/home/paolaramos/Autonomous-Drone/tello_ws/src/optitrack_client' with build type 'ament_cmake'
[0.274s] INFO:colcon.colcon_cmake.task.cmake.build:Building CMake package in '/home/paolaramos/Autonomous-Drone/tello_ws/src/optitrack_client'
[0.298s] INFO:colcon.colcon_core.plugin_system:Skipping extension 'colcon_core.shell.bat': Not used on non-Windows systems
[0.300s] INFO:colcon.colcon_core.shell:Skip shell extension 'powershell' for command environment: Not usable outside of PowerShell
[0.300s] DEBUG:colcon.colcon_core.shell:Skip shell extension 'dsv' for command environment
[0.319s] INFO:colcon.colcon_ros.task.ament_python.build:Building ROS package in '/home/paolaramos/Autonomous-Drone/tello_ws/src/tello_controller' with build type 'ament_python'
[0.319s] Level 1:colcon.colcon_core.shell:create_environment_hook('tello_controller', 'ament_prefix_path')
[0.321s] INFO:colcon.colcon_core.shell:Creating environment hook '/home/paolaramos/Autonomous-Drone/tello_ws/install/tello_controller/share/tello_controller/hook/ament_prefix_path.ps1'
[0.323s] INFO:colcon.colcon_core.shell:Creating environment descriptor '/home/paolaramos/Autonomous-Drone/tello_ws/install/tello_controller/share/tello_controller/hook/ament_prefix_path.dsv'
[0.325s] INFO:colcon.colcon_core.shell:Creating environment hook '/home/paolaramos/Autonomous-Drone/tello_ws/install/tello_controller/share/tello_controller/hook/ament_prefix_path.sh'
[0.330s] INFO:colcon.colcon_core.shell:Skip shell extension 'powershell' for command environment: Not usable outside of PowerShell
[0.330s] DEBUG:colcon.colcon_core.shell:Skip shell extension 'dsv' for command environment
[0.362s] DEBUG:colcon.colcon_core.event_handler.log_command:Invoking command in '/home/paolaramos/Autonomous-Drone/tello_ws/build/optitrack_client': CMAKE_PREFIX_PATH=/opt/ros/humble /usr/bin/cmake --build /home/paolaramos/Autonomous-Drone/tello_ws/build/optitrack_client -- -j4 -l4
[0.688s] INFO:colcon.colcon_core.task.python.build:Building Python package in '/home/paolaramos/Autonomous-Drone/tello_ws/src/tello_controller'
[0.688s] INFO:colcon.colcon_core.shell:Skip shell extension 'powershell' for command environment: Not usable outside of PowerShell
[0.689s] DEBUG:colcon.colcon_core.shell:Skip shell extension 'dsv' for command environment
[1.420s] DEBUG:colcon.colcon_core.event_handler.log_command:Invoked command in '/home/paolaramos/Autonomous-Drone/tello_ws/build/optitrack_client' returned '0': CMAKE_PREFIX_PATH=/opt/ros/humble /usr/bin/cmake --build /home/paolaramos/Autonomous-Drone/tello_ws/build/optitrack_client -- -j4 -l4
[1.442s] DEBUG:colcon.colcon_core.event_handler.log_command:Invoking command in '/home/paolaramos/Autonomous-Drone/tello_ws/build/optitrack_client': CMAKE_PREFIX_PATH=/opt/ros/humble /usr/bin/cmake --install /home/paolaramos/Autonomous-Drone/tello_ws/build/optitrack_client
[1.456s] DEBUG:colcon.colcon_core.event_handler.log_command:Invoking command in '/home/paolaramos/Autonomous-Drone/tello_ws/src/tello_controller': PYTHONPATH=/home/paolaramos/Autonomous-Drone/tello_ws/build/tello_controller/prefix_override:/usr/lib/python3/dist-packages/colcon_core/task/python/colcon_distutils_commands:/home/paolaramos/Autonomous-Drone/tello_ws/install/tello_controller/lib/python3.10/site-packages:${PYTHONPATH} /usr/bin/python3 -W ignore:setup.py install is deprecated -W ignore:easy_install command is deprecated setup.py egg_info --egg-base ../../build/tello_controller build --build-base /home/paolaramos/Autonomous-Drone/tello_ws/build/tello_controller/build install --record /home/paolaramos/Autonomous-Drone/tello_ws/build/tello_controller/install.log --single-version-externally-managed install_data
[1.472s] Level 1:colcon.colcon_core.environment:create_environment_scripts_only(optitrack_client)
[1.476s] DEBUG:colcon.colcon_core.event_handler.log_command:Invoked command in '/home/paolaramos/Autonomous-Drone/tello_ws/build/optitrack_client' returned '0': CMAKE_PREFIX_PATH=/opt/ros/humble /usr/bin/cmake --install /home/paolaramos/Autonomous-Drone/tello_ws/build/optitrack_client
[1.481s] Level 1:colcon.colcon_core.environment:checking '/home/paolaramos/Autonomous-Drone/tello_ws/install/optitrack_client' for CMake module files
[1.481s] Level 1:colcon.colcon_core.environment:checking '/home/paolaramos/Autonomous-Drone/tello_ws/install/optitrack_client' for CMake config files
[1.482s] Level 1:colcon.colcon_core.shell:create_environment_hook('optitrack_client', 'cmake_prefix_path')
[1.483s] INFO:colcon.colcon_core.shell:Creating environment hook '/home/paolaramos/Autonomous-Drone/tello_ws/install/optitrack_client/share/optitrack_client/hook/cmake_prefix_path.ps1'
[1.484s] INFO:colcon.colcon_core.shell:Creating environment descriptor '/home/paolaramos/Autonomous-Drone/tello_ws/install/optitrack_client/share/optitrack_client/hook/cmake_prefix_path.dsv'
[1.490s] INFO:colcon.colcon_core.shell:Creating environment hook '/home/paolaramos/Autonomous-Drone/tello_ws/install/optitrack_client/share/optitrack_client/hook/cmake_prefix_path.sh'
[1.494s] Level 1:colcon.colcon_core.environment:checking '/home/paolaramos/Autonomous-Drone/tello_ws/install/optitrack_client/lib'
[1.495s] Level 1:colcon.colcon_core.shell:create_environment_hook('optitrack_client', 'ld_library_path_lib')
[1.495s] INFO:colcon.colcon_core.shell:Creating environment hook '/home/paolaramos/Autonomous-Drone/tello_ws/install/optitrack_client/share/optitrack_client/hook/ld_library_path_lib.ps1'
[1.497s] INFO:colcon.colcon_core.shell:Creating environment descriptor '/home/paolaramos/Autonomous-Drone/tello_ws/install/optitrack_client/share/optitrack_client/hook/ld_library_path_lib.dsv'
[1.497s] INFO:colcon.colcon_core.shell:Creating environment hook '/home/paolaramos/Autonomous-Drone/tello_ws/install/optitrack_client/share/optitrack_client/hook/ld_library_path_lib.sh'
[1.498s] Level 1:colcon.colcon_core.environment:checking '/home/paolaramos/Autonomous-Drone/tello_ws/install/optitrack_client/bin'
[1.498s] Level 1:colcon.colcon_core.environment:checking '/home/paolaramos/Autonomous-Drone/tello_ws/install/optitrack_client/lib/pkgconfig/optitrack_client.pc'
[1.499s] Level 1:colcon.colcon_core.environment:checking '/home/paolaramos/Autonomous-Drone/tello_ws/install/optitrack_client/lib/python3.10/site-packages'
[1.499s] Level 1:colcon.colcon_core.environment:checking '/home/paolaramos/Autonomous-Drone/tello_ws/install/optitrack_client/bin'
[1.499s] INFO:colcon.colcon_core.shell:Creating package script '/home/paolaramos/Autonomous-Drone/tello_ws/install/optitrack_client/share/optitrack_client/package.ps1'
[1.502s] INFO:colcon.colcon_core.shell:Creating package descriptor '/home/paolaramos/Autonomous-Drone/tello_ws/install/optitrack_client/share/optitrack_client/package.dsv'
[1.502s] INFO:colcon.colcon_core.shell:Creating package script '/home/paolaramos/Autonomous-Drone/tello_ws/install/optitrack_client/share/optitrack_client/package.sh'
[1.504s] INFO:colcon.colcon_core.shell:Creating package script '/home/paolaramos/Autonomous-Drone/tello_ws/install/optitrack_client/share/optitrack_client/package.bash'
[1.506s] INFO:colcon.colcon_core.shell:Creating package script '/home/paolaramos/Autonomous-Drone/tello_ws/install/optitrack_client/share/optitrack_client/package.zsh'
[1.508s] Level 1:colcon.colcon_core.environment:create_file_with_runtime_dependencies(/home/paolaramos/Autonomous-Drone/tello_ws/install/optitrack_client/share/colcon-core/packages/optitrack_client)
[1.510s] Level 1:colcon.colcon_core.environment:create_environment_scripts_only(optitrack_client)
[1.510s] Level 1:colcon.colcon_core.environment:checking '/home/paolaramos/Autonomous-Drone/tello_ws/install/optitrack_client' for CMake module files
[1.511s] Level 1:colcon.colcon_core.environment:checking '/home/paolaramos/Autonomous-Drone/tello_ws/install/optitrack_client' for CMake config files
[1.511s] Level 1:colcon.colcon_core.shell:create_environment_hook('optitrack_client', 'cmake_prefix_path')
[1.511s] INFO:colcon.colcon_core.shell:Creating environment hook '/home/paolaramos/Autonomous-Drone/tello_ws/install/optitrack_client/share/optitrack_client/hook/cmake_prefix_path.ps1'
[1.512s] INFO:colcon.colcon_core.shell:Creating environment descriptor '/home/paolaramos/Autonomous-Drone/tello_ws/install/optitrack_client/share/optitrack_client/hook/cmake_prefix_path.dsv'
[1.512s] INFO:colcon.colcon_core.shell:Creating environment hook '/home/paolaramos/Autonomous-Drone/tello_ws/install/optitrack_client/share/optitrack_client/hook/cmake_prefix_path.sh'
[1.513s] Level 1:colcon.colcon_core.environment:checking '/home/paolaramos/Autonomous-Drone/tello_ws/install/optitrack_client/lib'
[1.513s] Level 1:colcon.colcon_core.shell:create_environment_hook('optitrack_client', 'ld_library_path_lib')
[1.514s] INFO:colcon.colcon_core.shell:Creating environment hook '/home/paolaramos/Autonomous-Drone/tello_ws/install/optitrack_client/share/optitrack_client/hook/ld_library_path_lib.ps1'
[1.514s] INFO:colcon.colcon_core.shell:Creating environment descriptor '/home/paolaramos/Autonomous-Drone/tello_ws/install/optitrack_client/share/optitrack_client/hook/ld_library_path_lib.dsv'
[1.515s] INFO:colcon.colcon_core.shell:Creating environment hook '/home/paolaramos/Autonomous-Drone/tello_ws/install/optitrack_client/share/optitrack_client/hook/ld_library_path_lib.sh'
[1.517s] Level 1:colcon.colcon_core.environment:checking '/home/paolaramos/Autonomous-Drone/tello_ws/install/optitrack_client/bin'
[1.517s] Level 1:colcon.colcon_core.environment:checking '/home/paolaramos/Autonomous-Drone/tello_ws/install/optitrack_client/lib/pkgconfig/optitrack_client.pc'
[1.518s] Level 1:colcon.colcon_core.environment:checking '/home/paolaramos/Autonomous-Drone/tello_ws/install/optitrack_client/lib/python3.10/site-packages'
[1.519s] Level 1:colcon.colcon_core.environment:checking '/home/paolaramos/Autonomous-Drone/tello_ws/install/optitrack_client/bin'
[1.521s] INFO:colcon.colcon_core.shell:Creating package script '/home/paolaramos/Autonomous-Drone/tello_ws/install/optitrack_client/share/optitrack_client/package.ps1'
[1.524s] INFO:colcon.colcon_core.shell:Creating package descriptor '/home/paolaramos/Autonomous-Drone/tello_ws/install/optitrack_client/share/optitrack_client/package.dsv'
[1.525s] INFO:colcon.colcon_core.shell:Creating package script '/home/paolaramos/Autonomous-Drone/tello_ws/install/optitrack_client/share/optitrack_client/package.sh'
[1.526s] INFO:colcon.colcon_core.shell:Creating package script '/home/paolaramos/Autonomous-Drone/tello_ws/install/optitrack_client/share/optitrack_client/package.bash'
[1.527s] INFO:colcon.colcon_core.shell:Creating package script '/home/paolaramos/Autonomous-Drone/tello_ws/install/optitrack_client/share/optitrack_client/package.zsh'
[1.527s] Level 1:colcon.colcon_core.environment:create_file_with_runtime_dependencies(/home/paolaramos/Autonomous-Drone/tello_ws/install/optitrack_client/share/colcon-core/packages/optitrack_client)
[2.223s] Level 1:colcon.colcon_core.environment:checking '/home/paolaramos/Autonomous-Drone/tello_ws/install/tello_controller' for CMake module files
[2.225s] Level 1:colcon.colcon_core.environment:checking '/home/paolaramos/Autonomous-Drone/tello_ws/install/tello_controller' for CMake config files
[2.225s] DEBUG:colcon.colcon_core.event_handler.log_command:Invoked command in '/home/paolaramos/Autonomous-Drone/tello_ws/src/tello_controller' returned '0': PYTHONPATH=/home/paolaramos/Autonomous-Drone/tello_ws/build/tello_controller/prefix_override:/usr/lib/python3/dist-packages/colcon_core/task/python/colcon_distutils_commands:/home/paolaramos/Autonomous-Drone/tello_ws/install/tello_controller/lib/python3.10/site-packages:${PYTHONPATH} /usr/bin/python3 -W ignore:setup.py install is deprecated -W ignore:easy_install command is deprecated setup.py egg_info --egg-base ../../build/tello_controller build --build-base /home/paolaramos/Autonomous-Drone/tello_ws/build/tello_controller/build install --record /home/paolaramos/Autonomous-Drone/tello_ws/build/tello_controller/install.log --single-version-externally-managed install_data
[2.226s] Level 1:colcon.colcon_core.environment:checking '/home/paolaramos/Autonomous-Drone/tello_ws/install/tello_controller/lib'
[2.226s] Level 1:colcon.colcon_core.environment:checking '/home/paolaramos/Autonomous-Drone/tello_ws/install/tello_controller/bin'
[2.226s] Level 1:colcon.colcon_core.environment:checking '/home/paolaramos/Autonomous-Drone/tello_ws/install/tello_controller/lib/pkgconfig/tello_controller.pc'
[2.227s] Level 1:colcon.colcon_core.environment:checking '/home/paolaramos/Autonomous-Drone/tello_ws/install/tello_controller/lib/python3.10/site-packages'
[2.227s] Level 1:colcon.colcon_core.shell:create_environment_hook('tello_controller', 'pythonpath')
[2.227s] INFO:colcon.colcon_core.shell:Creating environment hook '/home/paolaramos/Autonomous-Drone/tello_ws/install/tello_controller/share/tello_controller/hook/pythonpath.ps1'
[2.228s] INFO:colcon.colcon_core.shell:Creating environment descriptor '/home/paolaramos/Autonomous-Drone/tello_ws/install/tello_controller/share/tello_controller/hook/pythonpath.dsv'
[2.229s] INFO:colcon.colcon_core.shell:Creating environment hook '/home/paolaramos/Autonomous-Drone/tello_ws/install/tello_controller/share/tello_controller/hook/pythonpath.sh'
[2.231s] Level 1:colcon.colcon_core.environment:checking '/home/paolaramos/Autonomous-Drone/tello_ws/install/tello_controller/bin'
[2.231s] Level 1:colcon.colcon_core.environment:create_environment_scripts_only(tello_controller)
[2.231s] INFO:colcon.colcon_core.shell:Creating package script '/home/paolaramos/Autonomous-Drone/tello_ws/install/tello_controller/share/tello_controller/package.ps1'
[2.232s] INFO:colcon.colcon_core.shell:Creating package descriptor '/home/paolaramos/Autonomous-Drone/tello_ws/install/tello_controller/share/tello_controller/package.dsv'
[2.234s] INFO:colcon.colcon_core.shell:Creating package script '/home/paolaramos/Autonomous-Drone/tello_ws/install/tello_controller/share/tello_controller/package.sh'
[2.235s] INFO:colcon.colcon_core.shell:Creating package script '/home/paolaramos/Autonomous-Drone/tello_ws/install/tello_controller/share/tello_controller/package.bash'
[2.236s] INFO:colcon.colcon_core.shell:Creating package script '/home/paolaramos/Autonomous-Drone/tello_ws/install/tello_controller/share/tello_controller/package.zsh'
[2.238s] Level 1:colcon.colcon_core.environment:create_file_with_runtime_dependencies(/home/paolaramos/Autonomous-Drone/tello_ws/install/tello_controller/share/colcon-core/packages/tello_controller)
[2.238s] DEBUG:colcon.colcon_parallel_executor.executor.parallel:closing loop
[2.239s] DEBUG:colcon.colcon_parallel_executor.executor.parallel:loop closed
[2.239s] DEBUG:colcon.colcon_parallel_executor.executor.parallel:run_until_complete finished with '0'
[2.239s] DEBUG:colcon.colcon_core.event_reactor:joining thread
[2.271s] INFO:colcon.colcon_core.plugin_system:Skipping extension 'colcon_notification.desktop_notification.terminal_notifier': Not used on non-Darwin systems
[2.272s] INFO:colcon.colcon_core.plugin_system:Skipping extension 'colcon_notification.desktop_notification.win32': Not used on non-Windows systems
[2.272s] INFO:colcon.colcon_notification.desktop_notification:Sending desktop notification using 'notify2'
[2.345s] DEBUG:colcon.colcon_core.event_reactor:joined thread
[2.346s] INFO:colcon.colcon_core.shell:Creating prefix script '/home/paolaramos/Autonomous-Drone/tello_ws/install/local_setup.ps1'
[2.347s] INFO:colcon.colcon_core.shell:Creating prefix util module '/home/paolaramos/Autonomous-Drone/tello_ws/install/_local_setup_util_ps1.py'
[2.350s] INFO:colcon.colcon_core.shell:Creating prefix chain script '/home/paolaramos/Autonomous-Drone/tello_ws/install/setup.ps1'
[2.352s] INFO:colcon.colcon_core.shell:Creating prefix script '/home/paolaramos/Autonomous-Drone/tello_ws/install/local_setup.sh'
[2.353s] INFO:colcon.colcon_core.shell:Creating prefix util module '/home/paolaramos/Autonomous-Drone/tello_ws/install/_local_setup_util_sh.py'
[2.355s] INFO:colcon.colcon_core.shell:Creating prefix chain script '/home/paolaramos/Autonomous-Drone/tello_ws/install/setup.sh'
[2.356s] INFO:colcon.colcon_core.shell:Creating prefix script '/home/paolaramos/Autonomous-Drone/tello_ws/install/local_setup.bash'
[2.359s] INFO:colcon.colcon_core.shell:Creating prefix chain script '/home/paolaramos/Autonomous-Drone/tello_ws/install/setup.bash'
[2.360s] INFO:colcon.colcon_core.shell:Creating prefix script '/home/paolaramos/Autonomous-Drone/tello_ws/install/local_setup.zsh'
[2.361s] INFO:colcon.colcon_core.shell:Creating prefix chain script '/home/paolaramos/Autonomous-Drone/tello_ws/install/setup.zsh'
