[3.552s] Invoking command in '/home/paolaramos/Proyecto/tello_ws/src/tello_controller_ros2/tello_controller': PYTHONPATH=/home/paolaramos/Proyecto/tello_ws/build/tello_controller/prefix_override:/usr/lib/python3/dist-packages/colcon_core/task/python/colcon_distutils_commands:/home/paolaramos/Proyecto/tello_ws/install/tello_controller/lib/python3.10/site-packages:${PYTHONPATH} /usr/bin/python3 -W ignore:setup.py install is deprecated -W ignore:easy_install command is deprecated setup.py egg_info --egg-base ../../../build/tello_controller build --build-base /home/paolaramos/Proyecto/tello_ws/build/tello_controller/build install --record /home/paolaramos/Proyecto/tello_ws/build/tello_controller/install.log --single-version-externally-managed install_data
[4.294s] /home/paolaramos/.local/lib/python3.10/site-packages/setuptools/_distutils/dist.py:261: UserWarning: Unknown distribution option: 'tests_require'
[4.295s]   warnings.warn(msg)
[4.690s] running egg_info
[4.746s] writing ../../../build/tello_controller/tello_controller.egg-info/PKG-INFO
[4.784s] writing dependency_links to ../../../build/tello_controller/tello_controller.egg-info/dependency_links.txt
[4.788s] writing entry points to ../../../build/tello_controller/tello_controller.egg-info/entry_points.txt
[4.788s] writing requirements to ../../../build/tello_controller/tello_controller.egg-info/requires.txt
[4.788s] writing top-level names to ../../../build/tello_controller/tello_controller.egg-info/top_level.txt
[4.938s] reading manifest file '../../../build/tello_controller/tello_controller.egg-info/SOURCES.txt'
[4.960s] writing manifest file '../../../build/tello_controller/tello_controller.egg-info/SOURCES.txt'
[4.972s] running build
[4.972s] running build_py
[4.973s] copying tello_controller/tello_controller_node.py -> /home/paolaramos/Proyecto/tello_ws/build/tello_controller/build/lib/tello_controller
[4.973s] running install
[4.973s] running install_lib
[5.022s] copying /home/paolaramos/Proyecto/tello_ws/build/tello_controller/build/lib/tello_controller/tello_controller_node.py -> /home/paolaramos/Proyecto/tello_ws/install/tello_controller/lib/python3.10/site-packages/tello_controller
[5.029s] byte-compiling /home/paolaramos/Proyecto/tello_ws/install/tello_controller/lib/python3.10/site-packages/tello_controller/tello_controller_node.py to tello_controller_node.cpython-310.pyc
[5.029s] running install_data
[5.030s] running install_egg_info
[5.061s] removing '/home/paolaramos/Proyecto/tello_ws/install/tello_controller/lib/python3.10/site-packages/tello_controller-0.1.0-py3.10.egg-info' (and everything under it)
[5.063s] Copying ../../../build/tello_controller/tello_controller.egg-info to /home/paolaramos/Proyecto/tello_ws/install/tello_controller/lib/python3.10/site-packages/tello_controller-0.1.0-py3.10.egg-info
[5.063s] running install_scripts
[5.446s] Installing tello_controller_node script to /home/paolaramos/Proyecto/tello_ws/install/tello_controller/lib/tello_controller
[5.464s] writing list of installed files to '/home/paolaramos/Proyecto/tello_ws/build/tello_controller/install.log'
[5.595s] Invoked command in '/home/paolaramos/Proyecto/tello_ws/src/tello_controller_ros2/tello_controller' returned '0': PYTHONPATH=/home/paolaramos/Proyecto/tello_ws/build/tello_controller/prefix_override:/usr/lib/python3/dist-packages/colcon_core/task/python/colcon_distutils_commands:/home/paolaramos/Proyecto/tello_ws/install/tello_controller/lib/python3.10/site-packages:${PYTHONPATH} /usr/bin/python3 -W ignore:setup.py install is deprecated -W ignore:easy_install command is deprecated setup.py egg_info --egg-base ../../../build/tello_controller build --build-base /home/paolaramos/Proyecto/tello_ws/build/tello_controller/build install --record /home/paolaramos/Proyecto/tello_ws/build/tello_controller/install.log --single-version-externally-managed install_data
