[2.025s] Invoking command in '/home/paolaramos/Documents/Autonomous-Drone/tello_ws/src/tello_interface': PYTHONPATH=/home/paolaramos/Documents/Autonomous-Drone/tello_ws/build/tello_interface/prefix_override:/usr/lib/python3/dist-packages/colcon_core/task/python/colcon_distutils_commands:/home/paolaramos/Documents/Autonomous-Drone/tello_ws/install/tello_interface/lib/python3.10/site-packages:${PYTHONPATH} /usr/bin/python3 -W ignore:setup.py install is deprecated -W ignore:easy_install command is deprecated setup.py egg_info --egg-base ../../build/tello_interface build --build-base /home/paolaramos/Documents/Autonomous-Drone/tello_ws/build/tello_interface/build install --record /home/paolaramos/Documents/Autonomous-Drone/tello_ws/build/tello_interface/install.log --single-version-externally-managed install_data
[2.423s] running egg_info
[2.426s] writing ../../build/tello_interface/tello_interface.egg-info/PKG-INFO
[2.429s] writing dependency_links to ../../build/tello_interface/tello_interface.egg-info/dependency_links.txt
[2.431s] writing entry points to ../../build/tello_interface/tello_interface.egg-info/entry_points.txt
[2.431s] writing requirements to ../../build/tello_interface/tello_interface.egg-info/requires.txt
[2.431s] writing top-level names to ../../build/tello_interface/tello_interface.egg-info/top_level.txt
[2.436s] reading manifest file '../../build/tello_interface/tello_interface.egg-info/SOURCES.txt'
[2.447s] writing manifest file '../../build/tello_interface/tello_interface.egg-info/SOURCES.txt'
[2.449s] running build
[2.450s] running build_py
[2.452s] running install
[2.452s] running install_lib
[2.456s] running install_data
[2.459s] running install_egg_info
[2.501s] removing '/home/paolaramos/Documents/Autonomous-Drone/tello_ws/install/tello_interface/lib/python3.10/site-packages/tello_interface-0.0.0-py3.10.egg-info' (and everything under it)
[2.501s] Copying ../../build/tello_interface/tello_interface.egg-info to /home/paolaramos/Documents/Autonomous-Drone/tello_ws/install/tello_interface/lib/python3.10/site-packages/tello_interface-0.0.0-py3.10.egg-info
[2.501s] running install_scripts
[2.542s] Installing tello_node script to /home/paolaramos/Documents/Autonomous-Drone/tello_ws/install/tello_interface/lib/tello_interface
[2.546s] writing list of installed files to '/home/paolaramos/Documents/Autonomous-Drone/tello_ws/build/tello_interface/install.log'
[2.644s] Invoked command in '/home/paolaramos/Documents/Autonomous-Drone/tello_ws/src/tello_interface' returned '0': PYTHONPATH=/home/paolaramos/Documents/Autonomous-Drone/tello_ws/build/tello_interface/prefix_override:/usr/lib/python3/dist-packages/colcon_core/task/python/colcon_distutils_commands:/home/paolaramos/Documents/Autonomous-Drone/tello_ws/install/tello_interface/lib/python3.10/site-packages:${PYTHONPATH} /usr/bin/python3 -W ignore:setup.py install is deprecated -W ignore:easy_install command is deprecated setup.py egg_info --egg-base ../../build/tello_interface build --build-base /home/paolaramos/Documents/Autonomous-Drone/tello_ws/build/tello_interface/build install --record /home/paolaramos/Documents/Autonomous-Drone/tello_ws/build/tello_interface/install.log --single-version-externally-managed install_data
