[0.188s] DEBUG:colcon:Command line arguments: ['/usr/bin/colcon', 'build']
[0.188s] DEBUG:colcon:Parsed command line arguments: Namespace(log_base=None, log_level=None, verb_name='build', build_base='build', install_base='install', merge_install=False, symlink_install=False, test_result_base=None, continue_on_error=False, executor='parallel', parallel_workers=4, event_handlers=None, ignore_user_meta=False, metas=['./colcon.meta'], base_paths=['.'], packages_ignore=None, packages_ignore_regex=None, paths=None, packages_up_to=None, packages_up_to_regex=None, packages_above=None, packages_above_and_dependencies=None, packages_above_depth=None, packages_select_by_dep=None, packages_skip_by_dep=None, packages_skip_up_to=None, packages_select_build_failed=False, packages_skip_build_finished=False, packages_select_test_failures=False, packages_skip_test_passed=False, packages_select=None, packages_skip=None, packages_select_regex=None, packages_skip_regex=None, packages_start=None, packages_end=None, allow_overriding=[], cmake_args=None, cmake_target=None, cmake_target_skip_unavailable=False, cmake_clean_cache=False, cmake_clean_first=False, cmake_force_configure=False, ament_cmake_args=None, catkin_cmake_args=None, catkin_skip_building_tests=False, verb_parser=<colcon_defaults.argument_parser.defaults.DefaultArgumentsDecorator object at 0x7c1a21ecf610>, verb_extension=<colcon_core.verb.build.BuildVerb object at 0x7c1a21ee2ad0>, main=<bound method BuildVerb.main of <colcon_core.verb.build.BuildVerb object at 0x7c1a21ee2ad0>>)
[0.354s] Level 1:colcon.colcon_core.package_discovery:discover_packages(colcon_meta) check parameters
[0.354s] Level 1:colcon.colcon_core.package_discovery:discover_packages(recursive) check parameters
[0.354s] Level 1:colcon.colcon_core.package_discovery:discover_packages(ignore) check parameters
[0.354s] Level 1:colcon.colcon_core.package_discovery:discover_packages(path) check parameters
[0.354s] Level 1:colcon.colcon_core.package_discovery:discover_packages(colcon_meta) discover
[0.354s] Level 1:colcon.colcon_core.package_discovery:discover_packages(recursive) discover
[0.354s] INFO:colcon.colcon_core.package_discovery:Crawling recursively for packages in '/home/paolaramos/Documents/Autonomous-Drone/tello_ws'
[0.355s] Level 1:colcon.colcon_core.package_identification:_identify(.) by extensions ['ignore', 'ignore_ament_install']
[0.355s] Level 1:colcon.colcon_core.package_identification:_identify(.) by extension 'ignore'
[0.355s] Level 1:colcon.colcon_core.package_identification:_identify(.) by extension 'ignore_ament_install'
[0.355s] Level 1:colcon.colcon_core.package_identification:_identify(.) by extensions ['colcon_pkg']
[0.355s] Level 1:colcon.colcon_core.package_identification:_identify(.) by extension 'colcon_pkg'
[0.355s] Level 1:colcon.colcon_core.package_identification:_identify(.) by extensions ['colcon_meta']
[0.355s] Level 1:colcon.colcon_core.package_identification:_identify(.) by extension 'colcon_meta'
[0.355s] Level 1:colcon.colcon_core.package_identification:_identify(.) by extensions ['ros']
[0.355s] Level 1:colcon.colcon_core.package_identification:_identify(.) by extension 'ros'
[0.441s] Level 1:colcon.colcon_core.package_identification:_identify(.) by extensions ['cmake', 'python']
[0.441s] Level 1:colcon.colcon_core.package_identification:_identify(.) by extension 'cmake'
[0.441s] Level 1:colcon.colcon_core.package_identification:_identify(.) by extension 'python'
[0.441s] Level 1:colcon.colcon_core.package_identification:_identify(.) by extensions ['python_setup_py']
[0.441s] Level 1:colcon.colcon_core.package_identification:_identify(.) by extension 'python_setup_py'
[0.441s] Level 1:colcon.colcon_core.package_identification:_identify(build) by extensions ['ignore', 'ignore_ament_install']
[0.441s] Level 1:colcon.colcon_core.package_identification:_identify(build) by extension 'ignore'
[0.441s] Level 1:colcon.colcon_core.package_identification:_identify(build) ignored
[0.442s] Level 1:colcon.colcon_core.package_identification:_identify(install) by extensions ['ignore', 'ignore_ament_install']
[0.442s] Level 1:colcon.colcon_core.package_identification:_identify(install) by extension 'ignore'
[0.442s] Level 1:colcon.colcon_core.package_identification:_identify(install) ignored
[0.442s] Level 1:colcon.colcon_core.package_identification:_identify(log) by extensions ['ignore', 'ignore_ament_install']
[0.442s] Level 1:colcon.colcon_core.package_identification:_identify(log) by extension 'ignore'
[0.442s] Level 1:colcon.colcon_core.package_identification:_identify(log) ignored
[0.442s] Level 1:colcon.colcon_core.package_identification:_identify(src) by extensions ['ignore', 'ignore_ament_install']
[0.442s] Level 1:colcon.colcon_core.package_identification:_identify(src) by extension 'ignore'
[0.442s] Level 1:colcon.colcon_core.package_identification:_identify(src) by extension 'ignore_ament_install'
[0.442s] Level 1:colcon.colcon_core.package_identification:_identify(src) by extensions ['colcon_pkg']
[0.443s] Level 1:colcon.colcon_core.package_identification:_identify(src) by extension 'colcon_pkg'
[0.443s] Level 1:colcon.colcon_core.package_identification:_identify(src) by extensions ['colcon_meta']
[0.443s] Level 1:colcon.colcon_core.package_identification:_identify(src) by extension 'colcon_meta'
[0.443s] Level 1:colcon.colcon_core.package_identification:_identify(src) by extensions ['ros']
[0.443s] Level 1:colcon.colcon_core.package_identification:_identify(src) by extension 'ros'
[0.443s] Level 1:colcon.colcon_core.package_identification:_identify(src) by extensions ['cmake', 'python']
[0.443s] Level 1:colcon.colcon_core.package_identification:_identify(src) by extension 'cmake'
[0.443s] Level 1:colcon.colcon_core.package_identification:_identify(src) by extension 'python'
[0.443s] Level 1:colcon.colcon_core.package_identification:_identify(src) by extensions ['python_setup_py']
[0.443s] Level 1:colcon.colcon_core.package_identification:_identify(src) by extension 'python_setup_py'
[0.443s] Level 1:colcon.colcon_core.package_identification:_identify(src/tello_control) by extensions ['ignore', 'ignore_ament_install']
[0.443s] Level 1:colcon.colcon_core.package_identification:_identify(src/tello_control) by extension 'ignore'
[0.443s] Level 1:colcon.colcon_core.package_identification:_identify(src/tello_control) by extension 'ignore_ament_install'
[0.444s] Level 1:colcon.colcon_core.package_identification:_identify(src/tello_control) by extensions ['colcon_pkg']
[0.444s] Level 1:colcon.colcon_core.package_identification:_identify(src/tello_control) by extension 'colcon_pkg'
[0.444s] Level 1:colcon.colcon_core.package_identification:_identify(src/tello_control) by extensions ['colcon_meta']
[0.444s] Level 1:colcon.colcon_core.package_identification:_identify(src/tello_control) by extension 'colcon_meta'
[0.444s] Level 1:colcon.colcon_core.package_identification:_identify(src/tello_control) by extensions ['ros']
[0.444s] Level 1:colcon.colcon_core.package_identification:_identify(src/tello_control) by extension 'ros'
[0.453s] DEBUG:colcon.colcon_core.package_identification:Package 'src/tello_control' with type 'ros.ament_python' and name 'tello_control'
[0.453s] Level 1:colcon.colcon_core.package_identification:_identify(src/tello_interface) by extensions ['ignore', 'ignore_ament_install']
[0.453s] Level 1:colcon.colcon_core.package_identification:_identify(src/tello_interface) by extension 'ignore'
[0.453s] Level 1:colcon.colcon_core.package_identification:_identify(src/tello_interface) by extension 'ignore_ament_install'
[0.453s] Level 1:colcon.colcon_core.package_identification:_identify(src/tello_interface) by extensions ['colcon_pkg']
[0.453s] Level 1:colcon.colcon_core.package_identification:_identify(src/tello_interface) by extension 'colcon_pkg'
[0.453s] Level 1:colcon.colcon_core.package_identification:_identify(src/tello_interface) by extensions ['colcon_meta']
[0.453s] Level 1:colcon.colcon_core.package_identification:_identify(src/tello_interface) by extension 'colcon_meta'
[0.453s] Level 1:colcon.colcon_core.package_identification:_identify(src/tello_interface) by extensions ['ros']
[0.453s] Level 1:colcon.colcon_core.package_identification:_identify(src/tello_interface) by extension 'ros'
[0.454s] DEBUG:colcon.colcon_core.package_identification:Package 'src/tello_interface' with type 'ros.ament_python' and name 'tello_interface'
[0.455s] Level 1:colcon.colcon_core.package_identification:_identify(src/tello_odometry) by extensions ['ignore', 'ignore_ament_install']
[0.455s] Level 1:colcon.colcon_core.package_identification:_identify(src/tello_odometry) by extension 'ignore'
[0.455s] Level 1:colcon.colcon_core.package_identification:_identify(src/tello_odometry) by extension 'ignore_ament_install'
[0.455s] Level 1:colcon.colcon_core.package_identification:_identify(src/tello_odometry) by extensions ['colcon_pkg']
[0.455s] Level 1:colcon.colcon_core.package_identification:_identify(src/tello_odometry) by extension 'colcon_pkg'
[0.455s] Level 1:colcon.colcon_core.package_identification:_identify(src/tello_odometry) by extensions ['colcon_meta']
[0.455s] Level 1:colcon.colcon_core.package_identification:_identify(src/tello_odometry) by extension 'colcon_meta'
[0.455s] Level 1:colcon.colcon_core.package_identification:_identify(src/tello_odometry) by extensions ['ros']
[0.455s] Level 1:colcon.colcon_core.package_identification:_identify(src/tello_odometry) by extension 'ros'
[0.456s] DEBUG:colcon.colcon_core.package_identification:Package 'src/tello_odometry' with type 'ros.ament_python' and name 'tello_odometry'
[0.456s] Level 1:colcon.colcon_core.package_discovery:discover_packages(recursive) using defaults
[0.456s] Level 1:colcon.colcon_core.package_discovery:discover_packages(ignore) discover
[0.456s] Level 1:colcon.colcon_core.package_discovery:discover_packages(ignore) using defaults
[0.456s] Level 1:colcon.colcon_core.package_discovery:discover_packages(path) discover
[0.456s] Level 1:colcon.colcon_core.package_discovery:discover_packages(path) using defaults
[0.512s] Level 1:colcon.colcon_core.package_discovery:discover_packages(prefix_path) check parameters
[0.512s] Level 1:colcon.colcon_core.package_discovery:discover_packages(prefix_path) discover
[0.514s] DEBUG:colcon.colcon_installed_package_information.package_discovery:Found 3 installed packages in /home/paolaramos/Documents/Autonomous-Drone/tello_ws/install
[0.515s] DEBUG:colcon.colcon_installed_package_information.package_discovery:Found 278 installed packages in /opt/ros/humble
[0.516s] Level 1:colcon.colcon_core.package_discovery:discover_packages(prefix_path) using defaults
[0.547s] Level 5:colcon.colcon_core.verb:set package 'tello_control' build argument 'cmake_args' from command line to 'None'
[0.548s] Level 5:colcon.colcon_core.verb:set package 'tello_control' build argument 'cmake_target' from command line to 'None'
[0.548s] Level 5:colcon.colcon_core.verb:set package 'tello_control' build argument 'cmake_target_skip_unavailable' from command line to 'False'
[0.548s] Level 5:colcon.colcon_core.verb:set package 'tello_control' build argument 'cmake_clean_cache' from command line to 'False'
[0.548s] Level 5:colcon.colcon_core.verb:set package 'tello_control' build argument 'cmake_clean_first' from command line to 'False'
[0.548s] Level 5:colcon.colcon_core.verb:set package 'tello_control' build argument 'cmake_force_configure' from command line to 'False'
[0.548s] Level 5:colcon.colcon_core.verb:set package 'tello_control' build argument 'ament_cmake_args' from command line to 'None'
[0.548s] Level 5:colcon.colcon_core.verb:set package 'tello_control' build argument 'catkin_cmake_args' from command line to 'None'
[0.548s] Level 5:colcon.colcon_core.verb:set package 'tello_control' build argument 'catkin_skip_building_tests' from command line to 'False'
[0.548s] DEBUG:colcon.colcon_core.verb:Building package 'tello_control' with the following arguments: {'ament_cmake_args': None, 'build_base': '/home/paolaramos/Documents/Autonomous-Drone/tello_ws/build/tello_control', 'catkin_cmake_args': None, 'catkin_skip_building_tests': False, 'cmake_args': None, 'cmake_clean_cache': False, 'cmake_clean_first': False, 'cmake_force_configure': False, 'cmake_target': None, 'cmake_target_skip_unavailable': False, 'install_base': '/home/paolaramos/Documents/Autonomous-Drone/tello_ws/install/tello_control', 'merge_install': False, 'path': '/home/paolaramos/Documents/Autonomous-Drone/tello_ws/src/tello_control', 'symlink_install': False, 'test_result_base': None}
[0.548s] Level 5:colcon.colcon_core.verb:set package 'tello_interface' build argument 'cmake_args' from command line to 'None'
[0.548s] Level 5:colcon.colcon_core.verb:set package 'tello_interface' build argument 'cmake_target' from command line to 'None'
[0.548s] Level 5:colcon.colcon_core.verb:set package 'tello_interface' build argument 'cmake_target_skip_unavailable' from command line to 'False'
[0.548s] Level 5:colcon.colcon_core.verb:set package 'tello_interface' build argument 'cmake_clean_cache' from command line to 'False'
[0.548s] Level 5:colcon.colcon_core.verb:set package 'tello_interface' build argument 'cmake_clean_first' from command line to 'False'
[0.548s] Level 5:colcon.colcon_core.verb:set package 'tello_interface' build argument 'cmake_force_configure' from command line to 'False'
[0.548s] Level 5:colcon.colcon_core.verb:set package 'tello_interface' build argument 'ament_cmake_args' from command line to 'None'
[0.548s] Level 5:colcon.colcon_core.verb:set package 'tello_interface' build argument 'catkin_cmake_args' from command line to 'None'
[0.548s] Level 5:colcon.colcon_core.verb:set package 'tello_interface' build argument 'catkin_skip_building_tests' from command line to 'False'
[0.548s] DEBUG:colcon.colcon_core.verb:Building package 'tello_interface' with the following arguments: {'ament_cmake_args': None, 'build_base': '/home/paolaramos/Documents/Autonomous-Drone/tello_ws/build/tello_interface', 'catkin_cmake_args': None, 'catkin_skip_building_tests': False, 'cmake_args': None, 'cmake_clean_cache': False, 'cmake_clean_first': False, 'cmake_force_configure': False, 'cmake_target': None, 'cmake_target_skip_unavailable': False, 'install_base': '/home/paolaramos/Documents/Autonomous-Drone/tello_ws/install/tello_interface', 'merge_install': False, 'path': '/home/paolaramos/Documents/Autonomous-Drone/tello_ws/src/tello_interface', 'symlink_install': False, 'test_result_base': None}
[0.549s] Level 5:colcon.colcon_core.verb:set package 'tello_odometry' build argument 'cmake_args' from command line to 'None'
[0.549s] Level 5:colcon.colcon_core.verb:set package 'tello_odometry' build argument 'cmake_target' from command line to 'None'
[0.549s] Level 5:colcon.colcon_core.verb:set package 'tello_odometry' build argument 'cmake_target_skip_unavailable' from command line to 'False'
[0.549s] Level 5:colcon.colcon_core.verb:set package 'tello_odometry' build argument 'cmake_clean_cache' from command line to 'False'
[0.549s] Level 5:colcon.colcon_core.verb:set package 'tello_odometry' build argument 'cmake_clean_first' from command line to 'False'
[0.549s] Level 5:colcon.colcon_core.verb:set package 'tello_odometry' build argument 'cmake_force_configure' from command line to 'False'
[0.549s] Level 5:colcon.colcon_core.verb:set package 'tello_odometry' build argument 'ament_cmake_args' from command line to 'None'
[0.549s] Level 5:colcon.colcon_core.verb:set package 'tello_odometry' build argument 'catkin_cmake_args' from command line to 'None'
[0.549s] Level 5:colcon.colcon_core.verb:set package 'tello_odometry' build argument 'catkin_skip_building_tests' from command line to 'False'
[0.549s] DEBUG:colcon.colcon_core.verb:Building package 'tello_odometry' with the following arguments: {'ament_cmake_args': None, 'build_base': '/home/paolaramos/Documents/Autonomous-Drone/tello_ws/build/tello_odometry', 'catkin_cmake_args': None, 'catkin_skip_building_tests': False, 'cmake_args': None, 'cmake_clean_cache': False, 'cmake_clean_first': False, 'cmake_force_configure': False, 'cmake_target': None, 'cmake_target_skip_unavailable': False, 'install_base': '/home/paolaramos/Documents/Autonomous-Drone/tello_ws/install/tello_odometry', 'merge_install': False, 'path': '/home/paolaramos/Documents/Autonomous-Drone/tello_ws/src/tello_odometry', 'symlink_install': False, 'test_result_base': None}
[0.549s] INFO:colcon.colcon_core.executor:Executing jobs using 'parallel' executor
[0.552s] DEBUG:colcon.colcon_parallel_executor.executor.parallel:run_until_complete
[0.553s] INFO:colcon.colcon_ros.task.ament_python.build:Building ROS package in '/home/paolaramos/Documents/Autonomous-Drone/tello_ws/src/tello_control' with build type 'ament_python'
[0.553s] Level 1:colcon.colcon_core.shell:create_environment_hook('tello_control', 'ament_prefix_path')
[0.557s] INFO:colcon.colcon_core.plugin_system:Skipping extension 'colcon_core.shell.bat': Not used on non-Windows systems
[0.557s] INFO:colcon.colcon_core.shell:Creating environment hook '/home/paolaramos/Documents/Autonomous-Drone/tello_ws/install/tello_control/share/tello_control/hook/ament_prefix_path.ps1'
[0.559s] INFO:colcon.colcon_core.shell:Creating environment descriptor '/home/paolaramos/Documents/Autonomous-Drone/tello_ws/install/tello_control/share/tello_control/hook/ament_prefix_path.dsv'
[0.565s] INFO:colcon.colcon_core.shell:Creating environment hook '/home/paolaramos/Documents/Autonomous-Drone/tello_ws/install/tello_control/share/tello_control/hook/ament_prefix_path.sh'
[0.568s] INFO:colcon.colcon_core.shell:Skip shell extension 'powershell' for command environment: Not usable outside of PowerShell
[0.568s] DEBUG:colcon.colcon_core.shell:Skip shell extension 'dsv' for command environment
[0.574s] INFO:colcon.colcon_ros.task.ament_python.build:Building ROS package in '/home/paolaramos/Documents/Autonomous-Drone/tello_ws/src/tello_interface' with build type 'ament_python'
[0.574s] Level 1:colcon.colcon_core.shell:create_environment_hook('tello_interface', 'ament_prefix_path')
[0.574s] INFO:colcon.colcon_core.shell:Creating environment hook '/home/paolaramos/Documents/Autonomous-Drone/tello_ws/install/tello_interface/share/tello_interface/hook/ament_prefix_path.ps1'
[0.575s] INFO:colcon.colcon_core.shell:Creating environment descriptor '/home/paolaramos/Documents/Autonomous-Drone/tello_ws/install/tello_interface/share/tello_interface/hook/ament_prefix_path.dsv'
[0.576s] INFO:colcon.colcon_core.shell:Creating environment hook '/home/paolaramos/Documents/Autonomous-Drone/tello_ws/install/tello_interface/share/tello_interface/hook/ament_prefix_path.sh'
[0.578s] INFO:colcon.colcon_core.shell:Skip shell extension 'powershell' for command environment: Not usable outside of PowerShell
[0.578s] DEBUG:colcon.colcon_core.shell:Skip shell extension 'dsv' for command environment
[0.582s] INFO:colcon.colcon_ros.task.ament_python.build:Building ROS package in '/home/paolaramos/Documents/Autonomous-Drone/tello_ws/src/tello_odometry' with build type 'ament_python'
[0.582s] Level 1:colcon.colcon_core.shell:create_environment_hook('tello_odometry', 'ament_prefix_path')
[0.584s] INFO:colcon.colcon_core.shell:Creating environment hook '/home/paolaramos/Documents/Autonomous-Drone/tello_ws/install/tello_odometry/share/tello_odometry/hook/ament_prefix_path.ps1'
[0.584s] INFO:colcon.colcon_core.shell:Creating environment descriptor '/home/paolaramos/Documents/Autonomous-Drone/tello_ws/install/tello_odometry/share/tello_odometry/hook/ament_prefix_path.dsv'
[0.585s] INFO:colcon.colcon_core.shell:Creating environment hook '/home/paolaramos/Documents/Autonomous-Drone/tello_ws/install/tello_odometry/share/tello_odometry/hook/ament_prefix_path.sh'
[0.586s] INFO:colcon.colcon_core.shell:Skip shell extension 'powershell' for command environment: Not usable outside of PowerShell
[0.586s] DEBUG:colcon.colcon_core.shell:Skip shell extension 'dsv' for command environment
[1.059s] INFO:colcon.colcon_core.task.python.build:Building Python package in '/home/paolaramos/Documents/Autonomous-Drone/tello_ws/src/tello_control'
[1.060s] INFO:colcon.colcon_core.shell:Skip shell extension 'powershell' for command environment: Not usable outside of PowerShell
[1.060s] DEBUG:colcon.colcon_core.shell:Skip shell extension 'dsv' for command environment
[1.320s] INFO:colcon.colcon_core.task.python.build:Building Python package in '/home/paolaramos/Documents/Autonomous-Drone/tello_ws/src/tello_interface'
[1.321s] INFO:colcon.colcon_core.shell:Skip shell extension 'powershell' for command environment: Not usable outside of PowerShell
[1.321s] DEBUG:colcon.colcon_core.shell:Skip shell extension 'dsv' for command environment
[1.676s] INFO:colcon.colcon_core.task.python.build:Building Python package in '/home/paolaramos/Documents/Autonomous-Drone/tello_ws/src/tello_odometry'
[1.676s] INFO:colcon.colcon_core.shell:Skip shell extension 'powershell' for command environment: Not usable outside of PowerShell
[1.676s] DEBUG:colcon.colcon_core.shell:Skip shell extension 'dsv' for command environment
[2.381s] DEBUG:colcon.colcon_core.event_handler.log_command:Invoking command in '/home/paolaramos/Documents/Autonomous-Drone/tello_ws/build/tello_control': PYTHONPATH=/home/paolaramos/Documents/Autonomous-Drone/tello_ws/build/tello_control/prefix_override:/usr/lib/python3/dist-packages/colcon_core/task/python/colcon_distutils_commands:/home/paolaramos/Documents/Autonomous-Drone/tello_ws/install/tello_control/lib/python3.10/site-packages:${PYTHONPATH} /usr/bin/python3 -W ignore:setup.py install is deprecated -W ignore:easy_install command is deprecated setup.py develop --uninstall --editable --build-directory /home/paolaramos/Documents/Autonomous-Drone/tello_ws/build/tello_control/build
[2.452s] DEBUG:colcon.colcon_core.event_handler.log_command:Invoking command in '/home/paolaramos/Documents/Autonomous-Drone/tello_ws/build/tello_interface': PYTHONPATH=/home/paolaramos/Documents/Autonomous-Drone/tello_ws/build/tello_interface/prefix_override:/usr/lib/python3/dist-packages/colcon_core/task/python/colcon_distutils_commands:/home/paolaramos/Documents/Autonomous-Drone/tello_ws/install/tello_interface/lib/python3.10/site-packages:${PYTHONPATH} /usr/bin/python3 -W ignore:setup.py install is deprecated -W ignore:easy_install command is deprecated setup.py develop --uninstall --editable --build-directory /home/paolaramos/Documents/Autonomous-Drone/tello_ws/build/tello_interface/build
[2.483s] DEBUG:colcon.colcon_core.event_handler.log_command:Invoking command in '/home/paolaramos/Documents/Autonomous-Drone/tello_ws/build/tello_odometry': PYTHONPATH=/home/paolaramos/Documents/Autonomous-Drone/tello_ws/build/tello_odometry/prefix_override:/usr/lib/python3/dist-packages/colcon_core/task/python/colcon_distutils_commands:/home/paolaramos/Documents/Autonomous-Drone/tello_ws/install/tello_odometry/lib/python3.10/site-packages:${PYTHONPATH} /usr/bin/python3 -W ignore:setup.py install is deprecated -W ignore:easy_install command is deprecated setup.py develop --uninstall --editable --build-directory /home/paolaramos/Documents/Autonomous-Drone/tello_ws/build/tello_odometry/build
[3.981s] DEBUG:colcon.colcon_core.event_handler.log_command:Invoked command in '/home/paolaramos/Documents/Autonomous-Drone/tello_ws/build/tello_control' returned '0': PYTHONPATH=/home/paolaramos/Documents/Autonomous-Drone/tello_ws/build/tello_control/prefix_override:/usr/lib/python3/dist-packages/colcon_core/task/python/colcon_distutils_commands:/home/paolaramos/Documents/Autonomous-Drone/tello_ws/install/tello_control/lib/python3.10/site-packages:${PYTHONPATH} /usr/bin/python3 -W ignore:setup.py install is deprecated -W ignore:easy_install command is deprecated setup.py develop --uninstall --editable --build-directory /home/paolaramos/Documents/Autonomous-Drone/tello_ws/build/tello_control/build
[3.993s] DEBUG:colcon.colcon_core.event_handler.log_command:Invoking command in '/home/paolaramos/Documents/Autonomous-Drone/tello_ws/src/tello_control': PYTHONPATH=/home/paolaramos/Documents/Autonomous-Drone/tello_ws/build/tello_control/prefix_override:/usr/lib/python3/dist-packages/colcon_core/task/python/colcon_distutils_commands:/home/paolaramos/Documents/Autonomous-Drone/tello_ws/install/tello_control/lib/python3.10/site-packages:${PYTHONPATH} /usr/bin/python3 -W ignore:setup.py install is deprecated -W ignore:easy_install command is deprecated setup.py egg_info --egg-base ../../build/tello_control build --build-base /home/paolaramos/Documents/Autonomous-Drone/tello_ws/build/tello_control/build install --record /home/paolaramos/Documents/Autonomous-Drone/tello_ws/build/tello_control/install.log --single-version-externally-managed install_data --force
[4.065s] DEBUG:colcon.colcon_core.event_handler.log_command:Invoked command in '/home/paolaramos/Documents/Autonomous-Drone/tello_ws/build/tello_odometry' returned '0': PYTHONPATH=/home/paolaramos/Documents/Autonomous-Drone/tello_ws/build/tello_odometry/prefix_override:/usr/lib/python3/dist-packages/colcon_core/task/python/colcon_distutils_commands:/home/paolaramos/Documents/Autonomous-Drone/tello_ws/install/tello_odometry/lib/python3.10/site-packages:${PYTHONPATH} /usr/bin/python3 -W ignore:setup.py install is deprecated -W ignore:easy_install command is deprecated setup.py develop --uninstall --editable --build-directory /home/paolaramos/Documents/Autonomous-Drone/tello_ws/build/tello_odometry/build
[4.083s] DEBUG:colcon.colcon_core.event_handler.log_command:Invoking command in '/home/paolaramos/Documents/Autonomous-Drone/tello_ws/src/tello_odometry': PYTHONPATH=/home/paolaramos/Documents/Autonomous-Drone/tello_ws/build/tello_odometry/prefix_override:/usr/lib/python3/dist-packages/colcon_core/task/python/colcon_distutils_commands:/home/paolaramos/Documents/Autonomous-Drone/tello_ws/install/tello_odometry/lib/python3.10/site-packages:${PYTHONPATH} /usr/bin/python3 -W ignore:setup.py install is deprecated -W ignore:easy_install command is deprecated setup.py egg_info --egg-base ../../build/tello_odometry build --build-base /home/paolaramos/Documents/Autonomous-Drone/tello_ws/build/tello_odometry/build install --record /home/paolaramos/Documents/Autonomous-Drone/tello_ws/build/tello_odometry/install.log --single-version-externally-managed install_data --force
[4.134s] DEBUG:colcon.colcon_core.event_handler.log_command:Invoked command in '/home/paolaramos/Documents/Autonomous-Drone/tello_ws/build/tello_interface' returned '0': PYTHONPATH=/home/paolaramos/Documents/Autonomous-Drone/tello_ws/build/tello_interface/prefix_override:/usr/lib/python3/dist-packages/colcon_core/task/python/colcon_distutils_commands:/home/paolaramos/Documents/Autonomous-Drone/tello_ws/install/tello_interface/lib/python3.10/site-packages:${PYTHONPATH} /usr/bin/python3 -W ignore:setup.py install is deprecated -W ignore:easy_install command is deprecated setup.py develop --uninstall --editable --build-directory /home/paolaramos/Documents/Autonomous-Drone/tello_ws/build/tello_interface/build
[4.146s] DEBUG:colcon.colcon_core.event_handler.log_command:Invoking command in '/home/paolaramos/Documents/Autonomous-Drone/tello_ws/src/tello_interface': PYTHONPATH=/home/paolaramos/Documents/Autonomous-Drone/tello_ws/build/tello_interface/prefix_override:/usr/lib/python3/dist-packages/colcon_core/task/python/colcon_distutils_commands:/home/paolaramos/Documents/Autonomous-Drone/tello_ws/install/tello_interface/lib/python3.10/site-packages:${PYTHONPATH} /usr/bin/python3 -W ignore:setup.py install is deprecated -W ignore:easy_install command is deprecated setup.py egg_info --egg-base ../../build/tello_interface build --build-base /home/paolaramos/Documents/Autonomous-Drone/tello_ws/build/tello_interface/build install --record /home/paolaramos/Documents/Autonomous-Drone/tello_ws/build/tello_interface/install.log --single-version-externally-managed install_data --force
[5.070s] DEBUG:colcon.colcon_core.event_handler.log_command:Invoked command in '/home/paolaramos/Documents/Autonomous-Drone/tello_ws/src/tello_control' returned '0': PYTHONPATH=/home/paolaramos/Documents/Autonomous-Drone/tello_ws/build/tello_control/prefix_override:/usr/lib/python3/dist-packages/colcon_core/task/python/colcon_distutils_commands:/home/paolaramos/Documents/Autonomous-Drone/tello_ws/install/tello_control/lib/python3.10/site-packages:${PYTHONPATH} /usr/bin/python3 -W ignore:setup.py install is deprecated -W ignore:easy_install command is deprecated setup.py egg_info --egg-base ../../build/tello_control build --build-base /home/paolaramos/Documents/Autonomous-Drone/tello_ws/build/tello_control/build install --record /home/paolaramos/Documents/Autonomous-Drone/tello_ws/build/tello_control/install.log --single-version-externally-managed install_data --force
[5.081s] Level 1:colcon.colcon_core.environment:checking '/home/paolaramos/Documents/Autonomous-Drone/tello_ws/install/tello_control' for CMake module files
[5.081s] Level 1:colcon.colcon_core.environment:checking '/home/paolaramos/Documents/Autonomous-Drone/tello_ws/install/tello_control' for CMake config files
[5.082s] Level 1:colcon.colcon_core.environment:checking '/home/paolaramos/Documents/Autonomous-Drone/tello_ws/install/tello_control/lib'
[5.083s] Level 1:colcon.colcon_core.environment:checking '/home/paolaramos/Documents/Autonomous-Drone/tello_ws/install/tello_control/bin'
[5.083s] Level 1:colcon.colcon_core.environment:checking '/home/paolaramos/Documents/Autonomous-Drone/tello_ws/install/tello_control/lib/pkgconfig/tello_control.pc'
[5.083s] Level 1:colcon.colcon_core.environment:checking '/home/paolaramos/Documents/Autonomous-Drone/tello_ws/install/tello_control/lib/python3.10/site-packages'
[5.083s] Level 1:colcon.colcon_core.shell:create_environment_hook('tello_control', 'pythonpath')
[5.084s] INFO:colcon.colcon_core.shell:Creating environment hook '/home/paolaramos/Documents/Autonomous-Drone/tello_ws/install/tello_control/share/tello_control/hook/pythonpath.ps1'
[5.087s] INFO:colcon.colcon_core.shell:Creating environment descriptor '/home/paolaramos/Documents/Autonomous-Drone/tello_ws/install/tello_control/share/tello_control/hook/pythonpath.dsv'
[5.091s] INFO:colcon.colcon_core.shell:Creating environment hook '/home/paolaramos/Documents/Autonomous-Drone/tello_ws/install/tello_control/share/tello_control/hook/pythonpath.sh'
[5.094s] Level 1:colcon.colcon_core.environment:checking '/home/paolaramos/Documents/Autonomous-Drone/tello_ws/install/tello_control/bin'
[5.094s] Level 1:colcon.colcon_core.environment:create_environment_scripts_only(tello_control)
[5.099s] INFO:colcon.colcon_core.shell:Creating package script '/home/paolaramos/Documents/Autonomous-Drone/tello_ws/install/tello_control/share/tello_control/package.ps1'
[5.111s] INFO:colcon.colcon_core.shell:Creating package descriptor '/home/paolaramos/Documents/Autonomous-Drone/tello_ws/install/tello_control/share/tello_control/package.dsv'
[5.113s] INFO:colcon.colcon_core.shell:Creating package script '/home/paolaramos/Documents/Autonomous-Drone/tello_ws/install/tello_control/share/tello_control/package.sh'
[5.117s] INFO:colcon.colcon_core.shell:Creating package script '/home/paolaramos/Documents/Autonomous-Drone/tello_ws/install/tello_control/share/tello_control/package.bash'
[5.122s] INFO:colcon.colcon_core.shell:Creating package script '/home/paolaramos/Documents/Autonomous-Drone/tello_ws/install/tello_control/share/tello_control/package.zsh'
[5.123s] Level 1:colcon.colcon_core.environment:create_file_with_runtime_dependencies(/home/paolaramos/Documents/Autonomous-Drone/tello_ws/install/tello_control/share/colcon-core/packages/tello_control)
[5.144s] Level 1:colcon.colcon_core.environment:checking '/home/paolaramos/Documents/Autonomous-Drone/tello_ws/install/tello_odometry' for CMake module files
[5.147s] DEBUG:colcon.colcon_core.event_handler.log_command:Invoked command in '/home/paolaramos/Documents/Autonomous-Drone/tello_ws/src/tello_odometry' returned '0': PYTHONPATH=/home/paolaramos/Documents/Autonomous-Drone/tello_ws/build/tello_odometry/prefix_override:/usr/lib/python3/dist-packages/colcon_core/task/python/colcon_distutils_commands:/home/paolaramos/Documents/Autonomous-Drone/tello_ws/install/tello_odometry/lib/python3.10/site-packages:${PYTHONPATH} /usr/bin/python3 -W ignore:setup.py install is deprecated -W ignore:easy_install command is deprecated setup.py egg_info --egg-base ../../build/tello_odometry build --build-base /home/paolaramos/Documents/Autonomous-Drone/tello_ws/build/tello_odometry/build install --record /home/paolaramos/Documents/Autonomous-Drone/tello_ws/build/tello_odometry/install.log --single-version-externally-managed install_data --force
[5.161s] Level 1:colcon.colcon_core.environment:checking '/home/paolaramos/Documents/Autonomous-Drone/tello_ws/install/tello_odometry' for CMake config files
[5.162s] Level 1:colcon.colcon_core.environment:checking '/home/paolaramos/Documents/Autonomous-Drone/tello_ws/install/tello_odometry/lib'
[5.162s] Level 1:colcon.colcon_core.environment:checking '/home/paolaramos/Documents/Autonomous-Drone/tello_ws/install/tello_odometry/bin'
[5.163s] Level 1:colcon.colcon_core.environment:checking '/home/paolaramos/Documents/Autonomous-Drone/tello_ws/install/tello_odometry/lib/pkgconfig/tello_odometry.pc'
[5.163s] Level 1:colcon.colcon_core.environment:checking '/home/paolaramos/Documents/Autonomous-Drone/tello_ws/install/tello_odometry/lib/python3.10/site-packages'
[5.163s] Level 1:colcon.colcon_core.shell:create_environment_hook('tello_odometry', 'pythonpath')
[5.163s] INFO:colcon.colcon_core.shell:Creating environment hook '/home/paolaramos/Documents/Autonomous-Drone/tello_ws/install/tello_odometry/share/tello_odometry/hook/pythonpath.ps1'
[5.170s] INFO:colcon.colcon_core.shell:Creating environment descriptor '/home/paolaramos/Documents/Autonomous-Drone/tello_ws/install/tello_odometry/share/tello_odometry/hook/pythonpath.dsv'
[5.181s] INFO:colcon.colcon_core.shell:Creating environment hook '/home/paolaramos/Documents/Autonomous-Drone/tello_ws/install/tello_odometry/share/tello_odometry/hook/pythonpath.sh'
[5.183s] Level 1:colcon.colcon_core.environment:checking '/home/paolaramos/Documents/Autonomous-Drone/tello_ws/install/tello_odometry/bin'
[5.183s] Level 1:colcon.colcon_core.environment:create_environment_scripts_only(tello_odometry)
[5.184s] INFO:colcon.colcon_core.shell:Creating package script '/home/paolaramos/Documents/Autonomous-Drone/tello_ws/install/tello_odometry/share/tello_odometry/package.ps1'
[5.185s] INFO:colcon.colcon_core.shell:Creating package descriptor '/home/paolaramos/Documents/Autonomous-Drone/tello_ws/install/tello_odometry/share/tello_odometry/package.dsv'
[5.187s] INFO:colcon.colcon_core.shell:Creating package script '/home/paolaramos/Documents/Autonomous-Drone/tello_ws/install/tello_odometry/share/tello_odometry/package.sh'
[5.189s] INFO:colcon.colcon_core.shell:Creating package script '/home/paolaramos/Documents/Autonomous-Drone/tello_ws/install/tello_odometry/share/tello_odometry/package.bash'
[5.190s] INFO:colcon.colcon_core.shell:Creating package script '/home/paolaramos/Documents/Autonomous-Drone/tello_ws/install/tello_odometry/share/tello_odometry/package.zsh'
[5.190s] Level 1:colcon.colcon_core.environment:create_file_with_runtime_dependencies(/home/paolaramos/Documents/Autonomous-Drone/tello_ws/install/tello_odometry/share/colcon-core/packages/tello_odometry)
[5.365s] Level 1:colcon.colcon_core.environment:checking '/home/paolaramos/Documents/Autonomous-Drone/tello_ws/install/tello_interface' for CMake module files
[5.366s] Level 1:colcon.colcon_core.environment:checking '/home/paolaramos/Documents/Autonomous-Drone/tello_ws/install/tello_interface' for CMake config files
[5.367s] Level 1:colcon.colcon_core.environment:checking '/home/paolaramos/Documents/Autonomous-Drone/tello_ws/install/tello_interface/lib'
[5.367s] Level 1:colcon.colcon_core.environment:checking '/home/paolaramos/Documents/Autonomous-Drone/tello_ws/install/tello_interface/bin'
[5.367s] Level 1:colcon.colcon_core.environment:checking '/home/paolaramos/Documents/Autonomous-Drone/tello_ws/install/tello_interface/lib/pkgconfig/tello_interface.pc'
[5.370s] Level 1:colcon.colcon_core.environment:checking '/home/paolaramos/Documents/Autonomous-Drone/tello_ws/install/tello_interface/lib/python3.10/site-packages'
[5.370s] Level 1:colcon.colcon_core.shell:create_environment_hook('tello_interface', 'pythonpath')
[5.371s] INFO:colcon.colcon_core.shell:Creating environment hook '/home/paolaramos/Documents/Autonomous-Drone/tello_ws/install/tello_interface/share/tello_interface/hook/pythonpath.ps1'
[5.378s] DEBUG:colcon.colcon_core.event_handler.log_command:Invoked command in '/home/paolaramos/Documents/Autonomous-Drone/tello_ws/src/tello_interface' returned '0': PYTHONPATH=/home/paolaramos/Documents/Autonomous-Drone/tello_ws/build/tello_interface/prefix_override:/usr/lib/python3/dist-packages/colcon_core/task/python/colcon_distutils_commands:/home/paolaramos/Documents/Autonomous-Drone/tello_ws/install/tello_interface/lib/python3.10/site-packages:${PYTHONPATH} /usr/bin/python3 -W ignore:setup.py install is deprecated -W ignore:easy_install command is deprecated setup.py egg_info --egg-base ../../build/tello_interface build --build-base /home/paolaramos/Documents/Autonomous-Drone/tello_ws/build/tello_interface/build install --record /home/paolaramos/Documents/Autonomous-Drone/tello_ws/build/tello_interface/install.log --single-version-externally-managed install_data --force
[5.384s] INFO:colcon.colcon_core.shell:Creating environment descriptor '/home/paolaramos/Documents/Autonomous-Drone/tello_ws/install/tello_interface/share/tello_interface/hook/pythonpath.dsv'
[5.386s] INFO:colcon.colcon_core.shell:Creating environment hook '/home/paolaramos/Documents/Autonomous-Drone/tello_ws/install/tello_interface/share/tello_interface/hook/pythonpath.sh'
[5.392s] Level 1:colcon.colcon_core.environment:checking '/home/paolaramos/Documents/Autonomous-Drone/tello_ws/install/tello_interface/bin'
[5.394s] Level 1:colcon.colcon_core.environment:create_environment_scripts_only(tello_interface)
[5.395s] INFO:colcon.colcon_core.shell:Creating package script '/home/paolaramos/Documents/Autonomous-Drone/tello_ws/install/tello_interface/share/tello_interface/package.ps1'
[5.397s] INFO:colcon.colcon_core.shell:Creating package descriptor '/home/paolaramos/Documents/Autonomous-Drone/tello_ws/install/tello_interface/share/tello_interface/package.dsv'
[5.399s] INFO:colcon.colcon_core.shell:Creating package script '/home/paolaramos/Documents/Autonomous-Drone/tello_ws/install/tello_interface/share/tello_interface/package.sh'
[5.400s] INFO:colcon.colcon_core.shell:Creating package script '/home/paolaramos/Documents/Autonomous-Drone/tello_ws/install/tello_interface/share/tello_interface/package.bash'
[5.410s] INFO:colcon.colcon_core.shell:Creating package script '/home/paolaramos/Documents/Autonomous-Drone/tello_ws/install/tello_interface/share/tello_interface/package.zsh'
[5.427s] Level 1:colcon.colcon_core.environment:create_file_with_runtime_dependencies(/home/paolaramos/Documents/Autonomous-Drone/tello_ws/install/tello_interface/share/colcon-core/packages/tello_interface)
[5.428s] DEBUG:colcon.colcon_parallel_executor.executor.parallel:closing loop
[5.428s] DEBUG:colcon.colcon_parallel_executor.executor.parallel:loop closed
[5.438s] DEBUG:colcon.colcon_parallel_executor.executor.parallel:run_until_complete finished with '0'
[5.447s] DEBUG:colcon.colcon_core.event_reactor:joining thread
[5.466s] INFO:colcon.colcon_core.plugin_system:Skipping extension 'colcon_notification.desktop_notification.terminal_notifier': Not used on non-Darwin systems
[5.471s] INFO:colcon.colcon_core.plugin_system:Skipping extension 'colcon_notification.desktop_notification.win32': Not used on non-Windows systems
[5.471s] INFO:colcon.colcon_notification.desktop_notification:Sending desktop notification using 'notify2'
[5.556s] DEBUG:colcon.colcon_core.event_reactor:joined thread
[5.557s] INFO:colcon.colcon_core.shell:Creating prefix script '/home/paolaramos/Documents/Autonomous-Drone/tello_ws/install/local_setup.ps1'
[5.574s] INFO:colcon.colcon_core.shell:Creating prefix util module '/home/paolaramos/Documents/Autonomous-Drone/tello_ws/install/_local_setup_util_ps1.py'
[5.579s] INFO:colcon.colcon_core.shell:Creating prefix chain script '/home/paolaramos/Documents/Autonomous-Drone/tello_ws/install/setup.ps1'
[5.611s] INFO:colcon.colcon_core.shell:Creating prefix script '/home/paolaramos/Documents/Autonomous-Drone/tello_ws/install/local_setup.sh'
[5.620s] INFO:colcon.colcon_core.shell:Creating prefix util module '/home/paolaramos/Documents/Autonomous-Drone/tello_ws/install/_local_setup_util_sh.py'
[5.625s] INFO:colcon.colcon_core.shell:Creating prefix chain script '/home/paolaramos/Documents/Autonomous-Drone/tello_ws/install/setup.sh'
[5.637s] INFO:colcon.colcon_core.shell:Creating prefix script '/home/paolaramos/Documents/Autonomous-Drone/tello_ws/install/local_setup.bash'
[5.639s] INFO:colcon.colcon_core.shell:Creating prefix chain script '/home/paolaramos/Documents/Autonomous-Drone/tello_ws/install/setup.bash'
[5.641s] INFO:colcon.colcon_core.shell:Creating prefix script '/home/paolaramos/Documents/Autonomous-Drone/tello_ws/install/local_setup.zsh'
[5.643s] INFO:colcon.colcon_core.shell:Creating prefix chain script '/home/paolaramos/Documents/Autonomous-Drone/tello_ws/install/setup.zsh'
