[0.249s] DEBUG:colcon:Command line arguments: ['/usr/bin/colcon', 'build']
[0.249s] DEBUG:colcon:Parsed command line arguments: Namespace(log_base=None, log_level=None, verb_name='build', build_base='build', install_base='install', merge_install=False, symlink_install=False, test_result_base=None, continue_on_error=False, executor='parallel', parallel_workers=4, event_handlers=None, ignore_user_meta=False, metas=['./colcon.meta'], base_paths=['.'], packages_ignore=None, packages_ignore_regex=None, paths=None, packages_up_to=None, packages_up_to_regex=None, packages_above=None, packages_above_and_dependencies=None, packages_above_depth=None, packages_select_by_dep=None, packages_skip_by_dep=None, packages_skip_up_to=None, packages_select_build_failed=False, packages_skip_build_finished=False, packages_select_test_failures=False, packages_skip_test_passed=False, packages_select=None, packages_skip=None, packages_select_regex=None, packages_skip_regex=None, packages_start=None, packages_end=None, allow_overriding=[], cmake_args=None, cmake_target=None, cmake_target_skip_unavailable=False, cmake_clean_cache=False, cmake_clean_first=False, cmake_force_configure=False, ament_cmake_args=None, catkin_cmake_args=None, catkin_skip_building_tests=False, verb_parser=<colcon_defaults.argument_parser.defaults.DefaultArgumentsDecorator object at 0x7a982ac15420>, verb_extension=<colcon_core.verb.build.BuildVerb object at 0x7a982adeaa40>, main=<bound method BuildVerb.main of <colcon_core.verb.build.BuildVerb object at 0x7a982adeaa40>>)
[0.296s] Level 1:colcon.colcon_core.package_discovery:discover_packages(colcon_meta) check parameters
[0.297s] Level 1:colcon.colcon_core.package_discovery:discover_packages(recursive) check parameters
[0.297s] Level 1:colcon.colcon_core.package_discovery:discover_packages(ignore) check parameters
[0.297s] Level 1:colcon.colcon_core.package_discovery:discover_packages(path) check parameters
[0.297s] Level 1:colcon.colcon_core.package_discovery:discover_packages(colcon_meta) discover
[0.297s] Level 1:colcon.colcon_core.package_discovery:discover_packages(recursive) discover
[0.297s] INFO:colcon.colcon_core.package_discovery:Crawling recursively for packages in '/home/paolaramos/tello_ws'
[0.297s] Level 1:colcon.colcon_core.package_identification:_identify(.) by extensions ['ignore', 'ignore_ament_install']
[0.297s] Level 1:colcon.colcon_core.package_identification:_identify(.) by extension 'ignore'
[0.297s] Level 1:colcon.colcon_core.package_identification:_identify(.) by extension 'ignore_ament_install'
[0.298s] Level 1:colcon.colcon_core.package_identification:_identify(.) by extensions ['colcon_pkg']
[0.298s] Level 1:colcon.colcon_core.package_identification:_identify(.) by extension 'colcon_pkg'
[0.298s] Level 1:colcon.colcon_core.package_identification:_identify(.) by extensions ['colcon_meta']
[0.298s] Level 1:colcon.colcon_core.package_identification:_identify(.) by extension 'colcon_meta'
[0.298s] Level 1:colcon.colcon_core.package_identification:_identify(.) by extensions ['ros']
[0.298s] Level 1:colcon.colcon_core.package_identification:_identify(.) by extension 'ros'
[0.338s] Level 1:colcon.colcon_core.package_identification:_identify(.) by extensions ['cmake', 'python']
[0.338s] Level 1:colcon.colcon_core.package_identification:_identify(.) by extension 'cmake'
[0.339s] Level 1:colcon.colcon_core.package_identification:_identify(.) by extension 'python'
[0.339s] Level 1:colcon.colcon_core.package_identification:_identify(.) by extensions ['python_setup_py']
[0.339s] Level 1:colcon.colcon_core.package_identification:_identify(.) by extension 'python_setup_py'
[0.339s] Level 1:colcon.colcon_core.package_identification:_identify(build) by extensions ['ignore', 'ignore_ament_install']
[0.339s] Level 1:colcon.colcon_core.package_identification:_identify(build) by extension 'ignore'
[0.339s] Level 1:colcon.colcon_core.package_identification:_identify(build) ignored
[0.339s] Level 1:colcon.colcon_core.package_identification:_identify(install) by extensions ['ignore', 'ignore_ament_install']
[0.339s] Level 1:colcon.colcon_core.package_identification:_identify(install) by extension 'ignore'
[0.339s] Level 1:colcon.colcon_core.package_identification:_identify(install) ignored
[0.339s] Level 1:colcon.colcon_core.package_identification:_identify(log) by extensions ['ignore', 'ignore_ament_install']
[0.340s] Level 1:colcon.colcon_core.package_identification:_identify(log) by extension 'ignore'
[0.340s] Level 1:colcon.colcon_core.package_identification:_identify(log) ignored
[0.340s] Level 1:colcon.colcon_core.package_identification:_identify(src) by extensions ['ignore', 'ignore_ament_install']
[0.340s] Level 1:colcon.colcon_core.package_identification:_identify(src) by extension 'ignore'
[0.340s] Level 1:colcon.colcon_core.package_identification:_identify(src) by extension 'ignore_ament_install'
[0.340s] Level 1:colcon.colcon_core.package_identification:_identify(src) by extensions ['colcon_pkg']
[0.340s] Level 1:colcon.colcon_core.package_identification:_identify(src) by extension 'colcon_pkg'
[0.340s] Level 1:colcon.colcon_core.package_identification:_identify(src) by extensions ['colcon_meta']
[0.340s] Level 1:colcon.colcon_core.package_identification:_identify(src) by extension 'colcon_meta'
[0.340s] Level 1:colcon.colcon_core.package_identification:_identify(src) by extensions ['ros']
[0.340s] Level 1:colcon.colcon_core.package_identification:_identify(src) by extension 'ros'
[0.340s] Level 1:colcon.colcon_core.package_identification:_identify(src) by extensions ['cmake', 'python']
[0.340s] Level 1:colcon.colcon_core.package_identification:_identify(src) by extension 'cmake'
[0.340s] Level 1:colcon.colcon_core.package_identification:_identify(src) by extension 'python'
[0.340s] Level 1:colcon.colcon_core.package_identification:_identify(src) by extensions ['python_setup_py']
[0.340s] Level 1:colcon.colcon_core.package_identification:_identify(src) by extension 'python_setup_py'
[0.340s] Level 1:colcon.colcon_core.package_identification:_identify(src/drone) by extensions ['ignore', 'ignore_ament_install']
[0.341s] Level 1:colcon.colcon_core.package_identification:_identify(src/drone) by extension 'ignore'
[0.341s] Level 1:colcon.colcon_core.package_identification:_identify(src/drone) by extension 'ignore_ament_install'
[0.341s] Level 1:colcon.colcon_core.package_identification:_identify(src/drone) by extensions ['colcon_pkg']
[0.341s] Level 1:colcon.colcon_core.package_identification:_identify(src/drone) by extension 'colcon_pkg'
[0.341s] Level 1:colcon.colcon_core.package_identification:_identify(src/drone) by extensions ['colcon_meta']
[0.341s] Level 1:colcon.colcon_core.package_identification:_identify(src/drone) by extension 'colcon_meta'
[0.341s] Level 1:colcon.colcon_core.package_identification:_identify(src/drone) by extensions ['ros']
[0.341s] Level 1:colcon.colcon_core.package_identification:_identify(src/drone) by extension 'ros'
[0.348s] DEBUG:colcon.colcon_core.package_identification:Package 'src/drone' with type 'ros.ament_python' and name 'drone'
[0.349s] Level 1:colcon.colcon_core.package_identification:_identify(src/mocap_optitrack) by extensions ['ignore', 'ignore_ament_install']
[0.349s] Level 1:colcon.colcon_core.package_identification:_identify(src/mocap_optitrack) by extension 'ignore'
[0.349s] Level 1:colcon.colcon_core.package_identification:_identify(src/mocap_optitrack) by extension 'ignore_ament_install'
[0.349s] Level 1:colcon.colcon_core.package_identification:_identify(src/mocap_optitrack) by extensions ['colcon_pkg']
[0.349s] Level 1:colcon.colcon_core.package_identification:_identify(src/mocap_optitrack) by extension 'colcon_pkg'
[0.349s] Level 1:colcon.colcon_core.package_identification:_identify(src/mocap_optitrack) by extensions ['colcon_meta']
[0.349s] Level 1:colcon.colcon_core.package_identification:_identify(src/mocap_optitrack) by extension 'colcon_meta'
[0.350s] Level 1:colcon.colcon_core.package_identification:_identify(src/mocap_optitrack) by extensions ['ros']
[0.350s] Level 1:colcon.colcon_core.package_identification:_identify(src/mocap_optitrack) by extension 'ros'
[0.351s] DEBUG:colcon.colcon_core.package_identification:Package 'src/mocap_optitrack' with type 'ros.ament_cmake' and name 'mocap_optitrack'
[0.351s] Level 1:colcon.colcon_core.package_discovery:discover_packages(recursive) using defaults
[0.351s] Level 1:colcon.colcon_core.package_discovery:discover_packages(ignore) discover
[0.351s] Level 1:colcon.colcon_core.package_discovery:discover_packages(ignore) using defaults
[0.351s] Level 1:colcon.colcon_core.package_discovery:discover_packages(path) discover
[0.351s] Level 1:colcon.colcon_core.package_discovery:discover_packages(path) using defaults
[0.399s] Level 1:colcon.colcon_core.package_discovery:discover_packages(prefix_path) check parameters
[0.399s] Level 1:colcon.colcon_core.package_discovery:discover_packages(prefix_path) discover
[0.402s] DEBUG:colcon.colcon_installed_package_information.package_discovery:Found 2 installed packages in /home/paolaramos/tello_ws/install
[0.406s] DEBUG:colcon.colcon_installed_package_information.package_discovery:Found 273 installed packages in /opt/ros/humble
[0.408s] Level 1:colcon.colcon_core.package_discovery:discover_packages(prefix_path) using defaults
[0.616s] Level 5:colcon.colcon_core.verb:set package 'drone' build argument 'cmake_args' from command line to 'None'
[0.616s] Level 5:colcon.colcon_core.verb:set package 'drone' build argument 'cmake_target' from command line to 'None'
[0.616s] Level 5:colcon.colcon_core.verb:set package 'drone' build argument 'cmake_target_skip_unavailable' from command line to 'False'
[0.616s] Level 5:colcon.colcon_core.verb:set package 'drone' build argument 'cmake_clean_cache' from command line to 'False'
[0.616s] Level 5:colcon.colcon_core.verb:set package 'drone' build argument 'cmake_clean_first' from command line to 'False'
[0.616s] Level 5:colcon.colcon_core.verb:set package 'drone' build argument 'cmake_force_configure' from command line to 'False'
[0.616s] Level 5:colcon.colcon_core.verb:set package 'drone' build argument 'ament_cmake_args' from command line to 'None'
[0.616s] Level 5:colcon.colcon_core.verb:set package 'drone' build argument 'catkin_cmake_args' from command line to 'None'
[0.616s] Level 5:colcon.colcon_core.verb:set package 'drone' build argument 'catkin_skip_building_tests' from command line to 'False'
[0.616s] DEBUG:colcon.colcon_core.verb:Building package 'drone' with the following arguments: {'ament_cmake_args': None, 'build_base': '/home/paolaramos/tello_ws/build/drone', 'catkin_cmake_args': None, 'catkin_skip_building_tests': False, 'cmake_args': None, 'cmake_clean_cache': False, 'cmake_clean_first': False, 'cmake_force_configure': False, 'cmake_target': None, 'cmake_target_skip_unavailable': False, 'install_base': '/home/paolaramos/tello_ws/install/drone', 'merge_install': False, 'path': '/home/paolaramos/tello_ws/src/drone', 'symlink_install': False, 'test_result_base': None}
[0.617s] Level 5:colcon.colcon_core.verb:set package 'mocap_optitrack' build argument 'cmake_args' from command line to 'None'
[0.617s] Level 5:colcon.colcon_core.verb:set package 'mocap_optitrack' build argument 'cmake_target' from command line to 'None'
[0.617s] Level 5:colcon.colcon_core.verb:set package 'mocap_optitrack' build argument 'cmake_target_skip_unavailable' from command line to 'False'
[0.617s] Level 5:colcon.colcon_core.verb:set package 'mocap_optitrack' build argument 'cmake_clean_cache' from command line to 'False'
[0.617s] Level 5:colcon.colcon_core.verb:set package 'mocap_optitrack' build argument 'cmake_clean_first' from command line to 'False'
[0.617s] Level 5:colcon.colcon_core.verb:set package 'mocap_optitrack' build argument 'cmake_force_configure' from command line to 'False'
[0.617s] Level 5:colcon.colcon_core.verb:set package 'mocap_optitrack' build argument 'ament_cmake_args' from command line to 'None'
[0.617s] Level 5:colcon.colcon_core.verb:set package 'mocap_optitrack' build argument 'catkin_cmake_args' from command line to 'None'
[0.617s] Level 5:colcon.colcon_core.verb:set package 'mocap_optitrack' build argument 'catkin_skip_building_tests' from command line to 'False'
[0.617s] DEBUG:colcon.colcon_core.verb:Building package 'mocap_optitrack' with the following arguments: {'ament_cmake_args': None, 'build_base': '/home/paolaramos/tello_ws/build/mocap_optitrack', 'catkin_cmake_args': None, 'catkin_skip_building_tests': False, 'cmake_args': None, 'cmake_clean_cache': False, 'cmake_clean_first': False, 'cmake_force_configure': False, 'cmake_target': None, 'cmake_target_skip_unavailable': False, 'install_base': '/home/paolaramos/tello_ws/install/mocap_optitrack', 'merge_install': False, 'path': '/home/paolaramos/tello_ws/src/mocap_optitrack', 'symlink_install': False, 'test_result_base': None}
[0.617s] INFO:colcon.colcon_core.executor:Executing jobs using 'parallel' executor
[0.619s] DEBUG:colcon.colcon_parallel_executor.executor.parallel:run_until_complete
[0.619s] INFO:colcon.colcon_ros.task.ament_python.build:Building ROS package in '/home/paolaramos/tello_ws/src/drone' with build type 'ament_python'
[0.619s] Level 1:colcon.colcon_core.shell:create_environment_hook('drone', 'ament_prefix_path')
[0.635s] INFO:colcon.colcon_core.plugin_system:Skipping extension 'colcon_core.shell.bat': Not used on non-Windows systems
[0.635s] INFO:colcon.colcon_core.shell:Creating environment hook '/home/paolaramos/tello_ws/install/drone/share/drone/hook/ament_prefix_path.ps1'
[0.636s] INFO:colcon.colcon_core.shell:Creating environment descriptor '/home/paolaramos/tello_ws/install/drone/share/drone/hook/ament_prefix_path.dsv'
[0.636s] INFO:colcon.colcon_core.shell:Creating environment hook '/home/paolaramos/tello_ws/install/drone/share/drone/hook/ament_prefix_path.sh'
[0.639s] INFO:colcon.colcon_core.shell:Skip shell extension 'powershell' for command environment: Not usable outside of PowerShell
[0.639s] DEBUG:colcon.colcon_core.shell:Skip shell extension 'dsv' for command environment
[0.654s] INFO:colcon.colcon_ros.task.ament_cmake.build:Building ROS package in '/home/paolaramos/tello_ws/src/mocap_optitrack' with build type 'ament_cmake'
[0.654s] INFO:colcon.colcon_cmake.task.cmake.build:Building CMake package in '/home/paolaramos/tello_ws/src/mocap_optitrack'
[0.654s] INFO:colcon.colcon_core.shell:Skip shell extension 'powershell' for command environment: Not usable outside of PowerShell
[0.654s] DEBUG:colcon.colcon_core.shell:Skip shell extension 'dsv' for command environment
[0.987s] INFO:colcon.colcon_core.task.python.build:Building Python package in '/home/paolaramos/tello_ws/src/drone'
[0.991s] INFO:colcon.colcon_core.shell:Skip shell extension 'powershell' for command environment: Not usable outside of PowerShell
[0.991s] DEBUG:colcon.colcon_core.shell:Skip shell extension 'dsv' for command environment
[1.029s] DEBUG:colcon.colcon_core.event_handler.log_command:Invoking command in '/home/paolaramos/tello_ws/build/mocap_optitrack': CMAKE_PREFIX_PATH=/home/paolaramos/tello_ws/install/drone:/opt/ros/humble /usr/bin/cmake --build /home/paolaramos/tello_ws/build/mocap_optitrack -- -j4 -l4
[1.334s] DEBUG:colcon.colcon_core.event_handler.log_command:Invoked command in '/home/paolaramos/tello_ws/build/mocap_optitrack' returned '0': CMAKE_PREFIX_PATH=/home/paolaramos/tello_ws/install/drone:/opt/ros/humble /usr/bin/cmake --build /home/paolaramos/tello_ws/build/mocap_optitrack -- -j4 -l4
[1.356s] DEBUG:colcon.colcon_core.event_handler.log_command:Invoking command in '/home/paolaramos/tello_ws/build/mocap_optitrack': CMAKE_PREFIX_PATH=/home/paolaramos/tello_ws/install/drone:/opt/ros/humble /usr/bin/cmake --install /home/paolaramos/tello_ws/build/mocap_optitrack
[1.388s] Level 1:colcon.colcon_core.environment:create_environment_scripts_only(mocap_optitrack)
[1.393s] DEBUG:colcon.colcon_core.event_handler.log_command:Invoked command in '/home/paolaramos/tello_ws/build/mocap_optitrack' returned '0': CMAKE_PREFIX_PATH=/home/paolaramos/tello_ws/install/drone:/opt/ros/humble /usr/bin/cmake --install /home/paolaramos/tello_ws/build/mocap_optitrack
[1.406s] Level 1:colcon.colcon_core.environment:checking '/home/paolaramos/tello_ws/install/mocap_optitrack' for CMake module files
[1.408s] Level 1:colcon.colcon_core.environment:checking '/home/paolaramos/tello_ws/install/mocap_optitrack' for CMake config files
[1.409s] Level 1:colcon.colcon_core.shell:create_environment_hook('mocap_optitrack', 'cmake_prefix_path')
[1.411s] INFO:colcon.colcon_core.shell:Creating environment hook '/home/paolaramos/tello_ws/install/mocap_optitrack/share/mocap_optitrack/hook/cmake_prefix_path.ps1'
[1.413s] INFO:colcon.colcon_core.shell:Creating environment descriptor '/home/paolaramos/tello_ws/install/mocap_optitrack/share/mocap_optitrack/hook/cmake_prefix_path.dsv'
[1.415s] INFO:colcon.colcon_core.shell:Creating environment hook '/home/paolaramos/tello_ws/install/mocap_optitrack/share/mocap_optitrack/hook/cmake_prefix_path.sh'
[1.416s] Level 1:colcon.colcon_core.environment:checking '/home/paolaramos/tello_ws/install/mocap_optitrack/lib'
[1.417s] Level 1:colcon.colcon_core.environment:checking '/home/paolaramos/tello_ws/install/mocap_optitrack/bin'
[1.417s] Level 1:colcon.colcon_core.environment:checking '/home/paolaramos/tello_ws/install/mocap_optitrack/lib/pkgconfig/mocap_optitrack.pc'
[1.417s] Level 1:colcon.colcon_core.environment:checking '/home/paolaramos/tello_ws/install/mocap_optitrack/lib/python3.10/site-packages'
[1.418s] Level 1:colcon.colcon_core.environment:checking '/home/paolaramos/tello_ws/install/mocap_optitrack/bin'
[1.418s] INFO:colcon.colcon_core.shell:Creating package script '/home/paolaramos/tello_ws/install/mocap_optitrack/share/mocap_optitrack/package.ps1'
[1.420s] INFO:colcon.colcon_core.shell:Creating package descriptor '/home/paolaramos/tello_ws/install/mocap_optitrack/share/mocap_optitrack/package.dsv'
[1.421s] INFO:colcon.colcon_core.shell:Creating package script '/home/paolaramos/tello_ws/install/mocap_optitrack/share/mocap_optitrack/package.sh'
[1.422s] INFO:colcon.colcon_core.shell:Creating package script '/home/paolaramos/tello_ws/install/mocap_optitrack/share/mocap_optitrack/package.bash'
[1.424s] INFO:colcon.colcon_core.shell:Creating package script '/home/paolaramos/tello_ws/install/mocap_optitrack/share/mocap_optitrack/package.zsh'
[1.426s] Level 1:colcon.colcon_core.environment:create_file_with_runtime_dependencies(/home/paolaramos/tello_ws/install/mocap_optitrack/share/colcon-core/packages/mocap_optitrack)
[1.428s] Level 1:colcon.colcon_core.environment:create_environment_scripts_only(mocap_optitrack)
[1.428s] Level 1:colcon.colcon_core.environment:checking '/home/paolaramos/tello_ws/install/mocap_optitrack' for CMake module files
[1.430s] Level 1:colcon.colcon_core.environment:checking '/home/paolaramos/tello_ws/install/mocap_optitrack' for CMake config files
[1.431s] Level 1:colcon.colcon_core.shell:create_environment_hook('mocap_optitrack', 'cmake_prefix_path')
[1.432s] INFO:colcon.colcon_core.shell:Creating environment hook '/home/paolaramos/tello_ws/install/mocap_optitrack/share/mocap_optitrack/hook/cmake_prefix_path.ps1'
[1.433s] INFO:colcon.colcon_core.shell:Creating environment descriptor '/home/paolaramos/tello_ws/install/mocap_optitrack/share/mocap_optitrack/hook/cmake_prefix_path.dsv'
[1.434s] INFO:colcon.colcon_core.shell:Creating environment hook '/home/paolaramos/tello_ws/install/mocap_optitrack/share/mocap_optitrack/hook/cmake_prefix_path.sh'
[1.436s] Level 1:colcon.colcon_core.environment:checking '/home/paolaramos/tello_ws/install/mocap_optitrack/lib'
[1.437s] Level 1:colcon.colcon_core.environment:checking '/home/paolaramos/tello_ws/install/mocap_optitrack/bin'
[1.437s] Level 1:colcon.colcon_core.environment:checking '/home/paolaramos/tello_ws/install/mocap_optitrack/lib/pkgconfig/mocap_optitrack.pc'
[1.438s] Level 1:colcon.colcon_core.environment:checking '/home/paolaramos/tello_ws/install/mocap_optitrack/lib/python3.10/site-packages'
[1.438s] Level 1:colcon.colcon_core.environment:checking '/home/paolaramos/tello_ws/install/mocap_optitrack/bin'
[1.440s] INFO:colcon.colcon_core.shell:Creating package script '/home/paolaramos/tello_ws/install/mocap_optitrack/share/mocap_optitrack/package.ps1'
[1.442s] INFO:colcon.colcon_core.shell:Creating package descriptor '/home/paolaramos/tello_ws/install/mocap_optitrack/share/mocap_optitrack/package.dsv'
[1.444s] INFO:colcon.colcon_core.shell:Creating package script '/home/paolaramos/tello_ws/install/mocap_optitrack/share/mocap_optitrack/package.sh'
[1.445s] INFO:colcon.colcon_core.shell:Creating package script '/home/paolaramos/tello_ws/install/mocap_optitrack/share/mocap_optitrack/package.bash'
[1.446s] INFO:colcon.colcon_core.shell:Creating package script '/home/paolaramos/tello_ws/install/mocap_optitrack/share/mocap_optitrack/package.zsh'
[1.448s] Level 1:colcon.colcon_core.environment:create_file_with_runtime_dependencies(/home/paolaramos/tello_ws/install/mocap_optitrack/share/colcon-core/packages/mocap_optitrack)
[1.823s] DEBUG:colcon.colcon_core.event_handler.log_command:Invoking command in '/home/paolaramos/tello_ws/src/drone': PYTHONPATH=/home/paolaramos/tello_ws/build/drone/prefix_override:/usr/lib/python3/dist-packages/colcon_core/task/python/colcon_distutils_commands:/home/paolaramos/tello_ws/install/drone/lib/python3.10/site-packages:${PYTHONPATH} /usr/bin/python3 -W ignore:setup.py install is deprecated -W ignore:easy_install command is deprecated setup.py egg_info --egg-base ../../build/drone build --build-base /home/paolaramos/tello_ws/build/drone/build install --record /home/paolaramos/tello_ws/build/drone/install.log --single-version-externally-managed install_data
[2.264s] Level 1:colcon.colcon_core.environment:checking '/home/paolaramos/tello_ws/install/drone' for CMake module files
[2.265s] Level 1:colcon.colcon_core.environment:checking '/home/paolaramos/tello_ws/install/drone' for CMake config files
[2.266s] DEBUG:colcon.colcon_core.event_handler.log_command:Invoked command in '/home/paolaramos/tello_ws/src/drone' returned '0': PYTHONPATH=/home/paolaramos/tello_ws/build/drone/prefix_override:/usr/lib/python3/dist-packages/colcon_core/task/python/colcon_distutils_commands:/home/paolaramos/tello_ws/install/drone/lib/python3.10/site-packages:${PYTHONPATH} /usr/bin/python3 -W ignore:setup.py install is deprecated -W ignore:easy_install command is deprecated setup.py egg_info --egg-base ../../build/drone build --build-base /home/paolaramos/tello_ws/build/drone/build install --record /home/paolaramos/tello_ws/build/drone/install.log --single-version-externally-managed install_data
[2.266s] Level 1:colcon.colcon_core.environment:checking '/home/paolaramos/tello_ws/install/drone/lib'
[2.267s] Level 1:colcon.colcon_core.environment:checking '/home/paolaramos/tello_ws/install/drone/bin'
[2.267s] Level 1:colcon.colcon_core.environment:checking '/home/paolaramos/tello_ws/install/drone/lib/pkgconfig/drone.pc'
[2.267s] Level 1:colcon.colcon_core.environment:checking '/home/paolaramos/tello_ws/install/drone/lib/python3.10/site-packages'
[2.267s] Level 1:colcon.colcon_core.shell:create_environment_hook('drone', 'pythonpath')
[2.268s] INFO:colcon.colcon_core.shell:Creating environment hook '/home/paolaramos/tello_ws/install/drone/share/drone/hook/pythonpath.ps1'
[2.270s] INFO:colcon.colcon_core.shell:Creating environment descriptor '/home/paolaramos/tello_ws/install/drone/share/drone/hook/pythonpath.dsv'
[2.271s] INFO:colcon.colcon_core.shell:Creating environment hook '/home/paolaramos/tello_ws/install/drone/share/drone/hook/pythonpath.sh'
[2.272s] Level 1:colcon.colcon_core.environment:checking '/home/paolaramos/tello_ws/install/drone/bin'
[2.273s] Level 1:colcon.colcon_core.environment:create_environment_scripts_only(drone)
[2.273s] INFO:colcon.colcon_core.shell:Creating package script '/home/paolaramos/tello_ws/install/drone/share/drone/package.ps1'
[2.274s] INFO:colcon.colcon_core.shell:Creating package descriptor '/home/paolaramos/tello_ws/install/drone/share/drone/package.dsv'
[2.275s] INFO:colcon.colcon_core.shell:Creating package script '/home/paolaramos/tello_ws/install/drone/share/drone/package.sh'
[2.276s] INFO:colcon.colcon_core.shell:Creating package script '/home/paolaramos/tello_ws/install/drone/share/drone/package.bash'
[2.277s] INFO:colcon.colcon_core.shell:Creating package script '/home/paolaramos/tello_ws/install/drone/share/drone/package.zsh'
[2.277s] Level 1:colcon.colcon_core.environment:create_file_with_runtime_dependencies(/home/paolaramos/tello_ws/install/drone/share/colcon-core/packages/drone)
[2.280s] DEBUG:colcon.colcon_parallel_executor.executor.parallel:closing loop
[2.280s] DEBUG:colcon.colcon_parallel_executor.executor.parallel:loop closed
[2.280s] DEBUG:colcon.colcon_parallel_executor.executor.parallel:run_until_complete finished with '0'
[2.280s] DEBUG:colcon.colcon_core.event_reactor:joining thread
[2.316s] INFO:colcon.colcon_core.plugin_system:Skipping extension 'colcon_notification.desktop_notification.terminal_notifier': Not used on non-Darwin systems
[2.317s] INFO:colcon.colcon_core.plugin_system:Skipping extension 'colcon_notification.desktop_notification.win32': Not used on non-Windows systems
[2.318s] INFO:colcon.colcon_notification.desktop_notification:Sending desktop notification using 'notify2'
[2.371s] DEBUG:colcon.colcon_core.event_reactor:joined thread
[2.372s] INFO:colcon.colcon_core.shell:Creating prefix script '/home/paolaramos/tello_ws/install/local_setup.ps1'
[2.374s] INFO:colcon.colcon_core.shell:Creating prefix util module '/home/paolaramos/tello_ws/install/_local_setup_util_ps1.py'
[2.375s] INFO:colcon.colcon_core.shell:Creating prefix chain script '/home/paolaramos/tello_ws/install/setup.ps1'
[2.377s] INFO:colcon.colcon_core.shell:Creating prefix script '/home/paolaramos/tello_ws/install/local_setup.sh'
[2.378s] INFO:colcon.colcon_core.shell:Creating prefix util module '/home/paolaramos/tello_ws/install/_local_setup_util_sh.py'
[2.378s] INFO:colcon.colcon_core.shell:Creating prefix chain script '/home/paolaramos/tello_ws/install/setup.sh'
[2.380s] INFO:colcon.colcon_core.shell:Creating prefix script '/home/paolaramos/tello_ws/install/local_setup.bash'
[2.380s] INFO:colcon.colcon_core.shell:Creating prefix chain script '/home/paolaramos/tello_ws/install/setup.bash'
[2.381s] INFO:colcon.colcon_core.shell:Creating prefix script '/home/paolaramos/tello_ws/install/local_setup.zsh'
[2.382s] INFO:colcon.colcon_core.shell:Creating prefix chain script '/home/paolaramos/tello_ws/install/setup.zsh'
