[2.121s] DEBUG:colcon:Command line arguments: ['/usr/bin/colcon', 'build']
[2.121s] DEBUG:colcon:Parsed command line arguments: Namespace(log_base=None, log_level=None, verb_name='build', build_base='build', install_base='install', merge_install=False, symlink_install=False, test_result_base=None, continue_on_error=False, executor='parallel', parallel_workers=4, event_handlers=None, ignore_user_meta=False, metas=['./colcon.meta'], base_paths=['.'], packages_ignore=None, packages_ignore_regex=None, paths=None, packages_up_to=None, packages_up_to_regex=None, packages_above=None, packages_above_and_dependencies=None, packages_above_depth=None, packages_select_by_dep=None, packages_skip_by_dep=None, packages_skip_up_to=None, packages_select_build_failed=False, packages_skip_build_finished=False, packages_select_test_failures=False, packages_skip_test_passed=False, packages_select=None, packages_skip=None, packages_select_regex=None, packages_skip_regex=None, packages_start=None, packages_end=None, allow_overriding=[], cmake_args=None, cmake_target=None, cmake_target_skip_unavailable=False, cmake_clean_cache=False, cmake_clean_first=False, cmake_force_configure=False, ament_cmake_args=None, catkin_cmake_args=None, catkin_skip_building_tests=False, verb_parser=<colcon_defaults.argument_parser.defaults.DefaultArgumentsDecorator object at 0x74c9515694b0>, verb_extension=<colcon_core.verb.build.BuildVerb object at 0x74c9516e2ad0>, main=<bound method BuildVerb.main of <colcon_core.verb.build.BuildVerb object at 0x74c9516e2ad0>>)
[2.673s] Level 1:colcon.colcon_core.package_discovery:discover_packages(colcon_meta) check parameters
[2.678s] Level 1:colcon.colcon_core.package_discovery:discover_packages(recursive) check parameters
[2.678s] Level 1:colcon.colcon_core.package_discovery:discover_packages(ignore) check parameters
[2.678s] Level 1:colcon.colcon_core.package_discovery:discover_packages(path) check parameters
[2.678s] Level 1:colcon.colcon_core.package_discovery:discover_packages(colcon_meta) discover
[2.678s] Level 1:colcon.colcon_core.package_discovery:discover_packages(recursive) discover
[2.678s] INFO:colcon.colcon_core.package_discovery:Crawling recursively for packages in '/home/paolaramos/Proyecto/tello_ws'
[2.679s] Level 1:colcon.colcon_core.package_identification:_identify(.) by extensions ['ignore', 'ignore_ament_install']
[2.679s] Level 1:colcon.colcon_core.package_identification:_identify(.) by extension 'ignore'
[2.679s] Level 1:colcon.colcon_core.package_identification:_identify(.) by extension 'ignore_ament_install'
[2.679s] Level 1:colcon.colcon_core.package_identification:_identify(.) by extensions ['colcon_pkg']
[2.679s] Level 1:colcon.colcon_core.package_identification:_identify(.) by extension 'colcon_pkg'
[2.679s] Level 1:colcon.colcon_core.package_identification:_identify(.) by extensions ['colcon_meta']
[2.679s] Level 1:colcon.colcon_core.package_identification:_identify(.) by extension 'colcon_meta'
[2.679s] Level 1:colcon.colcon_core.package_identification:_identify(.) by extensions ['ros']
[2.679s] Level 1:colcon.colcon_core.package_identification:_identify(.) by extension 'ros'
[2.752s] Level 1:colcon.colcon_core.package_identification:_identify(.) by extensions ['cmake', 'python']
[2.753s] Level 1:colcon.colcon_core.package_identification:_identify(.) by extension 'cmake'
[2.754s] Level 1:colcon.colcon_core.package_identification:_identify(.) by extension 'python'
[2.754s] Level 1:colcon.colcon_core.package_identification:_identify(.) by extensions ['python_setup_py']
[2.755s] Level 1:colcon.colcon_core.package_identification:_identify(.) by extension 'python_setup_py'
[2.755s] Level 1:colcon.colcon_core.package_identification:_identify(build) by extensions ['ignore', 'ignore_ament_install']
[2.755s] Level 1:colcon.colcon_core.package_identification:_identify(build) by extension 'ignore'
[2.755s] Level 1:colcon.colcon_core.package_identification:_identify(build) ignored
[2.755s] Level 1:colcon.colcon_core.package_identification:_identify(install) by extensions ['ignore', 'ignore_ament_install']
[2.756s] Level 1:colcon.colcon_core.package_identification:_identify(install) by extension 'ignore'
[2.756s] Level 1:colcon.colcon_core.package_identification:_identify(install) ignored
[2.756s] Level 1:colcon.colcon_core.package_identification:_identify(log) by extensions ['ignore', 'ignore_ament_install']
[2.756s] Level 1:colcon.colcon_core.package_identification:_identify(log) by extension 'ignore'
[2.756s] Level 1:colcon.colcon_core.package_identification:_identify(log) ignored
[2.756s] Level 1:colcon.colcon_core.package_identification:_identify(src) by extensions ['ignore', 'ignore_ament_install']
[2.756s] Level 1:colcon.colcon_core.package_identification:_identify(src) by extension 'ignore'
[2.756s] Level 1:colcon.colcon_core.package_identification:_identify(src) by extension 'ignore_ament_install'
[2.756s] Level 1:colcon.colcon_core.package_identification:_identify(src) by extensions ['colcon_pkg']
[2.756s] Level 1:colcon.colcon_core.package_identification:_identify(src) by extension 'colcon_pkg'
[2.757s] Level 1:colcon.colcon_core.package_identification:_identify(src) by extensions ['colcon_meta']
[2.757s] Level 1:colcon.colcon_core.package_identification:_identify(src) by extension 'colcon_meta'
[2.757s] Level 1:colcon.colcon_core.package_identification:_identify(src) by extensions ['ros']
[2.757s] Level 1:colcon.colcon_core.package_identification:_identify(src) by extension 'ros'
[2.757s] Level 1:colcon.colcon_core.package_identification:_identify(src) by extensions ['cmake', 'python']
[2.757s] Level 1:colcon.colcon_core.package_identification:_identify(src) by extension 'cmake'
[2.757s] Level 1:colcon.colcon_core.package_identification:_identify(src) by extension 'python'
[2.757s] Level 1:colcon.colcon_core.package_identification:_identify(src) by extensions ['python_setup_py']
[2.757s] Level 1:colcon.colcon_core.package_identification:_identify(src) by extension 'python_setup_py'
[2.757s] Level 1:colcon.colcon_core.package_identification:_identify(src/drone) by extensions ['ignore', 'ignore_ament_install']
[2.757s] Level 1:colcon.colcon_core.package_identification:_identify(src/drone) by extension 'ignore'
[2.757s] Level 1:colcon.colcon_core.package_identification:_identify(src/drone) by extension 'ignore_ament_install'
[2.757s] Level 1:colcon.colcon_core.package_identification:_identify(src/drone) by extensions ['colcon_pkg']
[2.757s] Level 1:colcon.colcon_core.package_identification:_identify(src/drone) by extension 'colcon_pkg'
[2.757s] Level 1:colcon.colcon_core.package_identification:_identify(src/drone) by extensions ['colcon_meta']
[2.757s] Level 1:colcon.colcon_core.package_identification:_identify(src/drone) by extension 'colcon_meta'
[2.757s] Level 1:colcon.colcon_core.package_identification:_identify(src/drone) by extensions ['ros']
[2.757s] Level 1:colcon.colcon_core.package_identification:_identify(src/drone) by extension 'ros'
[2.771s] DEBUG:colcon.colcon_core.package_identification:Package 'src/drone' with type 'ros.ament_python' and name 'drone'
[2.773s] Level 1:colcon.colcon_core.package_identification:_identify(src/optitrack_client) by extensions ['ignore', 'ignore_ament_install']
[2.774s] Level 1:colcon.colcon_core.package_identification:_identify(src/optitrack_client) by extension 'ignore'
[2.776s] Level 1:colcon.colcon_core.package_identification:_identify(src/optitrack_client) by extension 'ignore_ament_install'
[2.778s] Level 1:colcon.colcon_core.package_identification:_identify(src/optitrack_client) by extensions ['colcon_pkg']
[2.779s] Level 1:colcon.colcon_core.package_identification:_identify(src/optitrack_client) by extension 'colcon_pkg'
[2.779s] Level 1:colcon.colcon_core.package_identification:_identify(src/optitrack_client) by extensions ['colcon_meta']
[2.779s] Level 1:colcon.colcon_core.package_identification:_identify(src/optitrack_client) by extension 'colcon_meta'
[2.779s] Level 1:colcon.colcon_core.package_identification:_identify(src/optitrack_client) by extensions ['ros']
[2.779s] Level 1:colcon.colcon_core.package_identification:_identify(src/optitrack_client) by extension 'ros'
[2.788s] DEBUG:colcon.colcon_core.package_identification:Package 'src/optitrack_client' with type 'ros.ament_cmake' and name 'optitrack_client'
[2.788s] Level 1:colcon.colcon_core.package_discovery:discover_packages(recursive) using defaults
[2.788s] Level 1:colcon.colcon_core.package_discovery:discover_packages(ignore) discover
[2.788s] Level 1:colcon.colcon_core.package_discovery:discover_packages(ignore) using defaults
[2.788s] Level 1:colcon.colcon_core.package_discovery:discover_packages(path) discover
[2.788s] Level 1:colcon.colcon_core.package_discovery:discover_packages(path) using defaults
[2.942s] Level 1:colcon.colcon_core.package_discovery:discover_packages(prefix_path) check parameters
[2.944s] Level 1:colcon.colcon_core.package_discovery:discover_packages(prefix_path) discover
[2.968s] DEBUG:colcon.colcon_installed_package_information.package_discovery:Found 2 installed packages in /home/paolaramos/Proyecto/tello_ws/install
[2.980s] DEBUG:colcon.colcon_installed_package_information.package_discovery:Found 273 installed packages in /opt/ros/humble
[2.984s] Level 1:colcon.colcon_core.package_discovery:discover_packages(prefix_path) using defaults
[3.856s] Level 5:colcon.colcon_core.verb:set package 'drone' build argument 'cmake_args' from command line to 'None'
[3.857s] Level 5:colcon.colcon_core.verb:set package 'drone' build argument 'cmake_target' from command line to 'None'
[3.857s] Level 5:colcon.colcon_core.verb:set package 'drone' build argument 'cmake_target_skip_unavailable' from command line to 'False'
[3.857s] Level 5:colcon.colcon_core.verb:set package 'drone' build argument 'cmake_clean_cache' from command line to 'False'
[3.857s] Level 5:colcon.colcon_core.verb:set package 'drone' build argument 'cmake_clean_first' from command line to 'False'
[3.857s] Level 5:colcon.colcon_core.verb:set package 'drone' build argument 'cmake_force_configure' from command line to 'False'
[3.857s] Level 5:colcon.colcon_core.verb:set package 'drone' build argument 'ament_cmake_args' from command line to 'None'
[3.857s] Level 5:colcon.colcon_core.verb:set package 'drone' build argument 'catkin_cmake_args' from command line to 'None'
[3.857s] Level 5:colcon.colcon_core.verb:set package 'drone' build argument 'catkin_skip_building_tests' from command line to 'False'
[3.857s] DEBUG:colcon.colcon_core.verb:Building package 'drone' with the following arguments: {'ament_cmake_args': None, 'build_base': '/home/paolaramos/Proyecto/tello_ws/build/drone', 'catkin_cmake_args': None, 'catkin_skip_building_tests': False, 'cmake_args': None, 'cmake_clean_cache': False, 'cmake_clean_first': False, 'cmake_force_configure': False, 'cmake_target': None, 'cmake_target_skip_unavailable': False, 'install_base': '/home/paolaramos/Proyecto/tello_ws/install/drone', 'merge_install': False, 'path': '/home/paolaramos/Proyecto/tello_ws/src/drone', 'symlink_install': False, 'test_result_base': None}
[3.857s] Level 5:colcon.colcon_core.verb:set package 'optitrack_client' build argument 'cmake_args' from command line to 'None'
[3.857s] Level 5:colcon.colcon_core.verb:set package 'optitrack_client' build argument 'cmake_target' from command line to 'None'
[3.857s] Level 5:colcon.colcon_core.verb:set package 'optitrack_client' build argument 'cmake_target_skip_unavailable' from command line to 'False'
[3.857s] Level 5:colcon.colcon_core.verb:set package 'optitrack_client' build argument 'cmake_clean_cache' from command line to 'False'
[3.857s] Level 5:colcon.colcon_core.verb:set package 'optitrack_client' build argument 'cmake_clean_first' from command line to 'False'
[3.857s] Level 5:colcon.colcon_core.verb:set package 'optitrack_client' build argument 'cmake_force_configure' from command line to 'False'
[3.857s] Level 5:colcon.colcon_core.verb:set package 'optitrack_client' build argument 'ament_cmake_args' from command line to 'None'
[3.858s] Level 5:colcon.colcon_core.verb:set package 'optitrack_client' build argument 'catkin_cmake_args' from command line to 'None'
[3.858s] Level 5:colcon.colcon_core.verb:set package 'optitrack_client' build argument 'catkin_skip_building_tests' from command line to 'False'
[3.858s] DEBUG:colcon.colcon_core.verb:Building package 'optitrack_client' with the following arguments: {'ament_cmake_args': None, 'build_base': '/home/paolaramos/Proyecto/tello_ws/build/optitrack_client', 'catkin_cmake_args': None, 'catkin_skip_building_tests': False, 'cmake_args': None, 'cmake_clean_cache': False, 'cmake_clean_first': False, 'cmake_force_configure': False, 'cmake_target': None, 'cmake_target_skip_unavailable': False, 'install_base': '/home/paolaramos/Proyecto/tello_ws/install/optitrack_client', 'merge_install': False, 'path': '/home/paolaramos/Proyecto/tello_ws/src/optitrack_client', 'symlink_install': False, 'test_result_base': None}
[3.858s] INFO:colcon.colcon_core.executor:Executing jobs using 'parallel' executor
[3.861s] DEBUG:colcon.colcon_parallel_executor.executor.parallel:run_until_complete
[3.862s] INFO:colcon.colcon_ros.task.ament_python.build:Building ROS package in '/home/paolaramos/Proyecto/tello_ws/src/drone' with build type 'ament_python'
[3.862s] Level 1:colcon.colcon_core.shell:create_environment_hook('drone', 'ament_prefix_path')
[3.901s] INFO:colcon.colcon_core.plugin_system:Skipping extension 'colcon_core.shell.bat': Not used on non-Windows systems
[3.902s] INFO:colcon.colcon_core.shell:Creating environment hook '/home/paolaramos/Proyecto/tello_ws/install/drone/share/drone/hook/ament_prefix_path.ps1'
[3.905s] INFO:colcon.colcon_core.shell:Creating environment descriptor '/home/paolaramos/Proyecto/tello_ws/install/drone/share/drone/hook/ament_prefix_path.dsv'
[3.909s] INFO:colcon.colcon_core.shell:Creating environment hook '/home/paolaramos/Proyecto/tello_ws/install/drone/share/drone/hook/ament_prefix_path.sh'
[3.926s] INFO:colcon.colcon_core.shell:Skip shell extension 'powershell' for command environment: Not usable outside of PowerShell
[3.932s] DEBUG:colcon.colcon_core.shell:Skip shell extension 'dsv' for command environment
[3.955s] INFO:colcon.colcon_ros.task.ament_cmake.build:Building ROS package in '/home/paolaramos/Proyecto/tello_ws/src/optitrack_client' with build type 'ament_cmake'
[3.955s] INFO:colcon.colcon_cmake.task.cmake.build:Building CMake package in '/home/paolaramos/Proyecto/tello_ws/src/optitrack_client'
[3.956s] INFO:colcon.colcon_core.shell:Skip shell extension 'powershell' for command environment: Not usable outside of PowerShell
[3.963s] DEBUG:colcon.colcon_core.shell:Skip shell extension 'dsv' for command environment
[4.663s] INFO:colcon.colcon_core.task.python.build:Building Python package in '/home/paolaramos/Proyecto/tello_ws/src/drone'
[4.664s] INFO:colcon.colcon_core.shell:Skip shell extension 'powershell' for command environment: Not usable outside of PowerShell
[4.664s] DEBUG:colcon.colcon_core.shell:Skip shell extension 'dsv' for command environment
[4.715s] DEBUG:colcon.colcon_core.event_handler.log_command:Invoking command in '/home/paolaramos/Proyecto/tello_ws/build/optitrack_client': CMAKE_PREFIX_PATH=${CMAKE_PREFIX_PATH}:/home/paolaramos/Proyecto/tello_ws/install/drone:/opt/ros/humble /usr/bin/cmake --build /home/paolaramos/Proyecto/tello_ws/build/optitrack_client -- -j4 -l4
[5.407s] DEBUG:colcon.colcon_core.event_handler.log_command:Invoked command in '/home/paolaramos/Proyecto/tello_ws/build/optitrack_client' returned '0': CMAKE_PREFIX_PATH=${CMAKE_PREFIX_PATH}:/home/paolaramos/Proyecto/tello_ws/install/drone:/opt/ros/humble /usr/bin/cmake --build /home/paolaramos/Proyecto/tello_ws/build/optitrack_client -- -j4 -l4
[5.436s] DEBUG:colcon.colcon_core.event_handler.log_command:Invoking command in '/home/paolaramos/Proyecto/tello_ws/build/optitrack_client': CMAKE_PREFIX_PATH=${CMAKE_PREFIX_PATH}:/home/paolaramos/Proyecto/tello_ws/install/drone:/opt/ros/humble /usr/bin/cmake --install /home/paolaramos/Proyecto/tello_ws/build/optitrack_client
[5.519s] Level 1:colcon.colcon_core.environment:create_environment_scripts_only(optitrack_client)
[5.520s] DEBUG:colcon.colcon_core.event_handler.log_command:Invoked command in '/home/paolaramos/Proyecto/tello_ws/build/optitrack_client' returned '0': CMAKE_PREFIX_PATH=${CMAKE_PREFIX_PATH}:/home/paolaramos/Proyecto/tello_ws/install/drone:/opt/ros/humble /usr/bin/cmake --install /home/paolaramos/Proyecto/tello_ws/build/optitrack_client
[5.589s] Level 1:colcon.colcon_core.environment:checking '/home/paolaramos/Proyecto/tello_ws/install/optitrack_client' for CMake module files
[5.591s] Level 1:colcon.colcon_core.environment:checking '/home/paolaramos/Proyecto/tello_ws/install/optitrack_client' for CMake config files
[5.591s] Level 1:colcon.colcon_core.shell:create_environment_hook('optitrack_client', 'cmake_prefix_path')
[5.592s] INFO:colcon.colcon_core.shell:Creating environment hook '/home/paolaramos/Proyecto/tello_ws/install/optitrack_client/share/optitrack_client/hook/cmake_prefix_path.ps1'
[5.595s] INFO:colcon.colcon_core.shell:Creating environment descriptor '/home/paolaramos/Proyecto/tello_ws/install/optitrack_client/share/optitrack_client/hook/cmake_prefix_path.dsv'
[5.613s] INFO:colcon.colcon_core.shell:Creating environment hook '/home/paolaramos/Proyecto/tello_ws/install/optitrack_client/share/optitrack_client/hook/cmake_prefix_path.sh'
[5.624s] Level 1:colcon.colcon_core.environment:checking '/home/paolaramos/Proyecto/tello_ws/install/optitrack_client/lib'
[5.625s] Level 1:colcon.colcon_core.shell:create_environment_hook('optitrack_client', 'ld_library_path_lib')
[5.627s] INFO:colcon.colcon_core.shell:Creating environment hook '/home/paolaramos/Proyecto/tello_ws/install/optitrack_client/share/optitrack_client/hook/ld_library_path_lib.ps1'
[5.628s] INFO:colcon.colcon_core.shell:Creating environment descriptor '/home/paolaramos/Proyecto/tello_ws/install/optitrack_client/share/optitrack_client/hook/ld_library_path_lib.dsv'
[5.629s] INFO:colcon.colcon_core.shell:Creating environment hook '/home/paolaramos/Proyecto/tello_ws/install/optitrack_client/share/optitrack_client/hook/ld_library_path_lib.sh'
[5.631s] Level 1:colcon.colcon_core.environment:checking '/home/paolaramos/Proyecto/tello_ws/install/optitrack_client/bin'
[5.631s] Level 1:colcon.colcon_core.environment:checking '/home/paolaramos/Proyecto/tello_ws/install/optitrack_client/lib/pkgconfig/optitrack_client.pc'
[5.632s] Level 1:colcon.colcon_core.environment:checking '/home/paolaramos/Proyecto/tello_ws/install/optitrack_client/lib/python3.10/site-packages'
[5.633s] Level 1:colcon.colcon_core.environment:checking '/home/paolaramos/Proyecto/tello_ws/install/optitrack_client/bin'
[5.634s] INFO:colcon.colcon_core.shell:Creating package script '/home/paolaramos/Proyecto/tello_ws/install/optitrack_client/share/optitrack_client/package.ps1'
[5.642s] INFO:colcon.colcon_core.shell:Creating package descriptor '/home/paolaramos/Proyecto/tello_ws/install/optitrack_client/share/optitrack_client/package.dsv'
[5.647s] INFO:colcon.colcon_core.shell:Creating package script '/home/paolaramos/Proyecto/tello_ws/install/optitrack_client/share/optitrack_client/package.sh'
[5.654s] INFO:colcon.colcon_core.shell:Creating package script '/home/paolaramos/Proyecto/tello_ws/install/optitrack_client/share/optitrack_client/package.bash'
[5.670s] INFO:colcon.colcon_core.shell:Creating package script '/home/paolaramos/Proyecto/tello_ws/install/optitrack_client/share/optitrack_client/package.zsh'
[5.673s] Level 1:colcon.colcon_core.environment:create_file_with_runtime_dependencies(/home/paolaramos/Proyecto/tello_ws/install/optitrack_client/share/colcon-core/packages/optitrack_client)
[5.678s] Level 1:colcon.colcon_core.environment:create_environment_scripts_only(optitrack_client)
[5.682s] Level 1:colcon.colcon_core.environment:checking '/home/paolaramos/Proyecto/tello_ws/install/optitrack_client' for CMake module files
[5.684s] Level 1:colcon.colcon_core.environment:checking '/home/paolaramos/Proyecto/tello_ws/install/optitrack_client' for CMake config files
[5.684s] Level 1:colcon.colcon_core.shell:create_environment_hook('optitrack_client', 'cmake_prefix_path')
[5.684s] INFO:colcon.colcon_core.shell:Creating environment hook '/home/paolaramos/Proyecto/tello_ws/install/optitrack_client/share/optitrack_client/hook/cmake_prefix_path.ps1'
[5.688s] INFO:colcon.colcon_core.shell:Creating environment descriptor '/home/paolaramos/Proyecto/tello_ws/install/optitrack_client/share/optitrack_client/hook/cmake_prefix_path.dsv'
[5.688s] INFO:colcon.colcon_core.shell:Creating environment hook '/home/paolaramos/Proyecto/tello_ws/install/optitrack_client/share/optitrack_client/hook/cmake_prefix_path.sh'
[5.690s] Level 1:colcon.colcon_core.environment:checking '/home/paolaramos/Proyecto/tello_ws/install/optitrack_client/lib'
[5.690s] Level 1:colcon.colcon_core.shell:create_environment_hook('optitrack_client', 'ld_library_path_lib')
[5.696s] INFO:colcon.colcon_core.shell:Creating environment hook '/home/paolaramos/Proyecto/tello_ws/install/optitrack_client/share/optitrack_client/hook/ld_library_path_lib.ps1'
[5.698s] INFO:colcon.colcon_core.shell:Creating environment descriptor '/home/paolaramos/Proyecto/tello_ws/install/optitrack_client/share/optitrack_client/hook/ld_library_path_lib.dsv'
[5.703s] INFO:colcon.colcon_core.shell:Creating environment hook '/home/paolaramos/Proyecto/tello_ws/install/optitrack_client/share/optitrack_client/hook/ld_library_path_lib.sh'
[5.705s] Level 1:colcon.colcon_core.environment:checking '/home/paolaramos/Proyecto/tello_ws/install/optitrack_client/bin'
[5.705s] Level 1:colcon.colcon_core.environment:checking '/home/paolaramos/Proyecto/tello_ws/install/optitrack_client/lib/pkgconfig/optitrack_client.pc'
[5.705s] Level 1:colcon.colcon_core.environment:checking '/home/paolaramos/Proyecto/tello_ws/install/optitrack_client/lib/python3.10/site-packages'
[5.706s] Level 1:colcon.colcon_core.environment:checking '/home/paolaramos/Proyecto/tello_ws/install/optitrack_client/bin'
[5.706s] INFO:colcon.colcon_core.shell:Creating package script '/home/paolaramos/Proyecto/tello_ws/install/optitrack_client/share/optitrack_client/package.ps1'
[5.708s] INFO:colcon.colcon_core.shell:Creating package descriptor '/home/paolaramos/Proyecto/tello_ws/install/optitrack_client/share/optitrack_client/package.dsv'
[5.709s] INFO:colcon.colcon_core.shell:Creating package script '/home/paolaramos/Proyecto/tello_ws/install/optitrack_client/share/optitrack_client/package.sh'
[5.711s] INFO:colcon.colcon_core.shell:Creating package script '/home/paolaramos/Proyecto/tello_ws/install/optitrack_client/share/optitrack_client/package.bash'
[5.712s] INFO:colcon.colcon_core.shell:Creating package script '/home/paolaramos/Proyecto/tello_ws/install/optitrack_client/share/optitrack_client/package.zsh'
[5.713s] Level 1:colcon.colcon_core.environment:create_file_with_runtime_dependencies(/home/paolaramos/Proyecto/tello_ws/install/optitrack_client/share/colcon-core/packages/optitrack_client)
[7.843s] DEBUG:colcon.colcon_core.event_handler.log_command:Invoking command in '/home/paolaramos/Proyecto/tello_ws/src/drone': PYTHONPATH=/home/paolaramos/Proyecto/tello_ws/build/drone/prefix_override:/usr/lib/python3/dist-packages/colcon_core/task/python/colcon_distutils_commands:/home/paolaramos/Proyecto/tello_ws/install/drone/lib/python3.10/site-packages:${PYTHONPATH} /usr/bin/python3 -W ignore:setup.py install is deprecated -W ignore:easy_install command is deprecated setup.py egg_info --egg-base ../../build/drone build --build-base /home/paolaramos/Proyecto/tello_ws/build/drone/build install --record /home/paolaramos/Proyecto/tello_ws/build/drone/install.log --single-version-externally-managed install_data
[9.020s] Level 1:colcon.colcon_core.environment:checking '/home/paolaramos/Proyecto/tello_ws/install/drone' for CMake module files
[9.025s] Level 1:colcon.colcon_core.environment:checking '/home/paolaramos/Proyecto/tello_ws/install/drone' for CMake config files
[9.026s] Level 1:colcon.colcon_core.environment:checking '/home/paolaramos/Proyecto/tello_ws/install/drone/lib'
[9.026s] Level 1:colcon.colcon_core.environment:checking '/home/paolaramos/Proyecto/tello_ws/install/drone/bin'
[9.026s] Level 1:colcon.colcon_core.environment:checking '/home/paolaramos/Proyecto/tello_ws/install/drone/lib/pkgconfig/drone.pc'
[9.027s] Level 1:colcon.colcon_core.environment:checking '/home/paolaramos/Proyecto/tello_ws/install/drone/lib/python3.10/site-packages'
[9.027s] Level 1:colcon.colcon_core.shell:create_environment_hook('drone', 'pythonpath')
[9.027s] INFO:colcon.colcon_core.shell:Creating environment hook '/home/paolaramos/Proyecto/tello_ws/install/drone/share/drone/hook/pythonpath.ps1'
[9.028s] INFO:colcon.colcon_core.shell:Creating environment descriptor '/home/paolaramos/Proyecto/tello_ws/install/drone/share/drone/hook/pythonpath.dsv'
[9.032s] DEBUG:colcon.colcon_core.event_handler.log_command:Invoked command in '/home/paolaramos/Proyecto/tello_ws/src/drone' returned '0': PYTHONPATH=/home/paolaramos/Proyecto/tello_ws/build/drone/prefix_override:/usr/lib/python3/dist-packages/colcon_core/task/python/colcon_distutils_commands:/home/paolaramos/Proyecto/tello_ws/install/drone/lib/python3.10/site-packages:${PYTHONPATH} /usr/bin/python3 -W ignore:setup.py install is deprecated -W ignore:easy_install command is deprecated setup.py egg_info --egg-base ../../build/drone build --build-base /home/paolaramos/Proyecto/tello_ws/build/drone/build install --record /home/paolaramos/Proyecto/tello_ws/build/drone/install.log --single-version-externally-managed install_data
[9.038s] INFO:colcon.colcon_core.shell:Creating environment hook '/home/paolaramos/Proyecto/tello_ws/install/drone/share/drone/hook/pythonpath.sh'
[9.044s] Level 1:colcon.colcon_core.environment:checking '/home/paolaramos/Proyecto/tello_ws/install/drone/bin'
[9.044s] Level 1:colcon.colcon_core.environment:create_environment_scripts_only(drone)
[9.045s] INFO:colcon.colcon_core.shell:Creating package script '/home/paolaramos/Proyecto/tello_ws/install/drone/share/drone/package.ps1'
[9.047s] INFO:colcon.colcon_core.shell:Creating package descriptor '/home/paolaramos/Proyecto/tello_ws/install/drone/share/drone/package.dsv'
[9.048s] INFO:colcon.colcon_core.shell:Creating package script '/home/paolaramos/Proyecto/tello_ws/install/drone/share/drone/package.sh'
[9.051s] INFO:colcon.colcon_core.shell:Creating package script '/home/paolaramos/Proyecto/tello_ws/install/drone/share/drone/package.bash'
[9.051s] INFO:colcon.colcon_core.shell:Creating package script '/home/paolaramos/Proyecto/tello_ws/install/drone/share/drone/package.zsh'
[9.053s] Level 1:colcon.colcon_core.environment:create_file_with_runtime_dependencies(/home/paolaramos/Proyecto/tello_ws/install/drone/share/colcon-core/packages/drone)
[9.055s] DEBUG:colcon.colcon_parallel_executor.executor.parallel:closing loop
[9.059s] DEBUG:colcon.colcon_parallel_executor.executor.parallel:loop closed
[9.059s] DEBUG:colcon.colcon_parallel_executor.executor.parallel:run_until_complete finished with '0'
[9.060s] DEBUG:colcon.colcon_core.event_reactor:joining thread
[9.164s] INFO:colcon.colcon_core.plugin_system:Skipping extension 'colcon_notification.desktop_notification.terminal_notifier': Not used on non-Darwin systems
[9.164s] INFO:colcon.colcon_core.plugin_system:Skipping extension 'colcon_notification.desktop_notification.win32': Not used on non-Windows systems
[9.164s] INFO:colcon.colcon_notification.desktop_notification:Sending desktop notification using 'notify2'
[9.276s] DEBUG:colcon.colcon_core.event_reactor:joined thread
[9.277s] INFO:colcon.colcon_core.shell:Creating prefix script '/home/paolaramos/Proyecto/tello_ws/install/local_setup.ps1'
[9.281s] INFO:colcon.colcon_core.shell:Creating prefix util module '/home/paolaramos/Proyecto/tello_ws/install/_local_setup_util_ps1.py'
[9.293s] INFO:colcon.colcon_core.shell:Creating prefix chain script '/home/paolaramos/Proyecto/tello_ws/install/setup.ps1'
[9.301s] INFO:colcon.colcon_core.shell:Creating prefix script '/home/paolaramos/Proyecto/tello_ws/install/local_setup.sh'
[9.314s] INFO:colcon.colcon_core.shell:Creating prefix util module '/home/paolaramos/Proyecto/tello_ws/install/_local_setup_util_sh.py'
[9.316s] INFO:colcon.colcon_core.shell:Creating prefix chain script '/home/paolaramos/Proyecto/tello_ws/install/setup.sh'
[9.338s] INFO:colcon.colcon_core.shell:Creating prefix script '/home/paolaramos/Proyecto/tello_ws/install/local_setup.bash'
[9.345s] INFO:colcon.colcon_core.shell:Creating prefix chain script '/home/paolaramos/Proyecto/tello_ws/install/setup.bash'
[9.349s] INFO:colcon.colcon_core.shell:Creating prefix script '/home/paolaramos/Proyecto/tello_ws/install/local_setup.zsh'
[9.353s] INFO:colcon.colcon_core.shell:Creating prefix chain script '/home/paolaramos/Proyecto/tello_ws/install/setup.zsh'
