[0.596s] Invoking command in '/home/paolaramos/Github/testROS/Autonomous-Drone/tello_ws3/src/tello_control': PYTHONPATH=/home/paolaramos/Github/testROS/Autonomous-Drone/tello_ws3/build/tello_control/prefix_override:/usr/lib/python3/dist-packages/colcon_core/task/python/colcon_distutils_commands:/home/paolaramos/Github/testROS/Autonomous-Drone/tello_ws3/install/tello_control/lib/python3.10/site-packages:${PYTHONPATH} /usr/bin/python3 -W ignore:setup.py install is deprecated -W ignore:easy_install command is deprecated setup.py egg_info --egg-base ../../build/tello_control build --build-base /home/paolaramos/Github/testROS/Autonomous-Drone/tello_ws3/build/tello_control/build install --record /home/paolaramos/Github/testROS/Autonomous-Drone/tello_ws3/build/tello_control/install.log --single-version-externally-managed install_data
[0.766s] running egg_info
[0.780s] writing ../../build/tello_control/tello_control.egg-info/PKG-INFO
[0.780s] writing dependency_links to ../../build/tello_control/tello_control.egg-info/dependency_links.txt
[0.780s] writing entry points to ../../build/tello_control/tello_control.egg-info/entry_points.txt
[0.780s] writing requirements to ../../build/tello_control/tello_control.egg-info/requires.txt
[0.780s] writing top-level names to ../../build/tello_control/tello_control.egg-info/top_level.txt
[0.803s] reading manifest file '../../build/tello_control/tello_control.egg-info/SOURCES.txt'
[0.804s] writing manifest file '../../build/tello_control/tello_control.egg-info/SOURCES.txt'
[0.805s] running build
[0.805s] running build_py
[0.806s] copying tello_control/__init__.py -> /home/paolaramos/Github/testROS/Autonomous-Drone/tello_ws3/build/tello_control/build/lib/tello_control
[0.806s] copying tello_control/justTello.py -> /home/paolaramos/Github/testROS/Autonomous-Drone/tello_ws3/build/tello_control/build/lib/tello_control
[0.807s] copying tello_control/trajectory_node.py -> /home/paolaramos/Github/testROS/Autonomous-Drone/tello_ws3/build/tello_control/build/lib/tello_control
[0.807s] running install
[0.810s] running install_lib
[0.821s] copying /home/paolaramos/Github/testROS/Autonomous-Drone/tello_ws3/build/tello_control/build/lib/tello_control/justTello.py -> /home/paolaramos/Github/testROS/Autonomous-Drone/tello_ws3/install/tello_control/lib/python3.10/site-packages/tello_control
[0.824s] byte-compiling /home/paolaramos/Github/testROS/Autonomous-Drone/tello_ws3/install/tello_control/lib/python3.10/site-packages/tello_control/justTello.py to justTello.cpython-310.pyc
[0.825s] running install_data
[0.825s] copying resource/tello_control -> /home/paolaramos/Github/testROS/Autonomous-Drone/tello_ws3/install/tello_control/share/ament_index/resource_index/packages
[0.825s] copying package.xml -> /home/paolaramos/Github/testROS/Autonomous-Drone/tello_ws3/install/tello_control/share/tello_control
[0.825s] copying launch/tello_with_optitrack.launch.py -> /home/paolaramos/Github/testROS/Autonomous-Drone/tello_ws3/install/tello_control/share/tello_control/launch
[0.825s] running install_egg_info
[0.838s] removing '/home/paolaramos/Github/testROS/Autonomous-Drone/tello_ws3/install/tello_control/lib/python3.10/site-packages/tello_control-0.0.0-py3.10.egg-info' (and everything under it)
[0.838s] Copying ../../build/tello_control/tello_control.egg-info to /home/paolaramos/Github/testROS/Autonomous-Drone/tello_ws3/install/tello_control/lib/python3.10/site-packages/tello_control-0.0.0-py3.10.egg-info
[0.839s] running install_scripts
[0.906s] Installing justTello script to /home/paolaramos/Github/testROS/Autonomous-Drone/tello_ws3/install/tello_control/lib/tello_control
[0.907s] Installing trajectory_node script to /home/paolaramos/Github/testROS/Autonomous-Drone/tello_ws3/install/tello_control/lib/tello_control
[0.909s] writing list of installed files to '/home/paolaramos/Github/testROS/Autonomous-Drone/tello_ws3/build/tello_control/install.log'
[0.937s] Invoked command in '/home/paolaramos/Github/testROS/Autonomous-Drone/tello_ws3/src/tello_control' returned '0': PYTHONPATH=/home/paolaramos/Github/testROS/Autonomous-Drone/tello_ws3/build/tello_control/prefix_override:/usr/lib/python3/dist-packages/colcon_core/task/python/colcon_distutils_commands:/home/paolaramos/Github/testROS/Autonomous-Drone/tello_ws3/install/tello_control/lib/python3.10/site-packages:${PYTHONPATH} /usr/bin/python3 -W ignore:setup.py install is deprecated -W ignore:easy_install command is deprecated setup.py egg_info --egg-base ../../build/tello_control build --build-base /home/paolaramos/Github/testROS/Autonomous-Drone/tello_ws3/build/tello_control/build install --record /home/paolaramos/Github/testROS/Autonomous-Drone/tello_ws3/build/tello_control/install.log --single-version-externally-managed install_data
