running develop
Removing /home/paolaramos/Documents/Autonomous-Drone/tello_ws/install/tello_control/lib/python3.10/site-packages/tello-control.egg-link (link to .)
running egg_info
writing ../../build/tello_control/tello_control.egg-info/PKG-INFO
writing dependency_links to ../../build/tello_control/tello_control.egg-info/dependency_links.txt
writing entry points to ../../build/tello_control/tello_control.egg-info/entry_points.txt
writing requirements to ../../build/tello_control/tello_control.egg-info/requires.txt
writing top-level names to ../../build/tello_control/tello_control.egg-info/top_level.txt
reading manifest file '../../build/tello_control/tello_control.egg-info/SOURCES.txt'
writing manifest file '../../build/tello_control/tello_control.egg-info/SOURCES.txt'
running build
running build_py
copying tello_control/control_node.py -> /home/paolaramos/Documents/Autonomous-Drone/tello_ws/build/tello_control/build/lib/tello_control
running install
running install_lib
creating /home/paolaramos/Documents/Autonomous-Drone/tello_ws/install/tello_control/lib/python3.10/site-packages/tello_control
copying /home/paolaramos/Documents/Autonomous-Drone/tello_ws/build/tello_control/build/lib/tello_control/__init__.py -> /home/paolaramos/Documents/Autonomous-Drone/tello_ws/install/tello_control/lib/python3.10/site-packages/tello_control
copying /home/paolaramos/Documents/Autonomous-Drone/tello_ws/build/tello_control/build/lib/tello_control/control_node.py -> /home/paolaramos/Documents/Autonomous-Drone/tello_ws/install/tello_control/lib/python3.10/site-packages/tello_control
byte-compiling /home/paolaramos/Documents/Autonomous-Drone/tello_ws/install/tello_control/lib/python3.10/site-packages/tello_control/__init__.py to __init__.cpython-310.pyc
byte-compiling /home/paolaramos/Documents/Autonomous-Drone/tello_ws/install/tello_control/lib/python3.10/site-packages/tello_control/control_node.py to control_node.cpython-310.pyc
running install_data
copying resource/tello_control -> /home/paolaramos/Documents/Autonomous-Drone/tello_ws/install/tello_control/share/ament_index/resource_index/packages
copying package.xml -> /home/paolaramos/Documents/Autonomous-Drone/tello_ws/install/tello_control/share/tello_control
running install_egg_info
Copying ../../build/tello_control/tello_control.egg-info to /home/paolaramos/Documents/Autonomous-Drone/tello_ws/install/tello_control/lib/python3.10/site-packages/tello_control-0.0.0-py3.10.egg-info
running install_scripts
Installing control_node script to /home/paolaramos/Documents/Autonomous-Drone/tello_ws/install/tello_control/lib/tello_control
writing list of installed files to '/home/paolaramos/Documents/Autonomous-Drone/tello_ws/build/tello_control/install.log'
