[1.814s] Invoking command in '/home/paolaramos/Documents/Autonomous-Drone/tello_ws/build/tello_control': PYTHONPATH=/home/paolaramos/Documents/Autonomous-Drone/tello_ws/build/tello_control/prefix_override:/usr/lib/python3/dist-packages/colcon_core/task/python/colcon_distutils_commands:/home/paolaramos/Documents/Autonomous-Drone/tello_ws/install/tello_control/lib/python3.10/site-packages:${PYTHONPATH} /usr/bin/python3 -W ignore:setup.py install is deprecated -W ignore:easy_install command is deprecated setup.py develop --uninstall --editable --build-directory /home/paolaramos/Documents/Autonomous-Drone/tello_ws/build/tello_control/build
[3.073s] running develop
[3.279s] Removing /home/paolaramos/Documents/Autonomous-Drone/tello_ws/install/tello_control/lib/python3.10/site-packages/tello-control.egg-link (link to .)
[3.414s] Invoked command in '/home/paolaramos/Documents/Autonomous-Drone/tello_ws/build/tello_control' returned '0': PYTHONPATH=/home/paolaramos/Documents/Autonomous-Drone/tello_ws/build/tello_control/prefix_override:/usr/lib/python3/dist-packages/colcon_core/task/python/colcon_distutils_commands:/home/paolaramos/Documents/Autonomous-Drone/tello_ws/install/tello_control/lib/python3.10/site-packages:${PYTHONPATH} /usr/bin/python3 -W ignore:setup.py install is deprecated -W ignore:easy_install command is deprecated setup.py develop --uninstall --editable --build-directory /home/paolaramos/Documents/Autonomous-Drone/tello_ws/build/tello_control/build
[3.426s] Invoking command in '/home/paolaramos/Documents/Autonomous-Drone/tello_ws/src/tello_control': PYTHONPATH=/home/paolaramos/Documents/Autonomous-Drone/tello_ws/build/tello_control/prefix_override:/usr/lib/python3/dist-packages/colcon_core/task/python/colcon_distutils_commands:/home/paolaramos/Documents/Autonomous-Drone/tello_ws/install/tello_control/lib/python3.10/site-packages:${PYTHONPATH} /usr/bin/python3 -W ignore:setup.py install is deprecated -W ignore:easy_install command is deprecated setup.py egg_info --egg-base ../../build/tello_control build --build-base /home/paolaramos/Documents/Autonomous-Drone/tello_ws/build/tello_control/build install --record /home/paolaramos/Documents/Autonomous-Drone/tello_ws/build/tello_control/install.log --single-version-externally-managed install_data --force
[4.193s] running egg_info
[4.193s] writing ../../build/tello_control/tello_control.egg-info/PKG-INFO
[4.221s] writing dependency_links to ../../build/tello_control/tello_control.egg-info/dependency_links.txt
[4.221s] writing entry points to ../../build/tello_control/tello_control.egg-info/entry_points.txt
[4.221s] writing requirements to ../../build/tello_control/tello_control.egg-info/requires.txt
[4.221s] writing top-level names to ../../build/tello_control/tello_control.egg-info/top_level.txt
[4.251s] reading manifest file '../../build/tello_control/tello_control.egg-info/SOURCES.txt'
[4.251s] writing manifest file '../../build/tello_control/tello_control.egg-info/SOURCES.txt'
[4.251s] running build
[4.251s] running build_py
[4.251s] copying tello_control/control_node.py -> /home/paolaramos/Documents/Autonomous-Drone/tello_ws/build/tello_control/build/lib/tello_control
[4.251s] running install
[4.251s] running install_lib
[4.251s] creating /home/paolaramos/Documents/Autonomous-Drone/tello_ws/install/tello_control/lib/python3.10/site-packages/tello_control
[4.251s] copying /home/paolaramos/Documents/Autonomous-Drone/tello_ws/build/tello_control/build/lib/tello_control/__init__.py -> /home/paolaramos/Documents/Autonomous-Drone/tello_ws/install/tello_control/lib/python3.10/site-packages/tello_control
[4.251s] copying /home/paolaramos/Documents/Autonomous-Drone/tello_ws/build/tello_control/build/lib/tello_control/control_node.py -> /home/paolaramos/Documents/Autonomous-Drone/tello_ws/install/tello_control/lib/python3.10/site-packages/tello_control
[4.252s] byte-compiling /home/paolaramos/Documents/Autonomous-Drone/tello_ws/install/tello_control/lib/python3.10/site-packages/tello_control/__init__.py to __init__.cpython-310.pyc
[4.252s] byte-compiling /home/paolaramos/Documents/Autonomous-Drone/tello_ws/install/tello_control/lib/python3.10/site-packages/tello_control/control_node.py to control_node.cpython-310.pyc
[4.252s] running install_data
[4.252s] copying resource/tello_control -> /home/paolaramos/Documents/Autonomous-Drone/tello_ws/install/tello_control/share/ament_index/resource_index/packages
[4.252s] copying package.xml -> /home/paolaramos/Documents/Autonomous-Drone/tello_ws/install/tello_control/share/tello_control
[4.252s] running install_egg_info
[4.317s] Copying ../../build/tello_control/tello_control.egg-info to /home/paolaramos/Documents/Autonomous-Drone/tello_ws/install/tello_control/lib/python3.10/site-packages/tello_control-0.0.0-py3.10.egg-info
[4.317s] running install_scripts
[4.406s] Installing control_node script to /home/paolaramos/Documents/Autonomous-Drone/tello_ws/install/tello_control/lib/tello_control
[4.407s] writing list of installed files to '/home/paolaramos/Documents/Autonomous-Drone/tello_ws/build/tello_control/install.log'
[4.503s] Invoked command in '/home/paolaramos/Documents/Autonomous-Drone/tello_ws/src/tello_control' returned '0': PYTHONPATH=/home/paolaramos/Documents/Autonomous-Drone/tello_ws/build/tello_control/prefix_override:/usr/lib/python3/dist-packages/colcon_core/task/python/colcon_distutils_commands:/home/paolaramos/Documents/Autonomous-Drone/tello_ws/install/tello_control/lib/python3.10/site-packages:${PYTHONPATH} /usr/bin/python3 -W ignore:setup.py install is deprecated -W ignore:easy_install command is deprecated setup.py egg_info --egg-base ../../build/tello_control build --build-base /home/paolaramos/Documents/Autonomous-Drone/tello_ws/build/tello_control/build install --record /home/paolaramos/Documents/Autonomous-Drone/tello_ws/build/tello_control/install.log --single-version-externally-managed install_data --force
