[0.861s] Invoking command in '/home/paolaramos/tello_ws/src/tello_control': PYTHONPATH=/home/paolaramos/tello_ws/build/tello_control/prefix_override:/usr/lib/python3/dist-packages/colcon_core/task/python/colcon_distutils_commands:/home/paolaramos/tello_ws/install/tello_control/lib/python3.10/site-packages:${PYTHONPATH} /usr/bin/python3 -W ignore:setup.py install is deprecated -W ignore:easy_install command is deprecated setup.py egg_info --egg-base ../../build/tello_control build --build-base /home/paolaramos/tello_ws/build/tello_control/build install --record /home/paolaramos/tello_ws/build/tello_control/install.log --single-version-externally-managed install_data
[1.059s] running egg_info
[1.059s] writing ../../build/tello_control/tello_control.egg-info/PKG-INFO
[1.066s] writing dependency_links to ../../build/tello_control/tello_control.egg-info/dependency_links.txt
[1.066s] writing entry points to ../../build/tello_control/tello_control.egg-info/entry_points.txt
[1.066s] writing requirements to ../../build/tello_control/tello_control.egg-info/requires.txt
[1.066s] writing top-level names to ../../build/tello_control/tello_control.egg-info/top_level.txt
[1.070s] reading manifest file '../../build/tello_control/tello_control.egg-info/SOURCES.txt'
[1.072s] writing manifest file '../../build/tello_control/tello_control.egg-info/SOURCES.txt'
[1.073s] running build
[1.073s] running build_py
[1.076s] running install
[1.076s] running install_lib
[1.080s] running install_data
[1.083s] running install_egg_info
[1.104s] removing '/home/paolaramos/tello_ws/install/tello_control/lib/python3.10/site-packages/tello_control-0.0.0-py3.10.egg-info' (and everything under it)
[1.104s] Copying ../../build/tello_control/tello_control.egg-info to /home/paolaramos/tello_ws/install/tello_control/lib/python3.10/site-packages/tello_control-0.0.0-py3.10.egg-info
[1.104s] running install_scripts
[1.125s] Installing odometry_node script to /home/paolaramos/tello_ws/install/tello_control/lib/tello_control
[1.127s] Installing trajectory_node script to /home/paolaramos/tello_ws/install/tello_control/lib/tello_control
[1.127s] writing list of installed files to '/home/paolaramos/tello_ws/build/tello_control/install.log'
[1.150s] Invoked command in '/home/paolaramos/tello_ws/src/tello_control' returned '0': PYTHONPATH=/home/paolaramos/tello_ws/build/tello_control/prefix_override:/usr/lib/python3/dist-packages/colcon_core/task/python/colcon_distutils_commands:/home/paolaramos/tello_ws/install/tello_control/lib/python3.10/site-packages:${PYTHONPATH} /usr/bin/python3 -W ignore:setup.py install is deprecated -W ignore:easy_install command is deprecated setup.py egg_info --egg-base ../../build/tello_control build --build-base /home/paolaramos/tello_ws/build/tello_control/build install --record /home/paolaramos/tello_ws/build/tello_control/install.log --single-version-externally-managed install_data
