[0.642s] DEBUG:colcon:Command line arguments: ['/usr/bin/colcon', 'build']
[0.642s] DEBUG:colcon:Parsed command line arguments: Namespace(log_base=None, log_level=None, verb_name='build', build_base='build', install_base='install', merge_install=False, symlink_install=False, test_result_base=None, continue_on_error=False, executor='parallel', parallel_workers=4, event_handlers=None, ignore_user_meta=False, metas=['./colcon.meta'], base_paths=['.'], packages_ignore=None, packages_ignore_regex=None, paths=None, packages_up_to=None, packages_up_to_regex=None, packages_above=None, packages_above_and_dependencies=None, packages_above_depth=None, packages_select_by_dep=None, packages_skip_by_dep=None, packages_skip_up_to=None, packages_select_build_failed=False, packages_skip_build_finished=False, packages_select_test_failures=False, packages_skip_test_passed=False, packages_select=None, packages_skip=None, packages_select_regex=None, packages_skip_regex=None, packages_start=None, packages_end=None, allow_overriding=[], cmake_args=None, cmake_target=None, cmake_target_skip_unavailable=False, cmake_clean_cache=False, cmake_clean_first=False, cmake_force_configure=False, ament_cmake_args=None, catkin_cmake_args=None, catkin_skip_building_tests=False, verb_parser=<colcon_defaults.argument_parser.defaults.DefaultArgumentsDecorator object at 0x7a264ddc6680>, verb_extension=<colcon_core.verb.build.BuildVerb object at 0x7a264db3af80>, main=<bound method BuildVerb.main of <colcon_core.verb.build.BuildVerb object at 0x7a264db3af80>>)
[1.408s] Level 1:colcon.colcon_core.package_discovery:discover_packages(colcon_meta) check parameters
[1.409s] Level 1:colcon.colcon_core.package_discovery:discover_packages(recursive) check parameters
[1.409s] Level 1:colcon.colcon_core.package_discovery:discover_packages(ignore) check parameters
[1.409s] Level 1:colcon.colcon_core.package_discovery:discover_packages(path) check parameters
[1.409s] Level 1:colcon.colcon_core.package_discovery:discover_packages(colcon_meta) discover
[1.409s] Level 1:colcon.colcon_core.package_discovery:discover_packages(recursive) discover
[1.409s] INFO:colcon.colcon_core.package_discovery:Crawling recursively for packages in '/home/paolaramos/tello_ws'
[1.409s] Level 1:colcon.colcon_core.package_identification:_identify(.) by extensions ['ignore', 'ignore_ament_install']
[1.409s] Level 1:colcon.colcon_core.package_identification:_identify(.) by extension 'ignore'
[1.410s] Level 1:colcon.colcon_core.package_identification:_identify(.) by extension 'ignore_ament_install'
[1.410s] Level 1:colcon.colcon_core.package_identification:_identify(.) by extensions ['colcon_pkg']
[1.411s] Level 1:colcon.colcon_core.package_identification:_identify(.) by extension 'colcon_pkg'
[1.411s] Level 1:colcon.colcon_core.package_identification:_identify(.) by extensions ['colcon_meta']
[1.411s] Level 1:colcon.colcon_core.package_identification:_identify(.) by extension 'colcon_meta'
[1.411s] Level 1:colcon.colcon_core.package_identification:_identify(.) by extensions ['ros']
[1.412s] Level 1:colcon.colcon_core.package_identification:_identify(.) by extension 'ros'
[1.536s] Level 1:colcon.colcon_core.package_identification:_identify(.) by extensions ['cmake', 'python']
[1.536s] Level 1:colcon.colcon_core.package_identification:_identify(.) by extension 'cmake'
[1.536s] Level 1:colcon.colcon_core.package_identification:_identify(.) by extension 'python'
[1.536s] Level 1:colcon.colcon_core.package_identification:_identify(.) by extensions ['python_setup_py']
[1.536s] Level 1:colcon.colcon_core.package_identification:_identify(.) by extension 'python_setup_py'
[1.536s] Level 1:colcon.colcon_core.package_identification:_identify(build) by extensions ['ignore', 'ignore_ament_install']
[1.537s] Level 1:colcon.colcon_core.package_identification:_identify(build) by extension 'ignore'
[1.537s] Level 1:colcon.colcon_core.package_identification:_identify(build) ignored
[1.537s] Level 1:colcon.colcon_core.package_identification:_identify(install) by extensions ['ignore', 'ignore_ament_install']
[1.537s] Level 1:colcon.colcon_core.package_identification:_identify(install) by extension 'ignore'
[1.537s] Level 1:colcon.colcon_core.package_identification:_identify(install) ignored
[1.537s] Level 1:colcon.colcon_core.package_identification:_identify(log) by extensions ['ignore', 'ignore_ament_install']
[1.537s] Level 1:colcon.colcon_core.package_identification:_identify(log) by extension 'ignore'
[1.538s] Level 1:colcon.colcon_core.package_identification:_identify(log) ignored
[1.538s] Level 1:colcon.colcon_core.package_identification:_identify(src) by extensions ['ignore', 'ignore_ament_install']
[1.538s] Level 1:colcon.colcon_core.package_identification:_identify(src) by extension 'ignore'
[1.538s] Level 1:colcon.colcon_core.package_identification:_identify(src) by extension 'ignore_ament_install'
[1.538s] Level 1:colcon.colcon_core.package_identification:_identify(src) by extensions ['colcon_pkg']
[1.538s] Level 1:colcon.colcon_core.package_identification:_identify(src) by extension 'colcon_pkg'
[1.538s] Level 1:colcon.colcon_core.package_identification:_identify(src) by extensions ['colcon_meta']
[1.538s] Level 1:colcon.colcon_core.package_identification:_identify(src) by extension 'colcon_meta'
[1.538s] Level 1:colcon.colcon_core.package_identification:_identify(src) by extensions ['ros']
[1.538s] Level 1:colcon.colcon_core.package_identification:_identify(src) by extension 'ros'
[1.538s] Level 1:colcon.colcon_core.package_identification:_identify(src) by extensions ['cmake', 'python']
[1.538s] Level 1:colcon.colcon_core.package_identification:_identify(src) by extension 'cmake'
[1.538s] Level 1:colcon.colcon_core.package_identification:_identify(src) by extension 'python'
[1.538s] Level 1:colcon.colcon_core.package_identification:_identify(src) by extensions ['python_setup_py']
[1.538s] Level 1:colcon.colcon_core.package_identification:_identify(src) by extension 'python_setup_py'
[1.538s] Level 1:colcon.colcon_core.package_identification:_identify(src/tello_control) by extensions ['ignore', 'ignore_ament_install']
[1.538s] Level 1:colcon.colcon_core.package_identification:_identify(src/tello_control) by extension 'ignore'
[1.538s] Level 1:colcon.colcon_core.package_identification:_identify(src/tello_control) by extension 'ignore_ament_install'
[1.538s] Level 1:colcon.colcon_core.package_identification:_identify(src/tello_control) by extensions ['colcon_pkg']
[1.538s] Level 1:colcon.colcon_core.package_identification:_identify(src/tello_control) by extension 'colcon_pkg'
[1.538s] Level 1:colcon.colcon_core.package_identification:_identify(src/tello_control) by extensions ['colcon_meta']
[1.538s] Level 1:colcon.colcon_core.package_identification:_identify(src/tello_control) by extension 'colcon_meta'
[1.538s] Level 1:colcon.colcon_core.package_identification:_identify(src/tello_control) by extensions ['ros']
[1.538s] Level 1:colcon.colcon_core.package_identification:_identify(src/tello_control) by extension 'ros'
[1.549s] DEBUG:colcon.colcon_core.package_identification:Package 'src/tello_control' with type 'ros.ament_python' and name 'tello_control'
[1.549s] Level 1:colcon.colcon_core.package_identification:_identify(src/tello_pkg) by extensions ['ignore', 'ignore_ament_install']
[1.549s] Level 1:colcon.colcon_core.package_identification:_identify(src/tello_pkg) by extension 'ignore'
[1.549s] Level 1:colcon.colcon_core.package_identification:_identify(src/tello_pkg) by extension 'ignore_ament_install'
[1.550s] Level 1:colcon.colcon_core.package_identification:_identify(src/tello_pkg) by extensions ['colcon_pkg']
[1.550s] Level 1:colcon.colcon_core.package_identification:_identify(src/tello_pkg) by extension 'colcon_pkg'
[1.550s] Level 1:colcon.colcon_core.package_identification:_identify(src/tello_pkg) by extensions ['colcon_meta']
[1.550s] Level 1:colcon.colcon_core.package_identification:_identify(src/tello_pkg) by extension 'colcon_meta'
[1.550s] Level 1:colcon.colcon_core.package_identification:_identify(src/tello_pkg) by extensions ['ros']
[1.550s] Level 1:colcon.colcon_core.package_identification:_identify(src/tello_pkg) by extension 'ros'
[1.552s] DEBUG:colcon.colcon_core.package_identification:Package 'src/tello_pkg' with type 'ros.ament_python' and name 'tello_pkg'
[1.552s] Level 1:colcon.colcon_core.package_discovery:discover_packages(recursive) using defaults
[1.552s] Level 1:colcon.colcon_core.package_discovery:discover_packages(ignore) discover
[1.552s] Level 1:colcon.colcon_core.package_discovery:discover_packages(ignore) using defaults
[1.552s] Level 1:colcon.colcon_core.package_discovery:discover_packages(path) discover
[1.552s] Level 1:colcon.colcon_core.package_discovery:discover_packages(path) using defaults
[1.636s] Level 1:colcon.colcon_core.package_discovery:discover_packages(prefix_path) check parameters
[1.637s] Level 1:colcon.colcon_core.package_discovery:discover_packages(prefix_path) discover
[1.648s] DEBUG:colcon.colcon_installed_package_information.package_discovery:Found 2 installed packages in /home/paolaramos/tello_ws/install
[1.650s] DEBUG:colcon.colcon_installed_package_information.package_discovery:Found 278 installed packages in /opt/ros/humble
[1.651s] Level 1:colcon.colcon_core.package_discovery:discover_packages(prefix_path) using defaults
[1.684s] Level 5:colcon.colcon_core.verb:set package 'tello_control' build argument 'cmake_args' from command line to 'None'
[1.685s] Level 5:colcon.colcon_core.verb:set package 'tello_control' build argument 'cmake_target' from command line to 'None'
[1.685s] Level 5:colcon.colcon_core.verb:set package 'tello_control' build argument 'cmake_target_skip_unavailable' from command line to 'False'
[1.685s] Level 5:colcon.colcon_core.verb:set package 'tello_control' build argument 'cmake_clean_cache' from command line to 'False'
[1.685s] Level 5:colcon.colcon_core.verb:set package 'tello_control' build argument 'cmake_clean_first' from command line to 'False'
[1.685s] Level 5:colcon.colcon_core.verb:set package 'tello_control' build argument 'cmake_force_configure' from command line to 'False'
[1.685s] Level 5:colcon.colcon_core.verb:set package 'tello_control' build argument 'ament_cmake_args' from command line to 'None'
[1.685s] Level 5:colcon.colcon_core.verb:set package 'tello_control' build argument 'catkin_cmake_args' from command line to 'None'
[1.685s] Level 5:colcon.colcon_core.verb:set package 'tello_control' build argument 'catkin_skip_building_tests' from command line to 'False'
[1.685s] DEBUG:colcon.colcon_core.verb:Building package 'tello_control' with the following arguments: {'ament_cmake_args': None, 'build_base': '/home/paolaramos/tello_ws/build/tello_control', 'catkin_cmake_args': None, 'catkin_skip_building_tests': False, 'cmake_args': None, 'cmake_clean_cache': False, 'cmake_clean_first': False, 'cmake_force_configure': False, 'cmake_target': None, 'cmake_target_skip_unavailable': False, 'install_base': '/home/paolaramos/tello_ws/install/tello_control', 'merge_install': False, 'path': '/home/paolaramos/tello_ws/src/tello_control', 'symlink_install': False, 'test_result_base': None}
[1.685s] Level 5:colcon.colcon_core.verb:set package 'tello_pkg' build argument 'cmake_args' from command line to 'None'
[1.686s] Level 5:colcon.colcon_core.verb:set package 'tello_pkg' build argument 'cmake_target' from command line to 'None'
[1.686s] Level 5:colcon.colcon_core.verb:set package 'tello_pkg' build argument 'cmake_target_skip_unavailable' from command line to 'False'
[1.686s] Level 5:colcon.colcon_core.verb:set package 'tello_pkg' build argument 'cmake_clean_cache' from command line to 'False'
[1.686s] Level 5:colcon.colcon_core.verb:set package 'tello_pkg' build argument 'cmake_clean_first' from command line to 'False'
[1.686s] Level 5:colcon.colcon_core.verb:set package 'tello_pkg' build argument 'cmake_force_configure' from command line to 'False'
[1.686s] Level 5:colcon.colcon_core.verb:set package 'tello_pkg' build argument 'ament_cmake_args' from command line to 'None'
[1.686s] Level 5:colcon.colcon_core.verb:set package 'tello_pkg' build argument 'catkin_cmake_args' from command line to 'None'
[1.686s] Level 5:colcon.colcon_core.verb:set package 'tello_pkg' build argument 'catkin_skip_building_tests' from command line to 'False'
[1.686s] DEBUG:colcon.colcon_core.verb:Building package 'tello_pkg' with the following arguments: {'ament_cmake_args': None, 'build_base': '/home/paolaramos/tello_ws/build/tello_pkg', 'catkin_cmake_args': None, 'catkin_skip_building_tests': False, 'cmake_args': None, 'cmake_clean_cache': False, 'cmake_clean_first': False, 'cmake_force_configure': False, 'cmake_target': None, 'cmake_target_skip_unavailable': False, 'install_base': '/home/paolaramos/tello_ws/install/tello_pkg', 'merge_install': False, 'path': '/home/paolaramos/tello_ws/src/tello_pkg', 'symlink_install': False, 'test_result_base': None}
[1.686s] INFO:colcon.colcon_core.executor:Executing jobs using 'parallel' executor
[1.688s] DEBUG:colcon.colcon_parallel_executor.executor.parallel:run_until_complete
[1.688s] INFO:colcon.colcon_ros.task.ament_python.build:Building ROS package in '/home/paolaramos/tello_ws/src/tello_control' with build type 'ament_python'
[1.688s] Level 1:colcon.colcon_core.shell:create_environment_hook('tello_control', 'ament_prefix_path')
[1.707s] INFO:colcon.colcon_core.plugin_system:Skipping extension 'colcon_core.shell.bat': Not used on non-Windows systems
[1.707s] INFO:colcon.colcon_core.shell:Creating environment hook '/home/paolaramos/tello_ws/install/tello_control/share/tello_control/hook/ament_prefix_path.ps1'
[1.710s] INFO:colcon.colcon_core.shell:Creating environment descriptor '/home/paolaramos/tello_ws/install/tello_control/share/tello_control/hook/ament_prefix_path.dsv'
[1.712s] INFO:colcon.colcon_core.shell:Creating environment hook '/home/paolaramos/tello_ws/install/tello_control/share/tello_control/hook/ament_prefix_path.sh'
[1.714s] INFO:colcon.colcon_core.shell:Skip shell extension 'powershell' for command environment: Not usable outside of PowerShell
[1.714s] DEBUG:colcon.colcon_core.shell:Skip shell extension 'dsv' for command environment
[1.723s] INFO:colcon.colcon_ros.task.ament_python.build:Building ROS package in '/home/paolaramos/tello_ws/src/tello_pkg' with build type 'ament_python'
[1.723s] Level 1:colcon.colcon_core.shell:create_environment_hook('tello_pkg', 'ament_prefix_path')
[1.723s] INFO:colcon.colcon_core.shell:Creating environment hook '/home/paolaramos/tello_ws/install/tello_pkg/share/tello_pkg/hook/ament_prefix_path.ps1'
[1.724s] INFO:colcon.colcon_core.shell:Creating environment descriptor '/home/paolaramos/tello_ws/install/tello_pkg/share/tello_pkg/hook/ament_prefix_path.dsv'
[1.738s] INFO:colcon.colcon_core.shell:Creating environment hook '/home/paolaramos/tello_ws/install/tello_pkg/share/tello_pkg/hook/ament_prefix_path.sh'
[1.739s] INFO:colcon.colcon_core.shell:Skip shell extension 'powershell' for command environment: Not usable outside of PowerShell
[1.739s] DEBUG:colcon.colcon_core.shell:Skip shell extension 'dsv' for command environment
[1.966s] INFO:colcon.colcon_core.task.python.build:Building Python package in '/home/paolaramos/tello_ws/src/tello_control'
[1.966s] INFO:colcon.colcon_core.shell:Skip shell extension 'powershell' for command environment: Not usable outside of PowerShell
[1.967s] DEBUG:colcon.colcon_core.shell:Skip shell extension 'dsv' for command environment
[2.165s] INFO:colcon.colcon_core.task.python.build:Building Python package in '/home/paolaramos/tello_ws/src/tello_pkg'
[2.166s] INFO:colcon.colcon_core.shell:Skip shell extension 'powershell' for command environment: Not usable outside of PowerShell
[2.166s] DEBUG:colcon.colcon_core.shell:Skip shell extension 'dsv' for command environment
[2.689s] DEBUG:colcon.colcon_core.event_handler.log_command:Invoking command in '/home/paolaramos/tello_ws/src/tello_pkg': PYTHONPATH=/home/paolaramos/tello_ws/build/tello_pkg/prefix_override:/usr/lib/python3/dist-packages/colcon_core/task/python/colcon_distutils_commands:/home/paolaramos/tello_ws/install/tello_pkg/lib/python3.10/site-packages:${PYTHONPATH} /usr/bin/python3 -W ignore:setup.py install is deprecated -W ignore:easy_install command is deprecated setup.py egg_info --egg-base ../../build/tello_pkg build --build-base /home/paolaramos/tello_ws/build/tello_pkg/build install --record /home/paolaramos/tello_ws/build/tello_pkg/install.log --single-version-externally-managed install_data
[2.704s] DEBUG:colcon.colcon_core.event_handler.log_command:Invoking command in '/home/paolaramos/tello_ws/src/tello_control': PYTHONPATH=/home/paolaramos/tello_ws/build/tello_control/prefix_override:/usr/lib/python3/dist-packages/colcon_core/task/python/colcon_distutils_commands:/home/paolaramos/tello_ws/install/tello_control/lib/python3.10/site-packages:${PYTHONPATH} /usr/bin/python3 -W ignore:setup.py install is deprecated -W ignore:easy_install command is deprecated setup.py egg_info --egg-base ../../build/tello_control build --build-base /home/paolaramos/tello_ws/build/tello_control/build install --record /home/paolaramos/tello_ws/build/tello_control/install.log --single-version-externally-managed install_data
[3.001s] DEBUG:colcon.colcon_core.event_handler.log_command:Invoked command in '/home/paolaramos/tello_ws/src/tello_control' returned '0': PYTHONPATH=/home/paolaramos/tello_ws/build/tello_control/prefix_override:/usr/lib/python3/dist-packages/colcon_core/task/python/colcon_distutils_commands:/home/paolaramos/tello_ws/install/tello_control/lib/python3.10/site-packages:${PYTHONPATH} /usr/bin/python3 -W ignore:setup.py install is deprecated -W ignore:easy_install command is deprecated setup.py egg_info --egg-base ../../build/tello_control build --build-base /home/paolaramos/tello_ws/build/tello_control/build install --record /home/paolaramos/tello_ws/build/tello_control/install.log --single-version-externally-managed install_data
[3.025s] Level 1:colcon.colcon_core.environment:checking '/home/paolaramos/tello_ws/install/tello_control' for CMake module files
[3.025s] Level 1:colcon.colcon_core.environment:checking '/home/paolaramos/tello_ws/install/tello_control' for CMake config files
[3.026s] Level 1:colcon.colcon_core.environment:checking '/home/paolaramos/tello_ws/install/tello_control/lib'
[3.026s] Level 1:colcon.colcon_core.environment:checking '/home/paolaramos/tello_ws/install/tello_control/bin'
[3.026s] Level 1:colcon.colcon_core.environment:checking '/home/paolaramos/tello_ws/install/tello_control/lib/pkgconfig/tello_control.pc'
[3.026s] Level 1:colcon.colcon_core.environment:checking '/home/paolaramos/tello_ws/install/tello_control/lib/python3.10/site-packages'
[3.026s] Level 1:colcon.colcon_core.shell:create_environment_hook('tello_control', 'pythonpath')
[3.027s] INFO:colcon.colcon_core.shell:Creating environment hook '/home/paolaramos/tello_ws/install/tello_control/share/tello_control/hook/pythonpath.ps1'
[3.027s] INFO:colcon.colcon_core.shell:Creating environment descriptor '/home/paolaramos/tello_ws/install/tello_control/share/tello_control/hook/pythonpath.dsv'
[3.030s] INFO:colcon.colcon_core.shell:Creating environment hook '/home/paolaramos/tello_ws/install/tello_control/share/tello_control/hook/pythonpath.sh'
[3.033s] Level 1:colcon.colcon_core.environment:checking '/home/paolaramos/tello_ws/install/tello_control/bin'
[3.033s] Level 1:colcon.colcon_core.environment:create_environment_scripts_only(tello_control)
[3.034s] INFO:colcon.colcon_core.shell:Creating package script '/home/paolaramos/tello_ws/install/tello_control/share/tello_control/package.ps1'
[3.036s] INFO:colcon.colcon_core.shell:Creating package descriptor '/home/paolaramos/tello_ws/install/tello_control/share/tello_control/package.dsv'
[3.038s] INFO:colcon.colcon_core.shell:Creating package script '/home/paolaramos/tello_ws/install/tello_control/share/tello_control/package.sh'
[3.039s] INFO:colcon.colcon_core.shell:Creating package script '/home/paolaramos/tello_ws/install/tello_control/share/tello_control/package.bash'
[3.042s] INFO:colcon.colcon_core.shell:Creating package script '/home/paolaramos/tello_ws/install/tello_control/share/tello_control/package.zsh'
[3.046s] Level 1:colcon.colcon_core.environment:create_file_with_runtime_dependencies(/home/paolaramos/tello_ws/install/tello_control/share/colcon-core/packages/tello_control)
[3.048s] Level 1:colcon.colcon_core.environment:checking '/home/paolaramos/tello_ws/install/tello_pkg' for CMake module files
[3.048s] Level 1:colcon.colcon_core.environment:checking '/home/paolaramos/tello_ws/install/tello_pkg' for CMake config files
[3.049s] DEBUG:colcon.colcon_core.event_handler.log_command:Invoked command in '/home/paolaramos/tello_ws/src/tello_pkg' returned '0': PYTHONPATH=/home/paolaramos/tello_ws/build/tello_pkg/prefix_override:/usr/lib/python3/dist-packages/colcon_core/task/python/colcon_distutils_commands:/home/paolaramos/tello_ws/install/tello_pkg/lib/python3.10/site-packages:${PYTHONPATH} /usr/bin/python3 -W ignore:setup.py install is deprecated -W ignore:easy_install command is deprecated setup.py egg_info --egg-base ../../build/tello_pkg build --build-base /home/paolaramos/tello_ws/build/tello_pkg/build install --record /home/paolaramos/tello_ws/build/tello_pkg/install.log --single-version-externally-managed install_data
[3.050s] Level 1:colcon.colcon_core.environment:checking '/home/paolaramos/tello_ws/install/tello_pkg/lib'
[3.051s] Level 1:colcon.colcon_core.environment:checking '/home/paolaramos/tello_ws/install/tello_pkg/bin'
[3.051s] Level 1:colcon.colcon_core.environment:checking '/home/paolaramos/tello_ws/install/tello_pkg/lib/pkgconfig/tello_pkg.pc'
[3.051s] Level 1:colcon.colcon_core.environment:checking '/home/paolaramos/tello_ws/install/tello_pkg/lib/python3.10/site-packages'
[3.051s] Level 1:colcon.colcon_core.shell:create_environment_hook('tello_pkg', 'pythonpath')
[3.051s] INFO:colcon.colcon_core.shell:Creating environment hook '/home/paolaramos/tello_ws/install/tello_pkg/share/tello_pkg/hook/pythonpath.ps1'
[3.052s] INFO:colcon.colcon_core.shell:Creating environment descriptor '/home/paolaramos/tello_ws/install/tello_pkg/share/tello_pkg/hook/pythonpath.dsv'
[3.052s] INFO:colcon.colcon_core.shell:Creating environment hook '/home/paolaramos/tello_ws/install/tello_pkg/share/tello_pkg/hook/pythonpath.sh'
[3.053s] Level 1:colcon.colcon_core.environment:checking '/home/paolaramos/tello_ws/install/tello_pkg/bin'
[3.053s] Level 1:colcon.colcon_core.environment:create_environment_scripts_only(tello_pkg)
[3.054s] INFO:colcon.colcon_core.shell:Creating package script '/home/paolaramos/tello_ws/install/tello_pkg/share/tello_pkg/package.ps1'
[3.054s] INFO:colcon.colcon_core.shell:Creating package descriptor '/home/paolaramos/tello_ws/install/tello_pkg/share/tello_pkg/package.dsv'
[3.055s] INFO:colcon.colcon_core.shell:Creating package script '/home/paolaramos/tello_ws/install/tello_pkg/share/tello_pkg/package.sh'
[3.055s] INFO:colcon.colcon_core.shell:Creating package script '/home/paolaramos/tello_ws/install/tello_pkg/share/tello_pkg/package.bash'
[3.056s] INFO:colcon.colcon_core.shell:Creating package script '/home/paolaramos/tello_ws/install/tello_pkg/share/tello_pkg/package.zsh'
[3.057s] Level 1:colcon.colcon_core.environment:create_file_with_runtime_dependencies(/home/paolaramos/tello_ws/install/tello_pkg/share/colcon-core/packages/tello_pkg)
[3.057s] DEBUG:colcon.colcon_parallel_executor.executor.parallel:closing loop
[3.058s] DEBUG:colcon.colcon_parallel_executor.executor.parallel:loop closed
[3.058s] DEBUG:colcon.colcon_parallel_executor.executor.parallel:run_until_complete finished with '0'
[3.058s] DEBUG:colcon.colcon_core.event_reactor:joining thread
[3.067s] INFO:colcon.colcon_core.plugin_system:Skipping extension 'colcon_notification.desktop_notification.terminal_notifier': Not used on non-Darwin systems
[3.067s] INFO:colcon.colcon_core.plugin_system:Skipping extension 'colcon_notification.desktop_notification.win32': Not used on non-Windows systems
[3.067s] INFO:colcon.colcon_notification.desktop_notification:Sending desktop notification using 'notify2'
[3.092s] DEBUG:colcon.colcon_core.event_reactor:joined thread
[3.092s] INFO:colcon.colcon_core.shell:Creating prefix script '/home/paolaramos/tello_ws/install/local_setup.ps1'
[3.095s] INFO:colcon.colcon_core.shell:Creating prefix util module '/home/paolaramos/tello_ws/install/_local_setup_util_ps1.py'
[3.099s] INFO:colcon.colcon_core.shell:Creating prefix chain script '/home/paolaramos/tello_ws/install/setup.ps1'
[3.109s] INFO:colcon.colcon_core.shell:Creating prefix script '/home/paolaramos/tello_ws/install/local_setup.sh'
[3.111s] INFO:colcon.colcon_core.shell:Creating prefix util module '/home/paolaramos/tello_ws/install/_local_setup_util_sh.py'
[3.113s] INFO:colcon.colcon_core.shell:Creating prefix chain script '/home/paolaramos/tello_ws/install/setup.sh'
[3.122s] INFO:colcon.colcon_core.shell:Creating prefix script '/home/paolaramos/tello_ws/install/local_setup.bash'
[3.128s] INFO:colcon.colcon_core.shell:Creating prefix chain script '/home/paolaramos/tello_ws/install/setup.bash'
[3.132s] INFO:colcon.colcon_core.shell:Creating prefix script '/home/paolaramos/tello_ws/install/local_setup.zsh'
[3.134s] INFO:colcon.colcon_core.shell:Creating prefix chain script '/home/paolaramos/tello_ws/install/setup.zsh'
