[2.314s] Invoking command in '/home/paolaramos/Proyecto/tello_ws/src/drone': PYTHONPATH=/home/paolaramos/Proyecto/tello_ws/build/drone/prefix_override:/usr/lib/python3/dist-packages/colcon_core/task/python/colcon_distutils_commands:/home/paolaramos/Proyecto/tello_ws/install/drone/lib/python3.10/site-packages:${PYTHONPATH} /usr/bin/python3 -W ignore:setup.py install is deprecated -W ignore:easy_install command is deprecated setup.py egg_info --egg-base ../../build/drone build --build-base /home/paolaramos/Proyecto/tello_ws/build/drone/build install --record /home/paolaramos/Proyecto/tello_ws/build/drone/install.log --single-version-externally-managed install_data
[3.202s] running egg_info
[3.247s] writing ../../build/drone/drone.egg-info/PKG-INFO
[3.273s] writing dependency_links to ../../build/drone/drone.egg-info/dependency_links.txt
[3.273s] writing entry points to ../../build/drone/drone.egg-info/entry_points.txt
[3.276s] writing requirements to ../../build/drone/drone.egg-info/requires.txt
[3.276s] writing top-level names to ../../build/drone/drone.egg-info/top_level.txt
[3.383s] reading manifest file '../../build/drone/drone.egg-info/SOURCES.txt'
[3.383s] writing manifest file '../../build/drone/drone.egg-info/SOURCES.txt'
[3.383s] running build
[3.383s] running build_py
[3.383s] copying drone/plotter.py -> /home/paolaramos/Proyecto/tello_ws/build/drone/build/lib/drone
[3.383s] copying drone/__init__.py -> /home/paolaramos/Proyecto/tello_ws/build/drone/build/lib/drone
[3.383s] copying drone/controller.py -> /home/paolaramos/Proyecto/tello_ws/build/drone/build/lib/drone
[3.384s] copying drone/odometry.py -> /home/paolaramos/Proyecto/tello_ws/build/drone/build/lib/drone
[3.414s] running install
[3.430s] running install_lib
[3.481s] running install_data
[3.489s] copying resource/drone -> /home/paolaramos/Proyecto/tello_ws/install/drone/share/ament_index/resource_index/packages
[3.490s] copying package.xml -> /home/paolaramos/Proyecto/tello_ws/install/drone/share/drone
[3.490s] copying launch/drone_launch.py -> /home/paolaramos/Proyecto/tello_ws/install/drone/share/drone/launch
[3.490s] running install_egg_info
[3.515s] removing '/home/paolaramos/Proyecto/tello_ws/install/drone/lib/python3.10/site-packages/drone-0.0.0-py3.10.egg-info' (and everything under it)
[3.544s] Copying ../../build/drone/drone.egg-info to /home/paolaramos/Proyecto/tello_ws/install/drone/lib/python3.10/site-packages/drone-0.0.0-py3.10.egg-info
[3.545s] running install_scripts
[3.873s] Installing controller script to /home/paolaramos/Proyecto/tello_ws/install/drone/lib/drone
[3.891s] Installing odometry script to /home/paolaramos/Proyecto/tello_ws/install/drone/lib/drone
[3.893s] Installing plotter script to /home/paolaramos/Proyecto/tello_ws/install/drone/lib/drone
[3.895s] writing list of installed files to '/home/paolaramos/Proyecto/tello_ws/build/drone/install.log'
[3.969s] Invoked command in '/home/paolaramos/Proyecto/tello_ws/src/drone' returned '0': PYTHONPATH=/home/paolaramos/Proyecto/tello_ws/build/drone/prefix_override:/usr/lib/python3/dist-packages/colcon_core/task/python/colcon_distutils_commands:/home/paolaramos/Proyecto/tello_ws/install/drone/lib/python3.10/site-packages:${PYTHONPATH} /usr/bin/python3 -W ignore:setup.py install is deprecated -W ignore:easy_install command is deprecated setup.py egg_info --egg-base ../../build/drone build --build-base /home/paolaramos/Proyecto/tello_ws/build/drone/build install --record /home/paolaramos/Proyecto/tello_ws/build/drone/install.log --single-version-externally-managed install_data
