[0.162s] DEBUG:colcon:Command line arguments: ['/usr/bin/colcon', 'build']
[0.162s] DEBUG:colcon:Parsed command line arguments: Namespace(log_base=None, log_level=None, verb_name='build', build_base='build', install_base='install', merge_install=False, symlink_install=False, test_result_base=None, continue_on_error=False, executor='parallel', parallel_workers=4, event_handlers=None, ignore_user_meta=False, metas=['./colcon.meta'], base_paths=['.'], packages_ignore=None, packages_ignore_regex=None, paths=None, packages_up_to=None, packages_up_to_regex=None, packages_above=None, packages_above_and_dependencies=None, packages_above_depth=None, packages_select_by_dep=None, packages_skip_by_dep=None, packages_skip_up_to=None, packages_select_build_failed=False, packages_skip_build_finished=False, packages_select_test_failures=False, packages_skip_test_passed=False, packages_select=None, packages_skip=None, packages_select_regex=None, packages_skip_regex=None, packages_start=None, packages_end=None, allow_overriding=[], cmake_args=None, cmake_target=None, cmake_target_skip_unavailable=False, cmake_clean_cache=False, cmake_clean_first=False, cmake_force_configure=False, ament_cmake_args=None, catkin_cmake_args=None, catkin_skip_building_tests=False, verb_parser=<colcon_defaults.argument_parser.defaults.DefaultArgumentsDecorator object at 0x7572a6517460>, verb_extension=<colcon_core.verb.build.BuildVerb object at 0x7572a69faad0>, main=<bound method BuildVerb.main of <colcon_core.verb.build.BuildVerb object at 0x7572a69faad0>>)
[0.329s] Level 1:colcon.colcon_core.package_discovery:discover_packages(colcon_meta) check parameters
[0.330s] Level 1:colcon.colcon_core.package_discovery:discover_packages(recursive) check parameters
[0.330s] Level 1:colcon.colcon_core.package_discovery:discover_packages(ignore) check parameters
[0.330s] Level 1:colcon.colcon_core.package_discovery:discover_packages(path) check parameters
[0.330s] Level 1:colcon.colcon_core.package_discovery:discover_packages(colcon_meta) discover
[0.330s] Level 1:colcon.colcon_core.package_discovery:discover_packages(recursive) discover
[0.330s] INFO:colcon.colcon_core.package_discovery:Crawling recursively for packages in '/home/paolaramos/Documents/Autonomous-Drone/tello_ws'
[0.330s] Level 1:colcon.colcon_core.package_identification:_identify(.) by extensions ['ignore', 'ignore_ament_install']
[0.330s] Level 1:colcon.colcon_core.package_identification:_identify(.) by extension 'ignore'
[0.330s] Level 1:colcon.colcon_core.package_identification:_identify(.) by extension 'ignore_ament_install'
[0.330s] Level 1:colcon.colcon_core.package_identification:_identify(.) by extensions ['colcon_pkg']
[0.330s] Level 1:colcon.colcon_core.package_identification:_identify(.) by extension 'colcon_pkg'
[0.331s] Level 1:colcon.colcon_core.package_identification:_identify(.) by extensions ['colcon_meta']
[0.331s] Level 1:colcon.colcon_core.package_identification:_identify(.) by extension 'colcon_meta'
[0.331s] Level 1:colcon.colcon_core.package_identification:_identify(.) by extensions ['ros']
[0.331s] Level 1:colcon.colcon_core.package_identification:_identify(.) by extension 'ros'
[0.349s] Level 1:colcon.colcon_core.package_identification:_identify(.) by extensions ['cmake', 'python']
[0.349s] Level 1:colcon.colcon_core.package_identification:_identify(.) by extension 'cmake'
[0.349s] Level 1:colcon.colcon_core.package_identification:_identify(.) by extension 'python'
[0.349s] Level 1:colcon.colcon_core.package_identification:_identify(.) by extensions ['python_setup_py']
[0.349s] Level 1:colcon.colcon_core.package_identification:_identify(.) by extension 'python_setup_py'
[0.349s] Level 1:colcon.colcon_core.package_identification:_identify(build) by extensions ['ignore', 'ignore_ament_install']
[0.349s] Level 1:colcon.colcon_core.package_identification:_identify(build) by extension 'ignore'
[0.349s] Level 1:colcon.colcon_core.package_identification:_identify(build) ignored
[0.349s] Level 1:colcon.colcon_core.package_identification:_identify(install) by extensions ['ignore', 'ignore_ament_install']
[0.350s] Level 1:colcon.colcon_core.package_identification:_identify(install) by extension 'ignore'
[0.350s] Level 1:colcon.colcon_core.package_identification:_identify(install) ignored
[0.350s] Level 1:colcon.colcon_core.package_identification:_identify(log) by extensions ['ignore', 'ignore_ament_install']
[0.350s] Level 1:colcon.colcon_core.package_identification:_identify(log) by extension 'ignore'
[0.350s] Level 1:colcon.colcon_core.package_identification:_identify(log) ignored
[0.350s] Level 1:colcon.colcon_core.package_identification:_identify(src) by extensions ['ignore', 'ignore_ament_install']
[0.350s] Level 1:colcon.colcon_core.package_identification:_identify(src) by extension 'ignore'
[0.350s] Level 1:colcon.colcon_core.package_identification:_identify(src) by extension 'ignore_ament_install'
[0.350s] Level 1:colcon.colcon_core.package_identification:_identify(src) by extensions ['colcon_pkg']
[0.350s] Level 1:colcon.colcon_core.package_identification:_identify(src) by extension 'colcon_pkg'
[0.350s] Level 1:colcon.colcon_core.package_identification:_identify(src) by extensions ['colcon_meta']
[0.350s] Level 1:colcon.colcon_core.package_identification:_identify(src) by extension 'colcon_meta'
[0.350s] Level 1:colcon.colcon_core.package_identification:_identify(src) by extensions ['ros']
[0.350s] Level 1:colcon.colcon_core.package_identification:_identify(src) by extension 'ros'
[0.350s] Level 1:colcon.colcon_core.package_identification:_identify(src) by extensions ['cmake', 'python']
[0.350s] Level 1:colcon.colcon_core.package_identification:_identify(src) by extension 'cmake'
[0.350s] Level 1:colcon.colcon_core.package_identification:_identify(src) by extension 'python'
[0.350s] Level 1:colcon.colcon_core.package_identification:_identify(src) by extensions ['python_setup_py']
[0.350s] Level 1:colcon.colcon_core.package_identification:_identify(src) by extension 'python_setup_py'
[0.350s] Level 1:colcon.colcon_core.package_identification:_identify(src/tello_control) by extensions ['ignore', 'ignore_ament_install']
[0.350s] Level 1:colcon.colcon_core.package_identification:_identify(src/tello_control) by extension 'ignore'
[0.350s] Level 1:colcon.colcon_core.package_identification:_identify(src/tello_control) by extension 'ignore_ament_install'
[0.350s] Level 1:colcon.colcon_core.package_identification:_identify(src/tello_control) by extensions ['colcon_pkg']
[0.351s] Level 1:colcon.colcon_core.package_identification:_identify(src/tello_control) by extension 'colcon_pkg'
[0.351s] Level 1:colcon.colcon_core.package_identification:_identify(src/tello_control) by extensions ['colcon_meta']
[0.351s] Level 1:colcon.colcon_core.package_identification:_identify(src/tello_control) by extension 'colcon_meta'
[0.351s] Level 1:colcon.colcon_core.package_identification:_identify(src/tello_control) by extensions ['ros']
[0.351s] Level 1:colcon.colcon_core.package_identification:_identify(src/tello_control) by extension 'ros'
[0.360s] DEBUG:colcon.colcon_core.package_identification:Package 'src/tello_control' with type 'ros.ament_python' and name 'tello_control'
[0.360s] Level 1:colcon.colcon_core.package_identification:_identify(src/tello_interface) by extensions ['ignore', 'ignore_ament_install']
[0.360s] Level 1:colcon.colcon_core.package_identification:_identify(src/tello_interface) by extension 'ignore'
[0.360s] Level 1:colcon.colcon_core.package_identification:_identify(src/tello_interface) by extension 'ignore_ament_install'
[0.360s] Level 1:colcon.colcon_core.package_identification:_identify(src/tello_interface) by extensions ['colcon_pkg']
[0.360s] Level 1:colcon.colcon_core.package_identification:_identify(src/tello_interface) by extension 'colcon_pkg'
[0.360s] Level 1:colcon.colcon_core.package_identification:_identify(src/tello_interface) by extensions ['colcon_meta']
[0.360s] Level 1:colcon.colcon_core.package_identification:_identify(src/tello_interface) by extension 'colcon_meta'
[0.361s] Level 1:colcon.colcon_core.package_identification:_identify(src/tello_interface) by extensions ['ros']
[0.361s] Level 1:colcon.colcon_core.package_identification:_identify(src/tello_interface) by extension 'ros'
[0.361s] DEBUG:colcon.colcon_core.package_identification:Package 'src/tello_interface' with type 'ros.ament_python' and name 'tello_interface'
[0.361s] Level 1:colcon.colcon_core.package_identification:_identify(src/tello_odometry) by extensions ['ignore', 'ignore_ament_install']
[0.362s] Level 1:colcon.colcon_core.package_identification:_identify(src/tello_odometry) by extension 'ignore'
[0.362s] Level 1:colcon.colcon_core.package_identification:_identify(src/tello_odometry) by extension 'ignore_ament_install'
[0.362s] Level 1:colcon.colcon_core.package_identification:_identify(src/tello_odometry) by extensions ['colcon_pkg']
[0.362s] Level 1:colcon.colcon_core.package_identification:_identify(src/tello_odometry) by extension 'colcon_pkg'
[0.362s] Level 1:colcon.colcon_core.package_identification:_identify(src/tello_odometry) by extensions ['colcon_meta']
[0.362s] Level 1:colcon.colcon_core.package_identification:_identify(src/tello_odometry) by extension 'colcon_meta'
[0.362s] Level 1:colcon.colcon_core.package_identification:_identify(src/tello_odometry) by extensions ['ros']
[0.362s] Level 1:colcon.colcon_core.package_identification:_identify(src/tello_odometry) by extension 'ros'
[0.362s] DEBUG:colcon.colcon_core.package_identification:Package 'src/tello_odometry' with type 'ros.ament_python' and name 'tello_odometry'
[0.362s] Level 1:colcon.colcon_core.package_discovery:discover_packages(recursive) using defaults
[0.362s] Level 1:colcon.colcon_core.package_discovery:discover_packages(ignore) discover
[0.362s] Level 1:colcon.colcon_core.package_discovery:discover_packages(ignore) using defaults
[0.362s] Level 1:colcon.colcon_core.package_discovery:discover_packages(path) discover
[0.362s] Level 1:colcon.colcon_core.package_discovery:discover_packages(path) using defaults
[0.422s] Level 1:colcon.colcon_core.package_discovery:discover_packages(prefix_path) check parameters
[0.422s] Level 1:colcon.colcon_core.package_discovery:discover_packages(prefix_path) discover
[0.424s] DEBUG:colcon.colcon_installed_package_information.package_discovery:Found 278 installed packages in /opt/ros/humble
[0.438s] Level 1:colcon.colcon_core.package_discovery:discover_packages(prefix_path) using defaults
[0.466s] Level 5:colcon.colcon_core.verb:set package 'tello_control' build argument 'cmake_args' from command line to 'None'
[0.467s] Level 5:colcon.colcon_core.verb:set package 'tello_control' build argument 'cmake_target' from command line to 'None'
[0.467s] Level 5:colcon.colcon_core.verb:set package 'tello_control' build argument 'cmake_target_skip_unavailable' from command line to 'False'
[0.467s] Level 5:colcon.colcon_core.verb:set package 'tello_control' build argument 'cmake_clean_cache' from command line to 'False'
[0.467s] Level 5:colcon.colcon_core.verb:set package 'tello_control' build argument 'cmake_clean_first' from command line to 'False'
[0.467s] Level 5:colcon.colcon_core.verb:set package 'tello_control' build argument 'cmake_force_configure' from command line to 'False'
[0.467s] Level 5:colcon.colcon_core.verb:set package 'tello_control' build argument 'ament_cmake_args' from command line to 'None'
[0.467s] Level 5:colcon.colcon_core.verb:set package 'tello_control' build argument 'catkin_cmake_args' from command line to 'None'
[0.467s] Level 5:colcon.colcon_core.verb:set package 'tello_control' build argument 'catkin_skip_building_tests' from command line to 'False'
[0.467s] DEBUG:colcon.colcon_core.verb:Building package 'tello_control' with the following arguments: {'ament_cmake_args': None, 'build_base': '/home/paolaramos/Documents/Autonomous-Drone/tello_ws/build/tello_control', 'catkin_cmake_args': None, 'catkin_skip_building_tests': False, 'cmake_args': None, 'cmake_clean_cache': False, 'cmake_clean_first': False, 'cmake_force_configure': False, 'cmake_target': None, 'cmake_target_skip_unavailable': False, 'install_base': '/home/paolaramos/Documents/Autonomous-Drone/tello_ws/install/tello_control', 'merge_install': False, 'path': '/home/paolaramos/Documents/Autonomous-Drone/tello_ws/src/tello_control', 'symlink_install': False, 'test_result_base': None}
[0.467s] Level 5:colcon.colcon_core.verb:set package 'tello_interface' build argument 'cmake_args' from command line to 'None'
[0.467s] Level 5:colcon.colcon_core.verb:set package 'tello_interface' build argument 'cmake_target' from command line to 'None'
[0.467s] Level 5:colcon.colcon_core.verb:set package 'tello_interface' build argument 'cmake_target_skip_unavailable' from command line to 'False'
[0.467s] Level 5:colcon.colcon_core.verb:set package 'tello_interface' build argument 'cmake_clean_cache' from command line to 'False'
[0.467s] Level 5:colcon.colcon_core.verb:set package 'tello_interface' build argument 'cmake_clean_first' from command line to 'False'
[0.467s] Level 5:colcon.colcon_core.verb:set package 'tello_interface' build argument 'cmake_force_configure' from command line to 'False'
[0.467s] Level 5:colcon.colcon_core.verb:set package 'tello_interface' build argument 'ament_cmake_args' from command line to 'None'
[0.467s] Level 5:colcon.colcon_core.verb:set package 'tello_interface' build argument 'catkin_cmake_args' from command line to 'None'
[0.467s] Level 5:colcon.colcon_core.verb:set package 'tello_interface' build argument 'catkin_skip_building_tests' from command line to 'False'
[0.467s] DEBUG:colcon.colcon_core.verb:Building package 'tello_interface' with the following arguments: {'ament_cmake_args': None, 'build_base': '/home/paolaramos/Documents/Autonomous-Drone/tello_ws/build/tello_interface', 'catkin_cmake_args': None, 'catkin_skip_building_tests': False, 'cmake_args': None, 'cmake_clean_cache': False, 'cmake_clean_first': False, 'cmake_force_configure': False, 'cmake_target': None, 'cmake_target_skip_unavailable': False, 'install_base': '/home/paolaramos/Documents/Autonomous-Drone/tello_ws/install/tello_interface', 'merge_install': False, 'path': '/home/paolaramos/Documents/Autonomous-Drone/tello_ws/src/tello_interface', 'symlink_install': False, 'test_result_base': None}
[0.467s] Level 5:colcon.colcon_core.verb:set package 'tello_odometry' build argument 'cmake_args' from command line to 'None'
[0.467s] Level 5:colcon.colcon_core.verb:set package 'tello_odometry' build argument 'cmake_target' from command line to 'None'
[0.467s] Level 5:colcon.colcon_core.verb:set package 'tello_odometry' build argument 'cmake_target_skip_unavailable' from command line to 'False'
[0.467s] Level 5:colcon.colcon_core.verb:set package 'tello_odometry' build argument 'cmake_clean_cache' from command line to 'False'
[0.467s] Level 5:colcon.colcon_core.verb:set package 'tello_odometry' build argument 'cmake_clean_first' from command line to 'False'
[0.467s] Level 5:colcon.colcon_core.verb:set package 'tello_odometry' build argument 'cmake_force_configure' from command line to 'False'
[0.467s] Level 5:colcon.colcon_core.verb:set package 'tello_odometry' build argument 'ament_cmake_args' from command line to 'None'
[0.467s] Level 5:colcon.colcon_core.verb:set package 'tello_odometry' build argument 'catkin_cmake_args' from command line to 'None'
[0.467s] Level 5:colcon.colcon_core.verb:set package 'tello_odometry' build argument 'catkin_skip_building_tests' from command line to 'False'
[0.467s] DEBUG:colcon.colcon_core.verb:Building package 'tello_odometry' with the following arguments: {'ament_cmake_args': None, 'build_base': '/home/paolaramos/Documents/Autonomous-Drone/tello_ws/build/tello_odometry', 'catkin_cmake_args': None, 'catkin_skip_building_tests': False, 'cmake_args': None, 'cmake_clean_cache': False, 'cmake_clean_first': False, 'cmake_force_configure': False, 'cmake_target': None, 'cmake_target_skip_unavailable': False, 'install_base': '/home/paolaramos/Documents/Autonomous-Drone/tello_ws/install/tello_odometry', 'merge_install': False, 'path': '/home/paolaramos/Documents/Autonomous-Drone/tello_ws/src/tello_odometry', 'symlink_install': False, 'test_result_base': None}
[0.468s] INFO:colcon.colcon_core.executor:Executing jobs using 'parallel' executor
[0.469s] DEBUG:colcon.colcon_parallel_executor.executor.parallel:run_until_complete
[0.469s] INFO:colcon.colcon_ros.task.ament_python.build:Building ROS package in '/home/paolaramos/Documents/Autonomous-Drone/tello_ws/src/tello_control' with build type 'ament_python'
[0.469s] Level 1:colcon.colcon_core.shell:create_environment_hook('tello_control', 'ament_prefix_path')
[0.473s] INFO:colcon.colcon_core.plugin_system:Skipping extension 'colcon_core.shell.bat': Not used on non-Windows systems
[0.473s] INFO:colcon.colcon_core.shell:Creating environment hook '/home/paolaramos/Documents/Autonomous-Drone/tello_ws/install/tello_control/share/tello_control/hook/ament_prefix_path.ps1'
[0.474s] INFO:colcon.colcon_core.shell:Creating environment descriptor '/home/paolaramos/Documents/Autonomous-Drone/tello_ws/install/tello_control/share/tello_control/hook/ament_prefix_path.dsv'
[0.475s] INFO:colcon.colcon_core.shell:Creating environment hook '/home/paolaramos/Documents/Autonomous-Drone/tello_ws/install/tello_control/share/tello_control/hook/ament_prefix_path.sh'
[0.475s] INFO:colcon.colcon_core.shell:Skip shell extension 'powershell' for command environment: Not usable outside of PowerShell
[0.475s] DEBUG:colcon.colcon_core.shell:Skip shell extension 'dsv' for command environment
[0.479s] INFO:colcon.colcon_ros.task.ament_python.build:Building ROS package in '/home/paolaramos/Documents/Autonomous-Drone/tello_ws/src/tello_interface' with build type 'ament_python'
[0.479s] Level 1:colcon.colcon_core.shell:create_environment_hook('tello_interface', 'ament_prefix_path')
[0.479s] INFO:colcon.colcon_core.shell:Creating environment hook '/home/paolaramos/Documents/Autonomous-Drone/tello_ws/install/tello_interface/share/tello_interface/hook/ament_prefix_path.ps1'
[0.480s] INFO:colcon.colcon_core.shell:Creating environment descriptor '/home/paolaramos/Documents/Autonomous-Drone/tello_ws/install/tello_interface/share/tello_interface/hook/ament_prefix_path.dsv'
[0.480s] INFO:colcon.colcon_core.shell:Creating environment hook '/home/paolaramos/Documents/Autonomous-Drone/tello_ws/install/tello_interface/share/tello_interface/hook/ament_prefix_path.sh'
[0.481s] INFO:colcon.colcon_core.shell:Skip shell extension 'powershell' for command environment: Not usable outside of PowerShell
[0.482s] DEBUG:colcon.colcon_core.shell:Skip shell extension 'dsv' for command environment
[0.485s] INFO:colcon.colcon_ros.task.ament_python.build:Building ROS package in '/home/paolaramos/Documents/Autonomous-Drone/tello_ws/src/tello_odometry' with build type 'ament_python'
[0.485s] Level 1:colcon.colcon_core.shell:create_environment_hook('tello_odometry', 'ament_prefix_path')
[0.486s] INFO:colcon.colcon_core.shell:Creating environment hook '/home/paolaramos/Documents/Autonomous-Drone/tello_ws/install/tello_odometry/share/tello_odometry/hook/ament_prefix_path.ps1'
[0.486s] INFO:colcon.colcon_core.shell:Creating environment descriptor '/home/paolaramos/Documents/Autonomous-Drone/tello_ws/install/tello_odometry/share/tello_odometry/hook/ament_prefix_path.dsv'
[0.487s] INFO:colcon.colcon_core.shell:Creating environment hook '/home/paolaramos/Documents/Autonomous-Drone/tello_ws/install/tello_odometry/share/tello_odometry/hook/ament_prefix_path.sh'
[0.487s] INFO:colcon.colcon_core.shell:Skip shell extension 'powershell' for command environment: Not usable outside of PowerShell
[0.487s] DEBUG:colcon.colcon_core.shell:Skip shell extension 'dsv' for command environment
[0.802s] INFO:colcon.colcon_core.task.python.build:Building Python package in '/home/paolaramos/Documents/Autonomous-Drone/tello_ws/src/tello_control'
[0.803s] INFO:colcon.colcon_core.shell:Skip shell extension 'powershell' for command environment: Not usable outside of PowerShell
[0.803s] DEBUG:colcon.colcon_core.shell:Skip shell extension 'dsv' for command environment
[1.219s] INFO:colcon.colcon_core.task.python.build:Building Python package in '/home/paolaramos/Documents/Autonomous-Drone/tello_ws/src/tello_interface'
[1.219s] INFO:colcon.colcon_core.shell:Skip shell extension 'powershell' for command environment: Not usable outside of PowerShell
[1.219s] DEBUG:colcon.colcon_core.shell:Skip shell extension 'dsv' for command environment
[1.512s] INFO:colcon.colcon_core.task.python.build:Building Python package in '/home/paolaramos/Documents/Autonomous-Drone/tello_ws/src/tello_odometry'
[1.512s] INFO:colcon.colcon_core.shell:Skip shell extension 'powershell' for command environment: Not usable outside of PowerShell
[1.512s] DEBUG:colcon.colcon_core.shell:Skip shell extension 'dsv' for command environment
[2.228s] DEBUG:colcon.colcon_core.event_handler.log_command:Invoking command in '/home/paolaramos/Documents/Autonomous-Drone/tello_ws/src/tello_interface': PYTHONPATH=/home/paolaramos/Documents/Autonomous-Drone/tello_ws/build/tello_interface/prefix_override:/usr/lib/python3/dist-packages/colcon_core/task/python/colcon_distutils_commands:/home/paolaramos/Documents/Autonomous-Drone/tello_ws/install/tello_interface/lib/python3.10/site-packages:${PYTHONPATH} /usr/bin/python3 -W ignore:setup.py install is deprecated -W ignore:easy_install command is deprecated setup.py egg_info --egg-base ../../build/tello_interface build --build-base /home/paolaramos/Documents/Autonomous-Drone/tello_ws/build/tello_interface/build install --record /home/paolaramos/Documents/Autonomous-Drone/tello_ws/build/tello_interface/install.log --single-version-externally-managed install_data
[2.247s] DEBUG:colcon.colcon_core.event_handler.log_command:Invoking command in '/home/paolaramos/Documents/Autonomous-Drone/tello_ws/src/tello_control': PYTHONPATH=/home/paolaramos/Documents/Autonomous-Drone/tello_ws/build/tello_control/prefix_override:/usr/lib/python3/dist-packages/colcon_core/task/python/colcon_distutils_commands:/home/paolaramos/Documents/Autonomous-Drone/tello_ws/install/tello_control/lib/python3.10/site-packages:${PYTHONPATH} /usr/bin/python3 -W ignore:setup.py install is deprecated -W ignore:easy_install command is deprecated setup.py egg_info --egg-base ../../build/tello_control build --build-base /home/paolaramos/Documents/Autonomous-Drone/tello_ws/build/tello_control/build install --record /home/paolaramos/Documents/Autonomous-Drone/tello_ws/build/tello_control/install.log --single-version-externally-managed install_data
[2.275s] DEBUG:colcon.colcon_core.event_handler.log_command:Invoking command in '/home/paolaramos/Documents/Autonomous-Drone/tello_ws/src/tello_odometry': PYTHONPATH=/home/paolaramos/Documents/Autonomous-Drone/tello_ws/build/tello_odometry/prefix_override:/usr/lib/python3/dist-packages/colcon_core/task/python/colcon_distutils_commands:/home/paolaramos/Documents/Autonomous-Drone/tello_ws/install/tello_odometry/lib/python3.10/site-packages:${PYTHONPATH} /usr/bin/python3 -W ignore:setup.py install is deprecated -W ignore:easy_install command is deprecated setup.py egg_info --egg-base ../../build/tello_odometry build --build-base /home/paolaramos/Documents/Autonomous-Drone/tello_ws/build/tello_odometry/build install --record /home/paolaramos/Documents/Autonomous-Drone/tello_ws/build/tello_odometry/install.log --single-version-externally-managed install_data
[2.731s] DEBUG:colcon.colcon_core.event_handler.log_command:Invoked command in '/home/paolaramos/Documents/Autonomous-Drone/tello_ws/src/tello_odometry' returned '0': PYTHONPATH=/home/paolaramos/Documents/Autonomous-Drone/tello_ws/build/tello_odometry/prefix_override:/usr/lib/python3/dist-packages/colcon_core/task/python/colcon_distutils_commands:/home/paolaramos/Documents/Autonomous-Drone/tello_ws/install/tello_odometry/lib/python3.10/site-packages:${PYTHONPATH} /usr/bin/python3 -W ignore:setup.py install is deprecated -W ignore:easy_install command is deprecated setup.py egg_info --egg-base ../../build/tello_odometry build --build-base /home/paolaramos/Documents/Autonomous-Drone/tello_ws/build/tello_odometry/build install --record /home/paolaramos/Documents/Autonomous-Drone/tello_ws/build/tello_odometry/install.log --single-version-externally-managed install_data
[2.746s] Level 1:colcon.colcon_core.environment:checking '/home/paolaramos/Documents/Autonomous-Drone/tello_ws/install/tello_odometry' for CMake module files
[2.746s] Level 1:colcon.colcon_core.environment:checking '/home/paolaramos/Documents/Autonomous-Drone/tello_ws/install/tello_odometry' for CMake config files
[2.748s] Level 1:colcon.colcon_core.environment:checking '/home/paolaramos/Documents/Autonomous-Drone/tello_ws/install/tello_odometry/lib'
[2.748s] Level 1:colcon.colcon_core.environment:checking '/home/paolaramos/Documents/Autonomous-Drone/tello_ws/install/tello_odometry/bin'
[2.748s] Level 1:colcon.colcon_core.environment:checking '/home/paolaramos/Documents/Autonomous-Drone/tello_ws/install/tello_odometry/lib/pkgconfig/tello_odometry.pc'
[2.748s] Level 1:colcon.colcon_core.environment:checking '/home/paolaramos/Documents/Autonomous-Drone/tello_ws/install/tello_odometry/lib/python3.10/site-packages'
[2.748s] Level 1:colcon.colcon_core.shell:create_environment_hook('tello_odometry', 'pythonpath')
[2.749s] INFO:colcon.colcon_core.shell:Creating environment hook '/home/paolaramos/Documents/Autonomous-Drone/tello_ws/install/tello_odometry/share/tello_odometry/hook/pythonpath.ps1'
[2.750s] INFO:colcon.colcon_core.shell:Creating environment descriptor '/home/paolaramos/Documents/Autonomous-Drone/tello_ws/install/tello_odometry/share/tello_odometry/hook/pythonpath.dsv'
[2.750s] INFO:colcon.colcon_core.shell:Creating environment hook '/home/paolaramos/Documents/Autonomous-Drone/tello_ws/install/tello_odometry/share/tello_odometry/hook/pythonpath.sh'
[2.751s] Level 1:colcon.colcon_core.environment:checking '/home/paolaramos/Documents/Autonomous-Drone/tello_ws/install/tello_odometry/bin'
[2.751s] Level 1:colcon.colcon_core.environment:create_environment_scripts_only(tello_odometry)
[2.752s] INFO:colcon.colcon_core.shell:Creating package script '/home/paolaramos/Documents/Autonomous-Drone/tello_ws/install/tello_odometry/share/tello_odometry/package.ps1'
[2.753s] INFO:colcon.colcon_core.shell:Creating package descriptor '/home/paolaramos/Documents/Autonomous-Drone/tello_ws/install/tello_odometry/share/tello_odometry/package.dsv'
[2.753s] INFO:colcon.colcon_core.shell:Creating package script '/home/paolaramos/Documents/Autonomous-Drone/tello_ws/install/tello_odometry/share/tello_odometry/package.sh'
[2.753s] INFO:colcon.colcon_core.shell:Creating package script '/home/paolaramos/Documents/Autonomous-Drone/tello_ws/install/tello_odometry/share/tello_odometry/package.bash'
[2.754s] INFO:colcon.colcon_core.shell:Creating package script '/home/paolaramos/Documents/Autonomous-Drone/tello_ws/install/tello_odometry/share/tello_odometry/package.zsh'
[2.754s] Level 1:colcon.colcon_core.environment:create_file_with_runtime_dependencies(/home/paolaramos/Documents/Autonomous-Drone/tello_ws/install/tello_odometry/share/colcon-core/packages/tello_odometry)
[2.758s] Level 1:colcon.colcon_core.environment:checking '/home/paolaramos/Documents/Autonomous-Drone/tello_ws/install/tello_control' for CMake module files
[2.760s] Level 1:colcon.colcon_core.environment:checking '/home/paolaramos/Documents/Autonomous-Drone/tello_ws/install/tello_control' for CMake config files
[2.761s] Level 1:colcon.colcon_core.environment:checking '/home/paolaramos/Documents/Autonomous-Drone/tello_ws/install/tello_control/lib'
[2.762s] Level 1:colcon.colcon_core.environment:checking '/home/paolaramos/Documents/Autonomous-Drone/tello_ws/install/tello_control/bin'
[2.762s] Level 1:colcon.colcon_core.environment:checking '/home/paolaramos/Documents/Autonomous-Drone/tello_ws/install/tello_control/lib/pkgconfig/tello_control.pc'
[2.762s] Level 1:colcon.colcon_core.environment:checking '/home/paolaramos/Documents/Autonomous-Drone/tello_ws/install/tello_control/lib/python3.10/site-packages'
[2.762s] Level 1:colcon.colcon_core.shell:create_environment_hook('tello_control', 'pythonpath')
[2.763s] INFO:colcon.colcon_core.shell:Creating environment hook '/home/paolaramos/Documents/Autonomous-Drone/tello_ws/install/tello_control/share/tello_control/hook/pythonpath.ps1'
[2.763s] DEBUG:colcon.colcon_core.event_handler.log_command:Invoked command in '/home/paolaramos/Documents/Autonomous-Drone/tello_ws/src/tello_control' returned '0': PYTHONPATH=/home/paolaramos/Documents/Autonomous-Drone/tello_ws/build/tello_control/prefix_override:/usr/lib/python3/dist-packages/colcon_core/task/python/colcon_distutils_commands:/home/paolaramos/Documents/Autonomous-Drone/tello_ws/install/tello_control/lib/python3.10/site-packages:${PYTHONPATH} /usr/bin/python3 -W ignore:setup.py install is deprecated -W ignore:easy_install command is deprecated setup.py egg_info --egg-base ../../build/tello_control build --build-base /home/paolaramos/Documents/Autonomous-Drone/tello_ws/build/tello_control/build install --record /home/paolaramos/Documents/Autonomous-Drone/tello_ws/build/tello_control/install.log --single-version-externally-managed install_data
[2.764s] INFO:colcon.colcon_core.shell:Creating environment descriptor '/home/paolaramos/Documents/Autonomous-Drone/tello_ws/install/tello_control/share/tello_control/hook/pythonpath.dsv'
[2.764s] INFO:colcon.colcon_core.shell:Creating environment hook '/home/paolaramos/Documents/Autonomous-Drone/tello_ws/install/tello_control/share/tello_control/hook/pythonpath.sh'
[2.765s] Level 1:colcon.colcon_core.environment:checking '/home/paolaramos/Documents/Autonomous-Drone/tello_ws/install/tello_control/bin'
[2.765s] Level 1:colcon.colcon_core.environment:create_environment_scripts_only(tello_control)
[2.765s] INFO:colcon.colcon_core.shell:Creating package script '/home/paolaramos/Documents/Autonomous-Drone/tello_ws/install/tello_control/share/tello_control/package.ps1'
[2.765s] INFO:colcon.colcon_core.shell:Creating package descriptor '/home/paolaramos/Documents/Autonomous-Drone/tello_ws/install/tello_control/share/tello_control/package.dsv'
[2.765s] INFO:colcon.colcon_core.shell:Creating package script '/home/paolaramos/Documents/Autonomous-Drone/tello_ws/install/tello_control/share/tello_control/package.sh'
[2.766s] INFO:colcon.colcon_core.shell:Creating package script '/home/paolaramos/Documents/Autonomous-Drone/tello_ws/install/tello_control/share/tello_control/package.bash'
[2.766s] INFO:colcon.colcon_core.shell:Creating package script '/home/paolaramos/Documents/Autonomous-Drone/tello_ws/install/tello_control/share/tello_control/package.zsh'
[2.767s] Level 1:colcon.colcon_core.environment:create_file_with_runtime_dependencies(/home/paolaramos/Documents/Autonomous-Drone/tello_ws/install/tello_control/share/colcon-core/packages/tello_control)
[2.768s] Level 1:colcon.colcon_core.environment:checking '/home/paolaramos/Documents/Autonomous-Drone/tello_ws/install/tello_interface' for CMake module files
[2.768s] Level 1:colcon.colcon_core.environment:checking '/home/paolaramos/Documents/Autonomous-Drone/tello_ws/install/tello_interface' for CMake config files
[2.769s] Level 1:colcon.colcon_core.environment:checking '/home/paolaramos/Documents/Autonomous-Drone/tello_ws/install/tello_interface/lib'
[2.769s] Level 1:colcon.colcon_core.environment:checking '/home/paolaramos/Documents/Autonomous-Drone/tello_ws/install/tello_interface/bin'
[2.769s] Level 1:colcon.colcon_core.environment:checking '/home/paolaramos/Documents/Autonomous-Drone/tello_ws/install/tello_interface/lib/pkgconfig/tello_interface.pc'
[2.769s] Level 1:colcon.colcon_core.environment:checking '/home/paolaramos/Documents/Autonomous-Drone/tello_ws/install/tello_interface/lib/python3.10/site-packages'
[2.769s] Level 1:colcon.colcon_core.shell:create_environment_hook('tello_interface', 'pythonpath')
[2.769s] INFO:colcon.colcon_core.shell:Creating environment hook '/home/paolaramos/Documents/Autonomous-Drone/tello_ws/install/tello_interface/share/tello_interface/hook/pythonpath.ps1'
[2.770s] INFO:colcon.colcon_core.shell:Creating environment descriptor '/home/paolaramos/Documents/Autonomous-Drone/tello_ws/install/tello_interface/share/tello_interface/hook/pythonpath.dsv'
[2.770s] INFO:colcon.colcon_core.shell:Creating environment hook '/home/paolaramos/Documents/Autonomous-Drone/tello_ws/install/tello_interface/share/tello_interface/hook/pythonpath.sh'
[2.773s] Level 1:colcon.colcon_core.environment:checking '/home/paolaramos/Documents/Autonomous-Drone/tello_ws/install/tello_interface/bin'
[2.774s] Level 1:colcon.colcon_core.environment:create_environment_scripts_only(tello_interface)
[2.774s] INFO:colcon.colcon_core.shell:Creating package script '/home/paolaramos/Documents/Autonomous-Drone/tello_ws/install/tello_interface/share/tello_interface/package.ps1'
[2.775s] INFO:colcon.colcon_core.shell:Creating package descriptor '/home/paolaramos/Documents/Autonomous-Drone/tello_ws/install/tello_interface/share/tello_interface/package.dsv'
[2.775s] INFO:colcon.colcon_core.shell:Creating package script '/home/paolaramos/Documents/Autonomous-Drone/tello_ws/install/tello_interface/share/tello_interface/package.sh'
[2.776s] DEBUG:colcon.colcon_core.event_handler.log_command:Invoked command in '/home/paolaramos/Documents/Autonomous-Drone/tello_ws/src/tello_interface' returned '0': PYTHONPATH=/home/paolaramos/Documents/Autonomous-Drone/tello_ws/build/tello_interface/prefix_override:/usr/lib/python3/dist-packages/colcon_core/task/python/colcon_distutils_commands:/home/paolaramos/Documents/Autonomous-Drone/tello_ws/install/tello_interface/lib/python3.10/site-packages:${PYTHONPATH} /usr/bin/python3 -W ignore:setup.py install is deprecated -W ignore:easy_install command is deprecated setup.py egg_info --egg-base ../../build/tello_interface build --build-base /home/paolaramos/Documents/Autonomous-Drone/tello_ws/build/tello_interface/build install --record /home/paolaramos/Documents/Autonomous-Drone/tello_ws/build/tello_interface/install.log --single-version-externally-managed install_data
[2.777s] INFO:colcon.colcon_core.shell:Creating package script '/home/paolaramos/Documents/Autonomous-Drone/tello_ws/install/tello_interface/share/tello_interface/package.bash'
[2.777s] INFO:colcon.colcon_core.shell:Creating package script '/home/paolaramos/Documents/Autonomous-Drone/tello_ws/install/tello_interface/share/tello_interface/package.zsh'
[2.777s] Level 1:colcon.colcon_core.environment:create_file_with_runtime_dependencies(/home/paolaramos/Documents/Autonomous-Drone/tello_ws/install/tello_interface/share/colcon-core/packages/tello_interface)
[2.778s] DEBUG:colcon.colcon_parallel_executor.executor.parallel:closing loop
[2.779s] DEBUG:colcon.colcon_parallel_executor.executor.parallel:loop closed
[2.779s] DEBUG:colcon.colcon_parallel_executor.executor.parallel:run_until_complete finished with '0'
[2.779s] DEBUG:colcon.colcon_core.event_reactor:joining thread
[2.788s] INFO:colcon.colcon_core.plugin_system:Skipping extension 'colcon_notification.desktop_notification.terminal_notifier': Not used on non-Darwin systems
[2.788s] INFO:colcon.colcon_core.plugin_system:Skipping extension 'colcon_notification.desktop_notification.win32': Not used on non-Windows systems
[2.788s] INFO:colcon.colcon_notification.desktop_notification:Sending desktop notification using 'notify2'
[2.809s] DEBUG:colcon.colcon_core.event_reactor:joined thread
[2.809s] INFO:colcon.colcon_core.shell:Creating prefix script '/home/paolaramos/Documents/Autonomous-Drone/tello_ws/install/local_setup.ps1'
[2.810s] INFO:colcon.colcon_core.shell:Creating prefix util module '/home/paolaramos/Documents/Autonomous-Drone/tello_ws/install/_local_setup_util_ps1.py'
[2.813s] INFO:colcon.colcon_core.shell:Creating prefix chain script '/home/paolaramos/Documents/Autonomous-Drone/tello_ws/install/setup.ps1'
[2.815s] INFO:colcon.colcon_core.shell:Creating prefix script '/home/paolaramos/Documents/Autonomous-Drone/tello_ws/install/local_setup.sh'
[2.816s] INFO:colcon.colcon_core.shell:Creating prefix util module '/home/paolaramos/Documents/Autonomous-Drone/tello_ws/install/_local_setup_util_sh.py'
[2.816s] INFO:colcon.colcon_core.shell:Creating prefix chain script '/home/paolaramos/Documents/Autonomous-Drone/tello_ws/install/setup.sh'
[2.817s] INFO:colcon.colcon_core.shell:Creating prefix script '/home/paolaramos/Documents/Autonomous-Drone/tello_ws/install/local_setup.bash'
[2.817s] INFO:colcon.colcon_core.shell:Creating prefix chain script '/home/paolaramos/Documents/Autonomous-Drone/tello_ws/install/setup.bash'
[2.818s] INFO:colcon.colcon_core.shell:Creating prefix script '/home/paolaramos/Documents/Autonomous-Drone/tello_ws/install/local_setup.zsh'
[2.819s] INFO:colcon.colcon_core.shell:Creating prefix chain script '/home/paolaramos/Documents/Autonomous-Drone/tello_ws/install/setup.zsh'
