[0.194s] DEBUG:colcon:Command line arguments: ['/usr/bin/colcon', 'build', '--symlink-install']
[0.194s] DEBUG:colcon:Parsed command line arguments: Namespace(log_base=None, log_level=None, verb_name='build', build_base='build', install_base='install', merge_install=False, symlink_install=True, test_result_base=None, continue_on_error=False, executor='parallel', parallel_workers=4, event_handlers=None, ignore_user_meta=False, metas=['./colcon.meta'], base_paths=['.'], packages_ignore=None, packages_ignore_regex=None, paths=None, packages_up_to=None, packages_up_to_regex=None, packages_above=None, packages_above_and_dependencies=None, packages_above_depth=None, packages_select_by_dep=None, packages_skip_by_dep=None, packages_skip_up_to=None, packages_select_build_failed=False, packages_skip_build_finished=False, packages_select_test_failures=False, packages_skip_test_passed=False, packages_select=None, packages_skip=None, packages_select_regex=None, packages_skip_regex=None, packages_start=None, packages_end=None, allow_overriding=[], cmake_args=None, cmake_target=None, cmake_target_skip_unavailable=False, cmake_clean_cache=False, cmake_clean_first=False, cmake_force_configure=False, ament_cmake_args=None, catkin_cmake_args=None, catkin_skip_building_tests=False, verb_parser=<colcon_defaults.argument_parser.defaults.DefaultArgumentsDecorator object at 0x7be8ab10cd90>, verb_extension=<colcon_core.verb.build.BuildVerb object at 0x7be8aaeb3ca0>, main=<bound method BuildVerb.main of <colcon_core.verb.build.BuildVerb object at 0x7be8aaeb3ca0>>)
[0.371s] Level 1:colcon.colcon_core.package_discovery:discover_packages(colcon_meta) check parameters
[0.372s] Level 1:colcon.colcon_core.package_discovery:discover_packages(recursive) check parameters
[0.372s] Level 1:colcon.colcon_core.package_discovery:discover_packages(ignore) check parameters
[0.372s] Level 1:colcon.colcon_core.package_discovery:discover_packages(path) check parameters
[0.372s] Level 1:colcon.colcon_core.package_discovery:discover_packages(colcon_meta) discover
[0.372s] Level 1:colcon.colcon_core.package_discovery:discover_packages(recursive) discover
[0.372s] INFO:colcon.colcon_core.package_discovery:Crawling recursively for packages in '/home/paolaramos/Documents/Autonomous-Drone/tello_ws'
[0.372s] Level 1:colcon.colcon_core.package_identification:_identify(.) by extensions ['ignore', 'ignore_ament_install']
[0.373s] Level 1:colcon.colcon_core.package_identification:_identify(.) by extension 'ignore'
[0.373s] Level 1:colcon.colcon_core.package_identification:_identify(.) by extension 'ignore_ament_install'
[0.373s] Level 1:colcon.colcon_core.package_identification:_identify(.) by extensions ['colcon_pkg']
[0.373s] Level 1:colcon.colcon_core.package_identification:_identify(.) by extension 'colcon_pkg'
[0.373s] Level 1:colcon.colcon_core.package_identification:_identify(.) by extensions ['colcon_meta']
[0.373s] Level 1:colcon.colcon_core.package_identification:_identify(.) by extension 'colcon_meta'
[0.373s] Level 1:colcon.colcon_core.package_identification:_identify(.) by extensions ['ros']
[0.373s] Level 1:colcon.colcon_core.package_identification:_identify(.) by extension 'ros'
[0.468s] Level 1:colcon.colcon_core.package_identification:_identify(.) by extensions ['cmake', 'python']
[0.468s] Level 1:colcon.colcon_core.package_identification:_identify(.) by extension 'cmake'
[0.469s] Level 1:colcon.colcon_core.package_identification:_identify(.) by extension 'python'
[0.469s] Level 1:colcon.colcon_core.package_identification:_identify(.) by extensions ['python_setup_py']
[0.469s] Level 1:colcon.colcon_core.package_identification:_identify(.) by extension 'python_setup_py'
[0.469s] Level 1:colcon.colcon_core.package_identification:_identify(build) by extensions ['ignore', 'ignore_ament_install']
[0.469s] Level 1:colcon.colcon_core.package_identification:_identify(build) by extension 'ignore'
[0.469s] Level 1:colcon.colcon_core.package_identification:_identify(build) ignored
[0.470s] Level 1:colcon.colcon_core.package_identification:_identify(install) by extensions ['ignore', 'ignore_ament_install']
[0.470s] Level 1:colcon.colcon_core.package_identification:_identify(install) by extension 'ignore'
[0.470s] Level 1:colcon.colcon_core.package_identification:_identify(install) ignored
[0.470s] Level 1:colcon.colcon_core.package_identification:_identify(log) by extensions ['ignore', 'ignore_ament_install']
[0.471s] Level 1:colcon.colcon_core.package_identification:_identify(log) by extension 'ignore'
[0.471s] Level 1:colcon.colcon_core.package_identification:_identify(log) ignored
[0.471s] Level 1:colcon.colcon_core.package_identification:_identify(src) by extensions ['ignore', 'ignore_ament_install']
[0.471s] Level 1:colcon.colcon_core.package_identification:_identify(src) by extension 'ignore'
[0.471s] Level 1:colcon.colcon_core.package_identification:_identify(src) by extension 'ignore_ament_install'
[0.471s] Level 1:colcon.colcon_core.package_identification:_identify(src) by extensions ['colcon_pkg']
[0.471s] Level 1:colcon.colcon_core.package_identification:_identify(src) by extension 'colcon_pkg'
[0.471s] Level 1:colcon.colcon_core.package_identification:_identify(src) by extensions ['colcon_meta']
[0.471s] Level 1:colcon.colcon_core.package_identification:_identify(src) by extension 'colcon_meta'
[0.471s] Level 1:colcon.colcon_core.package_identification:_identify(src) by extensions ['ros']
[0.471s] Level 1:colcon.colcon_core.package_identification:_identify(src) by extension 'ros'
[0.471s] Level 1:colcon.colcon_core.package_identification:_identify(src) by extensions ['cmake', 'python']
[0.471s] Level 1:colcon.colcon_core.package_identification:_identify(src) by extension 'cmake'
[0.472s] Level 1:colcon.colcon_core.package_identification:_identify(src) by extension 'python'
[0.472s] Level 1:colcon.colcon_core.package_identification:_identify(src) by extensions ['python_setup_py']
[0.472s] Level 1:colcon.colcon_core.package_identification:_identify(src) by extension 'python_setup_py'
[0.472s] Level 1:colcon.colcon_core.package_identification:_identify(src/tello_control) by extensions ['ignore', 'ignore_ament_install']
[0.472s] Level 1:colcon.colcon_core.package_identification:_identify(src/tello_control) by extension 'ignore'
[0.473s] Level 1:colcon.colcon_core.package_identification:_identify(src/tello_control) by extension 'ignore_ament_install'
[0.473s] Level 1:colcon.colcon_core.package_identification:_identify(src/tello_control) by extensions ['colcon_pkg']
[0.473s] Level 1:colcon.colcon_core.package_identification:_identify(src/tello_control) by extension 'colcon_pkg'
[0.473s] Level 1:colcon.colcon_core.package_identification:_identify(src/tello_control) by extensions ['colcon_meta']
[0.473s] Level 1:colcon.colcon_core.package_identification:_identify(src/tello_control) by extension 'colcon_meta'
[0.473s] Level 1:colcon.colcon_core.package_identification:_identify(src/tello_control) by extensions ['ros']
[0.473s] Level 1:colcon.colcon_core.package_identification:_identify(src/tello_control) by extension 'ros'
[0.486s] DEBUG:colcon.colcon_core.package_identification:Package 'src/tello_control' with type 'ros.ament_python' and name 'tello_control'
[0.487s] Level 1:colcon.colcon_core.package_identification:_identify(src/tello_interface) by extensions ['ignore', 'ignore_ament_install']
[0.488s] Level 1:colcon.colcon_core.package_identification:_identify(src/tello_interface) by extension 'ignore'
[0.489s] Level 1:colcon.colcon_core.package_identification:_identify(src/tello_interface) by extension 'ignore_ament_install'
[0.490s] Level 1:colcon.colcon_core.package_identification:_identify(src/tello_interface) by extensions ['colcon_pkg']
[0.490s] Level 1:colcon.colcon_core.package_identification:_identify(src/tello_interface) by extension 'colcon_pkg'
[0.491s] Level 1:colcon.colcon_core.package_identification:_identify(src/tello_interface) by extensions ['colcon_meta']
[0.491s] Level 1:colcon.colcon_core.package_identification:_identify(src/tello_interface) by extension 'colcon_meta'
[0.491s] Level 1:colcon.colcon_core.package_identification:_identify(src/tello_interface) by extensions ['ros']
[0.491s] Level 1:colcon.colcon_core.package_identification:_identify(src/tello_interface) by extension 'ros'
[0.493s] DEBUG:colcon.colcon_core.package_identification:Package 'src/tello_interface' with type 'ros.ament_python' and name 'tello_interface'
[0.494s] Level 1:colcon.colcon_core.package_identification:_identify(src/tello_odometry) by extensions ['ignore', 'ignore_ament_install']
[0.495s] Level 1:colcon.colcon_core.package_identification:_identify(src/tello_odometry) by extension 'ignore'
[0.495s] Level 1:colcon.colcon_core.package_identification:_identify(src/tello_odometry) by extension 'ignore_ament_install'
[0.495s] Level 1:colcon.colcon_core.package_identification:_identify(src/tello_odometry) by extensions ['colcon_pkg']
[0.495s] Level 1:colcon.colcon_core.package_identification:_identify(src/tello_odometry) by extension 'colcon_pkg'
[0.495s] Level 1:colcon.colcon_core.package_identification:_identify(src/tello_odometry) by extensions ['colcon_meta']
[0.495s] Level 1:colcon.colcon_core.package_identification:_identify(src/tello_odometry) by extension 'colcon_meta'
[0.495s] Level 1:colcon.colcon_core.package_identification:_identify(src/tello_odometry) by extensions ['ros']
[0.495s] Level 1:colcon.colcon_core.package_identification:_identify(src/tello_odometry) by extension 'ros'
[0.497s] DEBUG:colcon.colcon_core.package_identification:Package 'src/tello_odometry' with type 'ros.ament_python' and name 'tello_odometry'
[0.497s] Level 1:colcon.colcon_core.package_discovery:discover_packages(recursive) using defaults
[0.498s] Level 1:colcon.colcon_core.package_discovery:discover_packages(ignore) discover
[0.498s] Level 1:colcon.colcon_core.package_discovery:discover_packages(ignore) using defaults
[0.498s] Level 1:colcon.colcon_core.package_discovery:discover_packages(path) discover
[0.498s] Level 1:colcon.colcon_core.package_discovery:discover_packages(path) using defaults
[0.569s] Level 1:colcon.colcon_core.package_discovery:discover_packages(prefix_path) check parameters
[0.569s] Level 1:colcon.colcon_core.package_discovery:discover_packages(prefix_path) discover
[0.571s] DEBUG:colcon.colcon_installed_package_information.package_discovery:Found 3 installed packages in /home/paolaramos/Documents/Autonomous-Drone/tello_ws/install
[0.572s] DEBUG:colcon.colcon_installed_package_information.package_discovery:Found 278 installed packages in /opt/ros/humble
[0.574s] Level 1:colcon.colcon_core.package_discovery:discover_packages(prefix_path) using defaults
[0.603s] Level 5:colcon.colcon_core.verb:set package 'tello_control' build argument 'cmake_args' from command line to 'None'
[0.603s] Level 5:colcon.colcon_core.verb:set package 'tello_control' build argument 'cmake_target' from command line to 'None'
[0.603s] Level 5:colcon.colcon_core.verb:set package 'tello_control' build argument 'cmake_target_skip_unavailable' from command line to 'False'
[0.603s] Level 5:colcon.colcon_core.verb:set package 'tello_control' build argument 'cmake_clean_cache' from command line to 'False'
[0.603s] Level 5:colcon.colcon_core.verb:set package 'tello_control' build argument 'cmake_clean_first' from command line to 'False'
[0.603s] Level 5:colcon.colcon_core.verb:set package 'tello_control' build argument 'cmake_force_configure' from command line to 'False'
[0.603s] Level 5:colcon.colcon_core.verb:set package 'tello_control' build argument 'ament_cmake_args' from command line to 'None'
[0.603s] Level 5:colcon.colcon_core.verb:set package 'tello_control' build argument 'catkin_cmake_args' from command line to 'None'
[0.603s] Level 5:colcon.colcon_core.verb:set package 'tello_control' build argument 'catkin_skip_building_tests' from command line to 'False'
[0.603s] DEBUG:colcon.colcon_core.verb:Building package 'tello_control' with the following arguments: {'ament_cmake_args': None, 'build_base': '/home/paolaramos/Documents/Autonomous-Drone/tello_ws/build/tello_control', 'catkin_cmake_args': None, 'catkin_skip_building_tests': False, 'cmake_args': None, 'cmake_clean_cache': False, 'cmake_clean_first': False, 'cmake_force_configure': False, 'cmake_target': None, 'cmake_target_skip_unavailable': False, 'install_base': '/home/paolaramos/Documents/Autonomous-Drone/tello_ws/install/tello_control', 'merge_install': False, 'path': '/home/paolaramos/Documents/Autonomous-Drone/tello_ws/src/tello_control', 'symlink_install': True, 'test_result_base': None}
[0.604s] Level 5:colcon.colcon_core.verb:set package 'tello_interface' build argument 'cmake_args' from command line to 'None'
[0.604s] Level 5:colcon.colcon_core.verb:set package 'tello_interface' build argument 'cmake_target' from command line to 'None'
[0.604s] Level 5:colcon.colcon_core.verb:set package 'tello_interface' build argument 'cmake_target_skip_unavailable' from command line to 'False'
[0.604s] Level 5:colcon.colcon_core.verb:set package 'tello_interface' build argument 'cmake_clean_cache' from command line to 'False'
[0.604s] Level 5:colcon.colcon_core.verb:set package 'tello_interface' build argument 'cmake_clean_first' from command line to 'False'
[0.604s] Level 5:colcon.colcon_core.verb:set package 'tello_interface' build argument 'cmake_force_configure' from command line to 'False'
[0.604s] Level 5:colcon.colcon_core.verb:set package 'tello_interface' build argument 'ament_cmake_args' from command line to 'None'
[0.604s] Level 5:colcon.colcon_core.verb:set package 'tello_interface' build argument 'catkin_cmake_args' from command line to 'None'
[0.604s] Level 5:colcon.colcon_core.verb:set package 'tello_interface' build argument 'catkin_skip_building_tests' from command line to 'False'
[0.604s] DEBUG:colcon.colcon_core.verb:Building package 'tello_interface' with the following arguments: {'ament_cmake_args': None, 'build_base': '/home/paolaramos/Documents/Autonomous-Drone/tello_ws/build/tello_interface', 'catkin_cmake_args': None, 'catkin_skip_building_tests': False, 'cmake_args': None, 'cmake_clean_cache': False, 'cmake_clean_first': False, 'cmake_force_configure': False, 'cmake_target': None, 'cmake_target_skip_unavailable': False, 'install_base': '/home/paolaramos/Documents/Autonomous-Drone/tello_ws/install/tello_interface', 'merge_install': False, 'path': '/home/paolaramos/Documents/Autonomous-Drone/tello_ws/src/tello_interface', 'symlink_install': True, 'test_result_base': None}
[0.604s] Level 5:colcon.colcon_core.verb:set package 'tello_odometry' build argument 'cmake_args' from command line to 'None'
[0.604s] Level 5:colcon.colcon_core.verb:set package 'tello_odometry' build argument 'cmake_target' from command line to 'None'
[0.604s] Level 5:colcon.colcon_core.verb:set package 'tello_odometry' build argument 'cmake_target_skip_unavailable' from command line to 'False'
[0.604s] Level 5:colcon.colcon_core.verb:set package 'tello_odometry' build argument 'cmake_clean_cache' from command line to 'False'
[0.604s] Level 5:colcon.colcon_core.verb:set package 'tello_odometry' build argument 'cmake_clean_first' from command line to 'False'
[0.604s] Level 5:colcon.colcon_core.verb:set package 'tello_odometry' build argument 'cmake_force_configure' from command line to 'False'
[0.604s] Level 5:colcon.colcon_core.verb:set package 'tello_odometry' build argument 'ament_cmake_args' from command line to 'None'
[0.604s] Level 5:colcon.colcon_core.verb:set package 'tello_odometry' build argument 'catkin_cmake_args' from command line to 'None'
[0.604s] Level 5:colcon.colcon_core.verb:set package 'tello_odometry' build argument 'catkin_skip_building_tests' from command line to 'False'
[0.604s] DEBUG:colcon.colcon_core.verb:Building package 'tello_odometry' with the following arguments: {'ament_cmake_args': None, 'build_base': '/home/paolaramos/Documents/Autonomous-Drone/tello_ws/build/tello_odometry', 'catkin_cmake_args': None, 'catkin_skip_building_tests': False, 'cmake_args': None, 'cmake_clean_cache': False, 'cmake_clean_first': False, 'cmake_force_configure': False, 'cmake_target': None, 'cmake_target_skip_unavailable': False, 'install_base': '/home/paolaramos/Documents/Autonomous-Drone/tello_ws/install/tello_odometry', 'merge_install': False, 'path': '/home/paolaramos/Documents/Autonomous-Drone/tello_ws/src/tello_odometry', 'symlink_install': True, 'test_result_base': None}
[0.605s] INFO:colcon.colcon_core.executor:Executing jobs using 'parallel' executor
[0.606s] DEBUG:colcon.colcon_parallel_executor.executor.parallel:run_until_complete
[0.606s] INFO:colcon.colcon_ros.task.ament_python.build:Building ROS package in '/home/paolaramos/Documents/Autonomous-Drone/tello_ws/src/tello_control' with build type 'ament_python'
[0.606s] Level 1:colcon.colcon_core.shell:create_environment_hook('tello_control', 'ament_prefix_path')
[0.609s] INFO:colcon.colcon_core.plugin_system:Skipping extension 'colcon_core.shell.bat': Not used on non-Windows systems
[0.610s] INFO:colcon.colcon_core.shell:Creating environment hook '/home/paolaramos/Documents/Autonomous-Drone/tello_ws/install/tello_control/share/tello_control/hook/ament_prefix_path.ps1'
[0.611s] INFO:colcon.colcon_core.shell:Creating environment descriptor '/home/paolaramos/Documents/Autonomous-Drone/tello_ws/install/tello_control/share/tello_control/hook/ament_prefix_path.dsv'
[0.612s] INFO:colcon.colcon_core.shell:Creating environment hook '/home/paolaramos/Documents/Autonomous-Drone/tello_ws/install/tello_control/share/tello_control/hook/ament_prefix_path.sh'
[0.614s] INFO:colcon.colcon_core.shell:Skip shell extension 'powershell' for command environment: Not usable outside of PowerShell
[0.615s] DEBUG:colcon.colcon_core.shell:Skip shell extension 'dsv' for command environment
[0.621s] INFO:colcon.colcon_ros.task.ament_python.build:Building ROS package in '/home/paolaramos/Documents/Autonomous-Drone/tello_ws/src/tello_interface' with build type 'ament_python'
[0.621s] Level 1:colcon.colcon_core.shell:create_environment_hook('tello_interface', 'ament_prefix_path')
[0.622s] INFO:colcon.colcon_core.shell:Creating environment hook '/home/paolaramos/Documents/Autonomous-Drone/tello_ws/install/tello_interface/share/tello_interface/hook/ament_prefix_path.ps1'
[0.623s] INFO:colcon.colcon_core.shell:Creating environment descriptor '/home/paolaramos/Documents/Autonomous-Drone/tello_ws/install/tello_interface/share/tello_interface/hook/ament_prefix_path.dsv'
[0.624s] INFO:colcon.colcon_core.shell:Creating environment hook '/home/paolaramos/Documents/Autonomous-Drone/tello_ws/install/tello_interface/share/tello_interface/hook/ament_prefix_path.sh'
[0.624s] INFO:colcon.colcon_core.shell:Skip shell extension 'powershell' for command environment: Not usable outside of PowerShell
[0.624s] DEBUG:colcon.colcon_core.shell:Skip shell extension 'dsv' for command environment
[0.633s] INFO:colcon.colcon_ros.task.ament_python.build:Building ROS package in '/home/paolaramos/Documents/Autonomous-Drone/tello_ws/src/tello_odometry' with build type 'ament_python'
[0.634s] Level 1:colcon.colcon_core.shell:create_environment_hook('tello_odometry', 'ament_prefix_path')
[0.634s] INFO:colcon.colcon_core.shell:Creating environment hook '/home/paolaramos/Documents/Autonomous-Drone/tello_ws/install/tello_odometry/share/tello_odometry/hook/ament_prefix_path.ps1'
[0.635s] INFO:colcon.colcon_core.shell:Creating environment descriptor '/home/paolaramos/Documents/Autonomous-Drone/tello_ws/install/tello_odometry/share/tello_odometry/hook/ament_prefix_path.dsv'
[0.636s] INFO:colcon.colcon_core.shell:Creating environment hook '/home/paolaramos/Documents/Autonomous-Drone/tello_ws/install/tello_odometry/share/tello_odometry/hook/ament_prefix_path.sh'
[0.637s] INFO:colcon.colcon_core.shell:Skip shell extension 'powershell' for command environment: Not usable outside of PowerShell
[0.637s] DEBUG:colcon.colcon_core.shell:Skip shell extension 'dsv' for command environment
[1.188s] INFO:colcon.colcon_core.task.python.build:Building Python package in '/home/paolaramos/Documents/Autonomous-Drone/tello_ws/src/tello_control'
[1.188s] INFO:colcon.colcon_core.shell:Skip shell extension 'powershell' for command environment: Not usable outside of PowerShell
[1.188s] DEBUG:colcon.colcon_core.shell:Skip shell extension 'dsv' for command environment
[1.488s] INFO:colcon.colcon_core.task.python.build:Building Python package in '/home/paolaramos/Documents/Autonomous-Drone/tello_ws/src/tello_interface'
[1.489s] INFO:colcon.colcon_core.shell:Skip shell extension 'powershell' for command environment: Not usable outside of PowerShell
[1.489s] DEBUG:colcon.colcon_core.shell:Skip shell extension 'dsv' for command environment
[1.903s] INFO:colcon.colcon_core.task.python.build:Building Python package in '/home/paolaramos/Documents/Autonomous-Drone/tello_ws/src/tello_odometry'
[1.903s] INFO:colcon.colcon_core.shell:Skip shell extension 'powershell' for command environment: Not usable outside of PowerShell
[1.903s] DEBUG:colcon.colcon_core.shell:Skip shell extension 'dsv' for command environment
[2.550s] DEBUG:colcon.colcon_core.task.python.build:While undoing a previous installation files outside the Python library path are being ignored: /home/paolaramos/Documents/Autonomous-Drone/tello_ws/install/tello_control/share/ament_index/resource_index/packages/tello_control
[2.550s] DEBUG:colcon.colcon_core.task.python.build:While undoing a previous installation files outside the Python library path are being ignored: /home/paolaramos/Documents/Autonomous-Drone/tello_ws/install/tello_control/share/tello_control/package.xml
[2.551s] DEBUG:colcon.colcon_core.task.python.build:While undoing a previous installation files outside the Python library path are being ignored: /home/paolaramos/Documents/Autonomous-Drone/tello_ws/install/tello_control/lib/tello_control/control_node
[2.565s] DEBUG:colcon.colcon_core.event_handler.log_command:Invoking command in '/home/paolaramos/Documents/Autonomous-Drone/tello_ws/build/tello_control': PYTHONPATH=/home/paolaramos/Documents/Autonomous-Drone/tello_ws/build/tello_control/prefix_override:/usr/lib/python3/dist-packages/colcon_core/task/python/colcon_distutils_commands:/home/paolaramos/Documents/Autonomous-Drone/tello_ws/install/tello_control/lib/python3.10/site-packages:${PYTHONPATH} /usr/bin/python3 -W ignore:setup.py install is deprecated -W ignore:easy_install command is deprecated setup.py develop --editable --build-directory /home/paolaramos/Documents/Autonomous-Drone/tello_ws/build/tello_control/build --no-deps symlink_data --force
[2.596s] DEBUG:colcon.colcon_core.task.python.build:While undoing a previous installation files outside the Python library path are being ignored: /home/paolaramos/Documents/Autonomous-Drone/tello_ws/install/tello_interface/share/ament_index/resource_index/packages/tello_interface
[2.597s] DEBUG:colcon.colcon_core.task.python.build:While undoing a previous installation files outside the Python library path are being ignored: /home/paolaramos/Documents/Autonomous-Drone/tello_ws/install/tello_interface/share/tello_interface/package.xml
[2.597s] DEBUG:colcon.colcon_core.task.python.build:While undoing a previous installation files outside the Python library path are being ignored: /home/paolaramos/Documents/Autonomous-Drone/tello_ws/install/tello_interface/lib/tello_interface/tello_node
[2.606s] DEBUG:colcon.colcon_core.task.python.build:While undoing a previous installation files outside the Python library path are being ignored: /home/paolaramos/Documents/Autonomous-Drone/tello_ws/install/tello_odometry/share/ament_index/resource_index/packages/tello_odometry
[2.607s] DEBUG:colcon.colcon_core.task.python.build:While undoing a previous installation files outside the Python library path are being ignored: /home/paolaramos/Documents/Autonomous-Drone/tello_ws/install/tello_odometry/share/tello_odometry/package.xml
[2.608s] DEBUG:colcon.colcon_core.event_handler.log_command:Invoking command in '/home/paolaramos/Documents/Autonomous-Drone/tello_ws/build/tello_interface': PYTHONPATH=/home/paolaramos/Documents/Autonomous-Drone/tello_ws/build/tello_interface/prefix_override:/usr/lib/python3/dist-packages/colcon_core/task/python/colcon_distutils_commands:/home/paolaramos/Documents/Autonomous-Drone/tello_ws/install/tello_interface/lib/python3.10/site-packages:${PYTHONPATH} /usr/bin/python3 -W ignore:setup.py install is deprecated -W ignore:easy_install command is deprecated setup.py develop --editable --build-directory /home/paolaramos/Documents/Autonomous-Drone/tello_ws/build/tello_interface/build --no-deps symlink_data --force
[2.608s] DEBUG:colcon.colcon_core.task.python.build:While undoing a previous installation files outside the Python library path are being ignored: /home/paolaramos/Documents/Autonomous-Drone/tello_ws/install/tello_odometry/lib/tello_odometry/odom_node
[2.636s] DEBUG:colcon.colcon_core.event_handler.log_command:Invoking command in '/home/paolaramos/Documents/Autonomous-Drone/tello_ws/build/tello_odometry': PYTHONPATH=/home/paolaramos/Documents/Autonomous-Drone/tello_ws/build/tello_odometry/prefix_override:/usr/lib/python3/dist-packages/colcon_core/task/python/colcon_distutils_commands:/home/paolaramos/Documents/Autonomous-Drone/tello_ws/install/tello_odometry/lib/python3.10/site-packages:${PYTHONPATH} /usr/bin/python3 -W ignore:setup.py install is deprecated -W ignore:easy_install command is deprecated setup.py develop --editable --build-directory /home/paolaramos/Documents/Autonomous-Drone/tello_ws/build/tello_odometry/build --no-deps symlink_data --force
[3.502s] Level 1:colcon.colcon_core.shell:create_environment_hook('tello_control', 'pythonpath_develop')
[3.503s] INFO:colcon.colcon_core.shell:Creating environment hook '/home/paolaramos/Documents/Autonomous-Drone/tello_ws/build/tello_control/share/tello_control/hook/pythonpath_develop.ps1'
[3.507s] INFO:colcon.colcon_core.shell:Creating environment descriptor '/home/paolaramos/Documents/Autonomous-Drone/tello_ws/build/tello_control/share/tello_control/hook/pythonpath_develop.dsv'
[3.509s] INFO:colcon.colcon_core.shell:Creating environment hook '/home/paolaramos/Documents/Autonomous-Drone/tello_ws/build/tello_control/share/tello_control/hook/pythonpath_develop.sh'
[3.516s] DEBUG:colcon.colcon_core.event_handler.log_command:Invoked command in '/home/paolaramos/Documents/Autonomous-Drone/tello_ws/build/tello_control' returned '0': PYTHONPATH=/home/paolaramos/Documents/Autonomous-Drone/tello_ws/build/tello_control/prefix_override:/usr/lib/python3/dist-packages/colcon_core/task/python/colcon_distutils_commands:/home/paolaramos/Documents/Autonomous-Drone/tello_ws/install/tello_control/lib/python3.10/site-packages:${PYTHONPATH} /usr/bin/python3 -W ignore:setup.py install is deprecated -W ignore:easy_install command is deprecated setup.py develop --editable --build-directory /home/paolaramos/Documents/Autonomous-Drone/tello_ws/build/tello_control/build --no-deps symlink_data --force
[3.554s] Level 1:colcon.colcon_core.environment:checking '/home/paolaramos/Documents/Autonomous-Drone/tello_ws/install/tello_control' for CMake module files
[3.555s] Level 1:colcon.colcon_core.environment:checking '/home/paolaramos/Documents/Autonomous-Drone/tello_ws/install/tello_control' for CMake config files
[3.556s] Level 1:colcon.colcon_core.environment:checking '/home/paolaramos/Documents/Autonomous-Drone/tello_ws/install/tello_control/lib'
[3.557s] Level 1:colcon.colcon_core.environment:checking '/home/paolaramos/Documents/Autonomous-Drone/tello_ws/install/tello_control/bin'
[3.557s] Level 1:colcon.colcon_core.environment:checking '/home/paolaramos/Documents/Autonomous-Drone/tello_ws/install/tello_control/lib/pkgconfig/tello_control.pc'
[3.557s] Level 1:colcon.colcon_core.environment:checking '/home/paolaramos/Documents/Autonomous-Drone/tello_ws/install/tello_control/lib/python3.10/site-packages'
[3.557s] Level 1:colcon.colcon_core.shell:create_environment_hook('tello_control', 'pythonpath')
[3.560s] INFO:colcon.colcon_core.shell:Creating environment hook '/home/paolaramos/Documents/Autonomous-Drone/tello_ws/install/tello_control/share/tello_control/hook/pythonpath.ps1'
[3.561s] INFO:colcon.colcon_core.shell:Creating environment descriptor '/home/paolaramos/Documents/Autonomous-Drone/tello_ws/install/tello_control/share/tello_control/hook/pythonpath.dsv'
[3.564s] INFO:colcon.colcon_core.shell:Creating environment hook '/home/paolaramos/Documents/Autonomous-Drone/tello_ws/install/tello_control/share/tello_control/hook/pythonpath.sh'
[3.566s] Level 1:colcon.colcon_core.environment:checking '/home/paolaramos/Documents/Autonomous-Drone/tello_ws/install/tello_control/bin'
[3.567s] Level 1:colcon.colcon_core.environment:create_environment_scripts_only(tello_control)
[3.567s] INFO:colcon.colcon_core.shell:Creating package script '/home/paolaramos/Documents/Autonomous-Drone/tello_ws/install/tello_control/share/tello_control/package.ps1'
[3.569s] INFO:colcon.colcon_core.shell:Creating package descriptor '/home/paolaramos/Documents/Autonomous-Drone/tello_ws/install/tello_control/share/tello_control/package.dsv'
[3.571s] INFO:colcon.colcon_core.shell:Creating package script '/home/paolaramos/Documents/Autonomous-Drone/tello_ws/install/tello_control/share/tello_control/package.sh'
[3.573s] INFO:colcon.colcon_core.shell:Creating package script '/home/paolaramos/Documents/Autonomous-Drone/tello_ws/install/tello_control/share/tello_control/package.bash'
[3.574s] INFO:colcon.colcon_core.shell:Creating package script '/home/paolaramos/Documents/Autonomous-Drone/tello_ws/install/tello_control/share/tello_control/package.zsh'
[3.576s] Level 1:colcon.colcon_core.environment:create_file_with_runtime_dependencies(/home/paolaramos/Documents/Autonomous-Drone/tello_ws/install/tello_control/share/colcon-core/packages/tello_control)
[3.610s] Level 1:colcon.colcon_core.shell:create_environment_hook('tello_odometry', 'pythonpath_develop')
[3.610s] INFO:colcon.colcon_core.shell:Creating environment hook '/home/paolaramos/Documents/Autonomous-Drone/tello_ws/build/tello_odometry/share/tello_odometry/hook/pythonpath_develop.ps1'
[3.612s] INFO:colcon.colcon_core.shell:Creating environment descriptor '/home/paolaramos/Documents/Autonomous-Drone/tello_ws/build/tello_odometry/share/tello_odometry/hook/pythonpath_develop.dsv'
[3.614s] INFO:colcon.colcon_core.shell:Creating environment hook '/home/paolaramos/Documents/Autonomous-Drone/tello_ws/build/tello_odometry/share/tello_odometry/hook/pythonpath_develop.sh'
[3.616s] Level 1:colcon.colcon_core.environment:checking '/home/paolaramos/Documents/Autonomous-Drone/tello_ws/install/tello_odometry' for CMake module files
[3.618s] Level 1:colcon.colcon_core.environment:checking '/home/paolaramos/Documents/Autonomous-Drone/tello_ws/install/tello_odometry' for CMake config files
[3.620s] DEBUG:colcon.colcon_core.event_handler.log_command:Invoked command in '/home/paolaramos/Documents/Autonomous-Drone/tello_ws/build/tello_odometry' returned '0': PYTHONPATH=/home/paolaramos/Documents/Autonomous-Drone/tello_ws/build/tello_odometry/prefix_override:/usr/lib/python3/dist-packages/colcon_core/task/python/colcon_distutils_commands:/home/paolaramos/Documents/Autonomous-Drone/tello_ws/install/tello_odometry/lib/python3.10/site-packages:${PYTHONPATH} /usr/bin/python3 -W ignore:setup.py install is deprecated -W ignore:easy_install command is deprecated setup.py develop --editable --build-directory /home/paolaramos/Documents/Autonomous-Drone/tello_ws/build/tello_odometry/build --no-deps symlink_data --force
[3.623s] Level 1:colcon.colcon_core.environment:checking '/home/paolaramos/Documents/Autonomous-Drone/tello_ws/install/tello_odometry/lib'
[3.623s] Level 1:colcon.colcon_core.environment:checking '/home/paolaramos/Documents/Autonomous-Drone/tello_ws/install/tello_odometry/bin'
[3.624s] Level 1:colcon.colcon_core.environment:checking '/home/paolaramos/Documents/Autonomous-Drone/tello_ws/install/tello_odometry/lib/pkgconfig/tello_odometry.pc'
[3.629s] Level 1:colcon.colcon_core.environment:checking '/home/paolaramos/Documents/Autonomous-Drone/tello_ws/install/tello_odometry/lib/python3.10/site-packages'
[3.630s] Level 1:colcon.colcon_core.shell:create_environment_hook('tello_odometry', 'pythonpath')
[3.631s] INFO:colcon.colcon_core.shell:Creating environment hook '/home/paolaramos/Documents/Autonomous-Drone/tello_ws/install/tello_odometry/share/tello_odometry/hook/pythonpath.ps1'
[3.631s] INFO:colcon.colcon_core.shell:Creating environment descriptor '/home/paolaramos/Documents/Autonomous-Drone/tello_ws/install/tello_odometry/share/tello_odometry/hook/pythonpath.dsv'
[3.633s] INFO:colcon.colcon_core.shell:Creating environment hook '/home/paolaramos/Documents/Autonomous-Drone/tello_ws/install/tello_odometry/share/tello_odometry/hook/pythonpath.sh'
[3.634s] Level 1:colcon.colcon_core.environment:checking '/home/paolaramos/Documents/Autonomous-Drone/tello_ws/install/tello_odometry/bin'
[3.634s] Level 1:colcon.colcon_core.environment:create_environment_scripts_only(tello_odometry)
[3.635s] INFO:colcon.colcon_core.shell:Creating package script '/home/paolaramos/Documents/Autonomous-Drone/tello_ws/install/tello_odometry/share/tello_odometry/package.ps1'
[3.636s] INFO:colcon.colcon_core.shell:Creating package descriptor '/home/paolaramos/Documents/Autonomous-Drone/tello_ws/install/tello_odometry/share/tello_odometry/package.dsv'
[3.646s] INFO:colcon.colcon_core.shell:Creating package script '/home/paolaramos/Documents/Autonomous-Drone/tello_ws/install/tello_odometry/share/tello_odometry/package.sh'
[3.648s] INFO:colcon.colcon_core.shell:Creating package script '/home/paolaramos/Documents/Autonomous-Drone/tello_ws/install/tello_odometry/share/tello_odometry/package.bash'
[3.648s] INFO:colcon.colcon_core.shell:Creating package script '/home/paolaramos/Documents/Autonomous-Drone/tello_ws/install/tello_odometry/share/tello_odometry/package.zsh'
[3.651s] Level 1:colcon.colcon_core.environment:create_file_with_runtime_dependencies(/home/paolaramos/Documents/Autonomous-Drone/tello_ws/install/tello_odometry/share/colcon-core/packages/tello_odometry)
[3.716s] Level 1:colcon.colcon_core.shell:create_environment_hook('tello_interface', 'pythonpath_develop')
[3.716s] INFO:colcon.colcon_core.shell:Creating environment hook '/home/paolaramos/Documents/Autonomous-Drone/tello_ws/build/tello_interface/share/tello_interface/hook/pythonpath_develop.ps1'
[3.720s] DEBUG:colcon.colcon_core.event_handler.log_command:Invoked command in '/home/paolaramos/Documents/Autonomous-Drone/tello_ws/build/tello_interface' returned '0': PYTHONPATH=/home/paolaramos/Documents/Autonomous-Drone/tello_ws/build/tello_interface/prefix_override:/usr/lib/python3/dist-packages/colcon_core/task/python/colcon_distutils_commands:/home/paolaramos/Documents/Autonomous-Drone/tello_ws/install/tello_interface/lib/python3.10/site-packages:${PYTHONPATH} /usr/bin/python3 -W ignore:setup.py install is deprecated -W ignore:easy_install command is deprecated setup.py develop --editable --build-directory /home/paolaramos/Documents/Autonomous-Drone/tello_ws/build/tello_interface/build --no-deps symlink_data --force
[3.722s] INFO:colcon.colcon_core.shell:Creating environment descriptor '/home/paolaramos/Documents/Autonomous-Drone/tello_ws/build/tello_interface/share/tello_interface/hook/pythonpath_develop.dsv'
[3.722s] INFO:colcon.colcon_core.shell:Creating environment hook '/home/paolaramos/Documents/Autonomous-Drone/tello_ws/build/tello_interface/share/tello_interface/hook/pythonpath_develop.sh'
[3.723s] Level 1:colcon.colcon_core.environment:checking '/home/paolaramos/Documents/Autonomous-Drone/tello_ws/install/tello_interface' for CMake module files
[3.724s] Level 1:colcon.colcon_core.environment:checking '/home/paolaramos/Documents/Autonomous-Drone/tello_ws/install/tello_interface' for CMake config files
[3.725s] Level 1:colcon.colcon_core.environment:checking '/home/paolaramos/Documents/Autonomous-Drone/tello_ws/install/tello_interface/lib'
[3.725s] Level 1:colcon.colcon_core.environment:checking '/home/paolaramos/Documents/Autonomous-Drone/tello_ws/install/tello_interface/bin'
[3.725s] Level 1:colcon.colcon_core.environment:checking '/home/paolaramos/Documents/Autonomous-Drone/tello_ws/install/tello_interface/lib/pkgconfig/tello_interface.pc'
[3.725s] Level 1:colcon.colcon_core.environment:checking '/home/paolaramos/Documents/Autonomous-Drone/tello_ws/install/tello_interface/lib/python3.10/site-packages'
[3.725s] Level 1:colcon.colcon_core.shell:create_environment_hook('tello_interface', 'pythonpath')
[3.726s] INFO:colcon.colcon_core.shell:Creating environment hook '/home/paolaramos/Documents/Autonomous-Drone/tello_ws/install/tello_interface/share/tello_interface/hook/pythonpath.ps1'
[3.729s] INFO:colcon.colcon_core.shell:Creating environment descriptor '/home/paolaramos/Documents/Autonomous-Drone/tello_ws/install/tello_interface/share/tello_interface/hook/pythonpath.dsv'
[3.731s] INFO:colcon.colcon_core.shell:Creating environment hook '/home/paolaramos/Documents/Autonomous-Drone/tello_ws/install/tello_interface/share/tello_interface/hook/pythonpath.sh'
[3.735s] Level 1:colcon.colcon_core.environment:checking '/home/paolaramos/Documents/Autonomous-Drone/tello_ws/install/tello_interface/bin'
[3.735s] Level 1:colcon.colcon_core.environment:create_environment_scripts_only(tello_interface)
[3.736s] INFO:colcon.colcon_core.shell:Creating package script '/home/paolaramos/Documents/Autonomous-Drone/tello_ws/install/tello_interface/share/tello_interface/package.ps1'
[3.738s] INFO:colcon.colcon_core.shell:Creating package descriptor '/home/paolaramos/Documents/Autonomous-Drone/tello_ws/install/tello_interface/share/tello_interface/package.dsv'
[3.740s] INFO:colcon.colcon_core.shell:Creating package script '/home/paolaramos/Documents/Autonomous-Drone/tello_ws/install/tello_interface/share/tello_interface/package.sh'
[3.741s] INFO:colcon.colcon_core.shell:Creating package script '/home/paolaramos/Documents/Autonomous-Drone/tello_ws/install/tello_interface/share/tello_interface/package.bash'
[3.744s] INFO:colcon.colcon_core.shell:Creating package script '/home/paolaramos/Documents/Autonomous-Drone/tello_ws/install/tello_interface/share/tello_interface/package.zsh'
[3.745s] Level 1:colcon.colcon_core.environment:create_file_with_runtime_dependencies(/home/paolaramos/Documents/Autonomous-Drone/tello_ws/install/tello_interface/share/colcon-core/packages/tello_interface)
[3.746s] DEBUG:colcon.colcon_parallel_executor.executor.parallel:closing loop
[3.746s] DEBUG:colcon.colcon_parallel_executor.executor.parallel:loop closed
[3.746s] DEBUG:colcon.colcon_parallel_executor.executor.parallel:run_until_complete finished with '0'
[3.746s] DEBUG:colcon.colcon_core.event_reactor:joining thread
[3.767s] INFO:colcon.colcon_core.plugin_system:Skipping extension 'colcon_notification.desktop_notification.terminal_notifier': Not used on non-Darwin systems
[3.768s] INFO:colcon.colcon_core.plugin_system:Skipping extension 'colcon_notification.desktop_notification.win32': Not used on non-Windows systems
[3.768s] INFO:colcon.colcon_notification.desktop_notification:Sending desktop notification using 'notify2'
[3.814s] DEBUG:colcon.colcon_core.event_reactor:joined thread
[3.815s] INFO:colcon.colcon_core.shell:Creating prefix script '/home/paolaramos/Documents/Autonomous-Drone/tello_ws/install/local_setup.ps1'
[3.820s] INFO:colcon.colcon_core.shell:Creating prefix util module '/home/paolaramos/Documents/Autonomous-Drone/tello_ws/install/_local_setup_util_ps1.py'
[3.832s] INFO:colcon.colcon_core.shell:Creating prefix chain script '/home/paolaramos/Documents/Autonomous-Drone/tello_ws/install/setup.ps1'
[3.835s] INFO:colcon.colcon_core.shell:Creating prefix script '/home/paolaramos/Documents/Autonomous-Drone/tello_ws/install/local_setup.sh'
[3.837s] INFO:colcon.colcon_core.shell:Creating prefix util module '/home/paolaramos/Documents/Autonomous-Drone/tello_ws/install/_local_setup_util_sh.py'
[3.839s] INFO:colcon.colcon_core.shell:Creating prefix chain script '/home/paolaramos/Documents/Autonomous-Drone/tello_ws/install/setup.sh'
[3.841s] INFO:colcon.colcon_core.shell:Creating prefix script '/home/paolaramos/Documents/Autonomous-Drone/tello_ws/install/local_setup.bash'
[3.842s] INFO:colcon.colcon_core.shell:Creating prefix chain script '/home/paolaramos/Documents/Autonomous-Drone/tello_ws/install/setup.bash'
[3.844s] INFO:colcon.colcon_core.shell:Creating prefix script '/home/paolaramos/Documents/Autonomous-Drone/tello_ws/install/local_setup.zsh'
[3.845s] INFO:colcon.colcon_core.shell:Creating prefix chain script '/home/paolaramos/Documents/Autonomous-Drone/tello_ws/install/setup.zsh'
