[0.485s] Invoking command in '/home/paolaramos/Proyecto/tello_ws/build/optitrack_client': CMAKE_PREFIX_PATH=${CMAKE_PREFIX_PATH}:/home/paolaramos/Proyecto/tello_ws/install/drone:/opt/ros/humble /usr/bin/cmake --build /home/paolaramos/Proyecto/tello_ws/build/optitrack_client -- -j4 -l4
[0.996s] [100%] Built target optitrack_client
[1.093s] Invoked command in '/home/paolaramos/Proyecto/tello_ws/build/optitrack_client' returned '0': CMAKE_PREFIX_PATH=${CMAKE_PREFIX_PATH}:/home/paolaramos/Proyecto/tello_ws/install/drone:/opt/ros/humble /usr/bin/cmake --build /home/paolaramos/Proyecto/tello_ws/build/optitrack_client -- -j4 -l4
[1.157s] Invoking command in '/home/paolaramos/Proyecto/tello_ws/build/optitrack_client': CMAKE_PREFIX_PATH=${CMAKE_PREFIX_PATH}:/home/paolaramos/Proyecto/tello_ws/install/drone:/opt/ros/humble /usr/bin/cmake --install /home/paolaramos/Proyecto/tello_ws/build/optitrack_client
[1.201s] -- Install configuration: ""
[1.203s] -- Up-to-date: /home/paolaramos/Proyecto/tello_ws/install/optitrack_client/lib/optitrack_client/optitrack_client
[1.211s] -- Up-to-date: /home/paolaramos/Proyecto/tello_ws/install/optitrack_client/lib
[1.211s] -- Up-to-date: /home/paolaramos/Proyecto/tello_ws/install/optitrack_client/lib/libNatNet.so
[1.212s] -- Up-to-date: /home/paolaramos/Proyecto/tello_ws/install/optitrack_client/share/ament_index/resource_index/package_run_dependencies/optitrack_client
[1.212s] -- Up-to-date: /home/paolaramos/Proyecto/tello_ws/install/optitrack_client/share/ament_index/resource_index/parent_prefix_path/optitrack_client
[1.212s] -- Up-to-date: /home/paolaramos/Proyecto/tello_ws/install/optitrack_client/share/optitrack_client/environment/ament_prefix_path.sh
[1.212s] -- Up-to-date: /home/paolaramos/Proyecto/tello_ws/install/optitrack_client/share/optitrack_client/environment/ament_prefix_path.dsv
[1.212s] -- Up-to-date: /home/paolaramos/Proyecto/tello_ws/install/optitrack_client/share/optitrack_client/environment/path.sh
[1.212s] -- Up-to-date: /home/paolaramos/Proyecto/tello_ws/install/optitrack_client/share/optitrack_client/environment/path.dsv
[1.212s] -- Up-to-date: /home/paolaramos/Proyecto/tello_ws/install/optitrack_client/share/optitrack_client/local_setup.bash
[1.220s] -- Up-to-date: /home/paolaramos/Proyecto/tello_ws/install/optitrack_client/share/optitrack_client/local_setup.sh
[1.220s] -- Up-to-date: /home/paolaramos/Proyecto/tello_ws/install/optitrack_client/share/optitrack_client/local_setup.zsh
[1.220s] -- Up-to-date: /home/paolaramos/Proyecto/tello_ws/install/optitrack_client/share/optitrack_client/local_setup.dsv
[1.220s] -- Installing: /home/paolaramos/Proyecto/tello_ws/install/optitrack_client/share/optitrack_client/package.dsv
[1.220s] -- Up-to-date: /home/paolaramos/Proyecto/tello_ws/install/optitrack_client/share/ament_index/resource_index/packages/optitrack_client
[1.220s] -- Up-to-date: /home/paolaramos/Proyecto/tello_ws/install/optitrack_client/share/optitrack_client/cmake/optitrack_clientConfig.cmake
[1.227s] -- Up-to-date: /home/paolaramos/Proyecto/tello_ws/install/optitrack_client/share/optitrack_client/cmake/optitrack_clientConfig-version.cmake
[1.229s] -- Up-to-date: /home/paolaramos/Proyecto/tello_ws/install/optitrack_client/share/optitrack_client/package.xml
[1.235s] Invoked command in '/home/paolaramos/Proyecto/tello_ws/build/optitrack_client' returned '0': CMAKE_PREFIX_PATH=${CMAKE_PREFIX_PATH}:/home/paolaramos/Proyecto/tello_ws/install/drone:/opt/ros/humble /usr/bin/cmake --install /home/paolaramos/Proyecto/tello_ws/build/optitrack_client
