[3.580s] Invoking command in '/home/paolaramos/Autonomous-Drone/tello_ws3/src/tello_control': PYTHONPATH=/home/paolaramos/Autonomous-Drone/tello_ws3/build/tello_control/prefix_override:/usr/lib/python3/dist-packages/colcon_core/task/python/colcon_distutils_commands:/home/paolaramos/Autonomous-Drone/tello_ws3/install/tello_control/lib/python3.10/site-packages:${PYTHONPATH} /usr/bin/python3 -W ignore:setup.py install is deprecated -W ignore:easy_install command is deprecated setup.py egg_info --egg-base ../../build/tello_control build --build-base /home/paolaramos/Autonomous-Drone/tello_ws3/build/tello_control/build install --record /home/paolaramos/Autonomous-Drone/tello_ws3/build/tello_control/install.log --single-version-externally-managed install_data
[4.096s] running egg_info
[4.118s] writing ../../build/tello_control/tello_control.egg-info/PKG-INFO
[4.123s] writing dependency_links to ../../build/tello_control/tello_control.egg-info/dependency_links.txt
[4.134s] writing entry points to ../../build/tello_control/tello_control.egg-info/entry_points.txt
[4.137s] writing requirements to ../../build/tello_control/tello_control.egg-info/requires.txt
[4.137s] writing top-level names to ../../build/tello_control/tello_control.egg-info/top_level.txt
[4.166s] reading manifest file '../../build/tello_control/tello_control.egg-info/SOURCES.txt'
[4.166s] writing manifest file '../../build/tello_control/tello_control.egg-info/SOURCES.txt'
[4.166s] running build
[4.167s] running build_py
[4.167s] copying tello_control/odometry_node.py -> /home/paolaramos/Autonomous-Drone/tello_ws3/build/tello_control/build/lib/tello_control
[4.167s] copying tello_control/__init__.py -> /home/paolaramos/Autonomous-Drone/tello_ws3/build/tello_control/build/lib/tello_control
[4.167s] copying tello_control/trajectory_node.py -> /home/paolaramos/Autonomous-Drone/tello_ws3/build/tello_control/build/lib/tello_control
[4.168s] running install
[4.173s] running install_lib
[4.248s] running install_data
[4.248s] copying resource/tello_control -> /home/paolaramos/Autonomous-Drone/tello_ws3/install/tello_control/share/ament_index/resource_index/packages
[4.248s] copying package.xml -> /home/paolaramos/Autonomous-Drone/tello_ws3/install/tello_control/share/tello_control
[4.248s] running install_egg_info
[4.307s] removing '/home/paolaramos/Autonomous-Drone/tello_ws3/install/tello_control/lib/python3.10/site-packages/tello_control-0.0.0-py3.10.egg-info' (and everything under it)
[4.307s] Copying ../../build/tello_control/tello_control.egg-info to /home/paolaramos/Autonomous-Drone/tello_ws3/install/tello_control/lib/python3.10/site-packages/tello_control-0.0.0-py3.10.egg-info
[4.309s] running install_scripts
[4.545s] Installing odometry_node script to /home/paolaramos/Autonomous-Drone/tello_ws3/install/tello_control/lib/tello_control
[4.547s] Installing trajectory_node script to /home/paolaramos/Autonomous-Drone/tello_ws3/install/tello_control/lib/tello_control
[4.547s] writing list of installed files to '/home/paolaramos/Autonomous-Drone/tello_ws3/build/tello_control/install.log'
[4.587s] Invoked command in '/home/paolaramos/Autonomous-Drone/tello_ws3/src/tello_control' returned '0': PYTHONPATH=/home/paolaramos/Autonomous-Drone/tello_ws3/build/tello_control/prefix_override:/usr/lib/python3/dist-packages/colcon_core/task/python/colcon_distutils_commands:/home/paolaramos/Autonomous-Drone/tello_ws3/install/tello_control/lib/python3.10/site-packages:${PYTHONPATH} /usr/bin/python3 -W ignore:setup.py install is deprecated -W ignore:easy_install command is deprecated setup.py egg_info --egg-base ../../build/tello_control build --build-base /home/paolaramos/Autonomous-Drone/tello_ws3/build/tello_control/build install --record /home/paolaramos/Autonomous-Drone/tello_ws3/build/tello_control/install.log --single-version-externally-managed install_data
