/home/paolaramos/.local/lib/python3.10/site-packages/setuptools/_distutils/dist.py:261: UserWarning: Unknown distribution option: 'tests_require'
  warnings.warn(msg)
running egg_info
writing ../../../build/tello_controller/tello_controller.egg-info/PKG-INFO
writing dependency_links to ../../../build/tello_controller/tello_controller.egg-info/dependency_links.txt
writing entry points to ../../../build/tello_controller/tello_controller.egg-info/entry_points.txt
writing requirements to ../../../build/tello_controller/tello_controller.egg-info/requires.txt
writing top-level names to ../../../build/tello_controller/tello_controller.egg-info/top_level.txt
reading manifest file '../../../build/tello_controller/tello_controller.egg-info/SOURCES.txt'
writing manifest file '../../../build/tello_controller/tello_controller.egg-info/SOURCES.txt'
running build
running build_py
copying tello_controller/tello_controller_node.py -> /home/paolaramos/Proyecto/tello_ws/build/tello_controller/build/lib/tello_controller
running install
running install_lib
running install_data
running install_egg_info
removing '/home/paolaramos/Proyecto/tello_ws/install/tello_controller/lib/python3.10/site-packages/tello_controller-0.1.0-py3.10.egg-info' (and everything under it)
Copying ../../../build/tello_controller/tello_controller.egg-info to /home/paolaramos/Proyecto/tello_ws/install/tello_controller/lib/python3.10/site-packages/tello_controller-0.1.0-py3.10.egg-info
running install_scripts
Installing tello_controller_node script to /home/paolaramos/Proyecto/tello_ws/install/tello_controller/lib/tello_controller
writing list of installed files to '/home/paolaramos/Proyecto/tello_ws/build/tello_controller/install.log'
