[2.481s] Invoking command in '/home/paolaramos/Autonomous-Drone/tello_ws/src/tello_controller': PYTHONPATH=/home/paolaramos/Autonomous-Drone/tello_ws/build/tello_controller/prefix_override:/usr/lib/python3/dist-packages/colcon_core/task/python/colcon_distutils_commands:/home/paolaramos/Autonomous-Drone/tello_ws/install/tello_controller/lib/python3.10/site-packages:${PYTHONPATH} /usr/bin/python3 -W ignore:setup.py install is deprecated -W ignore:easy_install command is deprecated setup.py egg_info --egg-base ../../build/tello_controller build --build-base /home/paolaramos/Autonomous-Drone/tello_ws/build/tello_controller/build install --record /home/paolaramos/Autonomous-Drone/tello_ws/build/tello_controller/install.log --single-version-externally-managed install_data
[2.825s] /home/paolaramos/.local/lib/python3.10/site-packages/setuptools/_distutils/dist.py:261: UserWarning: Unknown distribution option: 'tests_require'
[2.825s]   warnings.warn(msg)
[3.106s] running egg_info
[3.154s] creating ../../build/tello_controller/tello_controller.egg-info
[3.154s] writing ../../build/tello_controller/tello_controller.egg-info/PKG-INFO
[3.154s] writing dependency_links to ../../build/tello_controller/tello_controller.egg-info/dependency_links.txt
[3.154s] writing entry points to ../../build/tello_controller/tello_controller.egg-info/entry_points.txt
[3.154s] writing requirements to ../../build/tello_controller/tello_controller.egg-info/requires.txt
[3.155s] writing top-level names to ../../build/tello_controller/tello_controller.egg-info/top_level.txt
[3.155s] writing manifest file '../../build/tello_controller/tello_controller.egg-info/SOURCES.txt'
[3.232s] reading manifest file '../../build/tello_controller/tello_controller.egg-info/SOURCES.txt'
[3.234s] writing manifest file '../../build/tello_controller/tello_controller.egg-info/SOURCES.txt'
[3.237s] running build
[3.237s] running build_py
[3.238s] creating /home/paolaramos/Autonomous-Drone/tello_ws/build/tello_controller/build/lib/tello_controller
[3.240s] copying tello_controller/tello_controller_node.py -> /home/paolaramos/Autonomous-Drone/tello_ws/build/tello_controller/build/lib/tello_controller
[3.240s] copying tello_controller/__init__.py -> /home/paolaramos/Autonomous-Drone/tello_ws/build/tello_controller/build/lib/tello_controller
[3.240s] running install
[3.251s] running install_lib
[3.278s] creating /home/paolaramos/Autonomous-Drone/tello_ws/install/tello_controller/lib/python3.10/site-packages/tello_controller
[3.278s] copying /home/paolaramos/Autonomous-Drone/tello_ws/build/tello_controller/build/lib/tello_controller/tello_controller_node.py -> /home/paolaramos/Autonomous-Drone/tello_ws/install/tello_controller/lib/python3.10/site-packages/tello_controller
[3.278s] copying /home/paolaramos/Autonomous-Drone/tello_ws/build/tello_controller/build/lib/tello_controller/__init__.py -> /home/paolaramos/Autonomous-Drone/tello_ws/install/tello_controller/lib/python3.10/site-packages/tello_controller
[3.279s] byte-compiling /home/paolaramos/Autonomous-Drone/tello_ws/install/tello_controller/lib/python3.10/site-packages/tello_controller/tello_controller_node.py to tello_controller_node.cpython-310.pyc
[3.282s] byte-compiling /home/paolaramos/Autonomous-Drone/tello_ws/install/tello_controller/lib/python3.10/site-packages/tello_controller/__init__.py to __init__.cpython-310.pyc
[3.283s] running install_data
[3.285s] creating /home/paolaramos/Autonomous-Drone/tello_ws/install/tello_controller/share/ament_index/resource_index/packages
[3.285s] copying resource/tello_controller -> /home/paolaramos/Autonomous-Drone/tello_ws/install/tello_controller/share/ament_index/resource_index/packages
[3.286s] copying package.xml -> /home/paolaramos/Autonomous-Drone/tello_ws/install/tello_controller/share/tello_controller
[3.286s] creating /home/paolaramos/Autonomous-Drone/tello_ws/install/tello_controller/share/tello_controller/launch
[3.286s] copying launch/tello_with_optitrack.launch.py -> /home/paolaramos/Autonomous-Drone/tello_ws/install/tello_controller/share/tello_controller/launch
[3.286s] running install_egg_info
[3.304s] Copying ../../build/tello_controller/tello_controller.egg-info to /home/paolaramos/Autonomous-Drone/tello_ws/install/tello_controller/lib/python3.10/site-packages/tello_controller-2.0.0-py3.10.egg-info
[3.307s] running install_scripts
[3.453s] Installing tello_controller_node script to /home/paolaramos/Autonomous-Drone/tello_ws/install/tello_controller/lib/tello_controller
[3.453s] writing list of installed files to '/home/paolaramos/Autonomous-Drone/tello_ws/build/tello_controller/install.log'
[3.516s] Invoked command in '/home/paolaramos/Autonomous-Drone/tello_ws/src/tello_controller' returned '0': PYTHONPATH=/home/paolaramos/Autonomous-Drone/tello_ws/build/tello_controller/prefix_override:/usr/lib/python3/dist-packages/colcon_core/task/python/colcon_distutils_commands:/home/paolaramos/Autonomous-Drone/tello_ws/install/tello_controller/lib/python3.10/site-packages:${PYTHONPATH} /usr/bin/python3 -W ignore:setup.py install is deprecated -W ignore:easy_install command is deprecated setup.py egg_info --egg-base ../../build/tello_controller build --build-base /home/paolaramos/Autonomous-Drone/tello_ws/build/tello_controller/build install --record /home/paolaramos/Autonomous-Drone/tello_ws/build/tello_controller/install.log --single-version-externally-managed install_data
