[100%] Built target optitrack_client
-- Install configuration: ""
-- Up-to-date: /home/paolaramos/Github/testROS/Autonomous-Drone/tello_ws3/install/optitrack_client/lib/optitrack_client/optitrack_client
-- Up-to-date: /home/paolaramos/Github/testROS/Autonomous-Drone/tello_ws3/install/optitrack_client/lib
-- Up-to-date: /home/paolaramos/Github/testROS/Autonomous-Drone/tello_ws3/install/optitrack_client/lib/libNatNet.so
-- Up-to-date: /home/paolaramos/Github/testROS/Autonomous-Drone/tello_ws3/install/optitrack_client/share/ament_index/resource_index/package_run_dependencies/optitrack_client
-- Up-to-date: /home/paolaramos/Github/testROS/Autonomous-Drone/tello_ws3/install/optitrack_client/share/ament_index/resource_index/parent_prefix_path/optitrack_client
-- Up-to-date: /home/paolaramos/Github/testROS/Autonomous-Drone/tello_ws3/install/optitrack_client/share/optitrack_client/environment/ament_prefix_path.sh
-- Up-to-date: /home/paolaramos/Github/testROS/Autonomous-Drone/tello_ws3/install/optitrack_client/share/optitrack_client/environment/ament_prefix_path.dsv
-- Up-to-date: /home/paolaramos/Github/testROS/Autonomous-Drone/tello_ws3/install/optitrack_client/share/optitrack_client/environment/path.sh
-- Up-to-date: /home/paolaramos/Github/testROS/Autonomous-Drone/tello_ws3/install/optitrack_client/share/optitrack_client/environment/path.dsv
-- Up-to-date: /home/paolaramos/Github/testROS/Autonomous-Drone/tello_ws3/install/optitrack_client/share/optitrack_client/local_setup.bash
-- Up-to-date: /home/paolaramos/Github/testROS/Autonomous-Drone/tello_ws3/install/optitrack_client/share/optitrack_client/local_setup.sh
-- Up-to-date: /home/paolaramos/Github/testROS/Autonomous-Drone/tello_ws3/install/optitrack_client/share/optitrack_client/local_setup.zsh
-- Up-to-date: /home/paolaramos/Github/testROS/Autonomous-Drone/tello_ws3/install/optitrack_client/share/optitrack_client/local_setup.dsv
-- Installing: /home/paolaramos/Github/testROS/Autonomous-Drone/tello_ws3/install/optitrack_client/share/optitrack_client/package.dsv
-- Up-to-date: /home/paolaramos/Github/testROS/Autonomous-Drone/tello_ws3/install/optitrack_client/share/ament_index/resource_index/packages/optitrack_client
-- Up-to-date: /home/paolaramos/Github/testROS/Autonomous-Drone/tello_ws3/install/optitrack_client/share/optitrack_client/cmake/optitrack_clientConfig.cmake
-- Up-to-date: /home/paolaramos/Github/testROS/Autonomous-Drone/tello_ws3/install/optitrack_client/share/optitrack_client/cmake/optitrack_clientConfig-version.cmake
-- Up-to-date: /home/paolaramos/Github/testROS/Autonomous-Drone/tello_ws3/install/optitrack_client/share/optitrack_client/package.xml
