[0.202s] DEBUG:colcon:Command line arguments: ['/usr/bin/colcon', 'build']
[0.202s] DEBUG:colcon:Parsed command line arguments: Namespace(log_base=None, log_level=None, verb_name='build', build_base='build', install_base='install', merge_install=False, symlink_install=False, test_result_base=None, continue_on_error=False, executor='parallel', parallel_workers=4, event_handlers=None, ignore_user_meta=False, metas=['./colcon.meta'], base_paths=['.'], packages_ignore=None, packages_ignore_regex=None, paths=None, packages_up_to=None, packages_up_to_regex=None, packages_above=None, packages_above_and_dependencies=None, packages_above_depth=None, packages_select_by_dep=None, packages_skip_by_dep=None, packages_skip_up_to=None, packages_select_build_failed=False, packages_skip_build_finished=False, packages_select_test_failures=False, packages_skip_test_passed=False, packages_select=None, packages_skip=None, packages_select_regex=None, packages_skip_regex=None, packages_start=None, packages_end=None, allow_overriding=[], cmake_args=None, cmake_target=None, cmake_target_skip_unavailable=False, cmake_clean_cache=False, cmake_clean_first=False, cmake_force_configure=False, ament_cmake_args=None, catkin_cmake_args=None, catkin_skip_building_tests=False, verb_parser=<colcon_defaults.argument_parser.defaults.DefaultArgumentsDecorator object at 0x75540a249480>, verb_extension=<colcon_core.verb.build.BuildVerb object at 0x75540a3eaaa0>, main=<bound method BuildVerb.main of <colcon_core.verb.build.BuildVerb object at 0x75540a3eaaa0>>)
[0.249s] Level 1:colcon.colcon_core.package_discovery:discover_packages(colcon_meta) check parameters
[0.249s] Level 1:colcon.colcon_core.package_discovery:discover_packages(recursive) check parameters
[0.249s] Level 1:colcon.colcon_core.package_discovery:discover_packages(ignore) check parameters
[0.249s] Level 1:colcon.colcon_core.package_discovery:discover_packages(path) check parameters
[0.249s] Level 1:colcon.colcon_core.package_discovery:discover_packages(colcon_meta) discover
[0.250s] Level 1:colcon.colcon_core.package_discovery:discover_packages(recursive) discover
[0.250s] INFO:colcon.colcon_core.package_discovery:Crawling recursively for packages in '/home/paolaramos/Github/testROS/Autonomous-Drone/tello_ws3'
[0.250s] Level 1:colcon.colcon_core.package_identification:_identify(.) by extensions ['ignore', 'ignore_ament_install']
[0.250s] Level 1:colcon.colcon_core.package_identification:_identify(.) by extension 'ignore'
[0.250s] Level 1:colcon.colcon_core.package_identification:_identify(.) by extension 'ignore_ament_install'
[0.250s] Level 1:colcon.colcon_core.package_identification:_identify(.) by extensions ['colcon_pkg']
[0.250s] Level 1:colcon.colcon_core.package_identification:_identify(.) by extension 'colcon_pkg'
[0.250s] Level 1:colcon.colcon_core.package_identification:_identify(.) by extensions ['colcon_meta']
[0.250s] Level 1:colcon.colcon_core.package_identification:_identify(.) by extension 'colcon_meta'
[0.250s] Level 1:colcon.colcon_core.package_identification:_identify(.) by extensions ['ros']
[0.251s] Level 1:colcon.colcon_core.package_identification:_identify(.) by extension 'ros'
[0.287s] Level 1:colcon.colcon_core.package_identification:_identify(.) by extensions ['cmake', 'python']
[0.287s] Level 1:colcon.colcon_core.package_identification:_identify(.) by extension 'cmake'
[0.288s] Level 1:colcon.colcon_core.package_identification:_identify(.) by extension 'python'
[0.288s] Level 1:colcon.colcon_core.package_identification:_identify(.) by extensions ['python_setup_py']
[0.288s] Level 1:colcon.colcon_core.package_identification:_identify(.) by extension 'python_setup_py'
[0.288s] Level 1:colcon.colcon_core.package_identification:_identify(build) by extensions ['ignore', 'ignore_ament_install']
[0.288s] Level 1:colcon.colcon_core.package_identification:_identify(build) by extension 'ignore'
[0.289s] Level 1:colcon.colcon_core.package_identification:_identify(build) ignored
[0.289s] Level 1:colcon.colcon_core.package_identification:_identify(install) by extensions ['ignore', 'ignore_ament_install']
[0.289s] Level 1:colcon.colcon_core.package_identification:_identify(install) by extension 'ignore'
[0.289s] Level 1:colcon.colcon_core.package_identification:_identify(install) ignored
[0.290s] Level 1:colcon.colcon_core.package_identification:_identify(log) by extensions ['ignore', 'ignore_ament_install']
[0.290s] Level 1:colcon.colcon_core.package_identification:_identify(log) by extension 'ignore'
[0.290s] Level 1:colcon.colcon_core.package_identification:_identify(log) ignored
[0.290s] Level 1:colcon.colcon_core.package_identification:_identify(src) by extensions ['ignore', 'ignore_ament_install']
[0.290s] Level 1:colcon.colcon_core.package_identification:_identify(src) by extension 'ignore'
[0.290s] Level 1:colcon.colcon_core.package_identification:_identify(src) by extension 'ignore_ament_install'
[0.290s] Level 1:colcon.colcon_core.package_identification:_identify(src) by extensions ['colcon_pkg']
[0.291s] Level 1:colcon.colcon_core.package_identification:_identify(src) by extension 'colcon_pkg'
[0.291s] Level 1:colcon.colcon_core.package_identification:_identify(src) by extensions ['colcon_meta']
[0.291s] Level 1:colcon.colcon_core.package_identification:_identify(src) by extension 'colcon_meta'
[0.291s] Level 1:colcon.colcon_core.package_identification:_identify(src) by extensions ['ros']
[0.291s] Level 1:colcon.colcon_core.package_identification:_identify(src) by extension 'ros'
[0.291s] Level 1:colcon.colcon_core.package_identification:_identify(src) by extensions ['cmake', 'python']
[0.291s] Level 1:colcon.colcon_core.package_identification:_identify(src) by extension 'cmake'
[0.291s] Level 1:colcon.colcon_core.package_identification:_identify(src) by extension 'python'
[0.291s] Level 1:colcon.colcon_core.package_identification:_identify(src) by extensions ['python_setup_py']
[0.291s] Level 1:colcon.colcon_core.package_identification:_identify(src) by extension 'python_setup_py'
[0.291s] Level 1:colcon.colcon_core.package_identification:_identify(src/optitrack_client) by extensions ['ignore', 'ignore_ament_install']
[0.292s] Level 1:colcon.colcon_core.package_identification:_identify(src/optitrack_client) by extension 'ignore'
[0.292s] Level 1:colcon.colcon_core.package_identification:_identify(src/optitrack_client) by extension 'ignore_ament_install'
[0.292s] Level 1:colcon.colcon_core.package_identification:_identify(src/optitrack_client) by extensions ['colcon_pkg']
[0.293s] Level 1:colcon.colcon_core.package_identification:_identify(src/optitrack_client) by extension 'colcon_pkg'
[0.293s] Level 1:colcon.colcon_core.package_identification:_identify(src/optitrack_client) by extensions ['colcon_meta']
[0.293s] Level 1:colcon.colcon_core.package_identification:_identify(src/optitrack_client) by extension 'colcon_meta'
[0.293s] Level 1:colcon.colcon_core.package_identification:_identify(src/optitrack_client) by extensions ['ros']
[0.293s] Level 1:colcon.colcon_core.package_identification:_identify(src/optitrack_client) by extension 'ros'
[0.303s] DEBUG:colcon.colcon_core.package_identification:Package 'src/optitrack_client' with type 'ros.ament_cmake' and name 'optitrack_client'
[0.303s] Level 1:colcon.colcon_core.package_identification:_identify(src/tello_control) by extensions ['ignore', 'ignore_ament_install']
[0.304s] Level 1:colcon.colcon_core.package_identification:_identify(src/tello_control) by extension 'ignore'
[0.304s] Level 1:colcon.colcon_core.package_identification:_identify(src/tello_control) by extension 'ignore_ament_install'
[0.304s] Level 1:colcon.colcon_core.package_identification:_identify(src/tello_control) by extensions ['colcon_pkg']
[0.304s] Level 1:colcon.colcon_core.package_identification:_identify(src/tello_control) by extension 'colcon_pkg'
[0.304s] Level 1:colcon.colcon_core.package_identification:_identify(src/tello_control) by extensions ['colcon_meta']
[0.304s] Level 1:colcon.colcon_core.package_identification:_identify(src/tello_control) by extension 'colcon_meta'
[0.305s] Level 1:colcon.colcon_core.package_identification:_identify(src/tello_control) by extensions ['ros']
[0.305s] Level 1:colcon.colcon_core.package_identification:_identify(src/tello_control) by extension 'ros'
[0.306s] DEBUG:colcon.colcon_core.package_identification:Package 'src/tello_control' with type 'ros.ament_python' and name 'tello_control'
[0.307s] Level 1:colcon.colcon_core.package_discovery:discover_packages(recursive) using defaults
[0.307s] Level 1:colcon.colcon_core.package_discovery:discover_packages(ignore) discover
[0.307s] Level 1:colcon.colcon_core.package_discovery:discover_packages(ignore) using defaults
[0.307s] Level 1:colcon.colcon_core.package_discovery:discover_packages(path) discover
[0.307s] Level 1:colcon.colcon_core.package_discovery:discover_packages(path) using defaults
[0.332s] Level 1:colcon.colcon_core.package_discovery:discover_packages(prefix_path) check parameters
[0.332s] Level 1:colcon.colcon_core.package_discovery:discover_packages(prefix_path) discover
[0.335s] DEBUG:colcon.colcon_installed_package_information.package_discovery:Found 273 installed packages in /opt/ros/humble
[0.337s] Level 1:colcon.colcon_core.package_discovery:discover_packages(prefix_path) using defaults
[0.378s] Level 5:colcon.colcon_core.verb:set package 'optitrack_client' build argument 'cmake_args' from command line to 'None'
[0.378s] Level 5:colcon.colcon_core.verb:set package 'optitrack_client' build argument 'cmake_target' from command line to 'None'
[0.378s] Level 5:colcon.colcon_core.verb:set package 'optitrack_client' build argument 'cmake_target_skip_unavailable' from command line to 'False'
[0.378s] Level 5:colcon.colcon_core.verb:set package 'optitrack_client' build argument 'cmake_clean_cache' from command line to 'False'
[0.378s] Level 5:colcon.colcon_core.verb:set package 'optitrack_client' build argument 'cmake_clean_first' from command line to 'False'
[0.378s] Level 5:colcon.colcon_core.verb:set package 'optitrack_client' build argument 'cmake_force_configure' from command line to 'False'
[0.378s] Level 5:colcon.colcon_core.verb:set package 'optitrack_client' build argument 'ament_cmake_args' from command line to 'None'
[0.378s] Level 5:colcon.colcon_core.verb:set package 'optitrack_client' build argument 'catkin_cmake_args' from command line to 'None'
[0.378s] Level 5:colcon.colcon_core.verb:set package 'optitrack_client' build argument 'catkin_skip_building_tests' from command line to 'False'
[0.378s] DEBUG:colcon.colcon_core.verb:Building package 'optitrack_client' with the following arguments: {'ament_cmake_args': None, 'build_base': '/home/paolaramos/Github/testROS/Autonomous-Drone/tello_ws3/build/optitrack_client', 'catkin_cmake_args': None, 'catkin_skip_building_tests': False, 'cmake_args': None, 'cmake_clean_cache': False, 'cmake_clean_first': False, 'cmake_force_configure': False, 'cmake_target': None, 'cmake_target_skip_unavailable': False, 'install_base': '/home/paolaramos/Github/testROS/Autonomous-Drone/tello_ws3/install/optitrack_client', 'merge_install': False, 'path': '/home/paolaramos/Github/testROS/Autonomous-Drone/tello_ws3/src/optitrack_client', 'symlink_install': False, 'test_result_base': None}
[0.378s] Level 5:colcon.colcon_core.verb:set package 'tello_control' build argument 'cmake_args' from command line to 'None'
[0.379s] Level 5:colcon.colcon_core.verb:set package 'tello_control' build argument 'cmake_target' from command line to 'None'
[0.379s] Level 5:colcon.colcon_core.verb:set package 'tello_control' build argument 'cmake_target_skip_unavailable' from command line to 'False'
[0.379s] Level 5:colcon.colcon_core.verb:set package 'tello_control' build argument 'cmake_clean_cache' from command line to 'False'
[0.379s] Level 5:colcon.colcon_core.verb:set package 'tello_control' build argument 'cmake_clean_first' from command line to 'False'
[0.379s] Level 5:colcon.colcon_core.verb:set package 'tello_control' build argument 'cmake_force_configure' from command line to 'False'
[0.379s] Level 5:colcon.colcon_core.verb:set package 'tello_control' build argument 'ament_cmake_args' from command line to 'None'
[0.379s] Level 5:colcon.colcon_core.verb:set package 'tello_control' build argument 'catkin_cmake_args' from command line to 'None'
[0.379s] Level 5:colcon.colcon_core.verb:set package 'tello_control' build argument 'catkin_skip_building_tests' from command line to 'False'
[0.379s] DEBUG:colcon.colcon_core.verb:Building package 'tello_control' with the following arguments: {'ament_cmake_args': None, 'build_base': '/home/paolaramos/Github/testROS/Autonomous-Drone/tello_ws3/build/tello_control', 'catkin_cmake_args': None, 'catkin_skip_building_tests': False, 'cmake_args': None, 'cmake_clean_cache': False, 'cmake_clean_first': False, 'cmake_force_configure': False, 'cmake_target': None, 'cmake_target_skip_unavailable': False, 'install_base': '/home/paolaramos/Github/testROS/Autonomous-Drone/tello_ws3/install/tello_control', 'merge_install': False, 'path': '/home/paolaramos/Github/testROS/Autonomous-Drone/tello_ws3/src/tello_control', 'symlink_install': False, 'test_result_base': None}
[0.379s] INFO:colcon.colcon_core.executor:Executing jobs using 'parallel' executor
[0.383s] DEBUG:colcon.colcon_parallel_executor.executor.parallel:run_until_complete
[0.383s] INFO:colcon.colcon_ros.task.ament_cmake.build:Building ROS package in '/home/paolaramos/Github/testROS/Autonomous-Drone/tello_ws3/src/optitrack_client' with build type 'ament_cmake'
[0.383s] INFO:colcon.colcon_cmake.task.cmake.build:Building CMake package in '/home/paolaramos/Github/testROS/Autonomous-Drone/tello_ws3/src/optitrack_client'
[0.387s] INFO:colcon.colcon_core.plugin_system:Skipping extension 'colcon_core.shell.bat': Not used on non-Windows systems
[0.388s] INFO:colcon.colcon_core.shell:Skip shell extension 'powershell' for command environment: Not usable outside of PowerShell
[0.388s] DEBUG:colcon.colcon_core.shell:Skip shell extension 'dsv' for command environment
[0.393s] INFO:colcon.colcon_ros.task.ament_python.build:Building ROS package in '/home/paolaramos/Github/testROS/Autonomous-Drone/tello_ws3/src/tello_control' with build type 'ament_python'
[0.393s] Level 1:colcon.colcon_core.shell:create_environment_hook('tello_control', 'ament_prefix_path')
[0.394s] INFO:colcon.colcon_core.shell:Creating environment hook '/home/paolaramos/Github/testROS/Autonomous-Drone/tello_ws3/install/tello_control/share/tello_control/hook/ament_prefix_path.ps1'
[0.396s] INFO:colcon.colcon_core.shell:Creating environment descriptor '/home/paolaramos/Github/testROS/Autonomous-Drone/tello_ws3/install/tello_control/share/tello_control/hook/ament_prefix_path.dsv'
[0.397s] INFO:colcon.colcon_core.shell:Creating environment hook '/home/paolaramos/Github/testROS/Autonomous-Drone/tello_ws3/install/tello_control/share/tello_control/hook/ament_prefix_path.sh'
[0.399s] INFO:colcon.colcon_core.shell:Skip shell extension 'powershell' for command environment: Not usable outside of PowerShell
[0.399s] DEBUG:colcon.colcon_core.shell:Skip shell extension 'dsv' for command environment
[0.427s] DEBUG:colcon.colcon_core.event_handler.log_command:Invoking command in '/home/paolaramos/Github/testROS/Autonomous-Drone/tello_ws3/build/optitrack_client': CMAKE_PREFIX_PATH=/opt/ros/humble /usr/bin/cmake --build /home/paolaramos/Github/testROS/Autonomous-Drone/tello_ws3/build/optitrack_client -- -j4 -l4
[1.042s] INFO:colcon.colcon_core.task.python.build:Building Python package in '/home/paolaramos/Github/testROS/Autonomous-Drone/tello_ws3/src/tello_control'
[1.044s] INFO:colcon.colcon_core.shell:Skip shell extension 'powershell' for command environment: Not usable outside of PowerShell
[1.045s] DEBUG:colcon.colcon_core.shell:Skip shell extension 'dsv' for command environment
[1.073s] DEBUG:colcon.colcon_core.event_handler.log_command:Invoked command in '/home/paolaramos/Github/testROS/Autonomous-Drone/tello_ws3/build/optitrack_client' returned '0': CMAKE_PREFIX_PATH=/opt/ros/humble /usr/bin/cmake --build /home/paolaramos/Github/testROS/Autonomous-Drone/tello_ws3/build/optitrack_client -- -j4 -l4
[1.152s] DEBUG:colcon.colcon_core.event_handler.log_command:Invoking command in '/home/paolaramos/Github/testROS/Autonomous-Drone/tello_ws3/build/optitrack_client': CMAKE_PREFIX_PATH=/opt/ros/humble /usr/bin/cmake --install /home/paolaramos/Github/testROS/Autonomous-Drone/tello_ws3/build/optitrack_client
[1.182s] Level 1:colcon.colcon_core.environment:create_environment_scripts_only(optitrack_client)
[1.186s] DEBUG:colcon.colcon_core.event_handler.log_command:Invoked command in '/home/paolaramos/Github/testROS/Autonomous-Drone/tello_ws3/build/optitrack_client' returned '0': CMAKE_PREFIX_PATH=/opt/ros/humble /usr/bin/cmake --install /home/paolaramos/Github/testROS/Autonomous-Drone/tello_ws3/build/optitrack_client
[1.232s] Level 1:colcon.colcon_core.environment:checking '/home/paolaramos/Github/testROS/Autonomous-Drone/tello_ws3/install/optitrack_client' for CMake module files
[1.236s] Level 1:colcon.colcon_core.environment:checking '/home/paolaramos/Github/testROS/Autonomous-Drone/tello_ws3/install/optitrack_client' for CMake config files
[1.236s] Level 1:colcon.colcon_core.shell:create_environment_hook('optitrack_client', 'cmake_prefix_path')
[1.251s] INFO:colcon.colcon_core.shell:Creating environment hook '/home/paolaramos/Github/testROS/Autonomous-Drone/tello_ws3/install/optitrack_client/share/optitrack_client/hook/cmake_prefix_path.ps1'
[1.255s] INFO:colcon.colcon_core.shell:Creating environment descriptor '/home/paolaramos/Github/testROS/Autonomous-Drone/tello_ws3/install/optitrack_client/share/optitrack_client/hook/cmake_prefix_path.dsv'
[1.257s] INFO:colcon.colcon_core.shell:Creating environment hook '/home/paolaramos/Github/testROS/Autonomous-Drone/tello_ws3/install/optitrack_client/share/optitrack_client/hook/cmake_prefix_path.sh'
[1.261s] Level 1:colcon.colcon_core.environment:checking '/home/paolaramos/Github/testROS/Autonomous-Drone/tello_ws3/install/optitrack_client/lib'
[1.262s] Level 1:colcon.colcon_core.shell:create_environment_hook('optitrack_client', 'ld_library_path_lib')
[1.266s] INFO:colcon.colcon_core.shell:Creating environment hook '/home/paolaramos/Github/testROS/Autonomous-Drone/tello_ws3/install/optitrack_client/share/optitrack_client/hook/ld_library_path_lib.ps1'
[1.267s] INFO:colcon.colcon_core.shell:Creating environment descriptor '/home/paolaramos/Github/testROS/Autonomous-Drone/tello_ws3/install/optitrack_client/share/optitrack_client/hook/ld_library_path_lib.dsv'
[1.269s] INFO:colcon.colcon_core.shell:Creating environment hook '/home/paolaramos/Github/testROS/Autonomous-Drone/tello_ws3/install/optitrack_client/share/optitrack_client/hook/ld_library_path_lib.sh'
[1.270s] Level 1:colcon.colcon_core.environment:checking '/home/paolaramos/Github/testROS/Autonomous-Drone/tello_ws3/install/optitrack_client/bin'
[1.270s] Level 1:colcon.colcon_core.environment:checking '/home/paolaramos/Github/testROS/Autonomous-Drone/tello_ws3/install/optitrack_client/lib/pkgconfig/optitrack_client.pc'
[1.270s] Level 1:colcon.colcon_core.environment:checking '/home/paolaramos/Github/testROS/Autonomous-Drone/tello_ws3/install/optitrack_client/lib/python3.10/site-packages'
[1.272s] Level 1:colcon.colcon_core.environment:checking '/home/paolaramos/Github/testROS/Autonomous-Drone/tello_ws3/install/optitrack_client/bin'
[1.274s] INFO:colcon.colcon_core.shell:Creating package script '/home/paolaramos/Github/testROS/Autonomous-Drone/tello_ws3/install/optitrack_client/share/optitrack_client/package.ps1'
[1.282s] INFO:colcon.colcon_core.shell:Creating package descriptor '/home/paolaramos/Github/testROS/Autonomous-Drone/tello_ws3/install/optitrack_client/share/optitrack_client/package.dsv'
[1.285s] INFO:colcon.colcon_core.shell:Creating package script '/home/paolaramos/Github/testROS/Autonomous-Drone/tello_ws3/install/optitrack_client/share/optitrack_client/package.sh'
[1.288s] INFO:colcon.colcon_core.shell:Creating package script '/home/paolaramos/Github/testROS/Autonomous-Drone/tello_ws3/install/optitrack_client/share/optitrack_client/package.bash'
[1.293s] INFO:colcon.colcon_core.shell:Creating package script '/home/paolaramos/Github/testROS/Autonomous-Drone/tello_ws3/install/optitrack_client/share/optitrack_client/package.zsh'
[1.297s] Level 1:colcon.colcon_core.environment:create_file_with_runtime_dependencies(/home/paolaramos/Github/testROS/Autonomous-Drone/tello_ws3/install/optitrack_client/share/colcon-core/packages/optitrack_client)
[1.298s] Level 1:colcon.colcon_core.environment:create_environment_scripts_only(optitrack_client)
[1.300s] Level 1:colcon.colcon_core.environment:checking '/home/paolaramos/Github/testROS/Autonomous-Drone/tello_ws3/install/optitrack_client' for CMake module files
[1.301s] Level 1:colcon.colcon_core.environment:checking '/home/paolaramos/Github/testROS/Autonomous-Drone/tello_ws3/install/optitrack_client' for CMake config files
[1.301s] Level 1:colcon.colcon_core.shell:create_environment_hook('optitrack_client', 'cmake_prefix_path')
[1.301s] INFO:colcon.colcon_core.shell:Creating environment hook '/home/paolaramos/Github/testROS/Autonomous-Drone/tello_ws3/install/optitrack_client/share/optitrack_client/hook/cmake_prefix_path.ps1'
[1.302s] INFO:colcon.colcon_core.shell:Creating environment descriptor '/home/paolaramos/Github/testROS/Autonomous-Drone/tello_ws3/install/optitrack_client/share/optitrack_client/hook/cmake_prefix_path.dsv'
[1.305s] INFO:colcon.colcon_core.shell:Creating environment hook '/home/paolaramos/Github/testROS/Autonomous-Drone/tello_ws3/install/optitrack_client/share/optitrack_client/hook/cmake_prefix_path.sh'
[1.309s] Level 1:colcon.colcon_core.environment:checking '/home/paolaramos/Github/testROS/Autonomous-Drone/tello_ws3/install/optitrack_client/lib'
[1.309s] Level 1:colcon.colcon_core.shell:create_environment_hook('optitrack_client', 'ld_library_path_lib')
[1.310s] INFO:colcon.colcon_core.shell:Creating environment hook '/home/paolaramos/Github/testROS/Autonomous-Drone/tello_ws3/install/optitrack_client/share/optitrack_client/hook/ld_library_path_lib.ps1'
[1.311s] INFO:colcon.colcon_core.shell:Creating environment descriptor '/home/paolaramos/Github/testROS/Autonomous-Drone/tello_ws3/install/optitrack_client/share/optitrack_client/hook/ld_library_path_lib.dsv'
[1.313s] INFO:colcon.colcon_core.shell:Creating environment hook '/home/paolaramos/Github/testROS/Autonomous-Drone/tello_ws3/install/optitrack_client/share/optitrack_client/hook/ld_library_path_lib.sh'
[1.315s] Level 1:colcon.colcon_core.environment:checking '/home/paolaramos/Github/testROS/Autonomous-Drone/tello_ws3/install/optitrack_client/bin'
[1.315s] Level 1:colcon.colcon_core.environment:checking '/home/paolaramos/Github/testROS/Autonomous-Drone/tello_ws3/install/optitrack_client/lib/pkgconfig/optitrack_client.pc'
[1.316s] Level 1:colcon.colcon_core.environment:checking '/home/paolaramos/Github/testROS/Autonomous-Drone/tello_ws3/install/optitrack_client/lib/python3.10/site-packages'
[1.318s] Level 1:colcon.colcon_core.environment:checking '/home/paolaramos/Github/testROS/Autonomous-Drone/tello_ws3/install/optitrack_client/bin'
[1.320s] INFO:colcon.colcon_core.shell:Creating package script '/home/paolaramos/Github/testROS/Autonomous-Drone/tello_ws3/install/optitrack_client/share/optitrack_client/package.ps1'
[1.321s] INFO:colcon.colcon_core.shell:Creating package descriptor '/home/paolaramos/Github/testROS/Autonomous-Drone/tello_ws3/install/optitrack_client/share/optitrack_client/package.dsv'
[1.323s] INFO:colcon.colcon_core.shell:Creating package script '/home/paolaramos/Github/testROS/Autonomous-Drone/tello_ws3/install/optitrack_client/share/optitrack_client/package.sh'
[1.325s] INFO:colcon.colcon_core.shell:Creating package script '/home/paolaramos/Github/testROS/Autonomous-Drone/tello_ws3/install/optitrack_client/share/optitrack_client/package.bash'
[1.328s] INFO:colcon.colcon_core.shell:Creating package script '/home/paolaramos/Github/testROS/Autonomous-Drone/tello_ws3/install/optitrack_client/share/optitrack_client/package.zsh'
[1.330s] Level 1:colcon.colcon_core.environment:create_file_with_runtime_dependencies(/home/paolaramos/Github/testROS/Autonomous-Drone/tello_ws3/install/optitrack_client/share/colcon-core/packages/optitrack_client)
[3.327s] DEBUG:colcon.colcon_core.event_handler.log_command:Invoking command in '/home/paolaramos/Github/testROS/Autonomous-Drone/tello_ws3/src/tello_control': PYTHONPATH=/home/paolaramos/Github/testROS/Autonomous-Drone/tello_ws3/build/tello_control/prefix_override:/usr/lib/python3/dist-packages/colcon_core/task/python/colcon_distutils_commands:/home/paolaramos/Github/testROS/Autonomous-Drone/tello_ws3/install/tello_control/lib/python3.10/site-packages:${PYTHONPATH} /usr/bin/python3 -W ignore:setup.py install is deprecated -W ignore:easy_install command is deprecated setup.py egg_info --egg-base ../../build/tello_control build --build-base /home/paolaramos/Github/testROS/Autonomous-Drone/tello_ws3/build/tello_control/build install --record /home/paolaramos/Github/testROS/Autonomous-Drone/tello_ws3/build/tello_control/install.log --single-version-externally-managed install_data
[4.044s] Level 1:colcon.colcon_core.environment:checking '/home/paolaramos/Github/testROS/Autonomous-Drone/tello_ws3/install/tello_control' for CMake module files
[4.046s] Level 1:colcon.colcon_core.environment:checking '/home/paolaramos/Github/testROS/Autonomous-Drone/tello_ws3/install/tello_control' for CMake config files
[4.047s] DEBUG:colcon.colcon_core.event_handler.log_command:Invoked command in '/home/paolaramos/Github/testROS/Autonomous-Drone/tello_ws3/src/tello_control' returned '0': PYTHONPATH=/home/paolaramos/Github/testROS/Autonomous-Drone/tello_ws3/build/tello_control/prefix_override:/usr/lib/python3/dist-packages/colcon_core/task/python/colcon_distutils_commands:/home/paolaramos/Github/testROS/Autonomous-Drone/tello_ws3/install/tello_control/lib/python3.10/site-packages:${PYTHONPATH} /usr/bin/python3 -W ignore:setup.py install is deprecated -W ignore:easy_install command is deprecated setup.py egg_info --egg-base ../../build/tello_control build --build-base /home/paolaramos/Github/testROS/Autonomous-Drone/tello_ws3/build/tello_control/build install --record /home/paolaramos/Github/testROS/Autonomous-Drone/tello_ws3/build/tello_control/install.log --single-version-externally-managed install_data
[4.048s] Level 1:colcon.colcon_core.environment:checking '/home/paolaramos/Github/testROS/Autonomous-Drone/tello_ws3/install/tello_control/lib'
[4.048s] Level 1:colcon.colcon_core.environment:checking '/home/paolaramos/Github/testROS/Autonomous-Drone/tello_ws3/install/tello_control/bin'
[4.048s] Level 1:colcon.colcon_core.environment:checking '/home/paolaramos/Github/testROS/Autonomous-Drone/tello_ws3/install/tello_control/lib/pkgconfig/tello_control.pc'
[4.048s] Level 1:colcon.colcon_core.environment:checking '/home/paolaramos/Github/testROS/Autonomous-Drone/tello_ws3/install/tello_control/lib/python3.10/site-packages'
[4.049s] Level 1:colcon.colcon_core.shell:create_environment_hook('tello_control', 'pythonpath')
[4.049s] INFO:colcon.colcon_core.shell:Creating environment hook '/home/paolaramos/Github/testROS/Autonomous-Drone/tello_ws3/install/tello_control/share/tello_control/hook/pythonpath.ps1'
[4.051s] INFO:colcon.colcon_core.shell:Creating environment descriptor '/home/paolaramos/Github/testROS/Autonomous-Drone/tello_ws3/install/tello_control/share/tello_control/hook/pythonpath.dsv'
[4.052s] INFO:colcon.colcon_core.shell:Creating environment hook '/home/paolaramos/Github/testROS/Autonomous-Drone/tello_ws3/install/tello_control/share/tello_control/hook/pythonpath.sh'
[4.055s] Level 1:colcon.colcon_core.environment:checking '/home/paolaramos/Github/testROS/Autonomous-Drone/tello_ws3/install/tello_control/bin'
[4.055s] Level 1:colcon.colcon_core.environment:create_environment_scripts_only(tello_control)
[4.056s] INFO:colcon.colcon_core.shell:Creating package script '/home/paolaramos/Github/testROS/Autonomous-Drone/tello_ws3/install/tello_control/share/tello_control/package.ps1'
[4.058s] INFO:colcon.colcon_core.shell:Creating package descriptor '/home/paolaramos/Github/testROS/Autonomous-Drone/tello_ws3/install/tello_control/share/tello_control/package.dsv'
[4.060s] INFO:colcon.colcon_core.shell:Creating package script '/home/paolaramos/Github/testROS/Autonomous-Drone/tello_ws3/install/tello_control/share/tello_control/package.sh'
[4.062s] INFO:colcon.colcon_core.shell:Creating package script '/home/paolaramos/Github/testROS/Autonomous-Drone/tello_ws3/install/tello_control/share/tello_control/package.bash'
[4.063s] INFO:colcon.colcon_core.shell:Creating package script '/home/paolaramos/Github/testROS/Autonomous-Drone/tello_ws3/install/tello_control/share/tello_control/package.zsh'
[4.065s] Level 1:colcon.colcon_core.environment:create_file_with_runtime_dependencies(/home/paolaramos/Github/testROS/Autonomous-Drone/tello_ws3/install/tello_control/share/colcon-core/packages/tello_control)
[4.067s] DEBUG:colcon.colcon_parallel_executor.executor.parallel:closing loop
[4.067s] DEBUG:colcon.colcon_parallel_executor.executor.parallel:loop closed
[4.068s] DEBUG:colcon.colcon_parallel_executor.executor.parallel:run_until_complete finished with '0'
[4.068s] DEBUG:colcon.colcon_core.event_reactor:joining thread
[4.117s] INFO:colcon.colcon_core.plugin_system:Skipping extension 'colcon_notification.desktop_notification.terminal_notifier': Not used on non-Darwin systems
[4.118s] INFO:colcon.colcon_core.plugin_system:Skipping extension 'colcon_notification.desktop_notification.win32': Not used on non-Windows systems
[4.118s] INFO:colcon.colcon_notification.desktop_notification:Sending desktop notification using 'notify2'
[4.164s] DEBUG:colcon.colcon_core.event_reactor:joined thread
[4.164s] INFO:colcon.colcon_core.shell:Creating prefix script '/home/paolaramos/Github/testROS/Autonomous-Drone/tello_ws3/install/local_setup.ps1'
[4.169s] INFO:colcon.colcon_core.shell:Creating prefix util module '/home/paolaramos/Github/testROS/Autonomous-Drone/tello_ws3/install/_local_setup_util_ps1.py'
[4.173s] INFO:colcon.colcon_core.shell:Creating prefix chain script '/home/paolaramos/Github/testROS/Autonomous-Drone/tello_ws3/install/setup.ps1'
[4.177s] INFO:colcon.colcon_core.shell:Creating prefix script '/home/paolaramos/Github/testROS/Autonomous-Drone/tello_ws3/install/local_setup.sh'
[4.180s] INFO:colcon.colcon_core.shell:Creating prefix util module '/home/paolaramos/Github/testROS/Autonomous-Drone/tello_ws3/install/_local_setup_util_sh.py'
[4.181s] INFO:colcon.colcon_core.shell:Creating prefix chain script '/home/paolaramos/Github/testROS/Autonomous-Drone/tello_ws3/install/setup.sh'
[4.185s] INFO:colcon.colcon_core.shell:Creating prefix script '/home/paolaramos/Github/testROS/Autonomous-Drone/tello_ws3/install/local_setup.bash'
[4.188s] INFO:colcon.colcon_core.shell:Creating prefix chain script '/home/paolaramos/Github/testROS/Autonomous-Drone/tello_ws3/install/setup.bash'
[4.195s] INFO:colcon.colcon_core.shell:Creating prefix script '/home/paolaramos/Github/testROS/Autonomous-Drone/tello_ws3/install/local_setup.zsh'
[4.197s] INFO:colcon.colcon_core.shell:Creating prefix chain script '/home/paolaramos/Github/testROS/Autonomous-Drone/tello_ws3/install/setup.zsh'
