[2.451s] Invoking command in '/home/paolaramos/tello_ws/src/tello_control': PYTHONPATH=/home/paolaramos/tello_ws/build/tello_control/prefix_override:/usr/lib/python3/dist-packages/colcon_core/task/python/colcon_distutils_commands:/home/paolaramos/tello_ws/install/tello_control/lib/python3.10/site-packages:${PYTHONPATH} /usr/bin/python3 -W ignore:setup.py install is deprecated -W ignore:easy_install command is deprecated setup.py egg_info --egg-base ../../build/tello_control build --build-base /home/paolaramos/tello_ws/build/tello_control/build install --record /home/paolaramos/tello_ws/build/tello_control/install.log --single-version-externally-managed install_data
[2.981s] running egg_info
[2.983s] creating ../../build/tello_control/tello_control.egg-info
[2.987s] writing ../../build/tello_control/tello_control.egg-info/PKG-INFO
[2.987s] writing dependency_links to ../../build/tello_control/tello_control.egg-info/dependency_links.txt
[2.987s] writing entry points to ../../build/tello_control/tello_control.egg-info/entry_points.txt
[2.987s] writing requirements to ../../build/tello_control/tello_control.egg-info/requires.txt
[2.988s] writing top-level names to ../../build/tello_control/tello_control.egg-info/top_level.txt
[2.988s] writing manifest file '../../build/tello_control/tello_control.egg-info/SOURCES.txt'
[2.988s] reading manifest file '../../build/tello_control/tello_control.egg-info/SOURCES.txt'
[2.988s] writing manifest file '../../build/tello_control/tello_control.egg-info/SOURCES.txt'
[2.988s] running build
[2.988s] running build_py
[2.988s] creating /home/paolaramos/tello_ws/build/tello_control/build
[2.988s] creating /home/paolaramos/tello_ws/build/tello_control/build/lib
[2.988s] creating /home/paolaramos/tello_ws/build/tello_control/build/lib/tello_control
[2.989s] copying tello_control/trajectory_node.py -> /home/paolaramos/tello_ws/build/tello_control/build/lib/tello_control
[2.989s] copying tello_control/__init__.py -> /home/paolaramos/tello_ws/build/tello_control/build/lib/tello_control
[2.989s] copying tello_control/odometry_node.py -> /home/paolaramos/tello_ws/build/tello_control/build/lib/tello_control
[2.989s] running install
[2.989s] running install_lib
[2.990s] creating /home/paolaramos/tello_ws/install/tello_control/lib/python3.10/site-packages/tello_control
[2.991s] copying /home/paolaramos/tello_ws/build/tello_control/build/lib/tello_control/trajectory_node.py -> /home/paolaramos/tello_ws/install/tello_control/lib/python3.10/site-packages/tello_control
[2.991s] copying /home/paolaramos/tello_ws/build/tello_control/build/lib/tello_control/__init__.py -> /home/paolaramos/tello_ws/install/tello_control/lib/python3.10/site-packages/tello_control
[2.991s] copying /home/paolaramos/tello_ws/build/tello_control/build/lib/tello_control/odometry_node.py -> /home/paolaramos/tello_ws/install/tello_control/lib/python3.10/site-packages/tello_control
[3.001s] byte-compiling /home/paolaramos/tello_ws/install/tello_control/lib/python3.10/site-packages/tello_control/trajectory_node.py to trajectory_node.cpython-310.pyc
[3.002s] byte-compiling /home/paolaramos/tello_ws/install/tello_control/lib/python3.10/site-packages/tello_control/__init__.py to __init__.cpython-310.pyc
[3.002s] byte-compiling /home/paolaramos/tello_ws/install/tello_control/lib/python3.10/site-packages/tello_control/odometry_node.py to odometry_node.cpython-310.pyc
[3.002s] running install_data
[3.002s] creating /home/paolaramos/tello_ws/install/tello_control/share/ament_index
[3.002s] creating /home/paolaramos/tello_ws/install/tello_control/share/ament_index/resource_index
[3.002s] creating /home/paolaramos/tello_ws/install/tello_control/share/ament_index/resource_index/packages
[3.002s] copying resource/tello_control -> /home/paolaramos/tello_ws/install/tello_control/share/ament_index/resource_index/packages
[3.002s] copying package.xml -> /home/paolaramos/tello_ws/install/tello_control/share/tello_control
[3.002s] running install_egg_info
[3.030s] Copying ../../build/tello_control/tello_control.egg-info to /home/paolaramos/tello_ws/install/tello_control/lib/python3.10/site-packages/tello_control-0.0.0-py3.10.egg-info
[3.030s] running install_scripts
[3.091s] Installing odometry_node script to /home/paolaramos/tello_ws/install/tello_control/lib/tello_control
[3.091s] Installing trajectory_node script to /home/paolaramos/tello_ws/install/tello_control/lib/tello_control
[3.091s] writing list of installed files to '/home/paolaramos/tello_ws/build/tello_control/install.log'
[3.183s] Invoked command in '/home/paolaramos/tello_ws/src/tello_control' returned '0': PYTHONPATH=/home/paolaramos/tello_ws/build/tello_control/prefix_override:/usr/lib/python3/dist-packages/colcon_core/task/python/colcon_distutils_commands:/home/paolaramos/tello_ws/install/tello_control/lib/python3.10/site-packages:${PYTHONPATH} /usr/bin/python3 -W ignore:setup.py install is deprecated -W ignore:easy_install command is deprecated setup.py egg_info --egg-base ../../build/tello_control build --build-base /home/paolaramos/tello_ws/build/tello_control/build install --record /home/paolaramos/tello_ws/build/tello_control/install.log --single-version-externally-managed install_data
