[4.363s] Invoking command in '/home/paolaramos/Github/testROS/Autonomous-Drone/tello_ws3/src/tello_control': PYTHONPATH=/home/paolaramos/Github/testROS/Autonomous-Drone/tello_ws3/build/tello_control/prefix_override:/usr/lib/python3/dist-packages/colcon_core/task/python/colcon_distutils_commands:/home/paolaramos/Github/testROS/Autonomous-Drone/tello_ws3/install/tello_control/lib/python3.10/site-packages:${PYTHONPATH} /usr/bin/python3 -W ignore:setup.py install is deprecated -W ignore:easy_install command is deprecated setup.py egg_info --egg-base ../../build/tello_control build --build-base /home/paolaramos/Github/testROS/Autonomous-Drone/tello_ws3/build/tello_control/build install --record /home/paolaramos/Github/testROS/Autonomous-Drone/tello_ws3/build/tello_control/install.log --single-version-externally-managed install_data
[4.865s] running egg_info
[4.923s] writing ../../build/tello_control/tello_control.egg-info/PKG-INFO
[4.930s] writing dependency_links to ../../build/tello_control/tello_control.egg-info/dependency_links.txt
[4.930s] writing entry points to ../../build/tello_control/tello_control.egg-info/entry_points.txt
[4.930s] writing requirements to ../../build/tello_control/tello_control.egg-info/requires.txt
[4.930s] writing top-level names to ../../build/tello_control/tello_control.egg-info/top_level.txt
[5.003s] reading manifest file '../../build/tello_control/tello_control.egg-info/SOURCES.txt'
[5.006s] writing manifest file '../../build/tello_control/tello_control.egg-info/SOURCES.txt'
[5.006s] running build
[5.006s] running build_py
[5.007s] copying tello_control/__init__.py -> /home/paolaramos/Github/testROS/Autonomous-Drone/tello_ws3/build/tello_control/build/lib/tello_control
[5.007s] copying tello_control/trajectory_node.py -> /home/paolaramos/Github/testROS/Autonomous-Drone/tello_ws3/build/tello_control/build/lib/tello_control
[5.007s] running install
[5.022s] running install_lib
[5.051s] running install_data
[5.051s] copying resource/tello_control -> /home/paolaramos/Github/testROS/Autonomous-Drone/tello_ws3/install/tello_control/share/ament_index/resource_index/packages
[5.052s] copying package.xml -> /home/paolaramos/Github/testROS/Autonomous-Drone/tello_ws3/install/tello_control/share/tello_control
[5.052s] copying launch/tello_with_optitrack.launch.py -> /home/paolaramos/Github/testROS/Autonomous-Drone/tello_ws3/install/tello_control/share/tello_control/launch
[5.079s] running install_egg_info
[5.102s] removing '/home/paolaramos/Github/testROS/Autonomous-Drone/tello_ws3/install/tello_control/lib/python3.10/site-packages/tello_control-0.0.0-py3.10.egg-info' (and everything under it)
[5.103s] Copying ../../build/tello_control/tello_control.egg-info to /home/paolaramos/Github/testROS/Autonomous-Drone/tello_ws3/install/tello_control/lib/python3.10/site-packages/tello_control-0.0.0-py3.10.egg-info
[5.107s] running install_scripts
[5.331s] Installing trajectory_node script to /home/paolaramos/Github/testROS/Autonomous-Drone/tello_ws3/install/tello_control/lib/tello_control
[5.338s] writing list of installed files to '/home/paolaramos/Github/testROS/Autonomous-Drone/tello_ws3/build/tello_control/install.log'
[5.429s] Invoked command in '/home/paolaramos/Github/testROS/Autonomous-Drone/tello_ws3/src/tello_control' returned '0': PYTHONPATH=/home/paolaramos/Github/testROS/Autonomous-Drone/tello_ws3/build/tello_control/prefix_override:/usr/lib/python3/dist-packages/colcon_core/task/python/colcon_distutils_commands:/home/paolaramos/Github/testROS/Autonomous-Drone/tello_ws3/install/tello_control/lib/python3.10/site-packages:${PYTHONPATH} /usr/bin/python3 -W ignore:setup.py install is deprecated -W ignore:easy_install command is deprecated setup.py egg_info --egg-base ../../build/tello_control build --build-base /home/paolaramos/Github/testROS/Autonomous-Drone/tello_ws3/build/tello_control/build install --record /home/paolaramos/Github/testROS/Autonomous-Drone/tello_ws3/build/tello_control/install.log --single-version-externally-managed install_data
