/home/paolaramos/Proyecto/tello_ws/install/drone/lib/python3.10/site-packages/drone/plotter.py
/home/paolaramos/Proyecto/tello_ws/install/drone/lib/python3.10/site-packages/drone/__init__.py
/home/paolaramos/Proyecto/tello_ws/install/drone/lib/python3.10/site-packages/drone/controller.py
/home/paolaramos/Proyecto/tello_ws/install/drone/lib/python3.10/site-packages/drone/odometry.py
/home/paolaramos/Proyecto/tello_ws/install/drone/lib/python3.10/site-packages/drone/__pycache__/plotter.cpython-310.pyc
/home/paolaramos/Proyecto/tello_ws/install/drone/lib/python3.10/site-packages/drone/__pycache__/__init__.cpython-310.pyc
/home/paolaramos/Proyecto/tello_ws/install/drone/lib/python3.10/site-packages/drone/__pycache__/controller.cpython-310.pyc
/home/paolaramos/Proyecto/tello_ws/install/drone/lib/python3.10/site-packages/drone/__pycache__/odometry.cpython-310.pyc
/home/paolaramos/Proyecto/tello_ws/install/drone/share/ament_index/resource_index/packages/drone
/home/paolaramos/Proyecto/tello_ws/install/drone/share/drone/package.xml
/home/paolaramos/Proyecto/tello_ws/install/drone/share/drone/launch/drone_launch.py
/home/paolaramos/Proyecto/tello_ws/install/drone/lib/python3.10/site-packages/drone-0.0.0-py3.10.egg-info/zip-safe
/home/paolaramos/Proyecto/tello_ws/install/drone/lib/python3.10/site-packages/drone-0.0.0-py3.10.egg-info/top_level.txt
/home/paolaramos/Proyecto/tello_ws/install/drone/lib/python3.10/site-packages/drone-0.0.0-py3.10.egg-info/PKG-INFO
/home/paolaramos/Proyecto/tello_ws/install/drone/lib/python3.10/site-packages/drone-0.0.0-py3.10.egg-info/entry_points.txt
/home/paolaramos/Proyecto/tello_ws/install/drone/lib/python3.10/site-packages/drone-0.0.0-py3.10.egg-info/SOURCES.txt
/home/paolaramos/Proyecto/tello_ws/install/drone/lib/python3.10/site-packages/drone-0.0.0-py3.10.egg-info/requires.txt
/home/paolaramos/Proyecto/tello_ws/install/drone/lib/python3.10/site-packages/drone-0.0.0-py3.10.egg-info/dependency_links.txt
/home/paolaramos/Proyecto/tello_ws/install/drone/lib/drone/controller
/home/paolaramos/Proyecto/tello_ws/install/drone/lib/drone/odometry
/home/paolaramos/Proyecto/tello_ws/install/drone/lib/drone/plotter
