[0.730s] Invoking command in '/home/paolaramos/Proyecto/tello_ws/src/drone': PYTHONPATH=/home/paolaramos/Proyecto/tello_ws/build/drone/prefix_override:/usr/lib/python3/dist-packages/colcon_core/task/python/colcon_distutils_commands:/home/paolaramos/Proyecto/tello_ws/install/drone/lib/python3.10/site-packages:${PYTHONPATH} /usr/bin/python3 -W ignore:setup.py install is deprecated -W ignore:easy_install command is deprecated setup.py egg_info --egg-base ../../build/drone build --build-base /home/paolaramos/Proyecto/tello_ws/build/drone/build install --record /home/paolaramos/Proyecto/tello_ws/build/drone/install.log --single-version-externally-managed install_data
[0.927s] running egg_info
[0.938s] writing ../../build/drone/drone.egg-info/PKG-INFO
[0.939s] writing dependency_links to ../../build/drone/drone.egg-info/dependency_links.txt
[0.939s] writing entry points to ../../build/drone/drone.egg-info/entry_points.txt
[0.940s] writing requirements to ../../build/drone/drone.egg-info/requires.txt
[0.940s] writing top-level names to ../../build/drone/drone.egg-info/top_level.txt
[0.965s] reading manifest file '../../build/drone/drone.egg-info/SOURCES.txt'
[0.969s] writing manifest file '../../build/drone/drone.egg-info/SOURCES.txt'
[0.969s] running build
[0.969s] running build_py
[0.970s] copying drone/plotter.py -> /home/paolaramos/Proyecto/tello_ws/build/drone/build/lib/drone
[0.970s] copying drone/__init__.py -> /home/paolaramos/Proyecto/tello_ws/build/drone/build/lib/drone
[0.970s] copying drone/controller.py -> /home/paolaramos/Proyecto/tello_ws/build/drone/build/lib/drone
[0.970s] copying drone/odometry.py -> /home/paolaramos/Proyecto/tello_ws/build/drone/build/lib/drone
[0.972s] running install
[0.976s] running install_lib
[0.987s] copying /home/paolaramos/Proyecto/tello_ws/build/drone/build/lib/drone/controller.py -> /home/paolaramos/Proyecto/tello_ws/install/drone/lib/python3.10/site-packages/drone
[0.990s] byte-compiling /home/paolaramos/Proyecto/tello_ws/install/drone/lib/python3.10/site-packages/drone/controller.py to controller.cpython-310.pyc
[0.991s] running install_data
[0.991s] copying resource/drone -> /home/paolaramos/Proyecto/tello_ws/install/drone/share/ament_index/resource_index/packages
[0.991s] copying package.xml -> /home/paolaramos/Proyecto/tello_ws/install/drone/share/drone
[0.991s] copying launch/drone_launch.py -> /home/paolaramos/Proyecto/tello_ws/install/drone/share/drone/launch
[0.993s] running install_egg_info
[1.007s] removing '/home/paolaramos/Proyecto/tello_ws/install/drone/lib/python3.10/site-packages/drone-0.0.0-py3.10.egg-info' (and everything under it)
[1.008s] Copying ../../build/drone/drone.egg-info to /home/paolaramos/Proyecto/tello_ws/install/drone/lib/python3.10/site-packages/drone-0.0.0-py3.10.egg-info
[1.009s] running install_scripts
[1.112s] Installing controller script to /home/paolaramos/Proyecto/tello_ws/install/drone/lib/drone
[1.113s] Installing odometry script to /home/paolaramos/Proyecto/tello_ws/install/drone/lib/drone
[1.114s] Installing plotter script to /home/paolaramos/Proyecto/tello_ws/install/drone/lib/drone
[1.116s] writing list of installed files to '/home/paolaramos/Proyecto/tello_ws/build/drone/install.log'
[1.141s] Invoked command in '/home/paolaramos/Proyecto/tello_ws/src/drone' returned '0': PYTHONPATH=/home/paolaramos/Proyecto/tello_ws/build/drone/prefix_override:/usr/lib/python3/dist-packages/colcon_core/task/python/colcon_distutils_commands:/home/paolaramos/Proyecto/tello_ws/install/drone/lib/python3.10/site-packages:${PYTHONPATH} /usr/bin/python3 -W ignore:setup.py install is deprecated -W ignore:easy_install command is deprecated setup.py egg_info --egg-base ../../build/drone build --build-base /home/paolaramos/Proyecto/tello_ws/build/drone/build install --record /home/paolaramos/Proyecto/tello_ws/build/drone/install.log --single-version-externally-managed install_data
