[6.632s] Invoking command in '/home/paolaramos/tello_ws/src/drone': PYTHONPATH=/home/paolaramos/tello_ws/build/drone/prefix_override:/usr/lib/python3/dist-packages/colcon_core/task/python/colcon_distutils_commands:/home/paolaramos/tello_ws/install/drone/lib/python3.10/site-packages:${PYTHONPATH} /usr/bin/python3 -W ignore:setup.py install is deprecated -W ignore:easy_install command is deprecated setup.py egg_info --egg-base ../../build/drone build --build-base /home/paolaramos/tello_ws/build/drone/build install --record /home/paolaramos/tello_ws/build/drone/install.log --single-version-externally-managed install_data
[8.391s] running egg_info
[8.452s] writing ../../build/drone/drone.egg-info/PKG-INFO
[8.467s] writing dependency_links to ../../build/drone/drone.egg-info/dependency_links.txt
[8.472s] writing entry points to ../../build/drone/drone.egg-info/entry_points.txt
[8.497s] writing requirements to ../../build/drone/drone.egg-info/requires.txt
[8.537s] writing top-level names to ../../build/drone/drone.egg-info/top_level.txt
[8.711s] reading manifest file '../../build/drone/drone.egg-info/SOURCES.txt'
[8.738s] writing manifest file '../../build/drone/drone.egg-info/SOURCES.txt'
[8.745s] running build
[8.749s] running build_py
[8.757s] copying drone/__init__.py -> /home/paolaramos/tello_ws/build/drone/build/lib/drone
[8.758s] copying drone/controller.py -> /home/paolaramos/tello_ws/build/drone/build/lib/drone
[8.763s] copying drone/odometry.py -> /home/paolaramos/tello_ws/build/drone/build/lib/drone
[8.814s] running install
[8.835s] running install_lib
[9.021s] running install_data
[9.027s] copying resource/drone -> /home/paolaramos/tello_ws/install/drone/share/ament_index/resource_index/packages
[9.028s] copying package.xml -> /home/paolaramos/tello_ws/install/drone/share/drone
[9.031s] copying launch/drone.launch.py -> /home/paolaramos/tello_ws/install/drone/share/drone/launch
[9.040s] running install_egg_info
[9.438s] removing '/home/paolaramos/tello_ws/install/drone/lib/python3.10/site-packages/drone-0.0.0-py3.10.egg-info' (and everything under it)
[9.441s] Copying ../../build/drone/drone.egg-info to /home/paolaramos/tello_ws/install/drone/lib/python3.10/site-packages/drone-0.0.0-py3.10.egg-info
[9.444s] running install_scripts
[10.602s] Installing controller script to /home/paolaramos/tello_ws/install/drone/lib/drone
[10.603s] Installing odometry script to /home/paolaramos/tello_ws/install/drone/lib/drone
[10.646s] writing list of installed files to '/home/paolaramos/tello_ws/build/drone/install.log'
[10.956s] Invoked command in '/home/paolaramos/tello_ws/src/drone' returned '0': PYTHONPATH=/home/paolaramos/tello_ws/build/drone/prefix_override:/usr/lib/python3/dist-packages/colcon_core/task/python/colcon_distutils_commands:/home/paolaramos/tello_ws/install/drone/lib/python3.10/site-packages:${PYTHONPATH} /usr/bin/python3 -W ignore:setup.py install is deprecated -W ignore:easy_install command is deprecated setup.py egg_info --egg-base ../../build/drone build --build-base /home/paolaramos/tello_ws/build/drone/build install --record /home/paolaramos/tello_ws/build/drone/install.log --single-version-externally-managed install_data
