[1.203s] Invoking command in '/home/paolaramos/tello_ws/src/drone': PYTHONPATH=/home/paolaramos/tello_ws/build/drone/prefix_override:/usr/lib/python3/dist-packages/colcon_core/task/python/colcon_distutils_commands:/home/paolaramos/tello_ws/install/drone/lib/python3.10/site-packages:${PYTHONPATH} /usr/bin/python3 -W ignore:setup.py install is deprecated -W ignore:easy_install command is deprecated setup.py egg_info --egg-base ../../build/drone build --build-base /home/paolaramos/tello_ws/build/drone/build install --record /home/paolaramos/tello_ws/build/drone/install.log --single-version-externally-managed install_data
[1.424s] running egg_info
[1.438s] writing ../../build/drone/drone.egg-info/PKG-INFO
[1.441s] writing dependency_links to ../../build/drone/drone.egg-info/dependency_links.txt
[1.442s] writing entry points to ../../build/drone/drone.egg-info/entry_points.txt
[1.443s] writing requirements to ../../build/drone/drone.egg-info/requires.txt
[1.443s] writing top-level names to ../../build/drone/drone.egg-info/top_level.txt
[1.472s] reading manifest file '../../build/drone/drone.egg-info/SOURCES.txt'
[1.472s] writing manifest file '../../build/drone/drone.egg-info/SOURCES.txt'
[1.479s] running build
[1.479s] running build_py
[1.479s] copying drone/__init__.py -> /home/paolaramos/tello_ws/build/drone/build/lib/drone
[1.479s] copying drone/controller.py -> /home/paolaramos/tello_ws/build/drone/build/lib/drone
[1.479s] copying drone/odometry.py -> /home/paolaramos/tello_ws/build/drone/build/lib/drone
[1.479s] running install
[1.485s] running install_lib
[1.499s] running install_data
[1.499s] copying resource/drone -> /home/paolaramos/tello_ws/install/drone/share/ament_index/resource_index/packages
[1.501s] copying package.xml -> /home/paolaramos/tello_ws/install/drone/share/drone
[1.501s] copying launch/drone_launch.py -> /home/paolaramos/tello_ws/install/drone/share/drone/launch
[1.501s] running install_egg_info
[1.516s] removing '/home/paolaramos/tello_ws/install/drone/lib/python3.10/site-packages/drone-0.0.0-py3.10.egg-info' (and everything under it)
[1.516s] Copying ../../build/drone/drone.egg-info to /home/paolaramos/tello_ws/install/drone/lib/python3.10/site-packages/drone-0.0.0-py3.10.egg-info
[1.517s] running install_scripts
[1.610s] Installing controller script to /home/paolaramos/tello_ws/install/drone/lib/drone
[1.610s] Installing odometry script to /home/paolaramos/tello_ws/install/drone/lib/drone
[1.610s] writing list of installed files to '/home/paolaramos/tello_ws/build/drone/install.log'
[1.646s] Invoked command in '/home/paolaramos/tello_ws/src/drone' returned '0': PYTHONPATH=/home/paolaramos/tello_ws/build/drone/prefix_override:/usr/lib/python3/dist-packages/colcon_core/task/python/colcon_distutils_commands:/home/paolaramos/tello_ws/install/drone/lib/python3.10/site-packages:${PYTHONPATH} /usr/bin/python3 -W ignore:setup.py install is deprecated -W ignore:easy_install command is deprecated setup.py egg_info --egg-base ../../build/drone build --build-base /home/paolaramos/tello_ws/build/drone/build install --record /home/paolaramos/tello_ws/build/drone/install.log --single-version-externally-managed install_data
