[0.446s] Invoking command in '/home/paolaramos/Proyecto/tello_ws/build/optitrack_client': CMAKE_PREFIX_PATH=/opt/ros/humble /usr/bin/cmake /home/paolaramos/Proyecto/tello_ws/src/optitrack_client -DCMAKE_INSTALL_PREFIX=/home/paolaramos/Proyecto/tello_ws/install/optitrack_client
[1.354s] -- The C compiler identification is GNU 11.4.0
[2.027s] -- The CXX compiler identification is GNU 11.4.0
[2.093s] -- Detecting C compiler ABI info
[2.496s] -- Detecting C compiler ABI info - done
[2.523s] -- Check for working C compiler: /usr/bin/cc - skipped
[2.530s] -- Detecting C compile features
[2.541s] -- Detecting C compile features - done
[2.561s] -- Detecting CXX compiler ABI info
[2.921s] -- Detecting CXX compiler ABI info - done
[2.933s] -- Check for working CXX compiler: /usr/bin/c++ - skipped
[2.934s] -- Detecting CXX compile features
[2.934s] -- Detecting CXX compile features - done
[2.994s] -- Found ament_cmake: 1.3.14 (/opt/ros/humble/share/ament_cmake/cmake)
[4.083s] -- Found Python3: /usr/bin/python3 (found version "3.10.12") found components: Interpreter 
[4.484s] -- Found rclcpp: 16.0.19 (/opt/ros/humble/share/rclcpp/cmake)
[4.744s] -- Found rosidl_generator_c: 3.1.8 (/opt/ros/humble/share/rosidl_generator_c/cmake)
[4.775s] -- Found rosidl_adapter: 3.1.8 (/opt/ros/humble/share/rosidl_adapter/cmake)
[4.822s] -- Found rosidl_generator_cpp: 3.1.8 (/opt/ros/humble/share/rosidl_generator_cpp/cmake)
[4.897s] -- Using all available rosidl_typesupport_c: rosidl_typesupport_fastrtps_c;rosidl_typesupport_introspection_c
[4.969s] -- Using all available rosidl_typesupport_cpp: rosidl_typesupport_fastrtps_cpp;rosidl_typesupport_introspection_cpp
[5.186s] -- Found rmw_implementation_cmake: 6.1.2 (/opt/ros/humble/share/rmw_implementation_cmake/cmake)
[5.203s] -- Found rmw_fastrtps_cpp: 6.2.10 (/opt/ros/humble/share/rmw_fastrtps_cpp/cmake)
[5.564s] -- Found OpenSSL: /usr/lib/x86_64-linux-gnu/libcrypto.so (found version "3.0.2")  
[5.625s] -- Found FastRTPS: /opt/ros/humble/include  
[5.697s] -- Using RMW implementation 'rmw_fastrtps_cpp' as default
[5.753s] -- Looking for pthread.h
[6.084s] -- Looking for pthread.h - found
[6.090s] -- Performing Test CMAKE_HAVE_LIBC_PTHREAD
[6.293s] -- Performing Test CMAKE_HAVE_LIBC_PTHREAD - Success
[6.297s] -- Found Threads: TRUE  
[6.565s] -- Found geometry_msgs: 4.9.1 (/opt/ros/humble/share/geometry_msgs/cmake)
[6.836s] -- Configuring done
[6.872s] -- Generating done
[6.886s] -- Build files have been written to: /home/paolaramos/Proyecto/tello_ws/build/optitrack_client
[6.913s] Invoked command in '/home/paolaramos/Proyecto/tello_ws/build/optitrack_client' returned '0': CMAKE_PREFIX_PATH=/opt/ros/humble /usr/bin/cmake /home/paolaramos/Proyecto/tello_ws/src/optitrack_client -DCMAKE_INSTALL_PREFIX=/home/paolaramos/Proyecto/tello_ws/install/optitrack_client
[6.914s] Invoking command in '/home/paolaramos/Proyecto/tello_ws/build/optitrack_client': CMAKE_PREFIX_PATH=/opt/ros/humble /usr/bin/cmake --build /home/paolaramos/Proyecto/tello_ws/build/optitrack_client -- -j4 -l4
[7.075s] [ 33%] [32mBuilding CXX object CMakeFiles/optitrack_client.dir/src/utils.cpp.o[0m
[7.087s] [ 66%] [32mBuilding CXX object CMakeFiles/optitrack_client.dir/src/optitrack_client.cpp.o[0m
[28.028s] [100%] [32m[1mLinking CXX executable optitrack_client[0m
[28.497s] [100%] Built target optitrack_client
[28.539s] Invoked command in '/home/paolaramos/Proyecto/tello_ws/build/optitrack_client' returned '0': CMAKE_PREFIX_PATH=/opt/ros/humble /usr/bin/cmake --build /home/paolaramos/Proyecto/tello_ws/build/optitrack_client -- -j4 -l4
[28.565s] Invoking command in '/home/paolaramos/Proyecto/tello_ws/build/optitrack_client': CMAKE_PREFIX_PATH=/opt/ros/humble /usr/bin/cmake --install /home/paolaramos/Proyecto/tello_ws/build/optitrack_client
[28.594s] -- Install configuration: ""
[28.594s] -- Installing: /home/paolaramos/Proyecto/tello_ws/install/optitrack_client/lib/optitrack_client/optitrack_client
[28.603s] -- Set runtime path of "/home/paolaramos/Proyecto/tello_ws/install/optitrack_client/lib/optitrack_client/optitrack_client" to ""
[28.603s] -- Up-to-date: /home/paolaramos/Proyecto/tello_ws/install/optitrack_client/lib
[28.604s] -- Installing: /home/paolaramos/Proyecto/tello_ws/install/optitrack_client/lib/libNatNet.so
[28.605s] -- Installing: /home/paolaramos/Proyecto/tello_ws/install/optitrack_client/share/ament_index/resource_index/package_run_dependencies/optitrack_client
[28.607s] -- Installing: /home/paolaramos/Proyecto/tello_ws/install/optitrack_client/share/ament_index/resource_index/parent_prefix_path/optitrack_client
[28.607s] -- Installing: /home/paolaramos/Proyecto/tello_ws/install/optitrack_client/share/optitrack_client/environment/ament_prefix_path.sh
[28.607s] -- Installing: /home/paolaramos/Proyecto/tello_ws/install/optitrack_client/share/optitrack_client/environment/ament_prefix_path.dsv
[28.607s] -- Installing: /home/paolaramos/Proyecto/tello_ws/install/optitrack_client/share/optitrack_client/environment/path.sh
[28.608s] -- Installing: /home/paolaramos/Proyecto/tello_ws/install/optitrack_client/share/optitrack_client/environment/path.dsv
[28.608s] -- Installing: /home/paolaramos/Proyecto/tello_ws/install/optitrack_client/share/optitrack_client/local_setup.bash
[28.608s] -- Installing: /home/paolaramos/Proyecto/tello_ws/install/optitrack_client/share/optitrack_client/local_setup.sh
[28.609s] -- Installing: /home/paolaramos/Proyecto/tello_ws/install/optitrack_client/share/optitrack_client/local_setup.zsh
[28.609s] -- Installing: /home/paolaramos/Proyecto/tello_ws/install/optitrack_client/share/optitrack_client/local_setup.dsv
[28.609s] -- Installing: /home/paolaramos/Proyecto/tello_ws/install/optitrack_client/share/optitrack_client/package.dsv
[28.609s] -- Installing: /home/paolaramos/Proyecto/tello_ws/install/optitrack_client/share/ament_index/resource_index/packages/optitrack_client
[28.609s] -- Installing: /home/paolaramos/Proyecto/tello_ws/install/optitrack_client/share/optitrack_client/cmake/optitrack_clientConfig.cmake
[28.610s] -- Installing: /home/paolaramos/Proyecto/tello_ws/install/optitrack_client/share/optitrack_client/cmake/optitrack_clientConfig-version.cmake
[28.610s] -- Installing: /home/paolaramos/Proyecto/tello_ws/install/optitrack_client/share/optitrack_client/package.xml
[28.615s] Invoked command in '/home/paolaramos/Proyecto/tello_ws/build/optitrack_client' returned '0': CMAKE_PREFIX_PATH=/opt/ros/humble /usr/bin/cmake --install /home/paolaramos/Proyecto/tello_ws/build/optitrack_client
