[0.899s] Invoking command in '/home/paolaramos/tello_ws/src/tello_control': PYTHONPATH=/home/paolaramos/tello_ws/build/tello_control/prefix_override:/usr/lib/python3/dist-packages/colcon_core/task/python/colcon_distutils_commands:/home/paolaramos/tello_ws/install/tello_control/lib/python3.10/site-packages:${PYTHONPATH} /usr/bin/python3 -W ignore:setup.py install is deprecated -W ignore:easy_install command is deprecated setup.py egg_info --egg-base ../../build/tello_control build --build-base /home/paolaramos/tello_ws/build/tello_control/build install --record /home/paolaramos/tello_ws/build/tello_control/install.log --single-version-externally-managed install_data
[1.125s] running egg_info
[1.129s] writing ../../build/tello_control/tello_control.egg-info/PKG-INFO
[1.129s] writing dependency_links to ../../build/tello_control/tello_control.egg-info/dependency_links.txt
[1.130s] writing entry points to ../../build/tello_control/tello_control.egg-info/entry_points.txt
[1.132s] writing requirements to ../../build/tello_control/tello_control.egg-info/requires.txt
[1.133s] writing top-level names to ../../build/tello_control/tello_control.egg-info/top_level.txt
[1.133s] reading manifest file '../../build/tello_control/tello_control.egg-info/SOURCES.txt'
[1.134s] writing manifest file '../../build/tello_control/tello_control.egg-info/SOURCES.txt'
[1.134s] running build
[1.134s] running build_py
[1.135s] copying tello_control/trajectory_node.py -> /home/paolaramos/tello_ws/build/tello_control/build/lib/tello_control
[1.135s] running install
[1.135s] running install_lib
[1.135s] copying /home/paolaramos/tello_ws/build/tello_control/build/lib/tello_control/trajectory_node.py -> /home/paolaramos/tello_ws/install/tello_control/lib/python3.10/site-packages/tello_control
[1.140s] byte-compiling /home/paolaramos/tello_ws/install/tello_control/lib/python3.10/site-packages/tello_control/trajectory_node.py to trajectory_node.cpython-310.pyc
[1.140s] running install_data
[1.140s] running install_egg_info
[1.157s] removing '/home/paolaramos/tello_ws/install/tello_control/lib/python3.10/site-packages/tello_control-0.0.0-py3.10.egg-info' (and everything under it)
[1.161s] Copying ../../build/tello_control/tello_control.egg-info to /home/paolaramos/tello_ws/install/tello_control/lib/python3.10/site-packages/tello_control-0.0.0-py3.10.egg-info
[1.161s] running install_scripts
[1.187s] Installing odometry_node script to /home/paolaramos/tello_ws/install/tello_control/lib/tello_control
[1.189s] Installing trajectory_node script to /home/paolaramos/tello_ws/install/tello_control/lib/tello_control
[1.189s] writing list of installed files to '/home/paolaramos/tello_ws/build/tello_control/install.log'
[1.217s] Invoked command in '/home/paolaramos/tello_ws/src/tello_control' returned '0': PYTHONPATH=/home/paolaramos/tello_ws/build/tello_control/prefix_override:/usr/lib/python3/dist-packages/colcon_core/task/python/colcon_distutils_commands:/home/paolaramos/tello_ws/install/tello_control/lib/python3.10/site-packages:${PYTHONPATH} /usr/bin/python3 -W ignore:setup.py install is deprecated -W ignore:easy_install command is deprecated setup.py egg_info --egg-base ../../build/tello_control build --build-base /home/paolaramos/tello_ws/build/tello_control/build install --record /home/paolaramos/tello_ws/build/tello_control/install.log --single-version-externally-managed install_data
