[0.592s] Invoking command in '/home/paolaramos/Proyecto/tello_ws/build/optitrack_client': CMAKE_PREFIX_PATH=${CMAKE_PREFIX_PATH}:/home/paolaramos/Proyecto/tello_ws/install/drone:/opt/ros/humble /usr/bin/cmake --build /home/paolaramos/Proyecto/tello_ws/build/optitrack_client -- -j4 -l4
[2.203s] [100%] Built target optitrack_client
[2.353s] Invoked command in '/home/paolaramos/Proyecto/tello_ws/build/optitrack_client' returned '0': CMAKE_PREFIX_PATH=${CMAKE_PREFIX_PATH}:/home/paolaramos/Proyecto/tello_ws/install/drone:/opt/ros/humble /usr/bin/cmake --build /home/paolaramos/Proyecto/tello_ws/build/optitrack_client -- -j4 -l4
[2.377s] Invoking command in '/home/paolaramos/Proyecto/tello_ws/build/optitrack_client': CMAKE_PREFIX_PATH=${CMAKE_PREFIX_PATH}:/home/paolaramos/Proyecto/tello_ws/install/drone:/opt/ros/humble /usr/bin/cmake --install /home/paolaramos/Proyecto/tello_ws/build/optitrack_client
[2.419s] -- Install configuration: ""
[2.419s] -- Up-to-date: /home/paolaramos/Proyecto/tello_ws/install/optitrack_client/lib/optitrack_client/optitrack_client
[2.426s] -- Up-to-date: /home/paolaramos/Proyecto/tello_ws/install/optitrack_client/lib
[2.433s] -- Up-to-date: /home/paolaramos/Proyecto/tello_ws/install/optitrack_client/lib/libNatNet.so
[2.433s] -- Up-to-date: /home/paolaramos/Proyecto/tello_ws/install/optitrack_client/share/ament_index/resource_index/package_run_dependencies/optitrack_client
[2.435s] -- Up-to-date: /home/paolaramos/Proyecto/tello_ws/install/optitrack_client/share/ament_index/resource_index/parent_prefix_path/optitrack_client
[2.437s] -- Up-to-date: /home/paolaramos/Proyecto/tello_ws/install/optitrack_client/share/optitrack_client/environment/ament_prefix_path.sh
[2.437s] -- Up-to-date: /home/paolaramos/Proyecto/tello_ws/install/optitrack_client/share/optitrack_client/environment/ament_prefix_path.dsv
[2.444s] -- Up-to-date: /home/paolaramos/Proyecto/tello_ws/install/optitrack_client/share/optitrack_client/environment/path.sh
[2.445s] -- Up-to-date: /home/paolaramos/Proyecto/tello_ws/install/optitrack_client/share/optitrack_client/environment/path.dsv
[2.445s] -- Up-to-date: /home/paolaramos/Proyecto/tello_ws/install/optitrack_client/share/optitrack_client/local_setup.bash
[2.445s] -- Up-to-date: /home/paolaramos/Proyecto/tello_ws/install/optitrack_client/share/optitrack_client/local_setup.sh
[2.445s] -- Up-to-date: /home/paolaramos/Proyecto/tello_ws/install/optitrack_client/share/optitrack_client/local_setup.zsh
[2.445s] -- Up-to-date: /home/paolaramos/Proyecto/tello_ws/install/optitrack_client/share/optitrack_client/local_setup.dsv
[2.445s] -- Installing: /home/paolaramos/Proyecto/tello_ws/install/optitrack_client/share/optitrack_client/package.dsv
[2.466s] -- Up-to-date: /home/paolaramos/Proyecto/tello_ws/install/optitrack_client/share/ament_index/resource_index/packages/optitrack_client
[2.466s] -- Up-to-date: /home/paolaramos/Proyecto/tello_ws/install/optitrack_client/share/optitrack_client/cmake/optitrack_clientConfig.cmake
[2.466s] -- Up-to-date: /home/paolaramos/Proyecto/tello_ws/install/optitrack_client/share/optitrack_client/cmake/optitrack_clientConfig-version.cmake
[2.466s] -- Up-to-date: /home/paolaramos/Proyecto/tello_ws/install/optitrack_client/share/optitrack_client/package.xml
[2.475s] Invoked command in '/home/paolaramos/Proyecto/tello_ws/build/optitrack_client' returned '0': CMAKE_PREFIX_PATH=${CMAKE_PREFIX_PATH}:/home/paolaramos/Proyecto/tello_ws/install/drone:/opt/ros/humble /usr/bin/cmake --install /home/paolaramos/Proyecto/tello_ws/build/optitrack_client
