running egg_info
writing ../../build/tello_pkg/tello_pkg.egg-info/PKG-INFO
writing dependency_links to ../../build/tello_pkg/tello_pkg.egg-info/dependency_links.txt
writing entry points to ../../build/tello_pkg/tello_pkg.egg-info/entry_points.txt
writing requirements to ../../build/tello_pkg/tello_pkg.egg-info/requires.txt
writing top-level names to ../../build/tello_pkg/tello_pkg.egg-info/top_level.txt
reading manifest file '../../build/tello_pkg/tello_pkg.egg-info/SOURCES.txt'
writing manifest file '../../build/tello_pkg/tello_pkg.egg-info/SOURCES.txt'
running build
running build_py
copying tello_pkg/odometry_node.py -> /home/paolaramos/Autonomous-Drone/tello_ws3/build/tello_pkg/build/lib/tello_pkg
copying tello_pkg/__init__.py -> /home/paolaramos/Autonomous-Drone/tello_ws3/build/tello_pkg/build/lib/tello_pkg
copying tello_pkg/trajectory_node.py -> /home/paolaramos/Autonomous-Drone/tello_ws3/build/tello_pkg/build/lib/tello_pkg
running install
running install_lib
running install_data
copying resource/tello_pkg -> /home/paolaramos/Autonomous-Drone/tello_ws3/install/tello_pkg/share/ament_index/resource_index/packages
copying package.xml -> /home/paolaramos/Autonomous-Drone/tello_ws3/install/tello_pkg/share/tello_pkg
running install_egg_info
removing '/home/paolaramos/Autonomous-Drone/tello_ws3/install/tello_pkg/lib/python3.10/site-packages/tello_pkg-0.0.0-py3.10.egg-info' (and everything under it)
Copying ../../build/tello_pkg/tello_pkg.egg-info to /home/paolaramos/Autonomous-Drone/tello_ws3/install/tello_pkg/lib/python3.10/site-packages/tello_pkg-0.0.0-py3.10.egg-info
running install_scripts
Installing odometry_node script to /home/paolaramos/Autonomous-Drone/tello_ws3/install/tello_pkg/lib/tello_pkg
Installing trajectory_node script to /home/paolaramos/Autonomous-Drone/tello_ws3/install/tello_pkg/lib/tello_pkg
writing list of installed files to '/home/paolaramos/Autonomous-Drone/tello_ws3/build/tello_pkg/install.log'
