[3.548s] Invoking command in '/home/paolaramos/Autonomous-Drone/tello_ws3/src/tello_pkg': PYTHONPATH=/home/paolaramos/Autonomous-Drone/tello_ws3/build/tello_pkg/prefix_override:/usr/lib/python3/dist-packages/colcon_core/task/python/colcon_distutils_commands:/home/paolaramos/Autonomous-Drone/tello_ws3/install/tello_pkg/lib/python3.10/site-packages:${PYTHONPATH} /usr/bin/python3 -W ignore:setup.py install is deprecated -W ignore:easy_install command is deprecated setup.py egg_info --egg-base ../../build/tello_pkg build --build-base /home/paolaramos/Autonomous-Drone/tello_ws3/build/tello_pkg/build install --record /home/paolaramos/Autonomous-Drone/tello_ws3/build/tello_pkg/install.log --single-version-externally-managed install_data
[4.065s] running egg_info
[4.095s] writing ../../build/tello_pkg/tello_pkg.egg-info/PKG-INFO
[4.095s] writing dependency_links to ../../build/tello_pkg/tello_pkg.egg-info/dependency_links.txt
[4.100s] writing entry points to ../../build/tello_pkg/tello_pkg.egg-info/entry_points.txt
[4.105s] writing requirements to ../../build/tello_pkg/tello_pkg.egg-info/requires.txt
[4.105s] writing top-level names to ../../build/tello_pkg/tello_pkg.egg-info/top_level.txt
[4.176s] reading manifest file '../../build/tello_pkg/tello_pkg.egg-info/SOURCES.txt'
[4.177s] writing manifest file '../../build/tello_pkg/tello_pkg.egg-info/SOURCES.txt'
[4.177s] running build
[4.178s] running build_py
[4.179s] copying tello_pkg/odometry_node.py -> /home/paolaramos/Autonomous-Drone/tello_ws3/build/tello_pkg/build/lib/tello_pkg
[4.180s] copying tello_pkg/__init__.py -> /home/paolaramos/Autonomous-Drone/tello_ws3/build/tello_pkg/build/lib/tello_pkg
[4.181s] copying tello_pkg/trajectory_node.py -> /home/paolaramos/Autonomous-Drone/tello_ws3/build/tello_pkg/build/lib/tello_pkg
[4.181s] running install
[4.192s] running install_lib
[4.246s] running install_data
[4.246s] copying resource/tello_pkg -> /home/paolaramos/Autonomous-Drone/tello_ws3/install/tello_pkg/share/ament_index/resource_index/packages
[4.253s] copying package.xml -> /home/paolaramos/Autonomous-Drone/tello_ws3/install/tello_pkg/share/tello_pkg
[4.253s] running install_egg_info
[4.293s] removing '/home/paolaramos/Autonomous-Drone/tello_ws3/install/tello_pkg/lib/python3.10/site-packages/tello_pkg-0.0.0-py3.10.egg-info' (and everything under it)
[4.293s] Copying ../../build/tello_pkg/tello_pkg.egg-info to /home/paolaramos/Autonomous-Drone/tello_ws3/install/tello_pkg/lib/python3.10/site-packages/tello_pkg-0.0.0-py3.10.egg-info
[4.293s] running install_scripts
[4.607s] Installing odometry_node script to /home/paolaramos/Autonomous-Drone/tello_ws3/install/tello_pkg/lib/tello_pkg
[4.609s] Installing trajectory_node script to /home/paolaramos/Autonomous-Drone/tello_ws3/install/tello_pkg/lib/tello_pkg
[4.609s] writing list of installed files to '/home/paolaramos/Autonomous-Drone/tello_ws3/build/tello_pkg/install.log'
[4.701s] Invoked command in '/home/paolaramos/Autonomous-Drone/tello_ws3/src/tello_pkg' returned '0': PYTHONPATH=/home/paolaramos/Autonomous-Drone/tello_ws3/build/tello_pkg/prefix_override:/usr/lib/python3/dist-packages/colcon_core/task/python/colcon_distutils_commands:/home/paolaramos/Autonomous-Drone/tello_ws3/install/tello_pkg/lib/python3.10/site-packages:${PYTHONPATH} /usr/bin/python3 -W ignore:setup.py install is deprecated -W ignore:easy_install command is deprecated setup.py egg_info --egg-base ../../build/tello_pkg build --build-base /home/paolaramos/Autonomous-Drone/tello_ws3/build/tello_pkg/build install --record /home/paolaramos/Autonomous-Drone/tello_ws3/build/tello_pkg/install.log --single-version-externally-managed install_data
