[0.835s] DEBUG:colcon:Command line arguments: ['/usr/bin/colcon', 'build']
[0.835s] DEBUG:colcon:Parsed command line arguments: Namespace(log_base=None, log_level=None, verb_name='build', build_base='build', install_base='install', merge_install=False, symlink_install=False, test_result_base=None, continue_on_error=False, executor='parallel', parallel_workers=4, event_handlers=None, ignore_user_meta=False, metas=['./colcon.meta'], base_paths=['.'], packages_ignore=None, packages_ignore_regex=None, paths=None, packages_up_to=None, packages_up_to_regex=None, packages_above=None, packages_above_and_dependencies=None, packages_above_depth=None, packages_select_by_dep=None, packages_skip_by_dep=None, packages_skip_up_to=None, packages_select_build_failed=False, packages_skip_build_finished=False, packages_select_test_failures=False, packages_skip_test_passed=False, packages_select=None, packages_skip=None, packages_select_regex=None, packages_skip_regex=None, packages_start=None, packages_end=None, allow_overriding=[], cmake_args=None, cmake_target=None, cmake_target_skip_unavailable=False, cmake_clean_cache=False, cmake_clean_first=False, cmake_force_configure=False, ament_cmake_args=None, catkin_cmake_args=None, catkin_skip_building_tests=False, verb_parser=<colcon_defaults.argument_parser.defaults.DefaultArgumentsDecorator object at 0x7114c6661300>, verb_extension=<colcon_core.verb.build.BuildVerb object at 0x7114c67de920>, main=<bound method BuildVerb.main of <colcon_core.verb.build.BuildVerb object at 0x7114c67de920>>)
[0.987s] Level 1:colcon.colcon_core.package_discovery:discover_packages(colcon_meta) check parameters
[0.987s] Level 1:colcon.colcon_core.package_discovery:discover_packages(recursive) check parameters
[0.987s] Level 1:colcon.colcon_core.package_discovery:discover_packages(ignore) check parameters
[0.987s] Level 1:colcon.colcon_core.package_discovery:discover_packages(path) check parameters
[0.987s] Level 1:colcon.colcon_core.package_discovery:discover_packages(colcon_meta) discover
[0.987s] Level 1:colcon.colcon_core.package_discovery:discover_packages(recursive) discover
[0.987s] INFO:colcon.colcon_core.package_discovery:Crawling recursively for packages in '/home/paolaramos/Github/testROS/Autonomous-Drone/tello_ws3'
[0.987s] Level 1:colcon.colcon_core.package_identification:_identify(.) by extensions ['ignore', 'ignore_ament_install']
[0.988s] Level 1:colcon.colcon_core.package_identification:_identify(.) by extension 'ignore'
[0.988s] Level 1:colcon.colcon_core.package_identification:_identify(.) by extension 'ignore_ament_install'
[0.988s] Level 1:colcon.colcon_core.package_identification:_identify(.) by extensions ['colcon_pkg']
[0.988s] Level 1:colcon.colcon_core.package_identification:_identify(.) by extension 'colcon_pkg'
[0.988s] Level 1:colcon.colcon_core.package_identification:_identify(.) by extensions ['colcon_meta']
[0.988s] Level 1:colcon.colcon_core.package_identification:_identify(.) by extension 'colcon_meta'
[0.988s] Level 1:colcon.colcon_core.package_identification:_identify(.) by extensions ['ros']
[0.988s] Level 1:colcon.colcon_core.package_identification:_identify(.) by extension 'ros'
[1.030s] Level 1:colcon.colcon_core.package_identification:_identify(.) by extensions ['cmake', 'python']
[1.031s] Level 1:colcon.colcon_core.package_identification:_identify(.) by extension 'cmake'
[1.031s] Level 1:colcon.colcon_core.package_identification:_identify(.) by extension 'python'
[1.031s] Level 1:colcon.colcon_core.package_identification:_identify(.) by extensions ['python_setup_py']
[1.032s] Level 1:colcon.colcon_core.package_identification:_identify(.) by extension 'python_setup_py'
[1.032s] Level 1:colcon.colcon_core.package_identification:_identify(build) by extensions ['ignore', 'ignore_ament_install']
[1.032s] Level 1:colcon.colcon_core.package_identification:_identify(build) by extension 'ignore'
[1.032s] Level 1:colcon.colcon_core.package_identification:_identify(build) ignored
[1.032s] Level 1:colcon.colcon_core.package_identification:_identify(install) by extensions ['ignore', 'ignore_ament_install']
[1.032s] Level 1:colcon.colcon_core.package_identification:_identify(install) by extension 'ignore'
[1.032s] Level 1:colcon.colcon_core.package_identification:_identify(install) ignored
[1.032s] Level 1:colcon.colcon_core.package_identification:_identify(log) by extensions ['ignore', 'ignore_ament_install']
[1.032s] Level 1:colcon.colcon_core.package_identification:_identify(log) by extension 'ignore'
[1.032s] Level 1:colcon.colcon_core.package_identification:_identify(log) ignored
[1.032s] Level 1:colcon.colcon_core.package_identification:_identify(src) by extensions ['ignore', 'ignore_ament_install']
[1.032s] Level 1:colcon.colcon_core.package_identification:_identify(src) by extension 'ignore'
[1.032s] Level 1:colcon.colcon_core.package_identification:_identify(src) by extension 'ignore_ament_install'
[1.032s] Level 1:colcon.colcon_core.package_identification:_identify(src) by extensions ['colcon_pkg']
[1.033s] Level 1:colcon.colcon_core.package_identification:_identify(src) by extension 'colcon_pkg'
[1.033s] Level 1:colcon.colcon_core.package_identification:_identify(src) by extensions ['colcon_meta']
[1.033s] Level 1:colcon.colcon_core.package_identification:_identify(src) by extension 'colcon_meta'
[1.033s] Level 1:colcon.colcon_core.package_identification:_identify(src) by extensions ['ros']
[1.033s] Level 1:colcon.colcon_core.package_identification:_identify(src) by extension 'ros'
[1.033s] Level 1:colcon.colcon_core.package_identification:_identify(src) by extensions ['cmake', 'python']
[1.033s] Level 1:colcon.colcon_core.package_identification:_identify(src) by extension 'cmake'
[1.033s] Level 1:colcon.colcon_core.package_identification:_identify(src) by extension 'python'
[1.033s] Level 1:colcon.colcon_core.package_identification:_identify(src) by extensions ['python_setup_py']
[1.033s] Level 1:colcon.colcon_core.package_identification:_identify(src) by extension 'python_setup_py'
[1.033s] Level 1:colcon.colcon_core.package_identification:_identify(src/optitrack_client) by extensions ['ignore', 'ignore_ament_install']
[1.033s] Level 1:colcon.colcon_core.package_identification:_identify(src/optitrack_client) by extension 'ignore'
[1.033s] Level 1:colcon.colcon_core.package_identification:_identify(src/optitrack_client) by extension 'ignore_ament_install'
[1.033s] Level 1:colcon.colcon_core.package_identification:_identify(src/optitrack_client) by extensions ['colcon_pkg']
[1.033s] Level 1:colcon.colcon_core.package_identification:_identify(src/optitrack_client) by extension 'colcon_pkg'
[1.034s] Level 1:colcon.colcon_core.package_identification:_identify(src/optitrack_client) by extensions ['colcon_meta']
[1.034s] Level 1:colcon.colcon_core.package_identification:_identify(src/optitrack_client) by extension 'colcon_meta'
[1.034s] Level 1:colcon.colcon_core.package_identification:_identify(src/optitrack_client) by extensions ['ros']
[1.034s] Level 1:colcon.colcon_core.package_identification:_identify(src/optitrack_client) by extension 'ros'
[1.039s] DEBUG:colcon.colcon_core.package_identification:Package 'src/optitrack_client' with type 'ros.ament_cmake' and name 'optitrack_client'
[1.040s] Level 1:colcon.colcon_core.package_identification:_identify(src/tello_control) by extensions ['ignore', 'ignore_ament_install']
[1.040s] Level 1:colcon.colcon_core.package_identification:_identify(src/tello_control) by extension 'ignore'
[1.040s] Level 1:colcon.colcon_core.package_identification:_identify(src/tello_control) by extension 'ignore_ament_install'
[1.040s] Level 1:colcon.colcon_core.package_identification:_identify(src/tello_control) by extensions ['colcon_pkg']
[1.040s] Level 1:colcon.colcon_core.package_identification:_identify(src/tello_control) by extension 'colcon_pkg'
[1.040s] Level 1:colcon.colcon_core.package_identification:_identify(src/tello_control) by extensions ['colcon_meta']
[1.040s] Level 1:colcon.colcon_core.package_identification:_identify(src/tello_control) by extension 'colcon_meta'
[1.040s] Level 1:colcon.colcon_core.package_identification:_identify(src/tello_control) by extensions ['ros']
[1.040s] Level 1:colcon.colcon_core.package_identification:_identify(src/tello_control) by extension 'ros'
[1.042s] DEBUG:colcon.colcon_core.package_identification:Package 'src/tello_control' with type 'ros.ament_python' and name 'tello_control'
[1.042s] Level 1:colcon.colcon_core.package_discovery:discover_packages(recursive) using defaults
[1.042s] Level 1:colcon.colcon_core.package_discovery:discover_packages(ignore) discover
[1.042s] Level 1:colcon.colcon_core.package_discovery:discover_packages(ignore) using defaults
[1.042s] Level 1:colcon.colcon_core.package_discovery:discover_packages(path) discover
[1.042s] Level 1:colcon.colcon_core.package_discovery:discover_packages(path) using defaults
[1.096s] Level 1:colcon.colcon_core.package_discovery:discover_packages(prefix_path) check parameters
[1.096s] Level 1:colcon.colcon_core.package_discovery:discover_packages(prefix_path) discover
[1.103s] DEBUG:colcon.colcon_installed_package_information.package_discovery:Found 273 installed packages in /opt/ros/humble
[1.105s] Level 1:colcon.colcon_core.package_discovery:discover_packages(prefix_path) using defaults
[1.132s] Level 5:colcon.colcon_core.verb:set package 'optitrack_client' build argument 'cmake_args' from command line to 'None'
[1.132s] Level 5:colcon.colcon_core.verb:set package 'optitrack_client' build argument 'cmake_target' from command line to 'None'
[1.132s] Level 5:colcon.colcon_core.verb:set package 'optitrack_client' build argument 'cmake_target_skip_unavailable' from command line to 'False'
[1.132s] Level 5:colcon.colcon_core.verb:set package 'optitrack_client' build argument 'cmake_clean_cache' from command line to 'False'
[1.132s] Level 5:colcon.colcon_core.verb:set package 'optitrack_client' build argument 'cmake_clean_first' from command line to 'False'
[1.132s] Level 5:colcon.colcon_core.verb:set package 'optitrack_client' build argument 'cmake_force_configure' from command line to 'False'
[1.133s] Level 5:colcon.colcon_core.verb:set package 'optitrack_client' build argument 'ament_cmake_args' from command line to 'None'
[1.133s] Level 5:colcon.colcon_core.verb:set package 'optitrack_client' build argument 'catkin_cmake_args' from command line to 'None'
[1.133s] Level 5:colcon.colcon_core.verb:set package 'optitrack_client' build argument 'catkin_skip_building_tests' from command line to 'False'
[1.133s] DEBUG:colcon.colcon_core.verb:Building package 'optitrack_client' with the following arguments: {'ament_cmake_args': None, 'build_base': '/home/paolaramos/Github/testROS/Autonomous-Drone/tello_ws3/build/optitrack_client', 'catkin_cmake_args': None, 'catkin_skip_building_tests': False, 'cmake_args': None, 'cmake_clean_cache': False, 'cmake_clean_first': False, 'cmake_force_configure': False, 'cmake_target': None, 'cmake_target_skip_unavailable': False, 'install_base': '/home/paolaramos/Github/testROS/Autonomous-Drone/tello_ws3/install/optitrack_client', 'merge_install': False, 'path': '/home/paolaramos/Github/testROS/Autonomous-Drone/tello_ws3/src/optitrack_client', 'symlink_install': False, 'test_result_base': None}
[1.134s] Level 5:colcon.colcon_core.verb:set package 'tello_control' build argument 'cmake_args' from command line to 'None'
[1.134s] Level 5:colcon.colcon_core.verb:set package 'tello_control' build argument 'cmake_target' from command line to 'None'
[1.134s] Level 5:colcon.colcon_core.verb:set package 'tello_control' build argument 'cmake_target_skip_unavailable' from command line to 'False'
[1.134s] Level 5:colcon.colcon_core.verb:set package 'tello_control' build argument 'cmake_clean_cache' from command line to 'False'
[1.134s] Level 5:colcon.colcon_core.verb:set package 'tello_control' build argument 'cmake_clean_first' from command line to 'False'
[1.134s] Level 5:colcon.colcon_core.verb:set package 'tello_control' build argument 'cmake_force_configure' from command line to 'False'
[1.134s] Level 5:colcon.colcon_core.verb:set package 'tello_control' build argument 'ament_cmake_args' from command line to 'None'
[1.134s] Level 5:colcon.colcon_core.verb:set package 'tello_control' build argument 'catkin_cmake_args' from command line to 'None'
[1.134s] Level 5:colcon.colcon_core.verb:set package 'tello_control' build argument 'catkin_skip_building_tests' from command line to 'False'
[1.134s] DEBUG:colcon.colcon_core.verb:Building package 'tello_control' with the following arguments: {'ament_cmake_args': None, 'build_base': '/home/paolaramos/Github/testROS/Autonomous-Drone/tello_ws3/build/tello_control', 'catkin_cmake_args': None, 'catkin_skip_building_tests': False, 'cmake_args': None, 'cmake_clean_cache': False, 'cmake_clean_first': False, 'cmake_force_configure': False, 'cmake_target': None, 'cmake_target_skip_unavailable': False, 'install_base': '/home/paolaramos/Github/testROS/Autonomous-Drone/tello_ws3/install/tello_control', 'merge_install': False, 'path': '/home/paolaramos/Github/testROS/Autonomous-Drone/tello_ws3/src/tello_control', 'symlink_install': False, 'test_result_base': None}
[1.134s] INFO:colcon.colcon_core.executor:Executing jobs using 'parallel' executor
[1.135s] DEBUG:colcon.colcon_parallel_executor.executor.parallel:run_until_complete
[1.136s] INFO:colcon.colcon_ros.task.ament_cmake.build:Building ROS package in '/home/paolaramos/Github/testROS/Autonomous-Drone/tello_ws3/src/optitrack_client' with build type 'ament_cmake'
[1.136s] INFO:colcon.colcon_cmake.task.cmake.build:Building CMake package in '/home/paolaramos/Github/testROS/Autonomous-Drone/tello_ws3/src/optitrack_client'
[1.148s] INFO:colcon.colcon_core.plugin_system:Skipping extension 'colcon_core.shell.bat': Not used on non-Windows systems
[1.149s] INFO:colcon.colcon_core.shell:Skip shell extension 'powershell' for command environment: Not usable outside of PowerShell
[1.149s] DEBUG:colcon.colcon_core.shell:Skip shell extension 'dsv' for command environment
[1.157s] INFO:colcon.colcon_ros.task.ament_python.build:Building ROS package in '/home/paolaramos/Github/testROS/Autonomous-Drone/tello_ws3/src/tello_control' with build type 'ament_python'
[1.157s] Level 1:colcon.colcon_core.shell:create_environment_hook('tello_control', 'ament_prefix_path')
[1.158s] INFO:colcon.colcon_core.shell:Creating environment hook '/home/paolaramos/Github/testROS/Autonomous-Drone/tello_ws3/install/tello_control/share/tello_control/hook/ament_prefix_path.ps1'
[1.161s] INFO:colcon.colcon_core.shell:Creating environment descriptor '/home/paolaramos/Github/testROS/Autonomous-Drone/tello_ws3/install/tello_control/share/tello_control/hook/ament_prefix_path.dsv'
[1.162s] INFO:colcon.colcon_core.shell:Creating environment hook '/home/paolaramos/Github/testROS/Autonomous-Drone/tello_ws3/install/tello_control/share/tello_control/hook/ament_prefix_path.sh'
[1.164s] INFO:colcon.colcon_core.shell:Skip shell extension 'powershell' for command environment: Not usable outside of PowerShell
[1.164s] DEBUG:colcon.colcon_core.shell:Skip shell extension 'dsv' for command environment
[1.182s] DEBUG:colcon.colcon_core.event_handler.log_command:Invoking command in '/home/paolaramos/Github/testROS/Autonomous-Drone/tello_ws3/build/optitrack_client': CMAKE_PREFIX_PATH=/opt/ros/humble /usr/bin/cmake --build /home/paolaramos/Github/testROS/Autonomous-Drone/tello_ws3/build/optitrack_client -- -j4 -l4
[1.585s] INFO:colcon.colcon_core.task.python.build:Building Python package in '/home/paolaramos/Github/testROS/Autonomous-Drone/tello_ws3/src/tello_control'
[1.586s] INFO:colcon.colcon_core.shell:Skip shell extension 'powershell' for command environment: Not usable outside of PowerShell
[1.586s] DEBUG:colcon.colcon_core.shell:Skip shell extension 'dsv' for command environment
[3.010s] DEBUG:colcon.colcon_core.event_handler.log_command:Invoked command in '/home/paolaramos/Github/testROS/Autonomous-Drone/tello_ws3/build/optitrack_client' returned '0': CMAKE_PREFIX_PATH=/opt/ros/humble /usr/bin/cmake --build /home/paolaramos/Github/testROS/Autonomous-Drone/tello_ws3/build/optitrack_client -- -j4 -l4
[3.149s] DEBUG:colcon.colcon_core.event_handler.log_command:Invoking command in '/home/paolaramos/Github/testROS/Autonomous-Drone/tello_ws3/build/optitrack_client': CMAKE_PREFIX_PATH=/opt/ros/humble /usr/bin/cmake --install /home/paolaramos/Github/testROS/Autonomous-Drone/tello_ws3/build/optitrack_client
[3.354s] Level 1:colcon.colcon_core.environment:create_environment_scripts_only(optitrack_client)
[3.366s] DEBUG:colcon.colcon_core.event_handler.log_command:Invoked command in '/home/paolaramos/Github/testROS/Autonomous-Drone/tello_ws3/build/optitrack_client' returned '0': CMAKE_PREFIX_PATH=/opt/ros/humble /usr/bin/cmake --install /home/paolaramos/Github/testROS/Autonomous-Drone/tello_ws3/build/optitrack_client
[3.494s] Level 1:colcon.colcon_core.environment:checking '/home/paolaramos/Github/testROS/Autonomous-Drone/tello_ws3/install/optitrack_client' for CMake module files
[3.495s] Level 1:colcon.colcon_core.environment:checking '/home/paolaramos/Github/testROS/Autonomous-Drone/tello_ws3/install/optitrack_client' for CMake config files
[3.495s] Level 1:colcon.colcon_core.shell:create_environment_hook('optitrack_client', 'cmake_prefix_path')
[3.496s] INFO:colcon.colcon_core.shell:Creating environment hook '/home/paolaramos/Github/testROS/Autonomous-Drone/tello_ws3/install/optitrack_client/share/optitrack_client/hook/cmake_prefix_path.ps1'
[3.499s] INFO:colcon.colcon_core.shell:Creating environment descriptor '/home/paolaramos/Github/testROS/Autonomous-Drone/tello_ws3/install/optitrack_client/share/optitrack_client/hook/cmake_prefix_path.dsv'
[3.501s] INFO:colcon.colcon_core.shell:Creating environment hook '/home/paolaramos/Github/testROS/Autonomous-Drone/tello_ws3/install/optitrack_client/share/optitrack_client/hook/cmake_prefix_path.sh'
[3.510s] Level 1:colcon.colcon_core.environment:checking '/home/paolaramos/Github/testROS/Autonomous-Drone/tello_ws3/install/optitrack_client/lib'
[3.511s] Level 1:colcon.colcon_core.shell:create_environment_hook('optitrack_client', 'ld_library_path_lib')
[3.512s] INFO:colcon.colcon_core.shell:Creating environment hook '/home/paolaramos/Github/testROS/Autonomous-Drone/tello_ws3/install/optitrack_client/share/optitrack_client/hook/ld_library_path_lib.ps1'
[3.523s] INFO:colcon.colcon_core.shell:Creating environment descriptor '/home/paolaramos/Github/testROS/Autonomous-Drone/tello_ws3/install/optitrack_client/share/optitrack_client/hook/ld_library_path_lib.dsv'
[3.525s] INFO:colcon.colcon_core.shell:Creating environment hook '/home/paolaramos/Github/testROS/Autonomous-Drone/tello_ws3/install/optitrack_client/share/optitrack_client/hook/ld_library_path_lib.sh'
[3.526s] Level 1:colcon.colcon_core.environment:checking '/home/paolaramos/Github/testROS/Autonomous-Drone/tello_ws3/install/optitrack_client/bin'
[3.527s] Level 1:colcon.colcon_core.environment:checking '/home/paolaramos/Github/testROS/Autonomous-Drone/tello_ws3/install/optitrack_client/lib/pkgconfig/optitrack_client.pc'
[3.527s] Level 1:colcon.colcon_core.environment:checking '/home/paolaramos/Github/testROS/Autonomous-Drone/tello_ws3/install/optitrack_client/lib/python3.10/site-packages'
[3.527s] Level 1:colcon.colcon_core.environment:checking '/home/paolaramos/Github/testROS/Autonomous-Drone/tello_ws3/install/optitrack_client/bin'
[3.529s] INFO:colcon.colcon_core.shell:Creating package script '/home/paolaramos/Github/testROS/Autonomous-Drone/tello_ws3/install/optitrack_client/share/optitrack_client/package.ps1'
[3.543s] INFO:colcon.colcon_core.shell:Creating package descriptor '/home/paolaramos/Github/testROS/Autonomous-Drone/tello_ws3/install/optitrack_client/share/optitrack_client/package.dsv'
[3.550s] INFO:colcon.colcon_core.shell:Creating package script '/home/paolaramos/Github/testROS/Autonomous-Drone/tello_ws3/install/optitrack_client/share/optitrack_client/package.sh'
[3.620s] INFO:colcon.colcon_core.shell:Creating package script '/home/paolaramos/Github/testROS/Autonomous-Drone/tello_ws3/install/optitrack_client/share/optitrack_client/package.bash'
[3.633s] INFO:colcon.colcon_core.shell:Creating package script '/home/paolaramos/Github/testROS/Autonomous-Drone/tello_ws3/install/optitrack_client/share/optitrack_client/package.zsh'
[3.651s] Level 1:colcon.colcon_core.environment:create_file_with_runtime_dependencies(/home/paolaramos/Github/testROS/Autonomous-Drone/tello_ws3/install/optitrack_client/share/colcon-core/packages/optitrack_client)
[3.654s] Level 1:colcon.colcon_core.environment:create_environment_scripts_only(optitrack_client)
[3.655s] Level 1:colcon.colcon_core.environment:checking '/home/paolaramos/Github/testROS/Autonomous-Drone/tello_ws3/install/optitrack_client' for CMake module files
[3.656s] Level 1:colcon.colcon_core.environment:checking '/home/paolaramos/Github/testROS/Autonomous-Drone/tello_ws3/install/optitrack_client' for CMake config files
[3.657s] Level 1:colcon.colcon_core.shell:create_environment_hook('optitrack_client', 'cmake_prefix_path')
[3.658s] INFO:colcon.colcon_core.shell:Creating environment hook '/home/paolaramos/Github/testROS/Autonomous-Drone/tello_ws3/install/optitrack_client/share/optitrack_client/hook/cmake_prefix_path.ps1'
[3.661s] INFO:colcon.colcon_core.shell:Creating environment descriptor '/home/paolaramos/Github/testROS/Autonomous-Drone/tello_ws3/install/optitrack_client/share/optitrack_client/hook/cmake_prefix_path.dsv'
[3.666s] INFO:colcon.colcon_core.shell:Creating environment hook '/home/paolaramos/Github/testROS/Autonomous-Drone/tello_ws3/install/optitrack_client/share/optitrack_client/hook/cmake_prefix_path.sh'
[3.668s] Level 1:colcon.colcon_core.environment:checking '/home/paolaramos/Github/testROS/Autonomous-Drone/tello_ws3/install/optitrack_client/lib'
[3.669s] Level 1:colcon.colcon_core.shell:create_environment_hook('optitrack_client', 'ld_library_path_lib')
[3.689s] INFO:colcon.colcon_core.shell:Creating environment hook '/home/paolaramos/Github/testROS/Autonomous-Drone/tello_ws3/install/optitrack_client/share/optitrack_client/hook/ld_library_path_lib.ps1'
[3.695s] INFO:colcon.colcon_core.shell:Creating environment descriptor '/home/paolaramos/Github/testROS/Autonomous-Drone/tello_ws3/install/optitrack_client/share/optitrack_client/hook/ld_library_path_lib.dsv'
[3.719s] INFO:colcon.colcon_core.shell:Creating environment hook '/home/paolaramos/Github/testROS/Autonomous-Drone/tello_ws3/install/optitrack_client/share/optitrack_client/hook/ld_library_path_lib.sh'
[3.735s] Level 1:colcon.colcon_core.environment:checking '/home/paolaramos/Github/testROS/Autonomous-Drone/tello_ws3/install/optitrack_client/bin'
[3.736s] Level 1:colcon.colcon_core.environment:checking '/home/paolaramos/Github/testROS/Autonomous-Drone/tello_ws3/install/optitrack_client/lib/pkgconfig/optitrack_client.pc'
[3.736s] Level 1:colcon.colcon_core.environment:checking '/home/paolaramos/Github/testROS/Autonomous-Drone/tello_ws3/install/optitrack_client/lib/python3.10/site-packages'
[3.737s] Level 1:colcon.colcon_core.environment:checking '/home/paolaramos/Github/testROS/Autonomous-Drone/tello_ws3/install/optitrack_client/bin'
[3.739s] INFO:colcon.colcon_core.shell:Creating package script '/home/paolaramos/Github/testROS/Autonomous-Drone/tello_ws3/install/optitrack_client/share/optitrack_client/package.ps1'
[3.741s] INFO:colcon.colcon_core.shell:Creating package descriptor '/home/paolaramos/Github/testROS/Autonomous-Drone/tello_ws3/install/optitrack_client/share/optitrack_client/package.dsv'
[3.753s] INFO:colcon.colcon_core.shell:Creating package script '/home/paolaramos/Github/testROS/Autonomous-Drone/tello_ws3/install/optitrack_client/share/optitrack_client/package.sh'
[3.754s] INFO:colcon.colcon_core.shell:Creating package script '/home/paolaramos/Github/testROS/Autonomous-Drone/tello_ws3/install/optitrack_client/share/optitrack_client/package.bash'
[3.756s] INFO:colcon.colcon_core.shell:Creating package script '/home/paolaramos/Github/testROS/Autonomous-Drone/tello_ws3/install/optitrack_client/share/optitrack_client/package.zsh'
[3.757s] Level 1:colcon.colcon_core.environment:create_file_with_runtime_dependencies(/home/paolaramos/Github/testROS/Autonomous-Drone/tello_ws3/install/optitrack_client/share/colcon-core/packages/optitrack_client)
[5.521s] DEBUG:colcon.colcon_core.event_handler.log_command:Invoking command in '/home/paolaramos/Github/testROS/Autonomous-Drone/tello_ws3/src/tello_control': PYTHONPATH=/home/paolaramos/Github/testROS/Autonomous-Drone/tello_ws3/build/tello_control/prefix_override:/usr/lib/python3/dist-packages/colcon_core/task/python/colcon_distutils_commands:/home/paolaramos/Github/testROS/Autonomous-Drone/tello_ws3/install/tello_control/lib/python3.10/site-packages:${PYTHONPATH} /usr/bin/python3 -W ignore:setup.py install is deprecated -W ignore:easy_install command is deprecated setup.py egg_info --egg-base ../../build/tello_control build --build-base /home/paolaramos/Github/testROS/Autonomous-Drone/tello_ws3/build/tello_control/build install --record /home/paolaramos/Github/testROS/Autonomous-Drone/tello_ws3/build/tello_control/install.log --single-version-externally-managed install_data
[6.580s] Level 1:colcon.colcon_core.environment:checking '/home/paolaramos/Github/testROS/Autonomous-Drone/tello_ws3/install/tello_control' for CMake module files
[6.583s] Level 1:colcon.colcon_core.environment:checking '/home/paolaramos/Github/testROS/Autonomous-Drone/tello_ws3/install/tello_control' for CMake config files
[6.585s] Level 1:colcon.colcon_core.environment:checking '/home/paolaramos/Github/testROS/Autonomous-Drone/tello_ws3/install/tello_control/lib'
[6.585s] Level 1:colcon.colcon_core.environment:checking '/home/paolaramos/Github/testROS/Autonomous-Drone/tello_ws3/install/tello_control/bin'
[6.585s] Level 1:colcon.colcon_core.environment:checking '/home/paolaramos/Github/testROS/Autonomous-Drone/tello_ws3/install/tello_control/lib/pkgconfig/tello_control.pc'
[6.586s] DEBUG:colcon.colcon_core.event_handler.log_command:Invoked command in '/home/paolaramos/Github/testROS/Autonomous-Drone/tello_ws3/src/tello_control' returned '0': PYTHONPATH=/home/paolaramos/Github/testROS/Autonomous-Drone/tello_ws3/build/tello_control/prefix_override:/usr/lib/python3/dist-packages/colcon_core/task/python/colcon_distutils_commands:/home/paolaramos/Github/testROS/Autonomous-Drone/tello_ws3/install/tello_control/lib/python3.10/site-packages:${PYTHONPATH} /usr/bin/python3 -W ignore:setup.py install is deprecated -W ignore:easy_install command is deprecated setup.py egg_info --egg-base ../../build/tello_control build --build-base /home/paolaramos/Github/testROS/Autonomous-Drone/tello_ws3/build/tello_control/build install --record /home/paolaramos/Github/testROS/Autonomous-Drone/tello_ws3/build/tello_control/install.log --single-version-externally-managed install_data
[6.587s] Level 1:colcon.colcon_core.environment:checking '/home/paolaramos/Github/testROS/Autonomous-Drone/tello_ws3/install/tello_control/lib/python3.10/site-packages'
[6.588s] Level 1:colcon.colcon_core.shell:create_environment_hook('tello_control', 'pythonpath')
[6.588s] INFO:colcon.colcon_core.shell:Creating environment hook '/home/paolaramos/Github/testROS/Autonomous-Drone/tello_ws3/install/tello_control/share/tello_control/hook/pythonpath.ps1'
[6.591s] INFO:colcon.colcon_core.shell:Creating environment descriptor '/home/paolaramos/Github/testROS/Autonomous-Drone/tello_ws3/install/tello_control/share/tello_control/hook/pythonpath.dsv'
[6.592s] INFO:colcon.colcon_core.shell:Creating environment hook '/home/paolaramos/Github/testROS/Autonomous-Drone/tello_ws3/install/tello_control/share/tello_control/hook/pythonpath.sh'
[6.594s] Level 1:colcon.colcon_core.environment:checking '/home/paolaramos/Github/testROS/Autonomous-Drone/tello_ws3/install/tello_control/bin'
[6.594s] Level 1:colcon.colcon_core.environment:create_environment_scripts_only(tello_control)
[6.596s] INFO:colcon.colcon_core.shell:Creating package script '/home/paolaramos/Github/testROS/Autonomous-Drone/tello_ws3/install/tello_control/share/tello_control/package.ps1'
[6.605s] INFO:colcon.colcon_core.shell:Creating package descriptor '/home/paolaramos/Github/testROS/Autonomous-Drone/tello_ws3/install/tello_control/share/tello_control/package.dsv'
[6.626s] INFO:colcon.colcon_core.shell:Creating package script '/home/paolaramos/Github/testROS/Autonomous-Drone/tello_ws3/install/tello_control/share/tello_control/package.sh'
[6.627s] INFO:colcon.colcon_core.shell:Creating package script '/home/paolaramos/Github/testROS/Autonomous-Drone/tello_ws3/install/tello_control/share/tello_control/package.bash'
[6.628s] INFO:colcon.colcon_core.shell:Creating package script '/home/paolaramos/Github/testROS/Autonomous-Drone/tello_ws3/install/tello_control/share/tello_control/package.zsh'
[6.629s] Level 1:colcon.colcon_core.environment:create_file_with_runtime_dependencies(/home/paolaramos/Github/testROS/Autonomous-Drone/tello_ws3/install/tello_control/share/colcon-core/packages/tello_control)
[6.630s] DEBUG:colcon.colcon_parallel_executor.executor.parallel:closing loop
[6.630s] DEBUG:colcon.colcon_parallel_executor.executor.parallel:loop closed
[6.630s] DEBUG:colcon.colcon_parallel_executor.executor.parallel:run_until_complete finished with '0'
[6.630s] DEBUG:colcon.colcon_core.event_reactor:joining thread
[6.686s] INFO:colcon.colcon_core.plugin_system:Skipping extension 'colcon_notification.desktop_notification.terminal_notifier': Not used on non-Darwin systems
[6.686s] INFO:colcon.colcon_core.plugin_system:Skipping extension 'colcon_notification.desktop_notification.win32': Not used on non-Windows systems
[6.686s] INFO:colcon.colcon_notification.desktop_notification:Sending desktop notification using 'notify2'
[6.847s] DEBUG:colcon.colcon_core.event_reactor:joined thread
[6.852s] INFO:colcon.colcon_core.shell:Creating prefix script '/home/paolaramos/Github/testROS/Autonomous-Drone/tello_ws3/install/local_setup.ps1'
[6.862s] INFO:colcon.colcon_core.shell:Creating prefix util module '/home/paolaramos/Github/testROS/Autonomous-Drone/tello_ws3/install/_local_setup_util_ps1.py'
[6.868s] INFO:colcon.colcon_core.shell:Creating prefix chain script '/home/paolaramos/Github/testROS/Autonomous-Drone/tello_ws3/install/setup.ps1'
[6.887s] INFO:colcon.colcon_core.shell:Creating prefix script '/home/paolaramos/Github/testROS/Autonomous-Drone/tello_ws3/install/local_setup.sh'
[6.902s] INFO:colcon.colcon_core.shell:Creating prefix util module '/home/paolaramos/Github/testROS/Autonomous-Drone/tello_ws3/install/_local_setup_util_sh.py'
[6.907s] INFO:colcon.colcon_core.shell:Creating prefix chain script '/home/paolaramos/Github/testROS/Autonomous-Drone/tello_ws3/install/setup.sh'
[6.912s] INFO:colcon.colcon_core.shell:Creating prefix script '/home/paolaramos/Github/testROS/Autonomous-Drone/tello_ws3/install/local_setup.bash'
[6.916s] INFO:colcon.colcon_core.shell:Creating prefix chain script '/home/paolaramos/Github/testROS/Autonomous-Drone/tello_ws3/install/setup.bash'
[6.929s] INFO:colcon.colcon_core.shell:Creating prefix script '/home/paolaramos/Github/testROS/Autonomous-Drone/tello_ws3/install/local_setup.zsh'
[6.937s] INFO:colcon.colcon_core.shell:Creating prefix chain script '/home/paolaramos/Github/testROS/Autonomous-Drone/tello_ws3/install/setup.zsh'
