[0.036s] Invoking command in '/home/paolaramos/Github/testROS/Autonomous-Drone/tello_ws3/build/optitrack_client': CMAKE_PREFIX_PATH=${CMAKE_PREFIX_PATH}:/home/paolaramos/Github/testROS/Autonomous-Drone/tello_ws3/install/tello_control:/opt/ros/humble /usr/bin/cmake --build /home/paolaramos/Github/testROS/Autonomous-Drone/tello_ws3/build/optitrack_client -- -j4 -l4
[0.234s] [100%] Built target optitrack_client
[0.237s] Invoked command in '/home/paolaramos/Github/testROS/Autonomous-Drone/tello_ws3/build/optitrack_client' returned '0': CMAKE_PREFIX_PATH=${CMAKE_PREFIX_PATH}:/home/paolaramos/Github/testROS/Autonomous-Drone/tello_ws3/install/tello_control:/opt/ros/humble /usr/bin/cmake --build /home/paolaramos/Github/testROS/Autonomous-Drone/tello_ws3/build/optitrack_client -- -j4 -l4
[0.264s] Invoking command in '/home/paolaramos/Github/testROS/Autonomous-Drone/tello_ws3/build/optitrack_client': CMAKE_PREFIX_PATH=${CMAKE_PREFIX_PATH}:/home/paolaramos/Github/testROS/Autonomous-Drone/tello_ws3/install/tello_control:/opt/ros/humble /usr/bin/cmake --install /home/paolaramos/Github/testROS/Autonomous-Drone/tello_ws3/build/optitrack_client
[0.277s] -- Install configuration: ""
[0.277s] -- Up-to-date: /home/paolaramos/Github/testROS/Autonomous-Drone/tello_ws3/install/optitrack_client/lib/optitrack_client/optitrack_client
[0.277s] -- Up-to-date: /home/paolaramos/Github/testROS/Autonomous-Drone/tello_ws3/install/optitrack_client/lib
[0.277s] -- Up-to-date: /home/paolaramos/Github/testROS/Autonomous-Drone/tello_ws3/install/optitrack_client/lib/libNatNet.so
[0.277s] -- Up-to-date: /home/paolaramos/Github/testROS/Autonomous-Drone/tello_ws3/install/optitrack_client/share/ament_index/resource_index/package_run_dependencies/optitrack_client
[0.278s] -- Up-to-date: /home/paolaramos/Github/testROS/Autonomous-Drone/tello_ws3/install/optitrack_client/share/ament_index/resource_index/parent_prefix_path/optitrack_client
[0.280s] -- Up-to-date: /home/paolaramos/Github/testROS/Autonomous-Drone/tello_ws3/install/optitrack_client/share/optitrack_client/environment/ament_prefix_path.sh
[0.280s] -- Up-to-date: /home/paolaramos/Github/testROS/Autonomous-Drone/tello_ws3/install/optitrack_client/share/optitrack_client/environment/ament_prefix_path.dsv
[0.280s] -- Up-to-date: /home/paolaramos/Github/testROS/Autonomous-Drone/tello_ws3/install/optitrack_client/share/optitrack_client/environment/path.sh
[0.280s] -- Up-to-date: /home/paolaramos/Github/testROS/Autonomous-Drone/tello_ws3/install/optitrack_client/share/optitrack_client/environment/path.dsv
[0.281s] -- Up-to-date: /home/paolaramos/Github/testROS/Autonomous-Drone/tello_ws3/install/optitrack_client/share/optitrack_client/local_setup.bash
[0.281s] -- Up-to-date: /home/paolaramos/Github/testROS/Autonomous-Drone/tello_ws3/install/optitrack_client/share/optitrack_client/local_setup.sh
[0.281s] -- Up-to-date: /home/paolaramos/Github/testROS/Autonomous-Drone/tello_ws3/install/optitrack_client/share/optitrack_client/local_setup.zsh
[0.281s] -- Up-to-date: /home/paolaramos/Github/testROS/Autonomous-Drone/tello_ws3/install/optitrack_client/share/optitrack_client/local_setup.dsv
[0.281s] -- Installing: /home/paolaramos/Github/testROS/Autonomous-Drone/tello_ws3/install/optitrack_client/share/optitrack_client/package.dsv
[0.281s] -- Up-to-date: /home/paolaramos/Github/testROS/Autonomous-Drone/tello_ws3/install/optitrack_client/share/ament_index/resource_index/packages/optitrack_client
[0.281s] -- Up-to-date: /home/paolaramos/Github/testROS/Autonomous-Drone/tello_ws3/install/optitrack_client/share/optitrack_client/cmake/optitrack_clientConfig.cmake
[0.281s] -- Up-to-date: /home/paolaramos/Github/testROS/Autonomous-Drone/tello_ws3/install/optitrack_client/share/optitrack_client/cmake/optitrack_clientConfig-version.cmake
[0.281s] -- Up-to-date: /home/paolaramos/Github/testROS/Autonomous-Drone/tello_ws3/install/optitrack_client/share/optitrack_client/package.xml
[0.281s] Invoked command in '/home/paolaramos/Github/testROS/Autonomous-Drone/tello_ws3/build/optitrack_client' returned '0': CMAKE_PREFIX_PATH=${CMAKE_PREFIX_PATH}:/home/paolaramos/Github/testROS/Autonomous-Drone/tello_ws3/install/tello_control:/opt/ros/humble /usr/bin/cmake --install /home/paolaramos/Github/testROS/Autonomous-Drone/tello_ws3/build/optitrack_client
