[0.932s] Invoking command in '/home/paolaramos/Proyecto/tello_ws/src/tello_controller_ros2/tello_controller': PYTHONPATH=/home/paolaramos/Proyecto/tello_ws/build/tello_controller/prefix_override:/usr/lib/python3/dist-packages/colcon_core/task/python/colcon_distutils_commands:/home/paolaramos/Proyecto/tello_ws/install/tello_controller/lib/python3.10/site-packages:${PYTHONPATH} /usr/bin/python3 -W ignore:setup.py install is deprecated -W ignore:easy_install command is deprecated setup.py egg_info --egg-base ../../../build/tello_controller build --build-base /home/paolaramos/Proyecto/tello_ws/build/tello_controller/build install --record /home/paolaramos/Proyecto/tello_ws/build/tello_controller/install.log --single-version-externally-managed install_data
[1.094s] /home/paolaramos/.local/lib/python3.10/site-packages/setuptools/_distutils/dist.py:261: UserWarning: Unknown distribution option: 'tests_require'
[1.095s]   warnings.warn(msg)
[1.181s] running egg_info
[1.193s] writing ../../../build/tello_controller/tello_controller.egg-info/PKG-INFO
[1.194s] writing dependency_links to ../../../build/tello_controller/tello_controller.egg-info/dependency_links.txt
[1.194s] writing entry points to ../../../build/tello_controller/tello_controller.egg-info/entry_points.txt
[1.195s] writing requirements to ../../../build/tello_controller/tello_controller.egg-info/requires.txt
[1.195s] writing top-level names to ../../../build/tello_controller/tello_controller.egg-info/top_level.txt
[1.222s] reading manifest file '../../../build/tello_controller/tello_controller.egg-info/SOURCES.txt'
[1.222s] writing manifest file '../../../build/tello_controller/tello_controller.egg-info/SOURCES.txt'
[1.222s] running build
[1.222s] running build_py
[1.223s] running install
[1.227s] running install_lib
[1.246s] running install_data
[1.247s] running install_egg_info
[1.260s] removing '/home/paolaramos/Proyecto/tello_ws/install/tello_controller/lib/python3.10/site-packages/tello_controller-0.1.0-py3.10.egg-info' (and everything under it)
[1.264s] Copying ../../../build/tello_controller/tello_controller.egg-info to /home/paolaramos/Proyecto/tello_ws/install/tello_controller/lib/python3.10/site-packages/tello_controller-0.1.0-py3.10.egg-info
[1.264s] running install_scripts
[1.352s] Installing tello_controller_node script to /home/paolaramos/Proyecto/tello_ws/install/tello_controller/lib/tello_controller
[1.353s] writing list of installed files to '/home/paolaramos/Proyecto/tello_ws/build/tello_controller/install.log'
[1.397s] Invoked command in '/home/paolaramos/Proyecto/tello_ws/src/tello_controller_ros2/tello_controller' returned '0': PYTHONPATH=/home/paolaramos/Proyecto/tello_ws/build/tello_controller/prefix_override:/usr/lib/python3/dist-packages/colcon_core/task/python/colcon_distutils_commands:/home/paolaramos/Proyecto/tello_ws/install/tello_controller/lib/python3.10/site-packages:${PYTHONPATH} /usr/bin/python3 -W ignore:setup.py install is deprecated -W ignore:easy_install command is deprecated setup.py egg_info --egg-base ../../../build/tello_controller build --build-base /home/paolaramos/Proyecto/tello_ws/build/tello_controller/build install --record /home/paolaramos/Proyecto/tello_ws/build/tello_controller/install.log --single-version-externally-managed install_data
