[1.209s] Invoking command in '/home/paolaramos/Proyecto/tello_ws/src/drone': PYTHONPATH=/home/paolaramos/Proyecto/tello_ws/build/drone/prefix_override:/usr/lib/python3/dist-packages/colcon_core/task/python/colcon_distutils_commands:/home/paolaramos/Proyecto/tello_ws/install/drone/lib/python3.10/site-packages:${PYTHONPATH} /usr/bin/python3 -W ignore:setup.py install is deprecated -W ignore:easy_install command is deprecated setup.py egg_info --egg-base ../../build/drone build --build-base /home/paolaramos/Proyecto/tello_ws/build/drone/build install --record /home/paolaramos/Proyecto/tello_ws/build/drone/install.log --single-version-externally-managed install_data
[1.590s] running egg_info
[1.619s] writing ../../build/drone/drone.egg-info/PKG-INFO
[1.620s] writing dependency_links to ../../build/drone/drone.egg-info/dependency_links.txt
[1.620s] writing entry points to ../../build/drone/drone.egg-info/entry_points.txt
[1.623s] writing requirements to ../../build/drone/drone.egg-info/requires.txt
[1.624s] writing top-level names to ../../build/drone/drone.egg-info/top_level.txt
[1.666s] reading manifest file '../../build/drone/drone.egg-info/SOURCES.txt'
[1.667s] writing manifest file '../../build/drone/drone.egg-info/SOURCES.txt'
[1.667s] running build
[1.667s] running build_py
[1.667s] copying drone/__init__.py -> /home/paolaramos/Proyecto/tello_ws/build/drone/build/lib/drone
[1.669s] copying drone/controller.py -> /home/paolaramos/Proyecto/tello_ws/build/drone/build/lib/drone
[1.669s] copying drone/odometry.py -> /home/paolaramos/Proyecto/tello_ws/build/drone/build/lib/drone
[1.671s] running install
[1.680s] running install_lib
[1.701s] running install_data
[1.702s] copying resource/drone -> /home/paolaramos/Proyecto/tello_ws/install/drone/share/ament_index/resource_index/packages
[1.702s] copying package.xml -> /home/paolaramos/Proyecto/tello_ws/install/drone/share/drone
[1.702s] copying launch/drone_launch.py -> /home/paolaramos/Proyecto/tello_ws/install/drone/share/drone/launch
[1.702s] running install_egg_info
[1.720s] removing '/home/paolaramos/Proyecto/tello_ws/install/drone/lib/python3.10/site-packages/drone-0.0.0-py3.10.egg-info' (and everything under it)
[1.727s] Copying ../../build/drone/drone.egg-info to /home/paolaramos/Proyecto/tello_ws/install/drone/lib/python3.10/site-packages/drone-0.0.0-py3.10.egg-info
[1.727s] running install_scripts
[1.902s] Installing controller script to /home/paolaramos/Proyecto/tello_ws/install/drone/lib/drone
[1.902s] Installing odometry script to /home/paolaramos/Proyecto/tello_ws/install/drone/lib/drone
[1.902s] writing list of installed files to '/home/paolaramos/Proyecto/tello_ws/build/drone/install.log'
[1.953s] Invoked command in '/home/paolaramos/Proyecto/tello_ws/src/drone' returned '0': PYTHONPATH=/home/paolaramos/Proyecto/tello_ws/build/drone/prefix_override:/usr/lib/python3/dist-packages/colcon_core/task/python/colcon_distutils_commands:/home/paolaramos/Proyecto/tello_ws/install/drone/lib/python3.10/site-packages:${PYTHONPATH} /usr/bin/python3 -W ignore:setup.py install is deprecated -W ignore:easy_install command is deprecated setup.py egg_info --egg-base ../../build/drone build --build-base /home/paolaramos/Proyecto/tello_ws/build/drone/build install --record /home/paolaramos/Proyecto/tello_ws/build/drone/install.log --single-version-externally-managed install_data
