[1.617s] Invoking command in '/home/paolaramos/Proyecto/tello_ws/src/drone': PYTHONPATH=/home/paolaramos/Proyecto/tello_ws/build/drone/prefix_override:/usr/lib/python3/dist-packages/colcon_core/task/python/colcon_distutils_commands:/home/paolaramos/Proyecto/tello_ws/install/drone/lib/python3.10/site-packages:${PYTHONPATH} /usr/bin/python3 -W ignore:setup.py install is deprecated -W ignore:easy_install command is deprecated setup.py egg_info --egg-base ../../build/drone build --build-base /home/paolaramos/Proyecto/tello_ws/build/drone/build install --record /home/paolaramos/Proyecto/tello_ws/build/drone/install.log --single-version-externally-managed install_data
[2.033s] running egg_info
[2.071s] writing ../../build/drone/drone.egg-info/PKG-INFO
[2.082s] writing dependency_links to ../../build/drone/drone.egg-info/dependency_links.txt
[2.082s] writing entry points to ../../build/drone/drone.egg-info/entry_points.txt
[2.083s] writing requirements to ../../build/drone/drone.egg-info/requires.txt
[2.084s] writing top-level names to ../../build/drone/drone.egg-info/top_level.txt
[2.128s] reading manifest file '../../build/drone/drone.egg-info/SOURCES.txt'
[2.133s] writing manifest file '../../build/drone/drone.egg-info/SOURCES.txt'
[2.135s] running build
[2.136s] running build_py
[2.136s] copying drone/__init__.py -> /home/paolaramos/Proyecto/tello_ws/build/drone/build/lib/drone
[2.137s] copying drone/controller.py -> /home/paolaramos/Proyecto/tello_ws/build/drone/build/lib/drone
[2.137s] copying drone/odometry.py -> /home/paolaramos/Proyecto/tello_ws/build/drone/build/lib/drone
[2.137s] running install
[2.141s] running install_lib
[2.163s] running install_data
[2.166s] copying resource/drone -> /home/paolaramos/Proyecto/tello_ws/install/drone/share/ament_index/resource_index/packages
[2.166s] copying package.xml -> /home/paolaramos/Proyecto/tello_ws/install/drone/share/drone
[2.166s] copying launch/drone_launch.py -> /home/paolaramos/Proyecto/tello_ws/install/drone/share/drone/launch
[2.166s] running install_egg_info
[2.192s] removing '/home/paolaramos/Proyecto/tello_ws/install/drone/lib/python3.10/site-packages/drone-0.0.0-py3.10.egg-info' (and everything under it)
[2.192s] Copying ../../build/drone/drone.egg-info to /home/paolaramos/Proyecto/tello_ws/install/drone/lib/python3.10/site-packages/drone-0.0.0-py3.10.egg-info
[2.202s] running install_scripts
[2.412s] Installing controller script to /home/paolaramos/Proyecto/tello_ws/install/drone/lib/drone
[2.412s] Installing odometry script to /home/paolaramos/Proyecto/tello_ws/install/drone/lib/drone
[2.412s] writing list of installed files to '/home/paolaramos/Proyecto/tello_ws/build/drone/install.log'
[2.471s] Invoked command in '/home/paolaramos/Proyecto/tello_ws/src/drone' returned '0': PYTHONPATH=/home/paolaramos/Proyecto/tello_ws/build/drone/prefix_override:/usr/lib/python3/dist-packages/colcon_core/task/python/colcon_distutils_commands:/home/paolaramos/Proyecto/tello_ws/install/drone/lib/python3.10/site-packages:${PYTHONPATH} /usr/bin/python3 -W ignore:setup.py install is deprecated -W ignore:easy_install command is deprecated setup.py egg_info --egg-base ../../build/drone build --build-base /home/paolaramos/Proyecto/tello_ws/build/drone/build install --record /home/paolaramos/Proyecto/tello_ws/build/drone/install.log --single-version-externally-managed install_data
