[0.073s] Invoking command in '/home/paolaramos/Autonomous-Drone/tello_ws/build/optitrack_client': CMAKE_PREFIX_PATH=/opt/ros/humble /usr/bin/cmake --build /home/paolaramos/Autonomous-Drone/tello_ws/build/optitrack_client -- -j4 -l4
[0.219s] [0mCMake Error: The current CMakeCache.txt directory /home/paolaramos/Autonomous-Drone/tello_ws/build/optitrack_client/CMakeCache.txt is different than the directory /home/paolaramos/Proyecto/tello_ws/build/optitrack_client where CMakeCache.txt was created. This may result in binaries being created in the wrong place. If you are not sure, reedit the CMakeCache.txt[0m
[0.526s] -- Found ament_cmake: 1.3.14 (/opt/ros/humble/share/ament_cmake/cmake)
[1.022s] -- Found rclcpp: 16.0.19 (/opt/ros/humble/share/rclcpp/cmake)
[1.217s] -- Found rosidl_generator_c: 3.1.8 (/opt/ros/humble/share/rosidl_generator_c/cmake)
[1.233s] -- Found rosidl_adapter: 3.1.8 (/opt/ros/humble/share/rosidl_adapter/cmake)
[1.280s] -- Found rosidl_generator_cpp: 3.1.8 (/opt/ros/humble/share/rosidl_generator_cpp/cmake)
[1.364s] -- Using all available rosidl_typesupport_c: rosidl_typesupport_fastrtps_c;rosidl_typesupport_introspection_c
[1.428s] -- Using all available rosidl_typesupport_cpp: rosidl_typesupport_fastrtps_cpp;rosidl_typesupport_introspection_cpp
[1.665s] -- Found rmw_implementation_cmake: 6.1.2 (/opt/ros/humble/share/rmw_implementation_cmake/cmake)
[1.678s] -- Found rmw_fastrtps_cpp: 6.2.10 (/opt/ros/humble/share/rmw_fastrtps_cpp/cmake)
[2.037s] -- Using RMW implementation 'rmw_fastrtps_cpp' as default
[2.319s] -- Found geometry_msgs: 4.9.1 (/opt/ros/humble/share/geometry_msgs/cmake)
[2.593s] -- Configuring done
[2.685s] -- Generating done
[2.701s] -- Build files have been written to: /home/paolaramos/Proyecto/tello_ws/build/optitrack_client
[2.793s] [35m[1mConsolidate compiler generated dependencies of target optitrack_client[0m
[3.003s] [100%] Built target optitrack_client
[3.046s] Invoked command in '/home/paolaramos/Autonomous-Drone/tello_ws/build/optitrack_client' returned '0': CMAKE_PREFIX_PATH=/opt/ros/humble /usr/bin/cmake --build /home/paolaramos/Autonomous-Drone/tello_ws/build/optitrack_client -- -j4 -l4
[3.084s] Invoking command in '/home/paolaramos/Autonomous-Drone/tello_ws/build/optitrack_client': CMAKE_PREFIX_PATH=/opt/ros/humble /usr/bin/cmake --install /home/paolaramos/Autonomous-Drone/tello_ws/build/optitrack_client
[3.101s] -- Install configuration: ""
[3.106s] -- Up-to-date: /home/paolaramos/Proyecto/tello_ws/install/optitrack_client/lib/optitrack_client/optitrack_client
[3.106s] -- Up-to-date: /home/paolaramos/Proyecto/tello_ws/install/optitrack_client/lib
[3.107s] -- Up-to-date: /home/paolaramos/Proyecto/tello_ws/install/optitrack_client/lib/libNatNet.so
[3.108s] -- Up-to-date: /home/paolaramos/Proyecto/tello_ws/install/optitrack_client/share/ament_index/resource_index/package_run_dependencies/optitrack_client
[3.109s] -- Up-to-date: /home/paolaramos/Proyecto/tello_ws/install/optitrack_client/share/ament_index/resource_index/parent_prefix_path/optitrack_client
[3.113s] -- Up-to-date: /home/paolaramos/Proyecto/tello_ws/install/optitrack_client/share/optitrack_client/environment/ament_prefix_path.sh
[3.113s] -- Installing: /home/paolaramos/Proyecto/tello_ws/install/optitrack_client/share/optitrack_client/environment/ament_prefix_path.dsv
[3.113s] -- Up-to-date: /home/paolaramos/Proyecto/tello_ws/install/optitrack_client/share/optitrack_client/environment/path.sh
[3.115s] -- Installing: /home/paolaramos/Proyecto/tello_ws/install/optitrack_client/share/optitrack_client/environment/path.dsv
[3.115s] -- Up-to-date: /home/paolaramos/Proyecto/tello_ws/install/optitrack_client/share/optitrack_client/local_setup.bash
[3.115s] -- Up-to-date: /home/paolaramos/Proyecto/tello_ws/install/optitrack_client/share/optitrack_client/local_setup.sh
[3.116s] -- Up-to-date: /home/paolaramos/Proyecto/tello_ws/install/optitrack_client/share/optitrack_client/local_setup.zsh
[3.116s] -- Installing: /home/paolaramos/Proyecto/tello_ws/install/optitrack_client/share/optitrack_client/local_setup.dsv
[3.116s] -- Installing: /home/paolaramos/Proyecto/tello_ws/install/optitrack_client/share/optitrack_client/package.dsv
[3.117s] -- Up-to-date: /home/paolaramos/Proyecto/tello_ws/install/optitrack_client/share/ament_index/resource_index/packages/optitrack_client
[3.117s] -- Up-to-date: /home/paolaramos/Proyecto/tello_ws/install/optitrack_client/share/optitrack_client/cmake/optitrack_clientConfig.cmake
[3.117s] -- Up-to-date: /home/paolaramos/Proyecto/tello_ws/install/optitrack_client/share/optitrack_client/cmake/optitrack_clientConfig-version.cmake
[3.118s] -- Up-to-date: /home/paolaramos/Proyecto/tello_ws/install/optitrack_client/share/optitrack_client/package.xml
[3.123s] Invoked command in '/home/paolaramos/Autonomous-Drone/tello_ws/build/optitrack_client' returned '0': CMAKE_PREFIX_PATH=/opt/ros/humble /usr/bin/cmake --install /home/paolaramos/Autonomous-Drone/tello_ws/build/optitrack_client
