-- Found ament_cmake: 1.3.14 (/opt/ros/humble/share/ament_cmake/cmake)
-- Found rclcpp: 16.0.19 (/opt/ros/humble/share/rclcpp/cmake)
-- Found rosidl_generator_c: 3.1.8 (/opt/ros/humble/share/rosidl_generator_c/cmake)
-- Found rosidl_adapter: 3.1.8 (/opt/ros/humble/share/rosidl_adapter/cmake)
-- Found rosidl_generator_cpp: 3.1.8 (/opt/ros/humble/share/rosidl_generator_cpp/cmake)
-- Using all available rosidl_typesupport_c: rosidl_typesupport_fastrtps_c;rosidl_typesupport_introspection_c
-- Using all available rosidl_typesupport_cpp: rosidl_typesupport_fastrtps_cpp;rosidl_typesupport_introspection_cpp
-- Found rmw_implementation_cmake: 6.1.2 (/opt/ros/humble/share/rmw_implementation_cmake/cmake)
-- Found rmw_fastrtps_cpp: 6.2.10 (/opt/ros/humble/share/rmw_fastrtps_cpp/cmake)
-- Using RMW implementation 'rmw_fastrtps_cpp' as default
-- Found geometry_msgs: 4.9.1 (/opt/ros/humble/share/geometry_msgs/cmake)
-- Configuring done
-- Generating done
-- Build files have been written to: /home/paolaramos/Proyecto/tello_ws/build/optitrack_client
[35m[1mConsolidate compiler generated dependencies of target optitrack_client[0m
[100%] Built target optitrack_client
-- Install configuration: ""
-- Up-to-date: /home/paolaramos/Proyecto/tello_ws/install/optitrack_client/lib/optitrack_client/optitrack_client
-- Up-to-date: /home/paolaramos/Proyecto/tello_ws/install/optitrack_client/lib
-- Up-to-date: /home/paolaramos/Proyecto/tello_ws/install/optitrack_client/lib/libNatNet.so
-- Up-to-date: /home/paolaramos/Proyecto/tello_ws/install/optitrack_client/share/ament_index/resource_index/package_run_dependencies/optitrack_client
-- Up-to-date: /home/paolaramos/Proyecto/tello_ws/install/optitrack_client/share/ament_index/resource_index/parent_prefix_path/optitrack_client
-- Up-to-date: /home/paolaramos/Proyecto/tello_ws/install/optitrack_client/share/optitrack_client/environment/ament_prefix_path.sh
-- Installing: /home/paolaramos/Proyecto/tello_ws/install/optitrack_client/share/optitrack_client/environment/ament_prefix_path.dsv
-- Up-to-date: /home/paolaramos/Proyecto/tello_ws/install/optitrack_client/share/optitrack_client/environment/path.sh
-- Installing: /home/paolaramos/Proyecto/tello_ws/install/optitrack_client/share/optitrack_client/environment/path.dsv
-- Up-to-date: /home/paolaramos/Proyecto/tello_ws/install/optitrack_client/share/optitrack_client/local_setup.bash
-- Up-to-date: /home/paolaramos/Proyecto/tello_ws/install/optitrack_client/share/optitrack_client/local_setup.sh
-- Up-to-date: /home/paolaramos/Proyecto/tello_ws/install/optitrack_client/share/optitrack_client/local_setup.zsh
-- Installing: /home/paolaramos/Proyecto/tello_ws/install/optitrack_client/share/optitrack_client/local_setup.dsv
-- Installing: /home/paolaramos/Proyecto/tello_ws/install/optitrack_client/share/optitrack_client/package.dsv
-- Up-to-date: /home/paolaramos/Proyecto/tello_ws/install/optitrack_client/share/ament_index/resource_index/packages/optitrack_client
-- Up-to-date: /home/paolaramos/Proyecto/tello_ws/install/optitrack_client/share/optitrack_client/cmake/optitrack_clientConfig.cmake
-- Up-to-date: /home/paolaramos/Proyecto/tello_ws/install/optitrack_client/share/optitrack_client/cmake/optitrack_clientConfig-version.cmake
-- Up-to-date: /home/paolaramos/Proyecto/tello_ws/install/optitrack_client/share/optitrack_client/package.xml
