running egg_info
creating ../../build/tello_control/tello_control.egg-info
writing ../../build/tello_control/tello_control.egg-info/PKG-INFO
writing dependency_links to ../../build/tello_control/tello_control.egg-info/dependency_links.txt
writing entry points to ../../build/tello_control/tello_control.egg-info/entry_points.txt
writing requirements to ../../build/tello_control/tello_control.egg-info/requires.txt
writing top-level names to ../../build/tello_control/tello_control.egg-info/top_level.txt
writing manifest file '../../build/tello_control/tello_control.egg-info/SOURCES.txt'
reading manifest file '../../build/tello_control/tello_control.egg-info/SOURCES.txt'
writing manifest file '../../build/tello_control/tello_control.egg-info/SOURCES.txt'
running build
running build_py
creating /home/paolaramos/tello_ws/build/tello_control/build
creating /home/paolaramos/tello_ws/build/tello_control/build/lib
creating /home/paolaramos/tello_ws/build/tello_control/build/lib/tello_control
copying tello_control/trajectory_node.py -> /home/paolaramos/tello_ws/build/tello_control/build/lib/tello_control
copying tello_control/__init__.py -> /home/paolaramos/tello_ws/build/tello_control/build/lib/tello_control
copying tello_control/odometry_node.py -> /home/paolaramos/tello_ws/build/tello_control/build/lib/tello_control
running install
running install_lib
creating /home/paolaramos/tello_ws/install/tello_control/lib/python3.10/site-packages/tello_control
copying /home/paolaramos/tello_ws/build/tello_control/build/lib/tello_control/trajectory_node.py -> /home/paolaramos/tello_ws/install/tello_control/lib/python3.10/site-packages/tello_control
copying /home/paolaramos/tello_ws/build/tello_control/build/lib/tello_control/__init__.py -> /home/paolaramos/tello_ws/install/tello_control/lib/python3.10/site-packages/tello_control
copying /home/paolaramos/tello_ws/build/tello_control/build/lib/tello_control/odometry_node.py -> /home/paolaramos/tello_ws/install/tello_control/lib/python3.10/site-packages/tello_control
byte-compiling /home/paolaramos/tello_ws/install/tello_control/lib/python3.10/site-packages/tello_control/trajectory_node.py to trajectory_node.cpython-310.pyc
byte-compiling /home/paolaramos/tello_ws/install/tello_control/lib/python3.10/site-packages/tello_control/__init__.py to __init__.cpython-310.pyc
byte-compiling /home/paolaramos/tello_ws/install/tello_control/lib/python3.10/site-packages/tello_control/odometry_node.py to odometry_node.cpython-310.pyc
running install_data
creating /home/paolaramos/tello_ws/install/tello_control/share/ament_index
creating /home/paolaramos/tello_ws/install/tello_control/share/ament_index/resource_index
creating /home/paolaramos/tello_ws/install/tello_control/share/ament_index/resource_index/packages
copying resource/tello_control -> /home/paolaramos/tello_ws/install/tello_control/share/ament_index/resource_index/packages
copying package.xml -> /home/paolaramos/tello_ws/install/tello_control/share/tello_control
running install_egg_info
Copying ../../build/tello_control/tello_control.egg-info to /home/paolaramos/tello_ws/install/tello_control/lib/python3.10/site-packages/tello_control-0.0.0-py3.10.egg-info
running install_scripts
Installing odometry_node script to /home/paolaramos/tello_ws/install/tello_control/lib/tello_control
Installing trajectory_node script to /home/paolaramos/tello_ws/install/tello_control/lib/tello_control
writing list of installed files to '/home/paolaramos/tello_ws/build/tello_control/install.log'
