[3.621s] DEBUG:colcon:Command line arguments: ['/usr/bin/colcon', 'build']
[3.621s] DEBUG:colcon:Parsed command line arguments: Namespace(log_base=None, log_level=None, verb_name='build', build_base='build', install_base='install', merge_install=False, symlink_install=False, test_result_base=None, continue_on_error=False, executor='parallel', parallel_workers=4, event_handlers=None, ignore_user_meta=False, metas=['./colcon.meta'], base_paths=['.'], packages_ignore=None, packages_ignore_regex=None, paths=None, packages_up_to=None, packages_up_to_regex=None, packages_above=None, packages_above_and_dependencies=None, packages_above_depth=None, packages_select_by_dep=None, packages_skip_by_dep=None, packages_skip_up_to=None, packages_select_build_failed=False, packages_skip_build_finished=False, packages_select_test_failures=False, packages_skip_test_passed=False, packages_select=None, packages_skip=None, packages_select_regex=None, packages_skip_regex=None, packages_start=None, packages_end=None, allow_overriding=[], cmake_args=None, cmake_target=None, cmake_target_skip_unavailable=False, cmake_clean_cache=False, cmake_clean_first=False, cmake_force_configure=False, ament_cmake_args=None, catkin_cmake_args=None, catkin_skip_building_tests=False, verb_parser=<colcon_defaults.argument_parser.defaults.DefaultArgumentsDecorator object at 0x7d73faf19420>, verb_extension=<colcon_core.verb.build.BuildVerb object at 0x7d73fb0eaa40>, main=<bound method BuildVerb.main of <colcon_core.verb.build.BuildVerb object at 0x7d73fb0eaa40>>)
[4.731s] Level 1:colcon.colcon_core.package_discovery:discover_packages(colcon_meta) check parameters
[4.733s] Level 1:colcon.colcon_core.package_discovery:discover_packages(recursive) check parameters
[4.733s] Level 1:colcon.colcon_core.package_discovery:discover_packages(ignore) check parameters
[4.734s] Level 1:colcon.colcon_core.package_discovery:discover_packages(path) check parameters
[4.734s] Level 1:colcon.colcon_core.package_discovery:discover_packages(colcon_meta) discover
[4.734s] Level 1:colcon.colcon_core.package_discovery:discover_packages(recursive) discover
[4.735s] INFO:colcon.colcon_core.package_discovery:Crawling recursively for packages in '/home/paolaramos/tello_ws'
[4.735s] Level 1:colcon.colcon_core.package_identification:_identify(.) by extensions ['ignore', 'ignore_ament_install']
[4.735s] Level 1:colcon.colcon_core.package_identification:_identify(.) by extension 'ignore'
[4.736s] Level 1:colcon.colcon_core.package_identification:_identify(.) by extension 'ignore_ament_install'
[4.736s] Level 1:colcon.colcon_core.package_identification:_identify(.) by extensions ['colcon_pkg']
[4.737s] Level 1:colcon.colcon_core.package_identification:_identify(.) by extension 'colcon_pkg'
[4.737s] Level 1:colcon.colcon_core.package_identification:_identify(.) by extensions ['colcon_meta']
[4.737s] Level 1:colcon.colcon_core.package_identification:_identify(.) by extension 'colcon_meta'
[4.737s] Level 1:colcon.colcon_core.package_identification:_identify(.) by extensions ['ros']
[4.737s] Level 1:colcon.colcon_core.package_identification:_identify(.) by extension 'ros'
[4.963s] Level 1:colcon.colcon_core.package_identification:_identify(.) by extensions ['cmake', 'python']
[4.963s] Level 1:colcon.colcon_core.package_identification:_identify(.) by extension 'cmake'
[4.963s] Level 1:colcon.colcon_core.package_identification:_identify(.) by extension 'python'
[4.964s] Level 1:colcon.colcon_core.package_identification:_identify(.) by extensions ['python_setup_py']
[4.964s] Level 1:colcon.colcon_core.package_identification:_identify(.) by extension 'python_setup_py'
[4.965s] Level 1:colcon.colcon_core.package_identification:_identify(build) by extensions ['ignore', 'ignore_ament_install']
[4.965s] Level 1:colcon.colcon_core.package_identification:_identify(build) by extension 'ignore'
[4.966s] Level 1:colcon.colcon_core.package_identification:_identify(build) ignored
[4.966s] Level 1:colcon.colcon_core.package_identification:_identify(install) by extensions ['ignore', 'ignore_ament_install']
[4.967s] Level 1:colcon.colcon_core.package_identification:_identify(install) by extension 'ignore'
[4.967s] Level 1:colcon.colcon_core.package_identification:_identify(install) ignored
[4.967s] Level 1:colcon.colcon_core.package_identification:_identify(log) by extensions ['ignore', 'ignore_ament_install']
[4.969s] Level 1:colcon.colcon_core.package_identification:_identify(log) by extension 'ignore'
[4.969s] Level 1:colcon.colcon_core.package_identification:_identify(log) ignored
[4.969s] Level 1:colcon.colcon_core.package_identification:_identify(src) by extensions ['ignore', 'ignore_ament_install']
[4.969s] Level 1:colcon.colcon_core.package_identification:_identify(src) by extension 'ignore'
[4.970s] Level 1:colcon.colcon_core.package_identification:_identify(src) by extension 'ignore_ament_install'
[4.970s] Level 1:colcon.colcon_core.package_identification:_identify(src) by extensions ['colcon_pkg']
[4.970s] Level 1:colcon.colcon_core.package_identification:_identify(src) by extension 'colcon_pkg'
[4.971s] Level 1:colcon.colcon_core.package_identification:_identify(src) by extensions ['colcon_meta']
[4.971s] Level 1:colcon.colcon_core.package_identification:_identify(src) by extension 'colcon_meta'
[4.971s] Level 1:colcon.colcon_core.package_identification:_identify(src) by extensions ['ros']
[4.971s] Level 1:colcon.colcon_core.package_identification:_identify(src) by extension 'ros'
[4.971s] Level 1:colcon.colcon_core.package_identification:_identify(src) by extensions ['cmake', 'python']
[4.971s] Level 1:colcon.colcon_core.package_identification:_identify(src) by extension 'cmake'
[4.972s] Level 1:colcon.colcon_core.package_identification:_identify(src) by extension 'python'
[4.972s] Level 1:colcon.colcon_core.package_identification:_identify(src) by extensions ['python_setup_py']
[4.972s] Level 1:colcon.colcon_core.package_identification:_identify(src) by extension 'python_setup_py'
[4.972s] Level 1:colcon.colcon_core.package_identification:_identify(src/drone) by extensions ['ignore', 'ignore_ament_install']
[4.972s] Level 1:colcon.colcon_core.package_identification:_identify(src/drone) by extension 'ignore'
[4.973s] Level 1:colcon.colcon_core.package_identification:_identify(src/drone) by extension 'ignore_ament_install'
[4.973s] Level 1:colcon.colcon_core.package_identification:_identify(src/drone) by extensions ['colcon_pkg']
[4.973s] Level 1:colcon.colcon_core.package_identification:_identify(src/drone) by extension 'colcon_pkg'
[4.973s] Level 1:colcon.colcon_core.package_identification:_identify(src/drone) by extensions ['colcon_meta']
[4.973s] Level 1:colcon.colcon_core.package_identification:_identify(src/drone) by extension 'colcon_meta'
[4.973s] Level 1:colcon.colcon_core.package_identification:_identify(src/drone) by extensions ['ros']
[4.973s] Level 1:colcon.colcon_core.package_identification:_identify(src/drone) by extension 'ros'
[4.994s] DEBUG:colcon.colcon_core.package_identification:Package 'src/drone' with type 'ros.ament_python' and name 'drone'
[4.995s] Level 1:colcon.colcon_core.package_discovery:discover_packages(recursive) using defaults
[4.995s] Level 1:colcon.colcon_core.package_discovery:discover_packages(ignore) discover
[4.995s] Level 1:colcon.colcon_core.package_discovery:discover_packages(ignore) using defaults
[4.995s] Level 1:colcon.colcon_core.package_discovery:discover_packages(path) discover
[4.995s] Level 1:colcon.colcon_core.package_discovery:discover_packages(path) using defaults
[5.350s] Level 1:colcon.colcon_core.package_discovery:discover_packages(prefix_path) check parameters
[5.351s] Level 1:colcon.colcon_core.package_discovery:discover_packages(prefix_path) discover
[5.425s] DEBUG:colcon.colcon_installed_package_information.package_discovery:Found 1 installed packages in /home/paolaramos/tello_ws/install
[5.439s] DEBUG:colcon.colcon_installed_package_information.package_discovery:Found 273 installed packages in /opt/ros/humble
[5.493s] Level 1:colcon.colcon_core.package_discovery:discover_packages(prefix_path) using defaults
[5.804s] Level 5:colcon.colcon_core.verb:set package 'drone' build argument 'cmake_args' from command line to 'None'
[5.804s] Level 5:colcon.colcon_core.verb:set package 'drone' build argument 'cmake_target' from command line to 'None'
[5.804s] Level 5:colcon.colcon_core.verb:set package 'drone' build argument 'cmake_target_skip_unavailable' from command line to 'False'
[5.804s] Level 5:colcon.colcon_core.verb:set package 'drone' build argument 'cmake_clean_cache' from command line to 'False'
[5.804s] Level 5:colcon.colcon_core.verb:set package 'drone' build argument 'cmake_clean_first' from command line to 'False'
[5.804s] Level 5:colcon.colcon_core.verb:set package 'drone' build argument 'cmake_force_configure' from command line to 'False'
[5.804s] Level 5:colcon.colcon_core.verb:set package 'drone' build argument 'ament_cmake_args' from command line to 'None'
[5.804s] Level 5:colcon.colcon_core.verb:set package 'drone' build argument 'catkin_cmake_args' from command line to 'None'
[5.804s] Level 5:colcon.colcon_core.verb:set package 'drone' build argument 'catkin_skip_building_tests' from command line to 'False'
[5.804s] DEBUG:colcon.colcon_core.verb:Building package 'drone' with the following arguments: {'ament_cmake_args': None, 'build_base': '/home/paolaramos/tello_ws/build/drone', 'catkin_cmake_args': None, 'catkin_skip_building_tests': False, 'cmake_args': None, 'cmake_clean_cache': False, 'cmake_clean_first': False, 'cmake_force_configure': False, 'cmake_target': None, 'cmake_target_skip_unavailable': False, 'install_base': '/home/paolaramos/tello_ws/install/drone', 'merge_install': False, 'path': '/home/paolaramos/tello_ws/src/drone', 'symlink_install': False, 'test_result_base': None}
[5.805s] INFO:colcon.colcon_core.executor:Executing jobs using 'parallel' executor
[5.819s] DEBUG:colcon.colcon_parallel_executor.executor.parallel:run_until_complete
[5.820s] INFO:colcon.colcon_ros.task.ament_python.build:Building ROS package in '/home/paolaramos/tello_ws/src/drone' with build type 'ament_python'
[5.820s] Level 1:colcon.colcon_core.shell:create_environment_hook('drone', 'ament_prefix_path')
[5.885s] INFO:colcon.colcon_core.plugin_system:Skipping extension 'colcon_core.shell.bat': Not used on non-Windows systems
[5.886s] INFO:colcon.colcon_core.shell:Creating environment hook '/home/paolaramos/tello_ws/install/drone/share/drone/hook/ament_prefix_path.ps1'
[5.896s] INFO:colcon.colcon_core.shell:Creating environment descriptor '/home/paolaramos/tello_ws/install/drone/share/drone/hook/ament_prefix_path.dsv'
[5.906s] INFO:colcon.colcon_core.shell:Creating environment hook '/home/paolaramos/tello_ws/install/drone/share/drone/hook/ament_prefix_path.sh'
[5.916s] INFO:colcon.colcon_core.shell:Skip shell extension 'powershell' for command environment: Not usable outside of PowerShell
[5.917s] DEBUG:colcon.colcon_core.shell:Skip shell extension 'dsv' for command environment
[6.951s] INFO:colcon.colcon_core.task.python.build:Building Python package in '/home/paolaramos/tello_ws/src/drone'
[6.959s] INFO:colcon.colcon_core.shell:Skip shell extension 'powershell' for command environment: Not usable outside of PowerShell
[6.959s] DEBUG:colcon.colcon_core.shell:Skip shell extension 'dsv' for command environment
[12.457s] DEBUG:colcon.colcon_core.event_handler.log_command:Invoking command in '/home/paolaramos/tello_ws/src/drone': PYTHONPATH=/home/paolaramos/tello_ws/build/drone/prefix_override:/usr/lib/python3/dist-packages/colcon_core/task/python/colcon_distutils_commands:/home/paolaramos/tello_ws/install/drone/lib/python3.10/site-packages:${PYTHONPATH} /usr/bin/python3 -W ignore:setup.py install is deprecated -W ignore:easy_install command is deprecated setup.py egg_info --egg-base ../../build/drone build --build-base /home/paolaramos/tello_ws/build/drone/build install --record /home/paolaramos/tello_ws/build/drone/install.log --single-version-externally-managed install_data
[16.780s] DEBUG:colcon.colcon_core.event_handler.log_command:Invoked command in '/home/paolaramos/tello_ws/src/drone' returned '0': PYTHONPATH=/home/paolaramos/tello_ws/build/drone/prefix_override:/usr/lib/python3/dist-packages/colcon_core/task/python/colcon_distutils_commands:/home/paolaramos/tello_ws/install/drone/lib/python3.10/site-packages:${PYTHONPATH} /usr/bin/python3 -W ignore:setup.py install is deprecated -W ignore:easy_install command is deprecated setup.py egg_info --egg-base ../../build/drone build --build-base /home/paolaramos/tello_ws/build/drone/build install --record /home/paolaramos/tello_ws/build/drone/install.log --single-version-externally-managed install_data
[16.919s] Level 1:colcon.colcon_core.environment:checking '/home/paolaramos/tello_ws/install/drone' for CMake module files
[16.924s] Level 1:colcon.colcon_core.environment:checking '/home/paolaramos/tello_ws/install/drone' for CMake config files
[16.939s] Level 1:colcon.colcon_core.environment:checking '/home/paolaramos/tello_ws/install/drone/lib'
[16.940s] Level 1:colcon.colcon_core.environment:checking '/home/paolaramos/tello_ws/install/drone/bin'
[16.940s] Level 1:colcon.colcon_core.environment:checking '/home/paolaramos/tello_ws/install/drone/lib/pkgconfig/drone.pc'
[16.941s] Level 1:colcon.colcon_core.environment:checking '/home/paolaramos/tello_ws/install/drone/lib/python3.10/site-packages'
[16.941s] Level 1:colcon.colcon_core.shell:create_environment_hook('drone', 'pythonpath')
[16.942s] INFO:colcon.colcon_core.shell:Creating environment hook '/home/paolaramos/tello_ws/install/drone/share/drone/hook/pythonpath.ps1'
[16.944s] INFO:colcon.colcon_core.shell:Creating environment descriptor '/home/paolaramos/tello_ws/install/drone/share/drone/hook/pythonpath.dsv'
[16.947s] INFO:colcon.colcon_core.shell:Creating environment hook '/home/paolaramos/tello_ws/install/drone/share/drone/hook/pythonpath.sh'
[16.952s] Level 1:colcon.colcon_core.environment:checking '/home/paolaramos/tello_ws/install/drone/bin'
[16.952s] Level 1:colcon.colcon_core.environment:create_environment_scripts_only(drone)
[16.953s] INFO:colcon.colcon_core.shell:Creating package script '/home/paolaramos/tello_ws/install/drone/share/drone/package.ps1'
[16.988s] INFO:colcon.colcon_core.shell:Creating package descriptor '/home/paolaramos/tello_ws/install/drone/share/drone/package.dsv'
[17.001s] INFO:colcon.colcon_core.shell:Creating package script '/home/paolaramos/tello_ws/install/drone/share/drone/package.sh'
[17.014s] INFO:colcon.colcon_core.shell:Creating package script '/home/paolaramos/tello_ws/install/drone/share/drone/package.bash'
[17.026s] INFO:colcon.colcon_core.shell:Creating package script '/home/paolaramos/tello_ws/install/drone/share/drone/package.zsh'
[17.059s] Level 1:colcon.colcon_core.environment:create_file_with_runtime_dependencies(/home/paolaramos/tello_ws/install/drone/share/colcon-core/packages/drone)
[17.064s] DEBUG:colcon.colcon_parallel_executor.executor.parallel:closing loop
[17.066s] DEBUG:colcon.colcon_parallel_executor.executor.parallel:loop closed
[17.068s] DEBUG:colcon.colcon_parallel_executor.executor.parallel:run_until_complete finished with '0'
[17.069s] DEBUG:colcon.colcon_core.event_reactor:joining thread
[17.174s] INFO:colcon.colcon_core.plugin_system:Skipping extension 'colcon_notification.desktop_notification.terminal_notifier': Not used on non-Darwin systems
[17.174s] INFO:colcon.colcon_core.plugin_system:Skipping extension 'colcon_notification.desktop_notification.win32': Not used on non-Windows systems
[17.174s] INFO:colcon.colcon_notification.desktop_notification:Sending desktop notification using 'notify2'
[17.335s] DEBUG:colcon.colcon_core.event_reactor:joined thread
[17.354s] INFO:colcon.colcon_core.shell:Creating prefix script '/home/paolaramos/tello_ws/install/local_setup.ps1'
[17.364s] INFO:colcon.colcon_core.shell:Creating prefix util module '/home/paolaramos/tello_ws/install/_local_setup_util_ps1.py'
[17.373s] INFO:colcon.colcon_core.shell:Creating prefix chain script '/home/paolaramos/tello_ws/install/setup.ps1'
[17.385s] INFO:colcon.colcon_core.shell:Creating prefix script '/home/paolaramos/tello_ws/install/local_setup.sh'
[17.478s] INFO:colcon.colcon_core.shell:Creating prefix util module '/home/paolaramos/tello_ws/install/_local_setup_util_sh.py'
[17.481s] INFO:colcon.colcon_core.shell:Creating prefix chain script '/home/paolaramos/tello_ws/install/setup.sh'
[17.495s] INFO:colcon.colcon_core.shell:Creating prefix script '/home/paolaramos/tello_ws/install/local_setup.bash'
[17.500s] INFO:colcon.colcon_core.shell:Creating prefix chain script '/home/paolaramos/tello_ws/install/setup.bash'
[17.511s] INFO:colcon.colcon_core.shell:Creating prefix script '/home/paolaramos/tello_ws/install/local_setup.zsh'
[17.516s] INFO:colcon.colcon_core.shell:Creating prefix chain script '/home/paolaramos/tello_ws/install/setup.zsh'
