running egg_info
creating ../../build/tello_pkg/tello_pkg.egg-info
writing ../../build/tello_pkg/tello_pkg.egg-info/PKG-INFO
writing dependency_links to ../../build/tello_pkg/tello_pkg.egg-info/dependency_links.txt
writing entry points to ../../build/tello_pkg/tello_pkg.egg-info/entry_points.txt
writing requirements to ../../build/tello_pkg/tello_pkg.egg-info/requires.txt
writing top-level names to ../../build/tello_pkg/tello_pkg.egg-info/top_level.txt
writing manifest file '../../build/tello_pkg/tello_pkg.egg-info/SOURCES.txt'
reading manifest file '../../build/tello_pkg/tello_pkg.egg-info/SOURCES.txt'
writing manifest file '../../build/tello_pkg/tello_pkg.egg-info/SOURCES.txt'
running build
running build_py
creating /home/paolaramos/tello_ws/build/tello_pkg/build
creating /home/paolaramos/tello_ws/build/tello_pkg/build/lib
creating /home/paolaramos/tello_ws/build/tello_pkg/build/lib/tello_pkg
copying tello_pkg/__init__.py -> /home/paolaramos/tello_ws/build/tello_pkg/build/lib/tello_pkg
running install
running install_lib
creating /home/paolaramos/tello_ws/install/tello_pkg/lib/python3.10/site-packages/tello_pkg
copying /home/paolaramos/tello_ws/build/tello_pkg/build/lib/tello_pkg/__init__.py -> /home/paolaramos/tello_ws/install/tello_pkg/lib/python3.10/site-packages/tello_pkg
byte-compiling /home/paolaramos/tello_ws/install/tello_pkg/lib/python3.10/site-packages/tello_pkg/__init__.py to __init__.cpython-310.pyc
running install_data
creating /home/paolaramos/tello_ws/install/tello_pkg/share/ament_index
creating /home/paolaramos/tello_ws/install/tello_pkg/share/ament_index/resource_index
creating /home/paolaramos/tello_ws/install/tello_pkg/share/ament_index/resource_index/packages
copying resource/tello_pkg -> /home/paolaramos/tello_ws/install/tello_pkg/share/ament_index/resource_index/packages
copying package.xml -> /home/paolaramos/tello_ws/install/tello_pkg/share/tello_pkg
running install_egg_info
Copying ../../build/tello_pkg/tello_pkg.egg-info to /home/paolaramos/tello_ws/install/tello_pkg/lib/python3.10/site-packages/tello_pkg-0.0.0-py3.10.egg-info
running install_scripts
writing list of installed files to '/home/paolaramos/tello_ws/build/tello_pkg/install.log'
