[1.556s] DEBUG:colcon:Command line arguments: ['/usr/bin/colcon', 'build']
[1.558s] DEBUG:colcon:Parsed command line arguments: Namespace(log_base=None, log_level=None, verb_name='build', build_base='build', install_base='install', merge_install=False, symlink_install=False, test_result_base=None, continue_on_error=False, executor='parallel', parallel_workers=4, event_handlers=None, ignore_user_meta=False, metas=['./colcon.meta'], base_paths=['.'], packages_ignore=None, packages_ignore_regex=None, paths=None, packages_up_to=None, packages_up_to_regex=None, packages_above=None, packages_above_and_dependencies=None, packages_above_depth=None, packages_select_by_dep=None, packages_skip_by_dep=None, packages_skip_up_to=None, packages_select_build_failed=False, packages_skip_build_finished=False, packages_select_test_failures=False, packages_skip_test_passed=False, packages_select=None, packages_skip=None, packages_select_regex=None, packages_skip_regex=None, packages_start=None, packages_end=None, allow_overriding=[], cmake_args=None, cmake_target=None, cmake_target_skip_unavailable=False, cmake_clean_cache=False, cmake_clean_first=False, cmake_force_configure=False, ament_cmake_args=None, catkin_cmake_args=None, catkin_skip_building_tests=False, verb_parser=<colcon_defaults.argument_parser.defaults.DefaultArgumentsDecorator object at 0x75f52ccd20b0>, verb_extension=<colcon_core.verb.build.BuildVerb object at 0x75f52cd13f40>, main=<bound method BuildVerb.main of <colcon_core.verb.build.BuildVerb object at 0x75f52cd13f40>>)
[2.442s] Level 1:colcon.colcon_core.package_discovery:discover_packages(colcon_meta) check parameters
[2.443s] Level 1:colcon.colcon_core.package_discovery:discover_packages(recursive) check parameters
[2.443s] Level 1:colcon.colcon_core.package_discovery:discover_packages(ignore) check parameters
[2.443s] Level 1:colcon.colcon_core.package_discovery:discover_packages(path) check parameters
[2.443s] Level 1:colcon.colcon_core.package_discovery:discover_packages(colcon_meta) discover
[2.444s] Level 1:colcon.colcon_core.package_discovery:discover_packages(recursive) discover
[2.444s] INFO:colcon.colcon_core.package_discovery:Crawling recursively for packages in '/home/paolaramos/tello_ws'
[2.447s] Level 1:colcon.colcon_core.package_identification:_identify(.) by extensions ['ignore', 'ignore_ament_install']
[2.448s] Level 1:colcon.colcon_core.package_identification:_identify(.) by extension 'ignore'
[2.449s] Level 1:colcon.colcon_core.package_identification:_identify(.) by extension 'ignore_ament_install'
[2.449s] Level 1:colcon.colcon_core.package_identification:_identify(.) by extensions ['colcon_pkg']
[2.449s] Level 1:colcon.colcon_core.package_identification:_identify(.) by extension 'colcon_pkg'
[2.449s] Level 1:colcon.colcon_core.package_identification:_identify(.) by extensions ['colcon_meta']
[2.449s] Level 1:colcon.colcon_core.package_identification:_identify(.) by extension 'colcon_meta'
[2.449s] Level 1:colcon.colcon_core.package_identification:_identify(.) by extensions ['ros']
[2.449s] Level 1:colcon.colcon_core.package_identification:_identify(.) by extension 'ros'
[2.607s] Level 1:colcon.colcon_core.package_identification:_identify(.) by extensions ['cmake', 'python']
[2.607s] Level 1:colcon.colcon_core.package_identification:_identify(.) by extension 'cmake'
[2.607s] Level 1:colcon.colcon_core.package_identification:_identify(.) by extension 'python'
[2.607s] Level 1:colcon.colcon_core.package_identification:_identify(.) by extensions ['python_setup_py']
[2.607s] Level 1:colcon.colcon_core.package_identification:_identify(.) by extension 'python_setup_py'
[2.607s] Level 1:colcon.colcon_core.package_identification:_identify(build) by extensions ['ignore', 'ignore_ament_install']
[2.607s] Level 1:colcon.colcon_core.package_identification:_identify(build) by extension 'ignore'
[2.607s] Level 1:colcon.colcon_core.package_identification:_identify(build) ignored
[2.608s] Level 1:colcon.colcon_core.package_identification:_identify(install) by extensions ['ignore', 'ignore_ament_install']
[2.608s] Level 1:colcon.colcon_core.package_identification:_identify(install) by extension 'ignore'
[2.608s] Level 1:colcon.colcon_core.package_identification:_identify(install) ignored
[2.608s] Level 1:colcon.colcon_core.package_identification:_identify(log) by extensions ['ignore', 'ignore_ament_install']
[2.609s] Level 1:colcon.colcon_core.package_identification:_identify(log) by extension 'ignore'
[2.609s] Level 1:colcon.colcon_core.package_identification:_identify(log) ignored
[2.609s] Level 1:colcon.colcon_core.package_identification:_identify(src) by extensions ['ignore', 'ignore_ament_install']
[2.609s] Level 1:colcon.colcon_core.package_identification:_identify(src) by extension 'ignore'
[2.609s] Level 1:colcon.colcon_core.package_identification:_identify(src) by extension 'ignore_ament_install'
[2.609s] Level 1:colcon.colcon_core.package_identification:_identify(src) by extensions ['colcon_pkg']
[2.609s] Level 1:colcon.colcon_core.package_identification:_identify(src) by extension 'colcon_pkg'
[2.609s] Level 1:colcon.colcon_core.package_identification:_identify(src) by extensions ['colcon_meta']
[2.609s] Level 1:colcon.colcon_core.package_identification:_identify(src) by extension 'colcon_meta'
[2.609s] Level 1:colcon.colcon_core.package_identification:_identify(src) by extensions ['ros']
[2.609s] Level 1:colcon.colcon_core.package_identification:_identify(src) by extension 'ros'
[2.609s] Level 1:colcon.colcon_core.package_identification:_identify(src) by extensions ['cmake', 'python']
[2.609s] Level 1:colcon.colcon_core.package_identification:_identify(src) by extension 'cmake'
[2.609s] Level 1:colcon.colcon_core.package_identification:_identify(src) by extension 'python'
[2.609s] Level 1:colcon.colcon_core.package_identification:_identify(src) by extensions ['python_setup_py']
[2.609s] Level 1:colcon.colcon_core.package_identification:_identify(src) by extension 'python_setup_py'
[2.609s] Level 1:colcon.colcon_core.package_identification:_identify(src/tello_control) by extensions ['ignore', 'ignore_ament_install']
[2.610s] Level 1:colcon.colcon_core.package_identification:_identify(src/tello_control) by extension 'ignore'
[2.610s] Level 1:colcon.colcon_core.package_identification:_identify(src/tello_control) by extension 'ignore_ament_install'
[2.610s] Level 1:colcon.colcon_core.package_identification:_identify(src/tello_control) by extensions ['colcon_pkg']
[2.610s] Level 1:colcon.colcon_core.package_identification:_identify(src/tello_control) by extension 'colcon_pkg'
[2.610s] Level 1:colcon.colcon_core.package_identification:_identify(src/tello_control) by extensions ['colcon_meta']
[2.610s] Level 1:colcon.colcon_core.package_identification:_identify(src/tello_control) by extension 'colcon_meta'
[2.610s] Level 1:colcon.colcon_core.package_identification:_identify(src/tello_control) by extensions ['ros']
[2.610s] Level 1:colcon.colcon_core.package_identification:_identify(src/tello_control) by extension 'ros'
[2.621s] DEBUG:colcon.colcon_core.package_identification:Package 'src/tello_control' with type 'ros.ament_python' and name 'tello_control'
[2.621s] Level 1:colcon.colcon_core.package_identification:_identify(src/tello_pkg) by extensions ['ignore', 'ignore_ament_install']
[2.622s] Level 1:colcon.colcon_core.package_identification:_identify(src/tello_pkg) by extension 'ignore'
[2.622s] Level 1:colcon.colcon_core.package_identification:_identify(src/tello_pkg) by extension 'ignore_ament_install'
[2.622s] Level 1:colcon.colcon_core.package_identification:_identify(src/tello_pkg) by extensions ['colcon_pkg']
[2.622s] Level 1:colcon.colcon_core.package_identification:_identify(src/tello_pkg) by extension 'colcon_pkg'
[2.622s] Level 1:colcon.colcon_core.package_identification:_identify(src/tello_pkg) by extensions ['colcon_meta']
[2.622s] Level 1:colcon.colcon_core.package_identification:_identify(src/tello_pkg) by extension 'colcon_meta'
[2.622s] Level 1:colcon.colcon_core.package_identification:_identify(src/tello_pkg) by extensions ['ros']
[2.622s] Level 1:colcon.colcon_core.package_identification:_identify(src/tello_pkg) by extension 'ros'
[2.624s] DEBUG:colcon.colcon_core.package_identification:Package 'src/tello_pkg' with type 'ros.ament_python' and name 'tello_pkg'
[2.624s] Level 1:colcon.colcon_core.package_discovery:discover_packages(recursive) using defaults
[2.625s] Level 1:colcon.colcon_core.package_discovery:discover_packages(ignore) discover
[2.625s] Level 1:colcon.colcon_core.package_discovery:discover_packages(ignore) using defaults
[2.626s] Level 1:colcon.colcon_core.package_discovery:discover_packages(path) discover
[2.626s] Level 1:colcon.colcon_core.package_discovery:discover_packages(path) using defaults
[2.774s] Level 1:colcon.colcon_core.package_discovery:discover_packages(prefix_path) check parameters
[2.775s] Level 1:colcon.colcon_core.package_discovery:discover_packages(prefix_path) discover
[2.794s] DEBUG:colcon.colcon_installed_package_information.package_discovery:Found 278 installed packages in /opt/ros/humble
[2.796s] Level 1:colcon.colcon_core.package_discovery:discover_packages(prefix_path) using defaults
[2.844s] Level 5:colcon.colcon_core.verb:set package 'tello_control' build argument 'cmake_args' from command line to 'None'
[2.844s] Level 5:colcon.colcon_core.verb:set package 'tello_control' build argument 'cmake_target' from command line to 'None'
[2.844s] Level 5:colcon.colcon_core.verb:set package 'tello_control' build argument 'cmake_target_skip_unavailable' from command line to 'False'
[2.844s] Level 5:colcon.colcon_core.verb:set package 'tello_control' build argument 'cmake_clean_cache' from command line to 'False'
[2.845s] Level 5:colcon.colcon_core.verb:set package 'tello_control' build argument 'cmake_clean_first' from command line to 'False'
[2.845s] Level 5:colcon.colcon_core.verb:set package 'tello_control' build argument 'cmake_force_configure' from command line to 'False'
[2.845s] Level 5:colcon.colcon_core.verb:set package 'tello_control' build argument 'ament_cmake_args' from command line to 'None'
[2.845s] Level 5:colcon.colcon_core.verb:set package 'tello_control' build argument 'catkin_cmake_args' from command line to 'None'
[2.845s] Level 5:colcon.colcon_core.verb:set package 'tello_control' build argument 'catkin_skip_building_tests' from command line to 'False'
[2.845s] DEBUG:colcon.colcon_core.verb:Building package 'tello_control' with the following arguments: {'ament_cmake_args': None, 'build_base': '/home/paolaramos/tello_ws/build/tello_control', 'catkin_cmake_args': None, 'catkin_skip_building_tests': False, 'cmake_args': None, 'cmake_clean_cache': False, 'cmake_clean_first': False, 'cmake_force_configure': False, 'cmake_target': None, 'cmake_target_skip_unavailable': False, 'install_base': '/home/paolaramos/tello_ws/install/tello_control', 'merge_install': False, 'path': '/home/paolaramos/tello_ws/src/tello_control', 'symlink_install': False, 'test_result_base': None}
[2.845s] Level 5:colcon.colcon_core.verb:set package 'tello_pkg' build argument 'cmake_args' from command line to 'None'
[2.845s] Level 5:colcon.colcon_core.verb:set package 'tello_pkg' build argument 'cmake_target' from command line to 'None'
[2.845s] Level 5:colcon.colcon_core.verb:set package 'tello_pkg' build argument 'cmake_target_skip_unavailable' from command line to 'False'
[2.845s] Level 5:colcon.colcon_core.verb:set package 'tello_pkg' build argument 'cmake_clean_cache' from command line to 'False'
[2.845s] Level 5:colcon.colcon_core.verb:set package 'tello_pkg' build argument 'cmake_clean_first' from command line to 'False'
[2.845s] Level 5:colcon.colcon_core.verb:set package 'tello_pkg' build argument 'cmake_force_configure' from command line to 'False'
[2.845s] Level 5:colcon.colcon_core.verb:set package 'tello_pkg' build argument 'ament_cmake_args' from command line to 'None'
[2.845s] Level 5:colcon.colcon_core.verb:set package 'tello_pkg' build argument 'catkin_cmake_args' from command line to 'None'
[2.845s] Level 5:colcon.colcon_core.verb:set package 'tello_pkg' build argument 'catkin_skip_building_tests' from command line to 'False'
[2.845s] DEBUG:colcon.colcon_core.verb:Building package 'tello_pkg' with the following arguments: {'ament_cmake_args': None, 'build_base': '/home/paolaramos/tello_ws/build/tello_pkg', 'catkin_cmake_args': None, 'catkin_skip_building_tests': False, 'cmake_args': None, 'cmake_clean_cache': False, 'cmake_clean_first': False, 'cmake_force_configure': False, 'cmake_target': None, 'cmake_target_skip_unavailable': False, 'install_base': '/home/paolaramos/tello_ws/install/tello_pkg', 'merge_install': False, 'path': '/home/paolaramos/tello_ws/src/tello_pkg', 'symlink_install': False, 'test_result_base': None}
[2.846s] INFO:colcon.colcon_core.executor:Executing jobs using 'parallel' executor
[2.848s] DEBUG:colcon.colcon_parallel_executor.executor.parallel:run_until_complete
[2.848s] INFO:colcon.colcon_ros.task.ament_python.build:Building ROS package in '/home/paolaramos/tello_ws/src/tello_control' with build type 'ament_python'
[2.848s] Level 1:colcon.colcon_core.shell:create_environment_hook('tello_control', 'ament_prefix_path')
[2.878s] INFO:colcon.colcon_core.plugin_system:Skipping extension 'colcon_core.shell.bat': Not used on non-Windows systems
[2.878s] INFO:colcon.colcon_core.shell:Creating environment hook '/home/paolaramos/tello_ws/install/tello_control/share/tello_control/hook/ament_prefix_path.ps1'
[2.881s] INFO:colcon.colcon_core.shell:Creating environment descriptor '/home/paolaramos/tello_ws/install/tello_control/share/tello_control/hook/ament_prefix_path.dsv'
[2.883s] INFO:colcon.colcon_core.shell:Creating environment hook '/home/paolaramos/tello_ws/install/tello_control/share/tello_control/hook/ament_prefix_path.sh'
[2.885s] INFO:colcon.colcon_core.shell:Skip shell extension 'powershell' for command environment: Not usable outside of PowerShell
[2.885s] DEBUG:colcon.colcon_core.shell:Skip shell extension 'dsv' for command environment
[2.889s] INFO:colcon.colcon_ros.task.ament_python.build:Building ROS package in '/home/paolaramos/tello_ws/src/tello_pkg' with build type 'ament_python'
[2.889s] Level 1:colcon.colcon_core.shell:create_environment_hook('tello_pkg', 'ament_prefix_path')
[2.889s] INFO:colcon.colcon_core.shell:Creating environment hook '/home/paolaramos/tello_ws/install/tello_pkg/share/tello_pkg/hook/ament_prefix_path.ps1'
[2.891s] INFO:colcon.colcon_core.shell:Creating environment descriptor '/home/paolaramos/tello_ws/install/tello_pkg/share/tello_pkg/hook/ament_prefix_path.dsv'
[2.894s] INFO:colcon.colcon_core.shell:Creating environment hook '/home/paolaramos/tello_ws/install/tello_pkg/share/tello_pkg/hook/ament_prefix_path.sh'
[2.895s] INFO:colcon.colcon_core.shell:Skip shell extension 'powershell' for command environment: Not usable outside of PowerShell
[2.895s] DEBUG:colcon.colcon_core.shell:Skip shell extension 'dsv' for command environment
[3.149s] INFO:colcon.colcon_core.task.python.build:Building Python package in '/home/paolaramos/tello_ws/src/tello_control'
[3.149s] INFO:colcon.colcon_core.shell:Skip shell extension 'powershell' for command environment: Not usable outside of PowerShell
[3.149s] DEBUG:colcon.colcon_core.shell:Skip shell extension 'dsv' for command environment
[3.369s] INFO:colcon.colcon_core.task.python.build:Building Python package in '/home/paolaramos/tello_ws/src/tello_pkg'
[3.369s] INFO:colcon.colcon_core.shell:Skip shell extension 'powershell' for command environment: Not usable outside of PowerShell
[3.370s] DEBUG:colcon.colcon_core.shell:Skip shell extension 'dsv' for command environment
[3.953s] DEBUG:colcon.colcon_core.event_handler.log_command:Invoking command in '/home/paolaramos/tello_ws/src/tello_pkg': PYTHONPATH=/home/paolaramos/tello_ws/build/tello_pkg/prefix_override:/usr/lib/python3/dist-packages/colcon_core/task/python/colcon_distutils_commands:/home/paolaramos/tello_ws/install/tello_pkg/lib/python3.10/site-packages:${PYTHONPATH} /usr/bin/python3 -W ignore:setup.py install is deprecated -W ignore:easy_install command is deprecated setup.py egg_info --egg-base ../../build/tello_pkg build --build-base /home/paolaramos/tello_ws/build/tello_pkg/build install --record /home/paolaramos/tello_ws/build/tello_pkg/install.log --single-version-externally-managed install_data
[3.974s] DEBUG:colcon.colcon_core.event_handler.log_command:Invoking command in '/home/paolaramos/tello_ws/src/tello_control': PYTHONPATH=/home/paolaramos/tello_ws/build/tello_control/prefix_override:/usr/lib/python3/dist-packages/colcon_core/task/python/colcon_distutils_commands:/home/paolaramos/tello_ws/install/tello_control/lib/python3.10/site-packages:${PYTHONPATH} /usr/bin/python3 -W ignore:setup.py install is deprecated -W ignore:easy_install command is deprecated setup.py egg_info --egg-base ../../build/tello_control build --build-base /home/paolaramos/tello_ws/build/tello_control/build install --record /home/paolaramos/tello_ws/build/tello_control/install.log --single-version-externally-managed install_data
[4.351s] DEBUG:colcon.colcon_core.event_handler.log_command:Invoked command in '/home/paolaramos/tello_ws/src/tello_control' returned '0': PYTHONPATH=/home/paolaramos/tello_ws/build/tello_control/prefix_override:/usr/lib/python3/dist-packages/colcon_core/task/python/colcon_distutils_commands:/home/paolaramos/tello_ws/install/tello_control/lib/python3.10/site-packages:${PYTHONPATH} /usr/bin/python3 -W ignore:setup.py install is deprecated -W ignore:easy_install command is deprecated setup.py egg_info --egg-base ../../build/tello_control build --build-base /home/paolaramos/tello_ws/build/tello_control/build install --record /home/paolaramos/tello_ws/build/tello_control/install.log --single-version-externally-managed install_data
[4.377s] Level 1:colcon.colcon_core.environment:checking '/home/paolaramos/tello_ws/install/tello_control' for CMake module files
[4.378s] Level 1:colcon.colcon_core.environment:checking '/home/paolaramos/tello_ws/install/tello_control' for CMake config files
[4.379s] Level 1:colcon.colcon_core.environment:checking '/home/paolaramos/tello_ws/install/tello_control/lib'
[4.379s] Level 1:colcon.colcon_core.environment:checking '/home/paolaramos/tello_ws/install/tello_control/bin'
[4.379s] Level 1:colcon.colcon_core.environment:checking '/home/paolaramos/tello_ws/install/tello_control/lib/pkgconfig/tello_control.pc'
[4.380s] Level 1:colcon.colcon_core.environment:checking '/home/paolaramos/tello_ws/install/tello_control/lib/python3.10/site-packages'
[4.380s] Level 1:colcon.colcon_core.shell:create_environment_hook('tello_control', 'pythonpath')
[4.380s] INFO:colcon.colcon_core.shell:Creating environment hook '/home/paolaramos/tello_ws/install/tello_control/share/tello_control/hook/pythonpath.ps1'
[4.381s] INFO:colcon.colcon_core.shell:Creating environment descriptor '/home/paolaramos/tello_ws/install/tello_control/share/tello_control/hook/pythonpath.dsv'
[4.382s] INFO:colcon.colcon_core.shell:Creating environment hook '/home/paolaramos/tello_ws/install/tello_control/share/tello_control/hook/pythonpath.sh'
[4.383s] Level 1:colcon.colcon_core.environment:checking '/home/paolaramos/tello_ws/install/tello_control/bin'
[4.383s] Level 1:colcon.colcon_core.environment:create_environment_scripts_only(tello_control)
[4.383s] INFO:colcon.colcon_core.shell:Creating package script '/home/paolaramos/tello_ws/install/tello_control/share/tello_control/package.ps1'
[4.386s] INFO:colcon.colcon_core.shell:Creating package descriptor '/home/paolaramos/tello_ws/install/tello_control/share/tello_control/package.dsv'
[4.388s] INFO:colcon.colcon_core.shell:Creating package script '/home/paolaramos/tello_ws/install/tello_control/share/tello_control/package.sh'
[4.390s] INFO:colcon.colcon_core.shell:Creating package script '/home/paolaramos/tello_ws/install/tello_control/share/tello_control/package.bash'
[4.393s] INFO:colcon.colcon_core.shell:Creating package script '/home/paolaramos/tello_ws/install/tello_control/share/tello_control/package.zsh'
[4.397s] Level 1:colcon.colcon_core.environment:create_file_with_runtime_dependencies(/home/paolaramos/tello_ws/install/tello_control/share/colcon-core/packages/tello_control)
[4.399s] Level 1:colcon.colcon_core.environment:checking '/home/paolaramos/tello_ws/install/tello_pkg' for CMake module files
[4.401s] DEBUG:colcon.colcon_core.event_handler.log_command:Invoked command in '/home/paolaramos/tello_ws/src/tello_pkg' returned '0': PYTHONPATH=/home/paolaramos/tello_ws/build/tello_pkg/prefix_override:/usr/lib/python3/dist-packages/colcon_core/task/python/colcon_distutils_commands:/home/paolaramos/tello_ws/install/tello_pkg/lib/python3.10/site-packages:${PYTHONPATH} /usr/bin/python3 -W ignore:setup.py install is deprecated -W ignore:easy_install command is deprecated setup.py egg_info --egg-base ../../build/tello_pkg build --build-base /home/paolaramos/tello_ws/build/tello_pkg/build install --record /home/paolaramos/tello_ws/build/tello_pkg/install.log --single-version-externally-managed install_data
[4.401s] Level 1:colcon.colcon_core.environment:checking '/home/paolaramos/tello_ws/install/tello_pkg' for CMake config files
[4.402s] Level 1:colcon.colcon_core.environment:checking '/home/paolaramos/tello_ws/install/tello_pkg/lib'
[4.402s] Level 1:colcon.colcon_core.environment:checking '/home/paolaramos/tello_ws/install/tello_pkg/bin'
[4.402s] Level 1:colcon.colcon_core.environment:checking '/home/paolaramos/tello_ws/install/tello_pkg/lib/pkgconfig/tello_pkg.pc'
[4.402s] Level 1:colcon.colcon_core.environment:checking '/home/paolaramos/tello_ws/install/tello_pkg/lib/python3.10/site-packages'
[4.402s] Level 1:colcon.colcon_core.shell:create_environment_hook('tello_pkg', 'pythonpath')
[4.402s] INFO:colcon.colcon_core.shell:Creating environment hook '/home/paolaramos/tello_ws/install/tello_pkg/share/tello_pkg/hook/pythonpath.ps1'
[4.403s] INFO:colcon.colcon_core.shell:Creating environment descriptor '/home/paolaramos/tello_ws/install/tello_pkg/share/tello_pkg/hook/pythonpath.dsv'
[4.404s] INFO:colcon.colcon_core.shell:Creating environment hook '/home/paolaramos/tello_ws/install/tello_pkg/share/tello_pkg/hook/pythonpath.sh'
[4.405s] Level 1:colcon.colcon_core.environment:checking '/home/paolaramos/tello_ws/install/tello_pkg/bin'
[4.405s] Level 1:colcon.colcon_core.environment:create_environment_scripts_only(tello_pkg)
[4.405s] INFO:colcon.colcon_core.shell:Creating package script '/home/paolaramos/tello_ws/install/tello_pkg/share/tello_pkg/package.ps1'
[4.406s] INFO:colcon.colcon_core.shell:Creating package descriptor '/home/paolaramos/tello_ws/install/tello_pkg/share/tello_pkg/package.dsv'
[4.407s] INFO:colcon.colcon_core.shell:Creating package script '/home/paolaramos/tello_ws/install/tello_pkg/share/tello_pkg/package.sh'
[4.408s] INFO:colcon.colcon_core.shell:Creating package script '/home/paolaramos/tello_ws/install/tello_pkg/share/tello_pkg/package.bash'
[4.408s] INFO:colcon.colcon_core.shell:Creating package script '/home/paolaramos/tello_ws/install/tello_pkg/share/tello_pkg/package.zsh'
[4.409s] Level 1:colcon.colcon_core.environment:create_file_with_runtime_dependencies(/home/paolaramos/tello_ws/install/tello_pkg/share/colcon-core/packages/tello_pkg)
[4.410s] DEBUG:colcon.colcon_parallel_executor.executor.parallel:closing loop
[4.411s] DEBUG:colcon.colcon_parallel_executor.executor.parallel:loop closed
[4.411s] DEBUG:colcon.colcon_parallel_executor.executor.parallel:run_until_complete finished with '0'
[4.412s] DEBUG:colcon.colcon_core.event_reactor:joining thread
[4.427s] INFO:colcon.colcon_core.plugin_system:Skipping extension 'colcon_notification.desktop_notification.terminal_notifier': Not used on non-Darwin systems
[4.427s] INFO:colcon.colcon_core.plugin_system:Skipping extension 'colcon_notification.desktop_notification.win32': Not used on non-Windows systems
[4.427s] INFO:colcon.colcon_notification.desktop_notification:Sending desktop notification using 'notify2'
[4.465s] DEBUG:colcon.colcon_core.event_reactor:joined thread
[4.465s] INFO:colcon.colcon_core.shell:Creating prefix script '/home/paolaramos/tello_ws/install/local_setup.ps1'
[4.469s] INFO:colcon.colcon_core.shell:Creating prefix util module '/home/paolaramos/tello_ws/install/_local_setup_util_ps1.py'
[4.484s] INFO:colcon.colcon_core.shell:Creating prefix chain script '/home/paolaramos/tello_ws/install/setup.ps1'
[4.489s] INFO:colcon.colcon_core.shell:Creating prefix script '/home/paolaramos/tello_ws/install/local_setup.sh'
[4.492s] INFO:colcon.colcon_core.shell:Creating prefix util module '/home/paolaramos/tello_ws/install/_local_setup_util_sh.py'
[4.494s] INFO:colcon.colcon_core.shell:Creating prefix chain script '/home/paolaramos/tello_ws/install/setup.sh'
[4.497s] INFO:colcon.colcon_core.shell:Creating prefix script '/home/paolaramos/tello_ws/install/local_setup.bash'
[4.499s] INFO:colcon.colcon_core.shell:Creating prefix chain script '/home/paolaramos/tello_ws/install/setup.bash'
[4.502s] INFO:colcon.colcon_core.shell:Creating prefix script '/home/paolaramos/tello_ws/install/local_setup.zsh'
[4.505s] INFO:colcon.colcon_core.shell:Creating prefix chain script '/home/paolaramos/tello_ws/install/setup.zsh'
