[1.779s] Invoking command in '/home/paolaramos/Documents/Autonomous-Drone/tello_ws/src/tello_interface': PYTHONPATH=/home/paolaramos/Documents/Autonomous-Drone/tello_ws/build/tello_interface/prefix_override:/usr/lib/python3/dist-packages/colcon_core/task/python/colcon_distutils_commands:/home/paolaramos/Documents/Autonomous-Drone/tello_ws/install/tello_interface/lib/python3.10/site-packages:${PYTHONPATH} /usr/bin/python3 -W ignore:setup.py install is deprecated -W ignore:easy_install command is deprecated setup.py egg_info --egg-base ../../build/tello_interface build --build-base /home/paolaramos/Documents/Autonomous-Drone/tello_ws/build/tello_interface/build install --record /home/paolaramos/Documents/Autonomous-Drone/tello_ws/build/tello_interface/install.log --single-version-externally-managed install_data
[2.109s] running egg_info
[2.110s] writing ../../build/tello_interface/tello_interface.egg-info/PKG-INFO
[2.111s] writing dependency_links to ../../build/tello_interface/tello_interface.egg-info/dependency_links.txt
[2.112s] writing entry points to ../../build/tello_interface/tello_interface.egg-info/entry_points.txt
[2.120s] writing requirements to ../../build/tello_interface/tello_interface.egg-info/requires.txt
[2.120s] writing top-level names to ../../build/tello_interface/tello_interface.egg-info/top_level.txt
[2.124s] reading manifest file '../../build/tello_interface/tello_interface.egg-info/SOURCES.txt'
[2.135s] writing manifest file '../../build/tello_interface/tello_interface.egg-info/SOURCES.txt'
[2.135s] running build
[2.135s] running build_py
[2.135s] running install
[2.135s] running install_lib
[2.148s] running install_data
[2.149s] running install_egg_info
[2.207s] removing '/home/paolaramos/Documents/Autonomous-Drone/tello_ws/install/tello_interface/lib/python3.10/site-packages/tello_interface-0.0.0-py3.10.egg-info' (and everything under it)
[2.207s] Copying ../../build/tello_interface/tello_interface.egg-info to /home/paolaramos/Documents/Autonomous-Drone/tello_ws/install/tello_interface/lib/python3.10/site-packages/tello_interface-0.0.0-py3.10.egg-info
[2.210s] running install_scripts
[2.263s] Installing tello_node script to /home/paolaramos/Documents/Autonomous-Drone/tello_ws/install/tello_interface/lib/tello_interface
[2.263s] writing list of installed files to '/home/paolaramos/Documents/Autonomous-Drone/tello_ws/build/tello_interface/install.log'
[2.341s] Invoked command in '/home/paolaramos/Documents/Autonomous-Drone/tello_ws/src/tello_interface' returned '0': PYTHONPATH=/home/paolaramos/Documents/Autonomous-Drone/tello_ws/build/tello_interface/prefix_override:/usr/lib/python3/dist-packages/colcon_core/task/python/colcon_distutils_commands:/home/paolaramos/Documents/Autonomous-Drone/tello_ws/install/tello_interface/lib/python3.10/site-packages:${PYTHONPATH} /usr/bin/python3 -W ignore:setup.py install is deprecated -W ignore:easy_install command is deprecated setup.py egg_info --egg-base ../../build/tello_interface build --build-base /home/paolaramos/Documents/Autonomous-Drone/tello_ws/build/tello_interface/build install --record /home/paolaramos/Documents/Autonomous-Drone/tello_ws/build/tello_interface/install.log --single-version-externally-managed install_data
