[1.826s] Invoking command in '/home/paolaramos/Github/testROS/Autonomous-Drone/tello_ws3/src/tello_control': PYTHONPATH=/home/paolaramos/Github/testROS/Autonomous-Drone/tello_ws3/build/tello_control/prefix_override:/usr/lib/python3/dist-packages/colcon_core/task/python/colcon_distutils_commands:/home/paolaramos/Github/testROS/Autonomous-Drone/tello_ws3/install/tello_control/lib/python3.10/site-packages:${PYTHONPATH} /usr/bin/python3 -W ignore:setup.py install is deprecated -W ignore:easy_install command is deprecated setup.py egg_info --egg-base ../../build/tello_control build --build-base /home/paolaramos/Github/testROS/Autonomous-Drone/tello_ws3/build/tello_control/build install --record /home/paolaramos/Github/testROS/Autonomous-Drone/tello_ws3/build/tello_control/install.log --single-version-externally-managed install_data
[2.186s] running egg_info
[2.208s] writing ../../build/tello_control/tello_control.egg-info/PKG-INFO
[2.209s] writing dependency_links to ../../build/tello_control/tello_control.egg-info/dependency_links.txt
[2.216s] writing entry points to ../../build/tello_control/tello_control.egg-info/entry_points.txt
[2.216s] writing requirements to ../../build/tello_control/tello_control.egg-info/requires.txt
[2.216s] writing top-level names to ../../build/tello_control/tello_control.egg-info/top_level.txt
[2.259s] reading manifest file '../../build/tello_control/tello_control.egg-info/SOURCES.txt'
[2.265s] writing manifest file '../../build/tello_control/tello_control.egg-info/SOURCES.txt'
[2.265s] running build
[2.265s] running build_py
[2.266s] copying tello_control/__init__.py -> /home/paolaramos/Github/testROS/Autonomous-Drone/tello_ws3/build/tello_control/build/lib/tello_control
[2.266s] copying tello_control/trajectory_node.py -> /home/paolaramos/Github/testROS/Autonomous-Drone/tello_ws3/build/tello_control/build/lib/tello_control
[2.267s] running install
[2.275s] running install_lib
[2.301s] copying /home/paolaramos/Github/testROS/Autonomous-Drone/tello_ws3/build/tello_control/build/lib/tello_control/trajectory_node.py -> /home/paolaramos/Github/testROS/Autonomous-Drone/tello_ws3/install/tello_control/lib/python3.10/site-packages/tello_control
[2.302s] byte-compiling /home/paolaramos/Github/testROS/Autonomous-Drone/tello_ws3/install/tello_control/lib/python3.10/site-packages/tello_control/trajectory_node.py to trajectory_node.cpython-310.pyc
[2.306s] running install_data
[2.306s] copying resource/tello_control -> /home/paolaramos/Github/testROS/Autonomous-Drone/tello_ws3/install/tello_control/share/ament_index/resource_index/packages
[2.308s] copying package.xml -> /home/paolaramos/Github/testROS/Autonomous-Drone/tello_ws3/install/tello_control/share/tello_control
[2.308s] copying launch/tello_with_optitrack.launch.py -> /home/paolaramos/Github/testROS/Autonomous-Drone/tello_ws3/install/tello_control/share/tello_control/launch
[2.310s] running install_egg_info
[2.334s] removing '/home/paolaramos/Github/testROS/Autonomous-Drone/tello_ws3/install/tello_control/lib/python3.10/site-packages/tello_control-0.0.0-py3.10.egg-info' (and everything under it)
[2.335s] Copying ../../build/tello_control/tello_control.egg-info to /home/paolaramos/Github/testROS/Autonomous-Drone/tello_ws3/install/tello_control/lib/python3.10/site-packages/tello_control-0.0.0-py3.10.egg-info
[2.345s] running install_scripts
[2.533s] Installing trajectory_node script to /home/paolaramos/Github/testROS/Autonomous-Drone/tello_ws3/install/tello_control/lib/tello_control
[2.533s] writing list of installed files to '/home/paolaramos/Github/testROS/Autonomous-Drone/tello_ws3/build/tello_control/install.log'
[2.573s] Invoked command in '/home/paolaramos/Github/testROS/Autonomous-Drone/tello_ws3/src/tello_control' returned '0': PYTHONPATH=/home/paolaramos/Github/testROS/Autonomous-Drone/tello_ws3/build/tello_control/prefix_override:/usr/lib/python3/dist-packages/colcon_core/task/python/colcon_distutils_commands:/home/paolaramos/Github/testROS/Autonomous-Drone/tello_ws3/install/tello_control/lib/python3.10/site-packages:${PYTHONPATH} /usr/bin/python3 -W ignore:setup.py install is deprecated -W ignore:easy_install command is deprecated setup.py egg_info --egg-base ../../build/tello_control build --build-base /home/paolaramos/Github/testROS/Autonomous-Drone/tello_ws3/build/tello_control/build install --record /home/paolaramos/Github/testROS/Autonomous-Drone/tello_ws3/build/tello_control/install.log --single-version-externally-managed install_data
